------------------------------------
Sat 27 Jun 2026 21:31:26 IDT
SLURM_JOBID:		18471492
SLURM_JOB_NODELIST:	ise-cpu-intl-27
SLURM_SCRATCH_DIR:	
Allocated Resouces:	cpu - 2 / mem - 65536 MB / gpu - 
SLURM_GPU_INDEX:	
Running as omerpr from felner account with normal QOS
------------------------------------
------------------------------------
Sat 27 Jun 2026 21:31:26 IDT
SLURM_JOBID:		18471492
SLURM_JOB_NODELIST:	ise-cpu-intl-27
SLURM_SCRATCH_DIR:	
Allocated Resouces:	cpu - 2 / mem - 65536 MB / gpu - 
SLURM_GPU_INDEX:	
Running as omerpr from felner account with normal QOS
------------------------------------
Domain: Pancake Puzzle
[17] Running Pancake A*... done (1.42764s, 33326n)
[17] Running Pancake Rev-A*... done (2.02524s, 50609n)
[17] Skipping BAE*, NBS, IDA*, Rev-IDA*, and Parallel IDA*; use --full to run them
[17] Running Pancake MM... done (2.55882s, 78573n)
[17] Pancake BiHS-Bloom timeout limit: 120s
[17] Pancake IDTHSwTrans state bound baseline: 549377
[17] Running Pancake BiHS-Bloom(50%, optk, dynamic, size=2079KiB, k=20, fp_est=8.68593e-07, limit=120s)...Bloom filter size: 2079 KiB, k_hashes: 20, min_items: 274696
 done (5.69006s, 38081943n)
[17] Running Pancake IDTHSwTrans(50%, states=274688, limit=1800s)... done (2.27031s, 81715n)
[17] Running Pancake BiHS-Bloom(10%, optk, dynamic, size=416KiB, k=4, fp_est=0.0612608, limit=120s)...Bloom filter size: 416 KiB, k_hashes: 4, min_items: 54965
 done (5.65817s, 38081943n)
[17] Running Pancake IDTHSwTrans(10%, states=54937, limit=1800s)... done (1.06374s, 46255n)
[17] Running Pancake BiHS-Bloom(1%, optk, dynamic, size=42KiB, k=1, fp_est=0.818051, limit=120s)...Bloom filter size: 42 KiB, k_hashes: 1, min_items: 5549
 done (8.40344s, 56069310n)
[17] Running Pancake IDTHSwTrans(1%, states=5493, limit=1800s)... done (0.934866s, 42369n)
[17] Running Pancake BiHS-Bloom(0.1%, optk, dynamic, size=4KiB, k=1, fp_est=1, limit=120s)...Bloom filter size: 4 KiB, k_hashes: 1, min_items: 528
[TYPE] Splitting depth 15 into 7 hash types (Ff=59673, Fb=124663, min_items=528)
 done (8.55723s, 56069310n)
[17] Running Pancake IDTHSwTrans(0.1%, states=549, limit=1800s)... done (0.947332s, 53448n)
Pancake #17 | A*: 1.42764s/33326n | Rev-A*: 2.02524s/50609n | BAE*: -3s/0n | NBS: -3s/0n | MM: 2.55882s/78573n | IDA*: -3s/0n | Parallel IDA*: -3s/0n | Rev-IDA*: -3s/0n | BiHS-Bloom(50%,optk,dynamic): 5.69006s/38081943n | IDTHSwTrans(50%): 2.27031s/81715n | BiHS-Bloom(10%,optk,dynamic): 5.65817s/38081943n | IDTHSwTrans(10%): 1.06374s/46255n | BiHS-Bloom(1%,optk,dynamic): 8.40344s/56069310n | IDTHSwTrans(1%): 0.934866s/42369n | BiHS-Bloom(0.1%,optk,dynamic): 8.55723s/56069310n | IDTHSwTrans(0.1%): 0.947332s/53448n | Length: 15
Results written to results/stp_pancake/parts/benchmark_pancake_17.csv
