------------------------------------
Sat 27 Jun 2026 20:33:23 IDT
SLURM_JOBID:		18468741
SLURM_JOB_NODELIST:	ise-cpu-intl-06
SLURM_SCRATCH_DIR:	/scratch/omerpr/18468741
Allocated Resouces:	cpu - 2 / mem - 65536 MB / gpu - 
SLURM_GPU_INDEX:	
Running as omerpr from felner account with normal QOS
------------------------------------
------------------------------------
Sat 27 Jun 2026 20:33:24 IDT
SLURM_JOBID:		18468741
SLURM_JOB_NODELIST:	ise-cpu-intl-06
SLURM_SCRATCH_DIR:	/scratch/omerpr/18468741
Allocated Resouces:	cpu - 2 / mem - 65536 MB / gpu - 
SLURM_GPU_INDEX:	
Running as omerpr from felner account with normal QOS
------------------------------------
Domain: Sliding Tile Puzzle
Starting Korf's Puzzle #33

[33] Running A*... done (6.54279s, 2063072n)
[33] Running Rev-A*... done (9.5979s, 3047931n)
[33] Skipping BAE*, NBS, IDA*, Rev-IDA*, and Parallel IDA*; use --full to run them
[33] Running MM... done (10.8679s, 2898197n)
[33] BiHS-Bloom timeout limit: 217.358s
[33] IDTHSwTrans state bound baseline: 3794082
[33] Running BiHS-Bloom(50%, optk, dynamic, size=10421KiB, k=24, fp_est=5.78373e-08, limit=217.358s)...
Bloom filter size: 10421 KiB, k_hashes: 24, min_items: 1897085
 done (9.93851s, 139206337n)
[33] Running IDTHSwTrans(50%, states=1897041, limit=1800s)... done (3.88269s, 1228631n)
[33] Running BiHS-Bloom(10%, optk, dynamic, size=2084KiB, k=5, fp_est=0.0357492, limit=217.358s)...
Bloom filter size: 2084 KiB, k_hashes: 5, min_items: 379380
 done (8.38532s, 139206337n)
[33] Running IDTHSwTrans(10%, states=379408, limit=1800s)... done (3.84748s, 1198692n)
[33] Running BiHS-Bloom(1%, optk, dynamic, size=208KiB, k=1, fp_est=0.764102, limit=217.358s)...
Bloom filter size: 208 KiB, k_hashes: 1, min_items: 37865
[TYPE] Splitting depth 52 into 3 hash types (Ff=2520786, Fb=1589243, min_items=37865)
 done (10.4061s, 194219621n)
[33] Running IDTHSwTrans(1%, states=37940, limit=1800s)... done (9.02504s, 1513739n)
[33] Running BiHS-Bloom(0.1%, optk, dynamic, size=21KiB, k=1, fp_est=0.999999, limit=217.358s)...
Bloom filter size: 21 KiB, k_hashes: 1, min_items: 3822
[TYPE] Splitting depth 50 into 6 hash types (Ff=434662, Fb=544178, min_items=3822)
[TYPE] Splitting depth 52 into 8 hash types (Ff=2520786, Fb=3822166, min_items=3822)
 done (18.2011s, 246955231n)
[33] Running IDTHSwTrans(0.1%, states=3794, limit=1800s)... done (8.92564s, 2207026n)
Puzzle #33 | A*: 6.54279s/2063072n | Rev-A*: 9.5979s/3047931n | BAE*: -3s/0n | NBS: -3s/0n | MM: 10.8679s/2898197n | IDA*: -3s/0n | Parallel IDA*: -3s/0n | Rev-IDA*: -3s/0n | BiHS-Bloom(50%,optk,dynamic): 9.93851s/139206337n | IDTHSwTrans(50%): 3.88269s/1228631n | BiHS-Bloom(10%,optk,dynamic): 8.38532s/139206337n | IDTHSwTrans(10%): 3.84748s/1198692n | BiHS-Bloom(1%,optk,dynamic): 10.4061s/194219621n | IDTHSwTrans(1%): 9.02504s/1513739n | BiHS-Bloom(0.1%,optk,dynamic): 18.2011s/246955231n | IDTHSwTrans(0.1%): 8.92564s/2207026n | Length: 52
Results written to results/stp_pancake/parts/benchmark_stp_33.csv
