------------------------------------
Mon 29 Jun 2026 02:05:41 IDT
SLURM_JOBID:		18548177
SLURM_JOB_NODELIST:	cs-cpu-09
SLURM_SCRATCH_DIR:	/scratch/omerpr/18548177
Allocated Resouces:	cpu - 2 / mem - 102400 MB / gpu - 
SLURM_GPU_INDEX:	
Running as omerpr from felner account with normal QOS
------------------------------------
------------------------------------
Mon 29 Jun 2026 02:05:41 IDT
SLURM_JOBID:		18548177
SLURM_JOB_NODELIST:	cs-cpu-09
SLURM_SCRATCH_DIR:	/scratch/omerpr/18548177
Allocated Resouces:	cpu - 2 / mem - 102400 MB / gpu - 
SLURM_GPU_INDEX:	
Running as omerpr from felner account with normal QOS
------------------------------------
Domain: Pancake Puzzle
[35] Running Pancake A*... done (0.163366s, 6339n)
[35] Running Pancake Rev-A*... done (0.100681s, 4549n)
[35] Running Pancake BAE*... done (0.0940117s, 7186n)
[35] Running Pancake NBS... done (0.338936s, 9018n)
[35] Running Pancake MM... done (0.254907s, 14225n)
[35] Running Pancake IDA*... done (0.110882s, 59142n)
[35] Running Pancake Rev-IDA*... done (0.0450482s, 23736n)
[35] Running Pancake Parallel IDA*...1994544 pieces of work generated
Starting iteration with bound 11.000000; 117326 expanded, 2229194 generated
Starting iteration with bound 12.000000; 117326 expanded, 2229194 generated
Starting iteration with bound 13.000000; 117326 expanded, 2229194 generated
Starting iteration with bound 14.000000; 117389 expanded, 2230391 generated
Starting iteration with bound 15.000000; 120418 expanded, 2287942 generated
 done (4.46465s, 172712n)
[35] Pancake BiHS-Bloom timeout limit: 120s
[35] Pancake IDTHSwTrans state bound baseline: 77703
[35] Running Pancake BiHS-Bloom(50%, k1, dynamic, size=294KiB, k=1, fp_est=0.0673358, limit=120s)...Bloom filter size: 294 KiB, k_hashes: 1, min_items: 38845
 done (0.568722s, 4120620n)
[35] Running Pancake IDTHSwTrans(50%, states=38851, limit=1800s)... done (0.127391s, 28295n)
[35] Running Pancake BiHS-Bloom(50%, optk, dynamic, size=294KiB, k=10, fp_est=0.00101578, limit=120s)...Bloom filter size: 294 KiB, k_hashes: 10, min_items: 38845
 done (0.566746s, 4120620n)
[35] Running Pancake IDTHSwTrans(50%, states=38851, limit=1800s)... done (0.128328s, 28295n)
[35] Running Pancake BiHS-Bloom(50%, rootk, dynamic, size=294KiB, k=3, fp_est=0.00672027, limit=120s)...Bloom filter size: 294 KiB, k_hashes: 3, min_items: 38845
 done (0.564783s, 4120620n)
[35] Running Pancake IDTHSwTrans(50%, states=38851, limit=1800s)... done (0.127349s, 28295n)
[35] Running Pancake BiHS-Bloom(10%, k1, dynamic, size=59KiB, k=1, fp_est=0.293455, limit=120s)...Bloom filter size: 59 KiB, k_hashes: 1, min_items: 7795
 done (0.568461s, 4120620n)
[35] Running Pancake IDTHSwTrans(10%, states=7770, limit=1800s)... done (0.161428s, 23938n)
[35] Running Pancake BiHS-Bloom(10%, optk, dynamic, size=59KiB, k=2, fp_est=0.250795, limit=120s)...Bloom filter size: 59 KiB, k_hashes: 2, min_items: 7795
 done (0.56462s, 4120620n)
[35] Running Pancake IDTHSwTrans(10%, states=7770, limit=1800s)... done (0.161389s, 23938n)
[35] Running Pancake BiHS-Bloom(10%, rootk, dynamic, size=59KiB, k=1, fp_est=0.293455, limit=120s)...Bloom filter size: 59 KiB, k_hashes: 1, min_items: 7795
 done (0.564464s, 4120620n)
[35] Running Pancake IDTHSwTrans(10%, states=7770, limit=1800s)... done (0.161454s, 23938n)
[35] Running Pancake BiHS-Bloom(1%, k1, dynamic, size=6KiB, k=1, fp_est=0.96715, limit=120s)...Bloom filter size: 6 KiB, k_hashes: 1, min_items: 792
 done (0.564212s, 4120620n)
[35] Running Pancake IDTHSwTrans(1%, states=777, limit=1800s)... done (0.149824s, 23712n)
[35] Running Pancake BiHS-Bloom(1%, optk, dynamic, size=6KiB, k=1, fp_est=0.96715, limit=120s)...Bloom filter size: 6 KiB, k_hashes: 1, min_items: 792
 done (0.564374s, 4120620n)
[35] Running Pancake IDTHSwTrans(1%, states=777, limit=1800s)... done (0.149749s, 23712n)
[35] Running Pancake BiHS-Bloom(1%, rootk, dynamic, size=6KiB, k=1, fp_est=0.96715, limit=120s)...Bloom filter size: 6 KiB, k_hashes: 1, min_items: 792
 done (0.564423s, 4120620n)
[35] Running Pancake IDTHSwTrans(1%, states=777, limit=1800s)... done (0.149603s, 23712n)
[35] Running Pancake BiHS-Bloom(0.1%, k1, dynamic, size=1KiB, k=1, fp_est=1, limit=120s)...Bloom filter size: 1 KiB, k_hashes: 1, min_items: 132
 done (0.564377s, 4120620n)
[35] Running Pancake IDTHSwTrans(0.1%, states=77, limit=1800s)... done (0.167996s, 27546n)
[35] Running Pancake BiHS-Bloom(0.1%, optk, dynamic, size=1KiB, k=1, fp_est=1, limit=120s)...Bloom filter size: 1 KiB, k_hashes: 1, min_items: 132
 done (0.564522s, 4120620n)
[35] Running Pancake IDTHSwTrans(0.1%, states=77, limit=1800s)... done (0.168018s, 27546n)
[35] Running Pancake BiHS-Bloom(0.1%, rootk, dynamic, size=1KiB, k=1, fp_est=1, limit=120s)...Bloom filter size: 1 KiB, k_hashes: 1, min_items: 132
 done (0.564242s, 4120620n)
[35] Running Pancake IDTHSwTrans(0.1%, states=77, limit=1800s)... done (0.167841s, 27546n)
Pancake #35 | A*: 0.163366s/6339n | Rev-A*: 0.100681s/4549n | BAE*: 0.0940117s/7186n | NBS: 0.338936s/9018n | MM: 0.254907s/14225n | IDA*: 0.110882s/59142n | Parallel IDA*: 4.46465s/172712n | Rev-IDA*: 0.0450482s/23736n | BiHS-Bloom(50%,k1,dynamic): 0.568722s/4120620n | IDTHSwTrans(50%): 0.127391s/28295n | BiHS-Bloom(50%,optk,dynamic): 0.566746s/4120620n | IDTHSwTrans(50%): 0.128328s/28295n | BiHS-Bloom(50%,rootk,dynamic): 0.564783s/4120620n | IDTHSwTrans(50%): 0.127349s/28295n | BiHS-Bloom(10%,k1,dynamic): 0.568461s/4120620n | IDTHSwTrans(10%): 0.161428s/23938n | BiHS-Bloom(10%,optk,dynamic): 0.56462s/4120620n | IDTHSwTrans(10%): 0.161389s/23938n | BiHS-Bloom(10%,rootk,dynamic): 0.564464s/4120620n | IDTHSwTrans(10%): 0.161454s/23938n | BiHS-Bloom(1%,k1,dynamic): 0.564212s/4120620n | IDTHSwTrans(1%): 0.149824s/23712n | BiHS-Bloom(1%,optk,dynamic): 0.564374s/4120620n | IDTHSwTrans(1%): 0.149749s/23712n | BiHS-Bloom(1%,rootk,dynamic): 0.564423s/4120620n | IDTHSwTrans(1%): 0.149603s/23712n | BiHS-Bloom(0.1%,k1,dynamic): 0.564377s/4120620n | IDTHSwTrans(0.1%): 0.167996s/27546n | BiHS-Bloom(0.1%,optk,dynamic): 0.564522s/4120620n | IDTHSwTrans(0.1%): 0.168018s/27546n | BiHS-Bloom(0.1%,rootk,dynamic): 0.564242s/4120620n | IDTHSwTrans(0.1%): 0.167841s/27546n | Length: 15
Results written to results/stp_pancake/parts/benchmark_pancake_35.csv
