------------------------------------
Sat 27 Jun 2026 21:56:49 IDT
SLURM_JOBID:		18472732
SLURM_JOB_NODELIST:	ise-cpu-intl-08
SLURM_SCRATCH_DIR:	
Allocated Resouces:	cpu - 2 / mem - 65536 MB / gpu - 
SLURM_GPU_INDEX:	
Running as omerpr from felner account with normal QOS
------------------------------------
------------------------------------
Sat 27 Jun 2026 21:56:49 IDT
SLURM_JOBID:		18472732
SLURM_JOB_NODELIST:	ise-cpu-intl-08
SLURM_SCRATCH_DIR:	
Allocated Resouces:	cpu - 2 / mem - 65536 MB / gpu - 
SLURM_GPU_INDEX:	
Running as omerpr from felner account with normal QOS
------------------------------------
Domain: Pancake Puzzle
[83] Running Pancake A*... done (0.144203s, 4499n)
[83] Running Pancake Rev-A*... done (0.169203s, 5725n)
[83] Skipping BAE*, NBS, IDA*, Rev-IDA*, and Parallel IDA*; use --full to run them
[83] Running Pancake MM... done (0.162055s, 9686n)
[83] Pancake BiHS-Bloom timeout limit: 120s
[83] Pancake IDTHSwTrans state bound baseline: 77315
[83] Running Pancake BiHS-Bloom(50%, optk, dynamic, size=293KiB, k=22, fp_est=2.17473e-07, limit=120s)...Bloom filter size: 293 KiB, k_hashes: 22, min_items: 38713
 done (0.634517s, 4581348n)
[83] Running Pancake IDTHSwTrans(50%, states=38657, limit=1800s)... done (0.104672s, 21670n)
[83] Running Pancake BiHS-Bloom(10%, optk, dynamic, size=59KiB, k=4, fp_est=0.0460279, limit=120s)...Bloom filter size: 59 KiB, k_hashes: 4, min_items: 7795
 done (0.630156s, 4581348n)
[83] Running Pancake IDTHSwTrans(10%, states=7731, limit=1800s)... done (0.0527549s, 8318n)
[83] Running Pancake BiHS-Bloom(1%, optk, dynamic, size=6KiB, k=1, fp_est=0.783321, limit=120s)...Bloom filter size: 6 KiB, k_hashes: 1, min_items: 792
 done (0.857762s, 6529887n)
[83] Running Pancake IDTHSwTrans(1%, states=773, limit=1800s)... done (0.0378877s, 5748n)
[83] Running Pancake BiHS-Bloom(0.1%, optk, dynamic, size=1KiB, k=1, fp_est=0.999897, limit=120s)...Bloom filter size: 1 KiB, k_hashes: 1, min_items: 132
[TYPE] Splitting depth 14 into 3 hash types (Ff=8802, Fb=6394, min_items=132)
 done (0.866579s, 6529887n)
[83] Running Pancake IDTHSwTrans(0.1%, states=77, limit=1800s)... done (0.0404858s, 6299n)
Pancake #83 | A*: 0.144203s/4499n | Rev-A*: 0.169203s/5725n | BAE*: -3s/0n | NBS: -3s/0n | MM: 0.162055s/9686n | IDA*: -3s/0n | Parallel IDA*: -3s/0n | Rev-IDA*: -3s/0n | BiHS-Bloom(50%,optk,dynamic): 0.634517s/4581348n | IDTHSwTrans(50%): 0.104672s/21670n | BiHS-Bloom(10%,optk,dynamic): 0.630156s/4581348n | IDTHSwTrans(10%): 0.0527549s/8318n | BiHS-Bloom(1%,optk,dynamic): 0.857762s/6529887n | IDTHSwTrans(1%): 0.0378877s/5748n | BiHS-Bloom(0.1%,optk,dynamic): 0.866579s/6529887n | IDTHSwTrans(0.1%): 0.0404858s/6299n | Length: 14
Results written to results/stp_pancake/parts/benchmark_pancake_83.csv
