------------------------------------
Sun 28 Jun 2026 02:55:59 IDT
SLURM_JOBID:		18486612
SLURM_JOB_NODELIST:	ise-cpu-intl-10
SLURM_SCRATCH_DIR:	
Allocated Resouces:	cpu - 2 / mem - 65536 MB / gpu - 
SLURM_GPU_INDEX:	
Running as omerpr from felner account with normal QOS
------------------------------------
------------------------------------
Sun 28 Jun 2026 02:55:59 IDT
SLURM_JOBID:		18486612
SLURM_JOB_NODELIST:	ise-cpu-intl-10
SLURM_SCRATCH_DIR:	
Allocated Resouces:	cpu - 2 / mem - 65536 MB / gpu - 
SLURM_GPU_INDEX:	
Running as omerpr from felner account with normal QOS
------------------------------------
Domain: Pancake Puzzle
[78] Running Pancake A*... done (1.79209s, 55335n)
[78] Running Pancake Rev-A*... done (1.70904s, 56891n)
[78] Running Pancake BAE*... done (1.47941s, 76557n)
[78] Running Pancake NBS... done (4.85245s, 105922n)
[78] Running Pancake MM... done (1.98341s, 108235n)
[78] Running Pancake IDA*... done (0.336313s, 148950n)
[78] Running Pancake Rev-IDA*... done (0.221223s, 98411n)
[78] Running Pancake Parallel IDA*...1994544 pieces of work generated
Starting iteration with bound 11.000000; 117326 expanded, 2229194 generated
Starting iteration with bound 12.000000; 117326 expanded, 2229194 generated
Starting iteration with bound 13.000000; 117326 expanded, 2229194 generated
Starting iteration with bound 14.000000; 117342 expanded, 2229498 generated
Starting iteration with bound 15.000000; 118684 expanded, 2254996 generated
Starting iteration with bound 16.000000; 171382 expanded, 3256258 generated
 done (6.9928s, 472104n)
[78] Pancake BiHS-Bloom timeout limit: 139.856s
[78] Pancake IDTHSwTrans state bound baseline: 904198
[78] Running Pancake BiHS-Bloom(50%, optk, dynamic, size=3422KiB, k=22, fp_est=1.75047e-07, limit=139.856s)...Bloom filter size: 3422 KiB, k_hashes: 22, min_items: 452145
 done (9.10723s, 70277931n)
[78] Running Pancake IDTHSwTrans(50%, states=452099, limit=1800s)... done (0.513734s, 90583n)
[78] Running Pancake BiHS-Bloom(10%, optk, dynamic, size=684KiB, k=4, fp_est=0.0451366, limit=139.856s)...Bloom filter size: 684 KiB, k_hashes: 4, min_items: 90376
 done (9.09785s, 70277931n)
[78] Running Pancake IDTHSwTrans(10%, states=90419, limit=1800s)... done (0.348203s, 54898n)
[78] Running Pancake BiHS-Bloom(1%, optk, dynamic, size=68KiB, k=1, fp_est=0.788567, limit=139.856s)...Bloom filter size: 68 KiB, k_hashes: 1, min_items: 8984
 done (12.2613s, 101953938n)
[78] Running Pancake IDTHSwTrans(1%, states=9041, limit=1800s)... done (0.375481s, 34184n)
[78] Running Pancake BiHS-Bloom(0.1%, optk, dynamic, size=7KiB, k=1, fp_est=1, limit=139.856s)...Bloom filter size: 7 KiB, k_hashes: 1, min_items: 924
[TYPE] Splitting depth 16 into 7 hash types (Ff=187720, Fb=136419, min_items=924)
 done (12.8547s, 101953938n)
[78] Running Pancake IDTHSwTrans(0.1%, states=904, limit=1800s)... done (0.431176s, 39746n)
Pancake #78 | A*: 1.79209s/55335n | Rev-A*: 1.70904s/56891n | BAE*: 1.47941s/76557n | NBS: 4.85245s/105922n | MM: 1.98341s/108235n | IDA*: 0.336313s/148950n | Parallel IDA*: 6.9928s/472104n | Rev-IDA*: 0.221223s/98411n | BiHS-Bloom(50%,optk,dynamic): 9.10723s/70277931n | IDTHSwTrans(50%): 0.513734s/90583n | BiHS-Bloom(10%,optk,dynamic): 9.09785s/70277931n | IDTHSwTrans(10%): 0.348203s/54898n | BiHS-Bloom(1%,optk,dynamic): 12.2613s/101953938n | IDTHSwTrans(1%): 0.375481s/34184n | BiHS-Bloom(0.1%,optk,dynamic): 12.8547s/101953938n | IDTHSwTrans(0.1%): 0.431176s/39746n | Length: 16
Results written to results/stp_pancake/parts/benchmark_pancake_78.csv
