------------------------------------
Sat 27 Jun 2026 21:32:13 IDT
SLURM_JOBID:		18471537
SLURM_JOB_NODELIST:	ise-cpu-intl-23
SLURM_SCRATCH_DIR:	/scratch/omerpr/18471537
Allocated Resouces:	cpu - 2 / mem - 65536 MB / gpu - 
SLURM_GPU_INDEX:	
Running as omerpr from felner account with normal QOS
------------------------------------
------------------------------------
Sat 27 Jun 2026 21:32:13 IDT
SLURM_JOBID:		18471537
SLURM_JOB_NODELIST:	ise-cpu-intl-23
SLURM_SCRATCH_DIR:	/scratch/omerpr/18471537
Allocated Resouces:	cpu - 2 / mem - 65536 MB / gpu - 
SLURM_GPU_INDEX:	
Running as omerpr from felner account with normal QOS
------------------------------------
Domain: Pancake Puzzle
[24] Running Pancake A*... done (0.152481s, 4796n)
[24] Running Pancake Rev-A*... done (0.0985375s, 3554n)
[24] Skipping BAE*, NBS, IDA*, Rev-IDA*, and Parallel IDA*; use --full to run them
[24] Running Pancake MM... done (0.144923s, 8110n)
[24] Pancake BiHS-Bloom timeout limit: 120s
[24] Pancake IDTHSwTrans state bound baseline: 60738
[24] Running Pancake BiHS-Bloom(50%, optk, dynamic, size=230KiB, k=17, fp_est=9.86105e-06, limit=120s)...Bloom filter size: 230 KiB, k_hashes: 17, min_items: 30389
 done (0.529264s, 3056352n)
[24] Running Pancake IDTHSwTrans(50%, states=30369, limit=1800s)... done (0.134735s, 21910n)
[24] Running Pancake BiHS-Bloom(10%, optk, dynamic, size=46KiB, k=3, fp_est=0.100417, limit=120s)...Bloom filter size: 46 KiB, k_hashes: 3, min_items: 6077
 done (0.520676s, 3056352n)
[24] Running Pancake IDTHSwTrans(10%, states=6073, limit=1800s)... done (0.0565413s, 7685n)
[24] Running Pancake BiHS-Bloom(1%, optk, dynamic, size=5KiB, k=1, fp_est=0.852959, limit=120s)...Bloom filter size: 5 KiB, k_hashes: 1, min_items: 660
 done (0.519559s, 3056352n)
[24] Running Pancake IDTHSwTrans(1%, states=607, limit=1800s)... done (0.0310072s, 4974n)
[24] Running Pancake BiHS-Bloom(0.1%, optk, dynamic, size=1KiB, k=1, fp_est=0.999931, limit=120s)...Bloom filter size: 1 KiB, k_hashes: 1, min_items: 132
[TYPE] Splitting depth 14 into 2 hash types (Ff=20963, Fb=840, min_items=132)
 done (0.540722s, 3686139n)
[24] Running Pancake IDTHSwTrans(0.1%, states=60, limit=1800s)... done (0.0311947s, 5257n)
Pancake #24 | A*: 0.152481s/4796n | Rev-A*: 0.0985375s/3554n | BAE*: -3s/0n | NBS: -3s/0n | MM: 0.144923s/8110n | IDA*: -3s/0n | Parallel IDA*: -3s/0n | Rev-IDA*: -3s/0n | BiHS-Bloom(50%,optk,dynamic): 0.529264s/3056352n | IDTHSwTrans(50%): 0.134735s/21910n | BiHS-Bloom(10%,optk,dynamic): 0.520676s/3056352n | IDTHSwTrans(10%): 0.0565413s/7685n | BiHS-Bloom(1%,optk,dynamic): 0.519559s/3056352n | IDTHSwTrans(1%): 0.0310072s/4974n | BiHS-Bloom(0.1%,optk,dynamic): 0.540722s/3686139n | IDTHSwTrans(0.1%): 0.0311947s/5257n | Length: 14
Results written to results/stp_pancake/parts/benchmark_pancake_24.csv
