------------------------------------
Mon 29 Jun 2026 00:58:47 IDT
SLURM_JOBID:		18546405
SLURM_JOB_NODELIST:	ise-cpu256-01
SLURM_SCRATCH_DIR:	/scratch/omerpr/18546405
Allocated Resouces:	cpu - 2 / mem - 102400 MB / gpu - 
SLURM_GPU_INDEX:	
Running as omerpr from felner account with normal QOS
------------------------------------
------------------------------------
Mon 29 Jun 2026 00:58:47 IDT
SLURM_JOBID:		18546405
SLURM_JOB_NODELIST:	ise-cpu256-01
SLURM_SCRATCH_DIR:	/scratch/omerpr/18546405
Allocated Resouces:	cpu - 2 / mem - 102400 MB / gpu - 
SLURM_GPU_INDEX:	
Running as omerpr from felner account with normal QOS
------------------------------------
Domain: Sliding Tile Puzzle
Starting Korf's Puzzle #78

[78] Running A*... done (0.113055s, 67387n)
[78] Running Rev-A*... done (0.197556s, 123516n)
[78] Running BAE*... done (0.0959909s, 55830n)
[78] Running NBS... done (0.22903s, 95162n)
[78] Running MM... done (0.140472s, 96900n)
[78] Running IDA*... done (0.0569182s, 256422n)
[78] Running Rev-IDA*... done (0.0912998s, 412287n)
[78] Running Parallel IDA*...54 pieces of work generated
Starting iteration with bound 28.000000; 41 expanded, 134 generated
Starting iteration with bound 30.000000; 41 expanded, 134 generated
Starting iteration with bound 32.000000; 41 expanded, 134 generated
Starting iteration with bound 34.000000; 96 expanded, 305 generated
Starting iteration with bound 36.000000; 571 expanded, 1731 generated
Starting iteration with bound 38.000000; 3449 expanded, 10531 generated
Starting iteration with bound 40.000000; 19518 expanded, 59537 generated
Starting iteration with bound 42.000000; 105320 expanded, 321543 generated
 done (0.169549s, 516766n)
[78] BiHS-Bloom timeout limit: 120s
[78] IDTHSwTrans state bound baseline: 131685
[78] Running BiHS-Bloom(50%, k1, dynamic, size=362KiB, k=1, fp_est=0.0307864, limit=120s)...
Bloom filter size: 362 KiB, k_hashes: 1, min_items: 65900
 done (0.171531s, 2897867n)
[78] Running IDTHSwTrans(50%, states=65842, limit=1800s)... done (0.106234s, 62770n)
[78] Running BiHS-Bloom(50%, optk, dynamic, size=362KiB, k=22, fp_est=2.12509e-07, limit=120s)...
Bloom filter size: 362 KiB, k_hashes: 22, min_items: 65900
 done (0.154921s, 2897867n)
[78] Running IDTHSwTrans(50%, states=65842, limit=1800s)... done (0.105379s, 62770n)
[78] Running BiHS-Bloom(50%, rootk, dynamic, size=362KiB, k=5, fp_est=6.35274e-05, limit=120s)...
Bloom filter size: 362 KiB, k_hashes: 5, min_items: 65900
 done (0.151749s, 2897867n)
[78] Running IDTHSwTrans(50%, states=65842, limit=1800s)... done (0.106001s, 62770n)
[78] Running BiHS-Bloom(10%, k1, dynamic, size=72KiB, k=1, fp_est=0.145484, limit=120s)...
Bloom filter size: 72 KiB, k_hashes: 1, min_items: 13107
 done (0.172647s, 2897867n)
[78] Running IDTHSwTrans(10%, states=13168, limit=1800s)... done (0.101045s, 56143n)
[78] Running BiHS-Bloom(10%, optk, dynamic, size=72KiB, k=4, fp_est=0.0474858, limit=120s)...
Bloom filter size: 72 KiB, k_hashes: 4, min_items: 13107
 done (0.150895s, 2897867n)
[78] Running IDTHSwTrans(10%, states=13168, limit=1800s)... done (0.0999682s, 56143n)
[78] Running BiHS-Bloom(10%, rootk, dynamic, size=72KiB, k=2, fp_est=0.0727931, limit=120s)...
Bloom filter size: 72 KiB, k_hashes: 2, min_items: 13107
 done (0.168399s, 2897867n)
[78] Running IDTHSwTrans(10%, states=13168, limit=1800s)... done (0.100075s, 56143n)
[78] Running BiHS-Bloom(1%, k1, dynamic, size=7KiB, k=1, fp_est=0.80153, limit=120s)...
Bloom filter size: 7 KiB, k_hashes: 1, min_items: 1274
 done (0.382584s, 8426752n)
[78] Running IDTHSwTrans(1%, states=1316, limit=1800s)... done (0.118177s, 57757n)
[78] Running BiHS-Bloom(1%, optk, dynamic, size=7KiB, k=1, fp_est=0.80153, limit=120s)...
Bloom filter size: 7 KiB, k_hashes: 1, min_items: 1274
 done (0.378766s, 8426752n)
[78] Running IDTHSwTrans(1%, states=1316, limit=1800s)... done (0.117934s, 57757n)
[78] Running BiHS-Bloom(1%, rootk, dynamic, size=7KiB, k=1, fp_est=0.80153, limit=120s)...
Bloom filter size: 7 KiB, k_hashes: 1, min_items: 1274
 done (0.333064s, 7321327n)
[78] Running IDTHSwTrans(1%, states=1316, limit=1800s)... done (0.12028s, 57757n)
[78] Running BiHS-Bloom(0.1%, k1, dynamic, size=1KiB, k=1, fp_est=0.999988, limit=120s)...
Bloom filter size: 1 KiB, k_hashes: 1, min_items: 182
[TYPE] Splitting depth 40 into 2 hash types (Ff=6209, Fb=4956, min_items=182)
[TYPE] Splitting depth 42 into 8 hash types (Ff=41753, Fb=59663, min_items=182)
 done (0.58255s, 7843121n)
[78] Running IDTHSwTrans(0.1%, states=131, limit=1800s)... done (0.120121s, 82040n)
[78] Running BiHS-Bloom(0.1%, optk, dynamic, size=1KiB, k=1, fp_est=0.999988, limit=120s)...
Bloom filter size: 1 KiB, k_hashes: 1, min_items: 182
[TYPE] Splitting depth 40 into 2 hash types (Ff=6209, Fb=5027, min_items=182)
[TYPE] Splitting depth 42 into 8 hash types (Ff=41753, Fb=60170, min_items=182)
 done (0.586721s, 7843121n)
[78] Running IDTHSwTrans(0.1%, states=131, limit=1800s)... done (0.116749s, 82040n)
[78] Running BiHS-Bloom(0.1%, rootk, dynamic, size=1KiB, k=1, fp_est=0.999988, limit=120s)...
Bloom filter size: 1 KiB, k_hashes: 1, min_items: 182
[TYPE] Splitting depth 40 into 2 hash types (Ff=6209, Fb=4986, min_items=182)
[TYPE] Splitting depth 42 into 8 hash types (Ff=41753, Fb=60181, min_items=182)
 done (0.582404s, 7843121n)
[78] Running IDTHSwTrans(0.1%, states=131, limit=1800s)... done (0.120178s, 82040n)
Puzzle #78 | A*: 0.113055s/67387n | Rev-A*: 0.197556s/123516n | BAE*: 0.0959909s/55830n | NBS: 0.22903s/95162n | MM: 0.140472s/96900n | IDA*: 0.0569182s/256422n | Parallel IDA*: 0.169549s/516766n | Rev-IDA*: 0.0912998s/412287n | BiHS-Bloom(50%,k1,dynamic): 0.171531s/2897867n | IDTHSwTrans(50%): 0.106234s/62770n | BiHS-Bloom(50%,optk,dynamic): 0.154921s/2897867n | IDTHSwTrans(50%): 0.105379s/62770n | BiHS-Bloom(50%,rootk,dynamic): 0.151749s/2897867n | IDTHSwTrans(50%): 0.106001s/62770n | BiHS-Bloom(10%,k1,dynamic): 0.172647s/2897867n | IDTHSwTrans(10%): 0.101045s/56143n | BiHS-Bloom(10%,optk,dynamic): 0.150895s/2897867n | IDTHSwTrans(10%): 0.0999682s/56143n | BiHS-Bloom(10%,rootk,dynamic): 0.168399s/2897867n | IDTHSwTrans(10%): 0.100075s/56143n | BiHS-Bloom(1%,k1,dynamic): 0.382584s/8426752n | IDTHSwTrans(1%): 0.118177s/57757n | BiHS-Bloom(1%,optk,dynamic): 0.378766s/8426752n | IDTHSwTrans(1%): 0.117934s/57757n | BiHS-Bloom(1%,rootk,dynamic): 0.333064s/7321327n | IDTHSwTrans(1%): 0.12028s/57757n | BiHS-Bloom(0.1%,k1,dynamic): 0.58255s/7843121n | IDTHSwTrans(0.1%): 0.120121s/82040n | BiHS-Bloom(0.1%,optk,dynamic): 0.586721s/7843121n | IDTHSwTrans(0.1%): 0.116749s/82040n | BiHS-Bloom(0.1%,rootk,dynamic): 0.582404s/7843121n | IDTHSwTrans(0.1%): 0.120178s/82040n | Length: 42
Results written to results/stp_pancake/parts/benchmark_stp_78.csv
