------------------------------------
Sat 27 Jun 2026 21:08:22 IDT
SLURM_JOBID:		18470316
SLURM_JOB_NODELIST:	ise-cpu-intl-23
SLURM_SCRATCH_DIR:	/scratch/omerpr/18470316
Allocated Resouces:	cpu - 2 / mem - 65536 MB / gpu - 
SLURM_GPU_INDEX:	
Running as omerpr from felner account with normal QOS
------------------------------------
------------------------------------
Sat 27 Jun 2026 21:08:23 IDT
SLURM_JOBID:		18470316
SLURM_JOB_NODELIST:	ise-cpu-intl-23
SLURM_SCRATCH_DIR:	/scratch/omerpr/18470316
Allocated Resouces:	cpu - 2 / mem - 65536 MB / gpu - 
SLURM_GPU_INDEX:	
Running as omerpr from felner account with normal QOS
------------------------------------
Domain: Sliding Tile Puzzle
Starting Korf's Puzzle #74

[74] Running A*... done (12.7208s, 3440530n)
[74] Running Rev-A*... done (9.51926s, 2486671n)
[74] Skipping BAE*, NBS, IDA*, Rev-IDA*, and Parallel IDA*; use --full to run them
[74] Running MM... done (10.6371s, 2775545n)
[74] BiHS-Bloom timeout limit: 254.416s
[74] IDTHSwTrans state bound baseline: 4627392
[74] Running BiHS-Bloom(50%, optk, dynamic, size=12710KiB, k=23, fp_est=1.45422e-07, limit=254.416s)...
Bloom filter size: 12710 KiB, k_hashes: 23, min_items: 2313784
 done (14.5124s, 196733384n)
[74] Running IDTHSwTrans(50%, states=2313696, limit=1800s)... done (17.298s, 1108259n)
[74] Running BiHS-Bloom(10%, optk, dynamic, size=2542KiB, k=5, fp_est=0.0432941, limit=254.416s)...
Bloom filter size: 2542 KiB, k_hashes: 5, min_items: 462756
 done (14.6057s, 196733384n)
[74] Running IDTHSwTrans(10%, states=462739, limit=1800s)... done (17.4369s, 1108259n)
[74] Running BiHS-Bloom(1%, optk, dynamic, size=254KiB, k=1, fp_est=0.782812, limit=254.416s)...
Bloom filter size: 254 KiB, k_hashes: 1, min_items: 46239
 done (13.0471s, 197177503n)
[74] Running IDTHSwTrans(1%, states=46273, limit=1800s)... done (7.71294s, 643458n)
[74] Running BiHS-Bloom(0.1%, optk, dynamic, size=25KiB, k=1, fp_est=1, limit=254.416s)...
Bloom filter size: 25 KiB, k_hashes: 1, min_items: 4551
[TYPE] Splitting depth 48 into 2 hash types (Ff=105148, Fb=456935, min_items=4551)
 done (13.5572s, 197378422n)
[74] Running IDTHSwTrans(0.1%, states=4627, limit=1800s)... done (7.4283s, 1235647n)
Puzzle #74 | A*: 12.7208s/3440530n | Rev-A*: 9.51926s/2486671n | BAE*: -3s/0n | NBS: -3s/0n | MM: 10.6371s/2775545n | IDA*: -3s/0n | Parallel IDA*: -3s/0n | Rev-IDA*: -3s/0n | BiHS-Bloom(50%,optk,dynamic): 14.5124s/196733384n | IDTHSwTrans(50%): 17.298s/1108259n | BiHS-Bloom(10%,optk,dynamic): 14.6057s/196733384n | IDTHSwTrans(10%): 17.4369s/1108259n | BiHS-Bloom(1%,optk,dynamic): 13.0471s/197177503n | IDTHSwTrans(1%): 7.71294s/643458n | BiHS-Bloom(0.1%,optk,dynamic): 13.5572s/197378422n | IDTHSwTrans(0.1%): 7.4283s/1235647n | Length: 48
Results written to results/stp_pancake/parts/benchmark_stp_74.csv
