------------------------------------
Sun 28 Jun 2026 02:45:29 IDT
SLURM_JOBID:		18486272
SLURM_JOB_NODELIST:	ise-cpu-intl-24
SLURM_SCRATCH_DIR:	
Allocated Resouces:	cpu - 2 / mem - 65536 MB / gpu - 
SLURM_GPU_INDEX:	
Running as omerpr from felner account with normal QOS
------------------------------------
------------------------------------
Sun 28 Jun 2026 02:45:29 IDT
SLURM_JOBID:		18486272
SLURM_JOB_NODELIST:	ise-cpu-intl-24
SLURM_SCRATCH_DIR:	
Allocated Resouces:	cpu - 2 / mem - 65536 MB / gpu - 
SLURM_GPU_INDEX:	
Running as omerpr from felner account with normal QOS
------------------------------------
Domain: Pancake Puzzle
[59] Running Pancake A*... done (15.7364s, 329932n)
[59] Running Pancake Rev-A*... done (16.4074s, 341104n)
[59] Running Pancake BAE*... done (11.033s, 414035n)
[59] Running Pancake NBS... done (41.3527s, 621148n)
[59] Running Pancake MM... done (20.0452s, 629557n)
[59] Running Pancake IDA*... done (2.38383s, 770388n)
[59] Running Pancake Rev-IDA*... done (2.57834s, 831656n)
[59] Running Pancake Parallel IDA*...1994544 pieces of work generated
Starting iteration with bound 10.000000; 117326 expanded, 2229194 generated
Starting iteration with bound 11.000000; 117326 expanded, 2229194 generated
Starting iteration with bound 12.000000; 117326 expanded, 2229194 generated
Starting iteration with bound 13.000000; 117326 expanded, 2229194 generated
Starting iteration with bound 14.000000; 117639 expanded, 2235141 generated
Starting iteration with bound 15.000000; 137149 expanded, 2605831 generated
Starting iteration with bound 16.000000; 593345 expanded, 11273555 generated
 done (13.1838s, 1544695n)
[59] Pancake BiHS-Bloom timeout limit: 827.055s
[59] Pancake IDTHSwTrans state bound baseline: 5209055
[59] Running Pancake BiHS-Bloom(50%, optk, dynamic, size=19712KiB, k=23, fp_est=1.35917e-07, limit=827.055s)...Bloom filter size: 19712 KiB, k_hashes: 23, min_items: 2604527
 done (68.735s, 344266197n)
[59] Running Pancake IDTHSwTrans(50%, states=2604527, limit=1800s)... done (4.67566s, 180190n)
[59] Running Pancake BiHS-Bloom(10%, optk, dynamic, size=3942KiB, k=5, fp_est=0.0426981, limit=827.055s)...Bloom filter size: 3942 KiB, k_hashes: 5, min_items: 520852
 done (66.5247s, 344266197n)
[59] Running Pancake IDTHSwTrans(10%, states=520905, limit=1800s)... done (4.33037s, 168969n)
[59] Running Pancake BiHS-Bloom(1%, optk, dynamic, size=394KiB, k=1, fp_est=0.78134, limit=827.055s)...Bloom filter size: 394 KiB, k_hashes: 1, min_items: 52058
 done (69.7105s, 431309016n)
[59] Running Pancake IDTHSwTrans(1%, states=52090, limit=1800s)... done (2.93542s, 93768n)
[59] Running Pancake BiHS-Bloom(0.1%, optk, dynamic, size=39KiB, k=1, fp_est=1, limit=827.055s)...Bloom filter size: 39 KiB, k_hashes: 1, min_items: 5153
[TYPE] Splitting depth 16 into 8 hash types (Ff=2152209, Fb=797586, min_items=5153)
 done (85.4234s, 444229383n)
[59] Running Pancake IDTHSwTrans(0.1%, states=5209, limit=1800s)... done (3.71289s, 115582n)
Pancake #59 | A*: 15.7364s/329932n | Rev-A*: 16.4074s/341104n | BAE*: 11.033s/414035n | NBS: 41.3527s/621148n | MM: 20.0452s/629557n | IDA*: 2.38383s/770388n | Parallel IDA*: 13.1838s/1544695n | Rev-IDA*: 2.57834s/831656n | BiHS-Bloom(50%,optk,dynamic): 68.735s/344266197n | IDTHSwTrans(50%): 4.67566s/180190n | BiHS-Bloom(10%,optk,dynamic): 66.5247s/344266197n | IDTHSwTrans(10%): 4.33037s/168969n | BiHS-Bloom(1%,optk,dynamic): 69.7105s/431309016n | IDTHSwTrans(1%): 2.93542s/93768n | BiHS-Bloom(0.1%,optk,dynamic): 85.4234s/444229383n | IDTHSwTrans(0.1%): 3.71289s/115582n | Length: 16
Results written to results/stp_pancake/parts/benchmark_pancake_59.csv
