------------------------------------
Sun 28 Jun 2026 23:52:43 IDT
SLURM_JOBID:		18544697
SLURM_JOB_NODELIST:	ise-cpu256-01
SLURM_SCRATCH_DIR:	/scratch/omerpr/18544697
Allocated Resouces:	cpu - 2 / mem - 102400 MB / gpu - 
SLURM_GPU_INDEX:	
Running as omerpr from felner account with normal QOS
------------------------------------
------------------------------------
Sun 28 Jun 2026 23:52:43 IDT
SLURM_JOBID:		18544697
SLURM_JOB_NODELIST:	ise-cpu256-01
SLURM_SCRATCH_DIR:	/scratch/omerpr/18544697
Allocated Resouces:	cpu - 2 / mem - 102400 MB / gpu - 
SLURM_GPU_INDEX:	
Running as omerpr from felner account with normal QOS
------------------------------------
Domain: Sliding Tile Puzzle
Starting Korf's Puzzle #50

[50] Running A*... done (7.41559s, 3031917n)
[50] Running Rev-A*... done (5.80284s, 2178811n)
[50] Running BAE*... done (3.92519s, 1370393n)
[50] Running NBS... done (11.314s, 2923786n)
[50] Running MM... done (8.39618s, 2987373n)
[50] Running IDA*... done (3.64938s, 16957246n)
[50] Running Rev-IDA*... done (1.73685s, 7810177n)
[50] Running Parallel IDA*...80 pieces of work generated
Starting iteration with bound 44.000000; 73 expanded, 224 generated
Starting iteration with bound 46.000000; 294 expanded, 873 generated
Starting iteration with bound 48.000000; 2864 expanded, 8404 generated
Starting iteration with bound 50.000000; 27683 expanded, 81260 generated
Starting iteration with bound 52.000000; 234188 expanded, 689937 generated
Starting iteration with bound 54.000000; 1793948 expanded, 5304715 generated
Starting iteration with bound 56.000000; 12736226 expanded, 37787770 generated
 done (2.4091s, 19780853n)
[50] BiHS-Bloom timeout limit: 226.281s
[50] IDTHSwTrans state bound baseline: 4051621
[50] Running BiHS-Bloom(50%, k1, dynamic, size=11128KiB, k=1, fp_est=0.0381157, limit=226.281s)...
Bloom filter size: 11128 KiB, k_hashes: 1, min_items: 2025790
 done (11.9306s, 184586561n)
[50] Running IDTHSwTrans(50%, states=2025810, limit=1800s)... done (8.00761s, 5687128n)
[50] Running BiHS-Bloom(50%, optk, dynamic, size=11128KiB, k=18, fp_est=4.2738e-06, limit=226.281s)...
Bloom filter size: 11128 KiB, k_hashes: 18, min_items: 2025790
 done (11.242s, 184586561n)
[50] Running IDTHSwTrans(50%, states=2025810, limit=1800s)... done (8.0112s, 5687128n)
[50] Running BiHS-Bloom(50%, rootk, dynamic, size=11128KiB, k=4, fp_est=0.00042957, limit=226.281s)...
Bloom filter size: 11128 KiB, k_hashes: 4, min_items: 2025790
 done (11.1784s, 184586561n)
[50] Running IDTHSwTrans(50%, states=2025810, limit=1800s)... done (7.99849s, 5687128n)
[50] Running BiHS-Bloom(10%, k1, dynamic, size=2226KiB, k=1, fp_est=0.176565, limit=226.281s)...
Bloom filter size: 2226 KiB, k_hashes: 1, min_items: 405230
 done (11.8098s, 184586561n)
[50] Running IDTHSwTrans(10%, states=405162, limit=1800s)... done (6.56331s, 2990264n)
[50] Running BiHS-Bloom(10%, optk, dynamic, size=2226KiB, k=4, fp_est=0.0851913, limit=226.281s)...
Bloom filter size: 2226 KiB, k_hashes: 4, min_items: 405230
 done (11.1137s, 184586561n)
[50] Running IDTHSwTrans(10%, states=405162, limit=1800s)... done (6.54635s, 2990264n)
[50] Running BiHS-Bloom(10%, rootk, dynamic, size=2226KiB, k=2, fp_est=0.103655, limit=226.281s)...
Bloom filter size: 2226 KiB, k_hashes: 2, min_items: 405230
 done (11.6404s, 184586561n)
[50] Running IDTHSwTrans(10%, states=405162, limit=1800s)... done (6.56054s, 2990264n)
[50] Running BiHS-Bloom(1%, k1, dynamic, size=223KiB, k=1, fp_est=0.856184, limit=226.281s)...
Bloom filter size: 223 KiB, k_hashes: 1, min_items: 40595
 done (8.05992s, 186930594n)
[50] Running IDTHSwTrans(1%, states=40516, limit=1800s)... done (8.33814s, 2742619n)
[50] Running BiHS-Bloom(1%, optk, dynamic, size=223KiB, k=1, fp_est=0.856184, limit=226.281s)...
Bloom filter size: 223 KiB, k_hashes: 1, min_items: 40595
 done (8.08529s, 186930594n)
[50] Running IDTHSwTrans(1%, states=40516, limit=1800s)... done (8.22991s, 2742619n)
[50] Running BiHS-Bloom(1%, rootk, dynamic, size=223KiB, k=1, fp_est=0.856184, limit=226.281s)...
Bloom filter size: 223 KiB, k_hashes: 1, min_items: 40595
 done (8.06758s, 186930594n)
[50] Running IDTHSwTrans(1%, states=40516, limit=1800s)... done (8.23708s, 2742619n)
[50] Running BiHS-Bloom(0.1%, k1, dynamic, size=22KiB, k=1, fp_est=1, limit=226.281s)...
Bloom filter size: 22 KiB, k_hashes: 1, min_items: 4004
[TYPE] Splitting depth 56 into 7 hash types (Ff=369793, Fb=1056877, min_items=4004)
 done (9.33347s, 211709404n)
[50] Running IDTHSwTrans(0.1%, states=4051, limit=1800s)... done (8.4236s, 3318011n)
[50] Running BiHS-Bloom(0.1%, optk, dynamic, size=22KiB, k=1, fp_est=1, limit=226.281s)...
Bloom filter size: 22 KiB, k_hashes: 1, min_items: 4004
[TYPE] Splitting depth 56 into 7 hash types (Ff=369793, Fb=1051236, min_items=4004)
 done (9.48611s, 211709404n)
[50] Running IDTHSwTrans(0.1%, states=4051, limit=1800s)... done (8.55628s, 3318011n)
[50] Running BiHS-Bloom(0.1%, rootk, dynamic, size=22KiB, k=1, fp_est=1, limit=226.281s)...
Bloom filter size: 22 KiB, k_hashes: 1, min_items: 4004
[TYPE] Splitting depth 56 into 7 hash types (Ff=369793, Fb=1055409, min_items=4004)
 done (9.57991s, 211709404n)
[50] Running IDTHSwTrans(0.1%, states=4051, limit=1800s)... done (8.51031s, 3318011n)
Puzzle #50 | A*: 7.41559s/3031917n | Rev-A*: 5.80284s/2178811n | BAE*: 3.92519s/1370393n | NBS: 11.314s/2923786n | MM: 8.39618s/2987373n | IDA*: 3.64938s/16957246n | Parallel IDA*: 2.4091s/19780853n | Rev-IDA*: 1.73685s/7810177n | BiHS-Bloom(50%,k1,dynamic): 11.9306s/184586561n | IDTHSwTrans(50%): 8.00761s/5687128n | BiHS-Bloom(50%,optk,dynamic): 11.242s/184586561n | IDTHSwTrans(50%): 8.0112s/5687128n | BiHS-Bloom(50%,rootk,dynamic): 11.1784s/184586561n | IDTHSwTrans(50%): 7.99849s/5687128n | BiHS-Bloom(10%,k1,dynamic): 11.8098s/184586561n | IDTHSwTrans(10%): 6.56331s/2990264n | BiHS-Bloom(10%,optk,dynamic): 11.1137s/184586561n | IDTHSwTrans(10%): 6.54635s/2990264n | BiHS-Bloom(10%,rootk,dynamic): 11.6404s/184586561n | IDTHSwTrans(10%): 6.56054s/2990264n | BiHS-Bloom(1%,k1,dynamic): 8.05992s/186930594n | IDTHSwTrans(1%): 8.33814s/2742619n | BiHS-Bloom(1%,optk,dynamic): 8.08529s/186930594n | IDTHSwTrans(1%): 8.22991s/2742619n | BiHS-Bloom(1%,rootk,dynamic): 8.06758s/186930594n | IDTHSwTrans(1%): 8.23708s/2742619n | BiHS-Bloom(0.1%,k1,dynamic): 9.33347s/211709404n | IDTHSwTrans(0.1%): 8.4236s/3318011n | BiHS-Bloom(0.1%,optk,dynamic): 9.48611s/211709404n | IDTHSwTrans(0.1%): 8.55628s/3318011n | BiHS-Bloom(0.1%,rootk,dynamic): 9.57991s/211709404n | IDTHSwTrans(0.1%): 8.51031s/3318011n | Length: 56
Results written to results/stp_pancake/parts/benchmark_stp_50.csv
