------------------------------------
Sun 28 Jun 2026 02:53:25 IDT
SLURM_JOBID:		18486522
SLURM_JOB_NODELIST:	ise-cpu-intl-24
SLURM_SCRATCH_DIR:	
Allocated Resouces:	cpu - 2 / mem - 65536 MB / gpu - 
SLURM_GPU_INDEX:	
Running as omerpr from felner account with normal QOS
------------------------------------
------------------------------------
Sun 28 Jun 2026 02:53:26 IDT
SLURM_JOBID:		18486522
SLURM_JOB_NODELIST:	ise-cpu-intl-24
SLURM_SCRATCH_DIR:	
Allocated Resouces:	cpu - 2 / mem - 65536 MB / gpu - 
SLURM_GPU_INDEX:	
Running as omerpr from felner account with normal QOS
------------------------------------
Domain: Pancake Puzzle
[71] Running Pancake A*... done (14.0474s, 293489n)
[71] Running Pancake Rev-A*... done (14.0868s, 293489n)
[71] Running Pancake BAE*... done (10.0298s, 361497n)
[71] Running Pancake NBS... done (36.5309s, 555468n)
[71] Running Pancake MM... done (17.2776s, 555468n)
[71] Running Pancake IDA*... done (2.35451s, 583024n)
[71] Running Pancake Rev-IDA*... done (1.65281s, 583024n)
[71] Running Pancake Parallel IDA*...1994544 pieces of work generated
Starting iteration with bound 10.000000; 117326 expanded, 2229194 generated
Starting iteration with bound 11.000000; 117326 expanded, 2229194 generated
Starting iteration with bound 12.000000; 117326 expanded, 2229194 generated
Starting iteration with bound 13.000000; 117327 expanded, 2229213 generated
Starting iteration with bound 14.000000; 117551 expanded, 2233469 generated
Starting iteration with bound 15.000000; 132622 expanded, 2519818 generated
Starting iteration with bound 16.000000; 511030 expanded, 9709570 generated
 done (12.621s, 1370379n)
[71] Pancake BiHS-Bloom timeout limit: 730.618s
[71] Pancake IDTHSwTrans state bound baseline: 4656853
[71] Running Pancake BiHS-Bloom(50%, optk, dynamic, size=17622KiB, k=23, fp_est=1.46281e-07, limit=730.618s)...Bloom filter size: 17622 KiB, k_hashes: 23, min_items: 2328377
 done (54.4916s, 300364665n)
[71] Running Pancake IDTHSwTrans(50%, states=2328426, limit=1800s)... done (3.53517s, 175193n)
[71] Running Pancake BiHS-Bloom(10%, optk, dynamic, size=3524KiB, k=5, fp_est=0.0433641, limit=730.618s)...Bloom filter size: 3524 KiB, k_hashes: 5, min_items: 465622
 done (52.7597s, 300364665n)
[71] Running Pancake IDTHSwTrans(10%, states=465685, limit=1800s)... done (3.23047s, 156572n)
[71] Running Pancake BiHS-Bloom(1%, optk, dynamic, size=352KiB, k=1, fp_est=0.783089, limit=730.618s)...Bloom filter size: 352 KiB, k_hashes: 1, min_items: 46509
 done (56.6863s, 384677136n)
[71] Running Pancake IDTHSwTrans(1%, states=46568, limit=1800s)... done (2.50951s, 89773n)
[71] Running Pancake BiHS-Bloom(0.1%, optk, dynamic, size=35KiB, k=1, fp_est=1, limit=730.618s)...Bloom filter size: 35 KiB, k_hashes: 1, min_items: 4624
[TYPE] Splitting depth 16 into 8 hash types (Ff=1744767, Fb=517436, min_items=4624)
 done (56.8787s, 384677136n)
[71] Running Pancake IDTHSwTrans(0.1%, states=4656, limit=1800s)... done (2.77276s, 102101n)
Pancake #71 | A*: 14.0474s/293489n | Rev-A*: 14.0868s/293489n | BAE*: 10.0298s/361497n | NBS: 36.5309s/555468n | MM: 17.2776s/555468n | IDA*: 2.35451s/583024n | Parallel IDA*: 12.621s/1370379n | Rev-IDA*: 1.65281s/583024n | BiHS-Bloom(50%,optk,dynamic): 54.4916s/300364665n | IDTHSwTrans(50%): 3.53517s/175193n | BiHS-Bloom(10%,optk,dynamic): 52.7597s/300364665n | IDTHSwTrans(10%): 3.23047s/156572n | BiHS-Bloom(1%,optk,dynamic): 56.6863s/384677136n | IDTHSwTrans(1%): 2.50951s/89773n | BiHS-Bloom(0.1%,optk,dynamic): 56.8787s/384677136n | IDTHSwTrans(0.1%): 2.77276s/102101n | Length: 16
Results written to results/stp_pancake/parts/benchmark_pancake_71.csv
