------------------------------------
Sun 28 Jun 2026 02:55:26 IDT
SLURM_JOBID:		18486587
SLURM_JOB_NODELIST:	cs-cpu-06
SLURM_SCRATCH_DIR:	
Allocated Resouces:	cpu - 2 / mem - 65536 MB / gpu - 
SLURM_GPU_INDEX:	
Running as omerpr from felner account with normal QOS
------------------------------------
------------------------------------
Sun 28 Jun 2026 02:55:27 IDT
SLURM_JOBID:		18486587
SLURM_JOB_NODELIST:	cs-cpu-06
SLURM_SCRATCH_DIR:	
Allocated Resouces:	cpu - 2 / mem - 65536 MB / gpu - 
SLURM_GPU_INDEX:	
Running as omerpr from felner account with normal QOS
------------------------------------
Domain: Pancake Puzzle
[75] Running Pancake A*... done (10.5814s, 284382n)
[75] Running Pancake Rev-A*... done (10.1997s, 284382n)
[75] Running Pancake BAE*... done (10.3687s, 355151n)
[75] Running Pancake NBS... done (26.0485s, 539548n)
[75] Running Pancake MM... done (11.9823s, 539548n)
[75] Running Pancake IDA*... done (2.11122s, 771812n)
[75] Running Pancake Rev-IDA*... done (1.48828s, 771812n)
[75] Running Pancake Parallel IDA*...1994544 pieces of work generated
Starting iteration with bound 10.000000; 117326 expanded, 2229194 generated
Starting iteration with bound 11.000000; 117326 expanded, 2229194 generated
Starting iteration with bound 12.000000; 117326 expanded, 2229194 generated
Starting iteration with bound 13.000000; 117326 expanded, 2229194 generated
Starting iteration with bound 14.000000; 117580 expanded, 2234020 generated
Starting iteration with bound 15.000000; 133112 expanded, 2529128 generated
Starting iteration with bound 16.000000; 509699 expanded, 9684281 generated
 done (9.29826s, 1497491n)
[75] Pancake BiHS-Bloom timeout limit: 520.97s
[75] Pancake IDTHSwTrans state bound baseline: 4498664
[75] Running Pancake BiHS-Bloom(50%, optk, dynamic, size=17024KiB, k=23, fp_est=1.53135e-07, limit=520.97s)...Bloom filter size: 17024 KiB, k_hashes: 23, min_items: 2249364
 done (38.4537s, 293343801n)
[75] Running Pancake IDTHSwTrans(50%, states=2249332, limit=1800s)... done (3.41805s, 176267n)
[75] Running Pancake BiHS-Bloom(10%, optk, dynamic, size=3405KiB, k=5, fp_est=0.0437581, limit=520.97s)...Bloom filter size: 3405 KiB, k_hashes: 5, min_items: 449899
 done (37.5863s, 293343801n)
[75] Running Pancake IDTHSwTrans(10%, states=449866, limit=1800s)... done (3.0648s, 155961n)
[75] Running Pancake BiHS-Bloom(1%, optk, dynamic, size=340KiB, k=1, fp_est=0.784099, limit=520.97s)...Bloom filter size: 340 KiB, k_hashes: 1, min_items: 44923
 done (39.2311s, 373642488n)
[75] Running Pancake IDTHSwTrans(1%, states=44986, limit=1800s)... done (3.19006s, 108466n)
[75] Running Pancake BiHS-Bloom(0.1%, optk, dynamic, size=34KiB, k=1, fp_est=1, limit=520.97s)...Bloom filter size: 34 KiB, k_hashes: 1, min_items: 4492
[TYPE] Splitting depth 16 into 8 hash types (Ff=1734383, Fb=547794, min_items=4492)
 done (72.6119s, 453941175n)
[75] Running Pancake IDTHSwTrans(0.1%, states=4498, limit=1800s)... done (2.76577s, 127772n)
Pancake #75 | A*: 10.5814s/284382n | Rev-A*: 10.1997s/284382n | BAE*: 10.3687s/355151n | NBS: 26.0485s/539548n | MM: 11.9823s/539548n | IDA*: 2.11122s/771812n | Parallel IDA*: 9.29826s/1497491n | Rev-IDA*: 1.48828s/771812n | BiHS-Bloom(50%,optk,dynamic): 38.4537s/293343801n | IDTHSwTrans(50%): 3.41805s/176267n | BiHS-Bloom(10%,optk,dynamic): 37.5863s/293343801n | IDTHSwTrans(10%): 3.0648s/155961n | BiHS-Bloom(1%,optk,dynamic): 39.2311s/373642488n | IDTHSwTrans(1%): 3.19006s/108466n | BiHS-Bloom(0.1%,optk,dynamic): 72.6119s/453941175n | IDTHSwTrans(0.1%): 2.76577s/127772n | Length: 16
Results written to results/stp_pancake/parts/benchmark_pancake_75.csv
