------------------------------------
Mon 29 Jun 2026 01:58:54 IDT
SLURM_JOBID:		18547980
SLURM_JOB_NODELIST:	cs-cpu-10
SLURM_SCRATCH_DIR:	/scratch/omerpr/18547980
Allocated Resouces:	cpu - 2 / mem - 102400 MB / gpu - 
SLURM_GPU_INDEX:	
Running as omerpr from felner account with normal QOS
------------------------------------
------------------------------------
Mon 29 Jun 2026 01:58:54 IDT
SLURM_JOBID:		18547980
SLURM_JOB_NODELIST:	cs-cpu-10
SLURM_SCRATCH_DIR:	/scratch/omerpr/18547980
Allocated Resouces:	cpu - 2 / mem - 102400 MB / gpu - 
SLURM_GPU_INDEX:	
Running as omerpr from felner account with normal QOS
------------------------------------
Domain: Pancake Puzzle
[31] Running Pancake A*... done (0.0233882s, 676n)
[31] Running Pancake Rev-A*... done (0.0107725s, 473n)
[31] Running Pancake BAE*... done (0.0194124s, 1022n)
[31] Running Pancake NBS... done (0.0352241s, 934n)
[31] Running Pancake MM... done (0.0174305s, 1080n)
[31] Running Pancake IDA*... done (0.00296308s, 1431n)
[31] Running Pancake Rev-IDA*... done (0.00764766s, 3713n)
[31] Running Pancake Parallel IDA*...1994544 pieces of work generated
Starting iteration with bound 11.000000; 117326 expanded, 2229194 generated
Starting iteration with bound 12.000000; 117326 expanded, 2229194 generated
Starting iteration with bound 13.000000; 117327 expanded, 2229213 generated
Starting iteration with bound 14.000000; 117484 expanded, 2232196 generated
 done (3.85288s, 120774n)
[31] Pancake BiHS-Bloom timeout limit: 120s
[31] Pancake IDTHSwTrans state bound baseline: 8343
[31] Running Pancake BiHS-Bloom(50%, k1, dynamic, size=32KiB, k=1, fp_est=0.0412178, limit=120s)...Bloom filter size: 32 KiB, k_hashes: 1, min_items: 4228
 done (0.072822s, 578358n)
[31] Running Pancake IDTHSwTrans(50%, states=4171, limit=1800s)... done (0.0201612s, 5374n)
[31] Running Pancake BiHS-Bloom(50%, optk, dynamic, size=32KiB, k=16, fp_est=1.10659e-05, limit=120s)...Bloom filter size: 32 KiB, k_hashes: 16, min_items: 4228
 done (0.0769543s, 578358n)
[31] Running Pancake IDTHSwTrans(50%, states=4171, limit=1800s)... done (0.0201987s, 5374n)
[31] Running Pancake BiHS-Bloom(50%, rootk, dynamic, size=32KiB, k=4, fp_est=0.000576532, limit=120s)...Bloom filter size: 32 KiB, k_hashes: 4, min_items: 4228
 done (0.0728702s, 578358n)
[31] Running Pancake IDTHSwTrans(50%, states=4171, limit=1800s)... done (0.0201238s, 5374n)
[31] Running Pancake BiHS-Bloom(10%, k1, dynamic, size=6KiB, k=1, fp_est=0.201074, limit=120s)...Bloom filter size: 6 KiB, k_hashes: 1, min_items: 792
 done (0.0726315s, 578358n)
[31] Running Pancake IDTHSwTrans(10%, states=834, limit=1800s)... done (0.00687317s, 1710n)
[31] Running Pancake BiHS-Bloom(10%, optk, dynamic, size=6KiB, k=3, fp_est=0.117692, limit=120s)...Bloom filter size: 6 KiB, k_hashes: 3, min_items: 792
 done (0.0728143s, 578358n)
[31] Running Pancake IDTHSwTrans(10%, states=834, limit=1800s)... done (0.00686794s, 1710n)
[31] Running Pancake BiHS-Bloom(10%, rootk, dynamic, size=6KiB, k=2, fp_est=0.13084, limit=120s)...Bloom filter size: 6 KiB, k_hashes: 2, min_items: 792
 done (0.0728516s, 578358n)
[31] Running Pancake IDTHSwTrans(10%, states=834, limit=1800s)... done (0.00688343s, 1710n)
[31] Running Pancake BiHS-Bloom(1%, k1, dynamic, size=1KiB, k=1, fp_est=0.739961, limit=120s)...Bloom filter size: 1 KiB, k_hashes: 1, min_items: 132
 done (0.0728501s, 578358n)
[31] Running Pancake IDTHSwTrans(1%, states=83, limit=1800s)... done (0.00418222s, 1072n)
[31] Running Pancake BiHS-Bloom(1%, optk, dynamic, size=1KiB, k=1, fp_est=0.739961, limit=120s)...Bloom filter size: 1 KiB, k_hashes: 1, min_items: 132
 done (0.0728912s, 578358n)
[31] Running Pancake IDTHSwTrans(1%, states=83, limit=1800s)... done (0.00419495s, 1072n)
[31] Running Pancake BiHS-Bloom(1%, rootk, dynamic, size=1KiB, k=1, fp_est=0.739961, limit=120s)...Bloom filter size: 1 KiB, k_hashes: 1, min_items: 132
 done (0.0727127s, 578358n)
[31] Running Pancake IDTHSwTrans(1%, states=83, limit=1800s)... done (0.00418265s, 1072n)
[31] Running Pancake BiHS-Bloom(0.1%, k1, dynamic, size=1KiB, k=1, fp_est=0.739961, limit=120s)...Bloom filter size: 1 KiB, k_hashes: 1, min_items: 132
 done (0.0726604s, 578358n)
[31] Running Pancake IDTHSwTrans(0.1%, states=8, limit=1800s)... done (0.00431248s, 1125n)
[31] Running Pancake BiHS-Bloom(0.1%, optk, dynamic, size=1KiB, k=1, fp_est=0.739961, limit=120s)...Bloom filter size: 1 KiB, k_hashes: 1, min_items: 132
 done (0.0728873s, 578358n)
[31] Running Pancake IDTHSwTrans(0.1%, states=8, limit=1800s)... done (0.00431465s, 1125n)
[31] Running Pancake BiHS-Bloom(0.1%, rootk, dynamic, size=1KiB, k=1, fp_est=0.739961, limit=120s)...Bloom filter size: 1 KiB, k_hashes: 1, min_items: 132
 done (0.072846s, 578358n)
[31] Running Pancake IDTHSwTrans(0.1%, states=8, limit=1800s)... done (0.00427537s, 1125n)
Pancake #31 | A*: 0.0233882s/676n | Rev-A*: 0.0107725s/473n | BAE*: 0.0194124s/1022n | NBS: 0.0352241s/934n | MM: 0.0174305s/1080n | IDA*: 0.00296308s/1431n | Parallel IDA*: 3.85288s/120774n | Rev-IDA*: 0.00764766s/3713n | BiHS-Bloom(50%,k1,dynamic): 0.072822s/578358n | IDTHSwTrans(50%): 0.0201612s/5374n | BiHS-Bloom(50%,optk,dynamic): 0.0769543s/578358n | IDTHSwTrans(50%): 0.0201987s/5374n | BiHS-Bloom(50%,rootk,dynamic): 0.0728702s/578358n | IDTHSwTrans(50%): 0.0201238s/5374n | BiHS-Bloom(10%,k1,dynamic): 0.0726315s/578358n | IDTHSwTrans(10%): 0.00687317s/1710n | BiHS-Bloom(10%,optk,dynamic): 0.0728143s/578358n | IDTHSwTrans(10%): 0.00686794s/1710n | BiHS-Bloom(10%,rootk,dynamic): 0.0728516s/578358n | IDTHSwTrans(10%): 0.00688343s/1710n | BiHS-Bloom(1%,k1,dynamic): 0.0728501s/578358n | IDTHSwTrans(1%): 0.00418222s/1072n | BiHS-Bloom(1%,optk,dynamic): 0.0728912s/578358n | IDTHSwTrans(1%): 0.00419495s/1072n | BiHS-Bloom(1%,rootk,dynamic): 0.0727127s/578358n | IDTHSwTrans(1%): 0.00418265s/1072n | BiHS-Bloom(0.1%,k1,dynamic): 0.0726604s/578358n | IDTHSwTrans(0.1%): 0.00431248s/1125n | BiHS-Bloom(0.1%,optk,dynamic): 0.0728873s/578358n | IDTHSwTrans(0.1%): 0.00431465s/1125n | BiHS-Bloom(0.1%,rootk,dynamic): 0.072846s/578358n | IDTHSwTrans(0.1%): 0.00427537s/1125n | Length: 14
Results written to results/stp_pancake/parts/benchmark_pancake_31.csv
