------------------------------------
Sat 27 Jun 2026 21:31:55 IDT
SLURM_JOBID:		18471508
SLURM_JOB_NODELIST:	ise-cpu-intl-24
SLURM_SCRATCH_DIR:	
Allocated Resouces:	cpu - 2 / mem - 65536 MB / gpu - 
SLURM_GPU_INDEX:	
Running as omerpr from felner account with normal QOS
------------------------------------
------------------------------------
Sat 27 Jun 2026 21:31:56 IDT
SLURM_JOBID:		18471508
SLURM_JOB_NODELIST:	ise-cpu-intl-24
SLURM_SCRATCH_DIR:	
Allocated Resouces:	cpu - 2 / mem - 65536 MB / gpu - 
SLURM_GPU_INDEX:	
Running as omerpr from felner account with normal QOS
------------------------------------
Domain: Pancake Puzzle
[21] Running Pancake A*... done (3.15531s, 66167n)
[21] Running Pancake Rev-A*... done (9.80343s, 207723n)
[21] Skipping BAE*, NBS, IDA*, Rev-IDA*, and Parallel IDA*; use --full to run them
[21] Running Pancake MM... done (5.48824s, 142953n)
[21] Pancake BiHS-Bloom timeout limit: 196.069s
[21] Pancake IDTHSwTrans state bound baseline: 1074836
[21] Running Pancake BiHS-Bloom(50%, optk, dynamic, size=4067KiB, k=22, fp_est=1.70163e-07, limit=196.069s)...Bloom filter size: 4067 KiB, k_hashes: 22, min_items: 537368
 done (15.5123s, 78747255n)
[21] Running Pancake IDTHSwTrans(50%, states=537418, limit=1800s)... done (1.01114s, 92274n)
[21] Running Pancake BiHS-Bloom(10%, optk, dynamic, size=813KiB, k=4, fp_est=0.0448849, limit=196.069s)...Bloom filter size: 813 KiB, k_hashes: 4, min_items: 107420
 done (15.3719s, 78747255n)
[21] Running Pancake IDTHSwTrans(10%, states=107483, limit=1800s)... done (0.783169s, 61750n)
[21] Running Pancake BiHS-Bloom(1%, optk, dynamic, size=81KiB, k=1, fp_est=0.787218, limit=196.069s)...Bloom filter size: 81 KiB, k_hashes: 1, min_items: 10702
 done (22.4726s, 125552118n)
[21] Running Pancake IDTHSwTrans(1%, states=10748, limit=1800s)... done (2.87027s, 83278n)
[21] Running Pancake BiHS-Bloom(0.1%, optk, dynamic, size=8KiB, k=1, fp_est=1, limit=196.069s)...Bloom filter size: 8 KiB, k_hashes: 1, min_items: 1057
[TYPE] Splitting depth 16 into 7 hash types (Ff=133876, Fb=196285, min_items=1057)
 done (36.9283s, 172356981n)
[21] Running Pancake IDTHSwTrans(0.1%, states=1074, limit=1800s)... done (3.44775s, 125303n)
Pancake #21 | A*: 3.15531s/66167n | Rev-A*: 9.80343s/207723n | BAE*: -3s/0n | NBS: -3s/0n | MM: 5.48824s/142953n | IDA*: -3s/0n | Parallel IDA*: -3s/0n | Rev-IDA*: -3s/0n | BiHS-Bloom(50%,optk,dynamic): 15.5123s/78747255n | IDTHSwTrans(50%): 1.01114s/92274n | BiHS-Bloom(10%,optk,dynamic): 15.3719s/78747255n | IDTHSwTrans(10%): 0.783169s/61750n | BiHS-Bloom(1%,optk,dynamic): 22.4726s/125552118n | IDTHSwTrans(1%): 2.87027s/83278n | BiHS-Bloom(0.1%,optk,dynamic): 36.9283s/172356981n | IDTHSwTrans(0.1%): 3.44775s/125303n | Length: 16
Results written to results/stp_pancake/parts/benchmark_pancake_21.csv
