------------------------------------
Sun 28 Jun 2026 02:21:38 IDT
SLURM_JOBID:		18485486
SLURM_JOB_NODELIST:	ise-cpu-intl-25
SLURM_SCRATCH_DIR:	
Allocated Resouces:	cpu - 2 / mem - 65536 MB / gpu - 
SLURM_GPU_INDEX:	
Running as omerpr from felner account with normal QOS
------------------------------------
------------------------------------
Sun 28 Jun 2026 02:21:38 IDT
SLURM_JOBID:		18485486
SLURM_JOB_NODELIST:	ise-cpu-intl-25
SLURM_SCRATCH_DIR:	
Allocated Resouces:	cpu - 2 / mem - 65536 MB / gpu - 
SLURM_GPU_INDEX:	
Running as omerpr from felner account with normal QOS
------------------------------------
Domain: Pancake Puzzle
[7] Running Pancake A*... done (1.9014s, 50626n)
[7] Running Pancake Rev-A*... done (1.25826s, 36929n)
[7] Running Pancake BAE*... done (1.00453s, 52458n)
[7] Running Pancake NBS... done (3.71025s, 72428n)
[7] Running Pancake MM... done (2.26599s, 79087n)
[7] Running Pancake IDA*... done (0.249666s, 104216n)
[7] Running Pancake Rev-IDA*... done (0.252612s, 103734n)
[7] Running Pancake Parallel IDA*...1994544 pieces of work generated
Starting iteration with bound 10.000000; 117326 expanded, 2229194 generated
Starting iteration with bound 11.000000; 117326 expanded, 2229194 generated
Starting iteration with bound 12.000000; 117326 expanded, 2229194 generated
Starting iteration with bound 13.000000; 117353 expanded, 2229707 generated
Starting iteration with bound 14.000000; 119030 expanded, 2261570 generated
Starting iteration with bound 15.000000; 168718 expanded, 3205642 generated
 done (7.53194s, 379773n)
[7] Pancake BiHS-Bloom timeout limit: 150.639s
[7] Pancake IDTHSwTrans state bound baseline: 608976
[7] Running Pancake BiHS-Bloom(50%, optk, dynamic, size=2304KiB, k=18, fp_est=4.75858e-06, limit=150.639s)...Bloom filter size: 2304 KiB, k_hashes: 18, min_items: 304425
 done (4.69775s, 28137738n)
[7] Running Pancake IDTHSwTrans(50%, states=304488, limit=1800s)... done (0.700328s, 77487n)
[7] Running Pancake BiHS-Bloom(10%, optk, dynamic, size=461KiB, k=4, fp_est=0.0871024, limit=150.639s)...Bloom filter size: 461 KiB, k_hashes: 4, min_items: 60911
 done (4.6333s, 28137738n)
[7] Running Pancake IDTHSwTrans(10%, states=60897, limit=1800s)... done (0.462079s, 39569n)
[7] Running Pancake BiHS-Bloom(1%, optk, dynamic, size=46KiB, k=1, fp_est=0.859614, limit=150.639s)...Bloom filter size: 46 KiB, k_hashes: 1, min_items: 6077
 done (4.82091s, 28137738n)
[7] Running Pancake IDTHSwTrans(1%, states=6089, limit=1800s)... done (0.393519s, 29992n)
[7] Running Pancake BiHS-Bloom(0.1%, optk, dynamic, size=5KiB, k=1, fp_est=1, limit=150.639s)...Bloom filter size: 5 KiB, k_hashes: 1, min_items: 660
[TYPE] Splitting depth 15 into 3 hash types (Ff=163948, Fb=10539, min_items=660)
 done (3.69989s, 30027597n)
[7] Running Pancake IDTHSwTrans(0.1%, states=608, limit=1800s)... done (0.396375s, 33281n)
Pancake #7 | A*: 1.9014s/50626n | Rev-A*: 1.25826s/36929n | BAE*: 1.00453s/52458n | NBS: 3.71025s/72428n | MM: 2.26599s/79087n | IDA*: 0.249666s/104216n | Parallel IDA*: 7.53194s/379773n | Rev-IDA*: 0.252612s/103734n | BiHS-Bloom(50%,optk,dynamic): 4.69775s/28137738n | IDTHSwTrans(50%): 0.700328s/77487n | BiHS-Bloom(10%,optk,dynamic): 4.6333s/28137738n | IDTHSwTrans(10%): 0.462079s/39569n | BiHS-Bloom(1%,optk,dynamic): 4.82091s/28137738n | IDTHSwTrans(1%): 0.393519s/29992n | BiHS-Bloom(0.1%,optk,dynamic): 3.69989s/30027597n | IDTHSwTrans(0.1%): 0.396375s/33281n | Length: 15
Results written to results/stp_pancake/parts/benchmark_pancake_7.csv
