------------------------------------
Sat 27 Jun 2026 21:20:55 IDT
SLURM_JOBID:		18470937
SLURM_JOB_NODELIST:	ise-cpu-intl-23
SLURM_SCRATCH_DIR:	/scratch/omerpr/18470937
Allocated Resouces:	cpu - 2 / mem - 65536 MB / gpu - 
SLURM_GPU_INDEX:	
Running as omerpr from felner account with normal QOS
------------------------------------
------------------------------------
Sat 27 Jun 2026 21:20:55 IDT
SLURM_JOBID:		18470937
SLURM_JOB_NODELIST:	ise-cpu-intl-23
SLURM_SCRATCH_DIR:	/scratch/omerpr/18470937
Allocated Resouces:	cpu - 2 / mem - 65536 MB / gpu - 
SLURM_GPU_INDEX:	
Running as omerpr from felner account with normal QOS
------------------------------------
Domain: Sliding Tile Puzzle
Starting Korf's Puzzle #94

[94] Running A*... done (2.49105s, 756615n)
[94] Running Rev-A*... done (2.15461s, 660801n)
[94] Skipping BAE*, NBS, IDA*, Rev-IDA*, and Parallel IDA*; use --full to run them
[94] Running MM... done (3.21239s, 908255n)
[94] BiHS-Bloom timeout limit: 120s
[94] IDTHSwTrans state bound baseline: 1258037
[94] Running BiHS-Bloom(50%, optk, dynamic, size=3455KiB, k=21, fp_est=4.67506e-07, limit=120s)...
Bloom filter size: 3455 KiB, k_hashes: 21, min_items: 628963
 done (3.35147s, 39163641n)
[94] Running IDTHSwTrans(50%, states=629018, limit=1800s)... done (3.26281s, 567746n)
[94] Running BiHS-Bloom(10%, optk, dynamic, size=691KiB, k=4, fp_est=0.0543148, limit=120s)...
Bloom filter size: 691 KiB, k_hashes: 4, min_items: 125792
 done (3.38449s, 39163641n)
[94] Running IDTHSwTrans(10%, states=125803, limit=1800s)... done (4.34845s, 631721n)
[94] Running BiHS-Bloom(1%, optk, dynamic, size=69KiB, k=1, fp_est=0.808046, limit=120s)...
Bloom filter size: 69 KiB, k_hashes: 1, min_items: 12561
[TYPE] Splitting depth 50 into 2 hash types (Ff=775923, Fb=304755, min_items=12561)
 done (5.95897s, 67800476n)
[94] Running IDTHSwTrans(1%, states=12580, limit=1800s)... done (4.43786s, 805013n)
[94] Running BiHS-Bloom(0.1%, optk, dynamic, size=7KiB, k=1, fp_est=1, limit=120s)...
Bloom filter size: 7 KiB, k_hashes: 1, min_items: 1274
[TYPE] Splitting depth 48 into 4 hash types (Ff=132687, Fb=95938, min_items=1274)
[TYPE] Splitting depth 50 into 8 hash types (Ff=775923, Fb=709704, min_items=1274)
 done (7.25709s, 78127574n)
[94] Running IDTHSwTrans(0.1%, states=1258, limit=1800s)... done (4.86331s, 1302513n)
Puzzle #94 | A*: 2.49105s/756615n | Rev-A*: 2.15461s/660801n | BAE*: -3s/0n | NBS: -3s/0n | MM: 3.21239s/908255n | IDA*: -3s/0n | Parallel IDA*: -3s/0n | Rev-IDA*: -3s/0n | BiHS-Bloom(50%,optk,dynamic): 3.35147s/39163641n | IDTHSwTrans(50%): 3.26281s/567746n | BiHS-Bloom(10%,optk,dynamic): 3.38449s/39163641n | IDTHSwTrans(10%): 4.34845s/631721n | BiHS-Bloom(1%,optk,dynamic): 5.95897s/67800476n | IDTHSwTrans(1%): 4.43786s/805013n | BiHS-Bloom(0.1%,optk,dynamic): 7.25709s/78127574n | IDTHSwTrans(0.1%): 4.86331s/1302513n | Length: 50
Results written to results/stp_pancake/parts/benchmark_stp_94.csv
