------------------------------------
Sat 27 Jun 2026 20:50:50 IDT
SLURM_JOBID:		18469438
SLURM_JOB_NODELIST:	ise-cpu-intl-24
SLURM_SCRATCH_DIR:	
Allocated Resouces:	cpu - 2 / mem - 65536 MB / gpu - 
SLURM_GPU_INDEX:	
Running as omerpr from felner account with normal QOS
------------------------------------
------------------------------------
Sat 27 Jun 2026 20:50:50 IDT
SLURM_JOBID:		18469438
SLURM_JOB_NODELIST:	ise-cpu-intl-24
SLURM_SCRATCH_DIR:	
Allocated Resouces:	cpu - 2 / mem - 65536 MB / gpu - 
SLURM_GPU_INDEX:	
Running as omerpr from felner account with normal QOS
------------------------------------
Domain: Sliding Tile Puzzle
Starting Korf's Puzzle #62

[62] Running A*... done (121.706s, 21869058n)
[62] Running Rev-A*... done (42.3607s, 6328921n)
[62] Skipping BAE*, NBS, IDA*, Rev-IDA*, and Parallel IDA*; use --full to run them
[62] Running MM... done (77.2354s, 13228320n)
[62] BiHS-Bloom timeout limit: 2434.12s
[62] IDTHSwTrans state bound baseline: 11506453
[62] Running BiHS-Bloom(50%, optk, dynamic, size=31603KiB, k=10, fp_est=0.00102384, limit=2434.12s)...
Bloom filter size: 31603 KiB, k_hashes: 10, min_items: 5753150
 done (78.6071s, 738735386n)
[62] Running IDTHSwTrans(50%, states=5753226, limit=1800s)... done (91.2512s, 7311458n)
[62] Running BiHS-Bloom(10%, optk, dynamic, size=6321KiB, k=2, fp_est=0.252353, limit=2434.12s)...
Bloom filter size: 6321 KiB, k_hashes: 2, min_items: 1150702
 done (74.2042s, 738735386n)
[62] Running IDTHSwTrans(10%, states=1150645, limit=1800s)... done (75.5622s, 5784135n)
[62] Running BiHS-Bloom(1%, optk, dynamic, size=632KiB, k=1, fp_est=0.969494, limit=2434.12s)...
Bloom filter size: 632 KiB, k_hashes: 1, min_items: 115052
 done (74.5447s, 738735386n)
[62] Running IDTHSwTrans(1%, states=115064, limit=1800s)... done (55.4471s, 4888021n)
[62] Running BiHS-Bloom(0.1%, optk, dynamic, size=63KiB, k=1, fp_est=1, limit=2434.12s)...
Bloom filter size: 63 KiB, k_hashes: 1, min_items: 11468
 done (74.8285s, 738735386n)
[62] Running IDTHSwTrans(0.1%, states=11506, limit=1800s)... done (49.4209s, 6215414n)
Puzzle #62 | A*: 121.706s/21869058n | Rev-A*: 42.3607s/6328921n | BAE*: -3s/0n | NBS: -3s/0n | MM: 77.2354s/13228320n | IDA*: -3s/0n | Parallel IDA*: -3s/0n | Rev-IDA*: -3s/0n | BiHS-Bloom(50%,optk,dynamic): 78.6071s/738735386n | IDTHSwTrans(50%): 91.2512s/7311458n | BiHS-Bloom(10%,optk,dynamic): 74.2042s/738735386n | IDTHSwTrans(10%): 75.5622s/5784135n | BiHS-Bloom(1%,optk,dynamic): 74.5447s/738735386n | IDTHSwTrans(1%): 55.4471s/4888021n | BiHS-Bloom(0.1%,optk,dynamic): 74.8285s/738735386n | IDTHSwTrans(0.1%): 49.4209s/6215414n | Length: 56
Results written to results/stp_pancake/parts/benchmark_stp_62.csv
