------------------------------------
Sun 28 Jun 2026 02:26:09 IDT
SLURM_JOBID:		18485626
SLURM_JOB_NODELIST:	ise-cpu-intl-25
SLURM_SCRATCH_DIR:	
Allocated Resouces:	cpu - 2 / mem - 65536 MB / gpu - 
SLURM_GPU_INDEX:	
Running as omerpr from felner account with normal QOS
------------------------------------
------------------------------------
Sun 28 Jun 2026 02:26:09 IDT
SLURM_JOBID:		18485626
SLURM_JOB_NODELIST:	ise-cpu-intl-25
SLURM_SCRATCH_DIR:	
Allocated Resouces:	cpu - 2 / mem - 65536 MB / gpu - 
SLURM_GPU_INDEX:	
Running as omerpr from felner account with normal QOS
------------------------------------
Domain: Pancake Puzzle
[17] Running Pancake A*... done (1.21554s, 33326n)
[17] Running Pancake Rev-A*... done (1.79013s, 50609n)
[17] Running Pancake BAE*... done (0.917277s, 48565n)
[17] Running Pancake NBS... done (19.1143s, 352830n)
[17] Running Pancake MM... done (2.2034s, 78573n)
[17] Running Pancake IDA*... done (0.403617s, 165420n)
[17] Running Pancake Rev-IDA*... done (1.40983s, 589605n)
[17] Running Pancake Parallel IDA*...1994544 pieces of work generated
Starting iteration with bound 10.000000; 117326 expanded, 2229194 generated
Starting iteration with bound 11.000000; 117326 expanded, 2229194 generated
Starting iteration with bound 12.000000; 117326 expanded, 2229194 generated
Starting iteration with bound 13.000000; 117328 expanded, 2229232 generated
Starting iteration with bound 14.000000; 117873 expanded, 2239587 generated
Starting iteration with bound 15.000000; 142476 expanded, 2707044 generated
 done (7.65873s, 386065n)
[17] Pancake BiHS-Bloom timeout limit: 382.285s
[17] Pancake IDTHSwTrans state bound baseline: 549377
[17] Running Pancake BiHS-Bloom(50%, optk, dynamic, size=2079KiB, k=20, fp_est=8.68593e-07, limit=382.285s)...Bloom filter size: 2079 KiB, k_hashes: 20, min_items: 274696
 done (5.5387s, 38081943n)
[17] Running Pancake IDTHSwTrans(50%, states=274688, limit=1800s)... done (2.09s, 81715n)
[17] Running Pancake BiHS-Bloom(10%, optk, dynamic, size=416KiB, k=4, fp_est=0.0612608, limit=382.285s)...Bloom filter size: 416 KiB, k_hashes: 4, min_items: 54965
 done (5.51048s, 38081943n)
[17] Running Pancake IDTHSwTrans(10%, states=54937, limit=1800s)... done (1.01116s, 46255n)
[17] Running Pancake BiHS-Bloom(1%, optk, dynamic, size=42KiB, k=1, fp_est=0.818051, limit=382.285s)...Bloom filter size: 42 KiB, k_hashes: 1, min_items: 5549
 done (8.23235s, 56069310n)
[17] Running Pancake IDTHSwTrans(1%, states=5493, limit=1800s)... done (0.880307s, 42369n)
[17] Running Pancake BiHS-Bloom(0.1%, optk, dynamic, size=4KiB, k=1, fp_est=1, limit=382.285s)...Bloom filter size: 4 KiB, k_hashes: 1, min_items: 528
[TYPE] Splitting depth 15 into 7 hash types (Ff=59673, Fb=124374, min_items=528)
 done (8.26124s, 56069310n)
[17] Running Pancake IDTHSwTrans(0.1%, states=549, limit=1800s)... done (0.907761s, 53448n)
Pancake #17 | A*: 1.21554s/33326n | Rev-A*: 1.79013s/50609n | BAE*: 0.917277s/48565n | NBS: 19.1143s/352830n | MM: 2.2034s/78573n | IDA*: 0.403617s/165420n | Parallel IDA*: 7.65873s/386065n | Rev-IDA*: 1.40983s/589605n | BiHS-Bloom(50%,optk,dynamic): 5.5387s/38081943n | IDTHSwTrans(50%): 2.09s/81715n | BiHS-Bloom(10%,optk,dynamic): 5.51048s/38081943n | IDTHSwTrans(10%): 1.01116s/46255n | BiHS-Bloom(1%,optk,dynamic): 8.23235s/56069310n | IDTHSwTrans(1%): 0.880307s/42369n | BiHS-Bloom(0.1%,optk,dynamic): 8.26124s/56069310n | IDTHSwTrans(0.1%): 0.907761s/53448n | Length: 15
Results written to results/stp_pancake/parts/benchmark_pancake_17.csv
