------------------------------------
Sat 27 Jun 2026 21:32:13 IDT
SLURM_JOBID:		18471535
SLURM_JOB_NODELIST:	ise-cpu-intl-24
SLURM_SCRATCH_DIR:	
Allocated Resouces:	cpu - 2 / mem - 65536 MB / gpu - 
SLURM_GPU_INDEX:	
Running as omerpr from felner account with normal QOS
------------------------------------
------------------------------------
Sat 27 Jun 2026 21:32:13 IDT
SLURM_JOBID:		18471535
SLURM_JOB_NODELIST:	ise-cpu-intl-24
SLURM_SCRATCH_DIR:	
Allocated Resouces:	cpu - 2 / mem - 65536 MB / gpu - 
SLURM_GPU_INDEX:	
Running as omerpr from felner account with normal QOS
------------------------------------
Domain: Pancake Puzzle
[22] Running Pancake A*... done (0.137887s, 3063n)
[22] Running Pancake Rev-A*... done (0.136673s, 3035n)
[22] Skipping BAE*, NBS, IDA*, Rev-IDA*, and Parallel IDA*; use --full to run them
[22] Running Pancake MM... done (0.153579s, 5988n)
[22] Pancake BiHS-Bloom timeout limit: 120s
[22] Pancake IDTHSwTrans state bound baseline: 52419
[22] Running Pancake BiHS-Bloom(50%, optk, dynamic, size=198KiB, k=22, fp_est=3.24021e-07, limit=120s)...Bloom filter size: 198 KiB, k_hashes: 22, min_items: 26161
 done (0.641688s, 3158409n)
[22] Running Pancake IDTHSwTrans(50%, states=26209, limit=1800s)... done (0.125571s, 19693n)
[22] Running Pancake BiHS-Bloom(10%, optk, dynamic, size=40KiB, k=4, fp_est=0.0491677, limit=120s)...Bloom filter size: 40 KiB, k_hashes: 4, min_items: 5285
 done (0.641195s, 3158409n)
[22] Running Pancake IDTHSwTrans(10%, states=5241, limit=1800s)... done (0.0602756s, 10301n)
[22] Running Pancake BiHS-Bloom(1%, optk, dynamic, size=4KiB, k=1, fp_est=0.79636, limit=120s)...Bloom filter size: 4 KiB, k_hashes: 1, min_items: 528
 done (0.665991s, 3158409n)
[22] Running Pancake IDTHSwTrans(1%, states=524, limit=1800s)... done (0.0678483s, 9297n)
[22] Running Pancake BiHS-Bloom(0.1%, optk, dynamic, size=1KiB, k=1, fp_est=0.99828, limit=120s)...Bloom filter size: 1 KiB, k_hashes: 1, min_items: 132
 done (1.04586s, 6084891n)
[22] Running Pancake IDTHSwTrans(0.1%, states=52, limit=1800s)... done (0.0669273s, 9420n)
Pancake #22 | A*: 0.137887s/3063n | Rev-A*: 0.136673s/3035n | BAE*: -3s/0n | NBS: -3s/0n | MM: 0.153579s/5988n | IDA*: -3s/0n | Parallel IDA*: -3s/0n | Rev-IDA*: -3s/0n | BiHS-Bloom(50%,optk,dynamic): 0.641688s/3158409n | IDTHSwTrans(50%): 0.125571s/19693n | BiHS-Bloom(10%,optk,dynamic): 0.641195s/3158409n | IDTHSwTrans(10%): 0.0602756s/10301n | BiHS-Bloom(1%,optk,dynamic): 0.665991s/3158409n | IDTHSwTrans(1%): 0.0678483s/9297n | BiHS-Bloom(0.1%,optk,dynamic): 1.04586s/6084891n | IDTHSwTrans(0.1%): 0.0669273s/9420n | Length: 14
Results written to results/stp_pancake/parts/benchmark_pancake_22.csv
