------------------------------------
Sat 27 Jun 2026 20:41:53 IDT
SLURM_JOBID:		18469032
SLURM_JOB_NODELIST:	ise-cpu128-13
SLURM_SCRATCH_DIR:	/scratch/omerpr/18469032
Allocated Resouces:	cpu - 2 / mem - 65536 MB / gpu - 
SLURM_GPU_INDEX:	
Running as omerpr from felner account with normal QOS
------------------------------------
------------------------------------
Sat 27 Jun 2026 20:41:54 IDT
SLURM_JOBID:		18469032
SLURM_JOB_NODELIST:	ise-cpu128-13
SLURM_SCRATCH_DIR:	/scratch/omerpr/18469032
Allocated Resouces:	cpu - 2 / mem - 65536 MB / gpu - 
SLURM_GPU_INDEX:	
Running as omerpr from felner account with normal QOS
------------------------------------
Domain: Sliding Tile Puzzle
Starting Korf's Puzzle #46

[46] Running A*... done (0.714742s, 179296n)
[46] Running Rev-A*... done (0.206006s, 64730n)
[46] Skipping BAE*, NBS, IDA*, Rev-IDA*, and Parallel IDA*; use --full to run them
[46] Running MM... done (0.701161s, 207140n)
[46] BiHS-Bloom timeout limit: 120s
[46] IDTHSwTrans state bound baseline: 121006
[46] Running BiHS-Bloom(50%, optk, dynamic, size=332KiB, k=6, fp_est=0.0121578, limit=120s)...
Bloom filter size: 332 KiB, k_hashes: 6, min_items: 60438
 done (0.318858s, 4208432n)
[46] Running IDTHSwTrans(50%, states=60503, limit=1800s)... done (0.426486s, 323540n)
[46] Running BiHS-Bloom(10%, optk, dynamic, size=66KiB, k=1, fp_est=0.42159, limit=120s)...
Bloom filter size: 66 KiB, k_hashes: 1, min_items: 12014
 done (0.238831s, 4208432n)
[46] Running IDTHSwTrans(10%, states=12100, limit=1800s)... done (0.38049s, 312003n)
[46] Running BiHS-Bloom(1%, optk, dynamic, size=7KiB, k=1, fp_est=0.994269, limit=120s)...
Bloom filter size: 7 KiB, k_hashes: 1, min_items: 1274
 done (0.240132s, 4208432n)
[46] Running IDTHSwTrans(1%, states=1210, limit=1800s)... done (0.385002s, 345271n)
[46] Running BiHS-Bloom(0.1%, optk, dynamic, size=1KiB, k=1, fp_est=1, limit=120s)...
Bloom filter size: 1 KiB, k_hashes: 1, min_items: 182
 done (0.239442s, 4208432n)
[46] Running IDTHSwTrans(0.1%, states=121, limit=1800s)... done (0.426551s, 455166n)
Puzzle #46 | A*: 0.714742s/179296n | Rev-A*: 0.206006s/64730n | BAE*: -3s/0n | NBS: -3s/0n | MM: 0.701161s/207140n | IDA*: -3s/0n | Parallel IDA*: -3s/0n | Rev-IDA*: -3s/0n | BiHS-Bloom(50%,optk,dynamic): 0.318858s/4208432n | IDTHSwTrans(50%): 0.426486s/323540n | BiHS-Bloom(10%,optk,dynamic): 0.238831s/4208432n | IDTHSwTrans(10%): 0.38049s/312003n | BiHS-Bloom(1%,optk,dynamic): 0.240132s/4208432n | IDTHSwTrans(1%): 0.385002s/345271n | BiHS-Bloom(0.1%,optk,dynamic): 0.239442s/4208432n | IDTHSwTrans(0.1%): 0.426551s/455166n | Length: 47
Results written to results/stp_pancake/parts/benchmark_stp_46.csv
