------------------------------------
Sun 28 Jun 2026 00:54:53 IDT
SLURM_JOBID:		18482167
SLURM_JOB_NODELIST:	cs-cpu-10
SLURM_SCRATCH_DIR:	/scratch/omerpr/18482167
Allocated Resouces:	cpu - 2 / mem - 65536 MB / gpu - 
SLURM_GPU_INDEX:	
Running as omerpr from felner account with normal QOS
------------------------------------
------------------------------------
Sun 28 Jun 2026 00:54:53 IDT
SLURM_JOBID:		18482167
SLURM_JOB_NODELIST:	cs-cpu-10
SLURM_SCRATCH_DIR:	/scratch/omerpr/18482167
Allocated Resouces:	cpu - 2 / mem - 65536 MB / gpu - 
SLURM_GPU_INDEX:	
Running as omerpr from felner account with normal QOS
------------------------------------
Domain: Sliding Tile Puzzle
Starting Korf's Puzzle #3

[3] Running A*... done (14.369s, 5253694n)
[3] Running Rev-A*... done (6.36857s, 1982253n)
[3] Running BAE*... done (4.54159s, 1611600n)
[3] Running NBS... done (12.0386s, 3065596n)
[3] Running MM... done (11.2227s, 3804237n)
[3] Running IDA*... done (11.0088s, 49797447n)
[3] Running Rev-IDA*... done (1.84478s, 7949029n)
[3] Running Parallel IDA*...66 pieces of work generated
Starting iteration with bound 42.000000; 56 expanded, 176 generated
Starting iteration with bound 44.000000; 56 expanded, 176 generated
Starting iteration with bound 46.000000; 213 expanded, 613 generated
Starting iteration with bound 48.000000; 3130 expanded, 9044 generated
Starting iteration with bound 50.000000; 37433 expanded, 109460 generated
Starting iteration with bound 52.000000; 345999 expanded, 1019492 generated
Starting iteration with bound 54.000000; 2785814 expanded, 8250466 generated
Starting iteration with bound 56.000000; 20402562 expanded, 60649412 generated
 done (9.10711s, 75761324n)
[3] BiHS-Bloom timeout limit: 287.38s
[3] IDTHSwTrans state bound baseline: 3670322
[3] Running BiHS-Bloom(50%, optk, dynamic, size=10081KiB, k=11, fp_est=0.000397696, limit=287.38s)...
Bloom filter size: 10081 KiB, k_hashes: 11, min_items: 1835190
 done (8.86292s, 166454862n)
[3] Running IDTHSwTrans(50%, states=1835161, limit=1800s)... done (2.89653s, 4202441n)
[3] Running BiHS-Bloom(10%, optk, dynamic, size=2016KiB, k=2, fp_est=0.210289, limit=287.38s)...
Bloom filter size: 2016 KiB, k_hashes: 2, min_items: 367001
 done (9.38272s, 166454862n)
[3] Running IDTHSwTrans(10%, states=367032, limit=1800s)... done (1.98895s, 2254600n)
[3] Running BiHS-Bloom(1%, optk, dynamic, size=202KiB, k=1, fp_est=0.95319, limit=287.38s)...
Bloom filter size: 202 KiB, k_hashes: 1, min_items: 36772
 done (6.50804s, 170406303n)
[3] Running IDTHSwTrans(1%, states=36703, limit=1800s)... done (4.03044s, 2297448n)
[3] Running BiHS-Bloom(0.1%, optk, dynamic, size=20KiB, k=1, fp_est=1, limit=287.38s)...
Bloom filter size: 20 KiB, k_hashes: 1, min_items: 3640
[TYPE] Splitting depth 54 into 2 hash types (Ff=183906, Fb=93164, min_items=3640)
[TYPE] Splitting depth 56 into 8 hash types (Ff=621419, Fb=1585854, min_items=3640)
 done (7.66814s, 173067193n)
[3] Running IDTHSwTrans(0.1%, states=3670, limit=1800s)... done (4.2938s, 2745615n)
Puzzle #3 | A*: 14.369s/5253694n | Rev-A*: 6.36857s/1982253n | BAE*: 4.54159s/1611600n | NBS: 12.0386s/3065596n | MM: 11.2227s/3804237n | IDA*: 11.0088s/49797447n | Parallel IDA*: 9.10711s/75761324n | Rev-IDA*: 1.84478s/7949029n | BiHS-Bloom(50%,optk,dynamic): 8.86292s/166454862n | IDTHSwTrans(50%): 2.89653s/4202441n | BiHS-Bloom(10%,optk,dynamic): 9.38272s/166454862n | IDTHSwTrans(10%): 1.98895s/2254600n | BiHS-Bloom(1%,optk,dynamic): 6.50804s/170406303n | IDTHSwTrans(1%): 4.03044s/2297448n | BiHS-Bloom(0.1%,optk,dynamic): 7.66814s/173067193n | IDTHSwTrans(0.1%): 4.2938s/2745615n | Length: 56
Results written to results/stp_pancake/parts/benchmark_stp_3.csv
