------------------------------------
Sat 27 Jun 2026 20:30:30 IDT
SLURM_JOBID:		18468646
SLURM_JOB_NODELIST:	ise-cpu128-11
SLURM_SCRATCH_DIR:	/scratch/omerpr/18468646
Allocated Resouces:	cpu - 2 / mem - 65536 MB / gpu - 
SLURM_GPU_INDEX:	
Running as omerpr from felner account with normal QOS
------------------------------------
------------------------------------
Sat 27 Jun 2026 20:30:30 IDT
SLURM_JOBID:		18468646
SLURM_JOB_NODELIST:	ise-cpu128-11
SLURM_SCRATCH_DIR:	/scratch/omerpr/18468646
Allocated Resouces:	cpu - 2 / mem - 65536 MB / gpu - 
SLURM_GPU_INDEX:	
Running as omerpr from felner account with normal QOS
------------------------------------
Domain: Sliding Tile Puzzle
Starting Korf's Puzzle #27

[27] Running A*... done (3.44233s, 909444n)
[27] Running Rev-A*... done (1.401s, 501653n)
[27] Skipping BAE*, NBS, IDA*, Rev-IDA*, and Parallel IDA*; use --full to run them
[27] Running MM... done (3.27142s, 999245n)
[27] BiHS-Bloom timeout limit: 120s
[27] IDTHSwTrans state bound baseline: 929429
[27] Running BiHS-Bloom(50%, optk, dynamic, size=2553KiB, k=11, fp_est=0.000387823, limit=120s)...
Bloom filter size: 2553 KiB, k_hashes: 11, min_items: 464759
 done (2.04264s, 35507966n)
[27] Running IDTHSwTrans(50%, states=464714, limit=1800s)... done (0.983259s, 987038n)
[27] Running BiHS-Bloom(10%, optk, dynamic, size=511KiB, k=2, fp_est=0.209029, limit=120s)...
Bloom filter size: 511 KiB, k_hashes: 2, min_items: 93024
 done (2.15056s, 35507966n)
[27] Running IDTHSwTrans(10%, states=92942, limit=1800s)... done (0.504545s, 638950n)
[27] Running BiHS-Bloom(1%, optk, dynamic, size=51KiB, k=1, fp_est=0.953161, limit=120s)...
Bloom filter size: 51 KiB, k_hashes: 1, min_items: 9284
 done (1.86591s, 35891997n)
[27] Running IDTHSwTrans(1%, states=9294, limit=1800s)... done (0.429219s, 614491n)
[27] Running BiHS-Bloom(0.1%, optk, dynamic, size=5KiB, k=1, fp_est=1, limit=120s)...
Bloom filter size: 5 KiB, k_hashes: 1, min_items: 910
[TYPE] Splitting depth 52 into 5 hash types (Ff=79973, Fb=130016, min_items=910)
 done (2.50532s, 40624727n)
[27] Running IDTHSwTrans(0.1%, states=929, limit=1800s)... done (0.425455s, 637502n)
Puzzle #27 | A*: 3.44233s/909444n | Rev-A*: 1.401s/501653n | BAE*: -3s/0n | NBS: -3s/0n | MM: 3.27142s/999245n | IDA*: -3s/0n | Parallel IDA*: -3s/0n | Rev-IDA*: -3s/0n | BiHS-Bloom(50%,optk,dynamic): 2.04264s/35507966n | IDTHSwTrans(50%): 0.983259s/987038n | BiHS-Bloom(10%,optk,dynamic): 2.15056s/35507966n | IDTHSwTrans(10%): 0.504545s/638950n | BiHS-Bloom(1%,optk,dynamic): 1.86591s/35891997n | IDTHSwTrans(1%): 0.429219s/614491n | BiHS-Bloom(0.1%,optk,dynamic): 2.50532s/40624727n | IDTHSwTrans(0.1%): 0.425455s/637502n | Length: 52
Results written to results/stp_pancake/parts/benchmark_stp_27.csv
