------------------------------------
Sat 27 Jun 2026 21:33:56 IDT
SLURM_JOBID:		18471611
SLURM_JOB_NODELIST:	ise-cpu-intl-24
SLURM_SCRATCH_DIR:	
Allocated Resouces:	cpu - 2 / mem - 65536 MB / gpu - 
SLURM_GPU_INDEX:	
Running as omerpr from felner account with normal QOS
------------------------------------
------------------------------------
Sat 27 Jun 2026 21:33:56 IDT
SLURM_JOBID:		18471611
SLURM_JOB_NODELIST:	ise-cpu-intl-24
SLURM_SCRATCH_DIR:	
Allocated Resouces:	cpu - 2 / mem - 65536 MB / gpu - 
SLURM_GPU_INDEX:	
Running as omerpr from felner account with normal QOS
------------------------------------
Domain: Pancake Puzzle
[28] Running Pancake A*... done (0.258561s, 5701n)
[28] Running Pancake Rev-A*... done (0.979418s, 21807n)
[28] Skipping BAE*, NBS, IDA*, Rev-IDA*, and Parallel IDA*; use --full to run them
[28] Running Pancake MM... done (2.75783s, 79696n)
[28] Pancake BiHS-Bloom timeout limit: 120s
[28] Pancake IDTHSwTrans state bound baseline: 97459
[28] Running Pancake BiHS-Bloom(50%, optk, dynamic, size=369KiB, k=2, fp_est=0.274425, limit=120s)...Bloom filter size: 369 KiB, k_hashes: 2, min_items: 48755
 done (1.27359s, 6266757n)
[28] Running Pancake IDTHSwTrans(50%, states=48729, limit=1800s)... done (0.219212s, 27239n)
[28] Running Pancake BiHS-Bloom(10%, optk, dynamic, size=74KiB, k=1, fp_est=0.842774, limit=120s)...Bloom filter size: 74 KiB, k_hashes: 1, min_items: 9777
 done (1.2728s, 6266757n)
[28] Running Pancake IDTHSwTrans(10%, states=9745, limit=1800s)... done (0.0984406s, 13464n)
[28] Running Pancake BiHS-Bloom(1%, optk, dynamic, size=7KiB, k=1, fp_est=1, limit=120s)...Bloom filter size: 7 KiB, k_hashes: 1, min_items: 924
 done (1.69772s, 9088260n)
[28] Running Pancake IDTHSwTrans(1%, states=974, limit=1800s)... done (0.18038s, 15817n)
[28] Running Pancake BiHS-Bloom(0.1%, optk, dynamic, size=1KiB, k=1, fp_est=1, limit=120s)...Bloom filter size: 1 KiB, k_hashes: 1, min_items: 132
[TYPE] Splitting depth 15 into 3 hash types (Ff=21084, Fb=4369, min_items=132)
 done (2.70094s, 11909763n)
[28] Running Pancake IDTHSwTrans(0.1%, states=97, limit=1800s)... done (0.205768s, 18750n)
Pancake #28 | A*: 0.258561s/5701n | Rev-A*: 0.979418s/21807n | BAE*: -3s/0n | NBS: -3s/0n | MM: 2.75783s/79696n | IDA*: -3s/0n | Parallel IDA*: -3s/0n | Rev-IDA*: -3s/0n | BiHS-Bloom(50%,optk,dynamic): 1.27359s/6266757n | IDTHSwTrans(50%): 0.219212s/27239n | BiHS-Bloom(10%,optk,dynamic): 1.2728s/6266757n | IDTHSwTrans(10%): 0.0984406s/13464n | BiHS-Bloom(1%,optk,dynamic): 1.69772s/9088260n | IDTHSwTrans(1%): 0.18038s/15817n | BiHS-Bloom(0.1%,optk,dynamic): 2.70094s/11909763n | IDTHSwTrans(0.1%): 0.205768s/18750n | Length: 15
Results written to results/stp_pancake/parts/benchmark_pancake_28.csv
