------------------------------------
Sat 27 Jun 2026 21:31:25 IDT
SLURM_JOBID:		18471494
SLURM_JOB_NODELIST:	ise-cpu-intl-23
SLURM_SCRATCH_DIR:	/scratch/omerpr/18471494
Allocated Resouces:	cpu - 2 / mem - 65536 MB / gpu - 
SLURM_GPU_INDEX:	
Running as omerpr from felner account with normal QOS
------------------------------------
------------------------------------
Sat 27 Jun 2026 21:31:26 IDT
SLURM_JOBID:		18471494
SLURM_JOB_NODELIST:	ise-cpu-intl-23
SLURM_SCRATCH_DIR:	/scratch/omerpr/18471494
Allocated Resouces:	cpu - 2 / mem - 65536 MB / gpu - 
SLURM_GPU_INDEX:	
Running as omerpr from felner account with normal QOS
------------------------------------
Domain: Pancake Puzzle
[19] Running Pancake A*... done (1.30362s, 36211n)
[19] Running Pancake Rev-A*... done (1.76683s, 51847n)
[19] Skipping BAE*, NBS, IDA*, Rev-IDA*, and Parallel IDA*; use --full to run them
[19] Running Pancake MM... done (2.30876s, 79451n)
[19] Pancake BiHS-Bloom timeout limit: 120s
[19] Pancake IDTHSwTrans state bound baseline: 592761
[19] Running Pancake BiHS-Bloom(50%, optk, dynamic, size=2243KiB, k=23, fp_est=1.24592e-07, limit=120s)...Bloom filter size: 2243 KiB, k_hashes: 23, min_items: 296365
 done (6.43874s, 43163055n)
[19] Running Pancake IDTHSwTrans(50%, states=296380, limit=1800s)... done (1.49432s, 79232n)
[19] Running Pancake BiHS-Bloom(10%, optk, dynamic, size=449KiB, k=5, fp_est=0.0417855, limit=120s)...Bloom filter size: 449 KiB, k_hashes: 5, min_items: 59325
 done (6.38349s, 43163055n)
[19] Running Pancake IDTHSwTrans(10%, states=59276, limit=1800s)... done (0.666941s, 44881n)
[19] Running Pancake BiHS-Bloom(1%, optk, dynamic, size=45KiB, k=1, fp_est=0.778276, limit=120s)...Bloom filter size: 45 KiB, k_hashes: 1, min_items: 5945
 done (9.96658s, 65043966n)
[19] Running Pancake IDTHSwTrans(1%, states=5927, limit=1800s)... done (0.290301s, 24268n)
[19] Running Pancake BiHS-Bloom(0.1%, optk, dynamic, size=4KiB, k=1, fp_est=1, limit=120s)...Bloom filter size: 4 KiB, k_hashes: 1, min_items: 528
[TYPE] Splitting depth 15 into 8 hash types (Ff=122412, Fb=173990, min_items=528)
 done (10.0466s, 65043966n)
[19] Running Pancake IDTHSwTrans(0.1%, states=592, limit=1800s)... done (0.289806s, 25288n)
Pancake #19 | A*: 1.30362s/36211n | Rev-A*: 1.76683s/51847n | BAE*: -3s/0n | NBS: -3s/0n | MM: 2.30876s/79451n | IDA*: -3s/0n | Parallel IDA*: -3s/0n | Rev-IDA*: -3s/0n | BiHS-Bloom(50%,optk,dynamic): 6.43874s/43163055n | IDTHSwTrans(50%): 1.49432s/79232n | BiHS-Bloom(10%,optk,dynamic): 6.38349s/43163055n | IDTHSwTrans(10%): 0.666941s/44881n | BiHS-Bloom(1%,optk,dynamic): 9.96658s/65043966n | IDTHSwTrans(1%): 0.290301s/24268n | BiHS-Bloom(0.1%,optk,dynamic): 10.0466s/65043966n | IDTHSwTrans(0.1%): 0.289806s/25288n | Length: 15
Results written to results/stp_pancake/parts/benchmark_pancake_19.csv
