------------------------------------
Sat 27 Jun 2026 21:46:49 IDT
SLURM_JOBID:		18472238
SLURM_JOB_NODELIST:	ise-cpu-intl-24
SLURM_SCRATCH_DIR:	
Allocated Resouces:	cpu - 2 / mem - 65536 MB / gpu - 
SLURM_GPU_INDEX:	
Running as omerpr from felner account with normal QOS
------------------------------------
------------------------------------
Sat 27 Jun 2026 21:46:49 IDT
SLURM_JOBID:		18472238
SLURM_JOB_NODELIST:	ise-cpu-intl-24
SLURM_SCRATCH_DIR:	
Allocated Resouces:	cpu - 2 / mem - 65536 MB / gpu - 
SLURM_GPU_INDEX:	
Running as omerpr from felner account with normal QOS
------------------------------------
Domain: Pancake Puzzle
[58] Running Pancake A*... done (5.33193s, 108759n)
[58] Running Pancake Rev-A*... done (24.7745s, 518351n)
[58] Skipping BAE*, NBS, IDA*, Rev-IDA*, and Parallel IDA*; use --full to run them
[58] Running Pancake MM... done (64.7902s, 1713622n)
[58] Pancake BiHS-Bloom timeout limit: 1295.8s
[58] Pancake IDTHSwTrans state bound baseline: 1762302
[58] Running Pancake BiHS-Bloom(50%, optk, dynamic, size=6669KiB, k=2, fp_est=0.265319, limit=1295.8s)...Bloom filter size: 6669 KiB, k_hashes: 2, min_items: 881168
 done (33.3614s, 154356075n)
[58] Running Pancake IDTHSwTrans(50%, states=881151, limit=1800s)... done (13.6637s, 506120n)
[58] Running Pancake BiHS-Bloom(10%, optk, dynamic, size=1334KiB, k=1, fp_est=0.836217, limit=1295.8s)...Bloom filter size: 1334 KiB, k_hashes: 1, min_items: 176260
 done (29.5132s, 154356075n)
[58] Running Pancake IDTHSwTrans(10%, states=176230, limit=1800s)... done (4.4276s, 163243n)
[58] Running Pancake BiHS-Bloom(1%, optk, dynamic, size=133KiB, k=1, fp_est=1, limit=1295.8s)...Bloom filter size: 133 KiB, k_hashes: 1, min_items: 17573
 done (43.7612s, 218056278n)
[58] Running Pancake IDTHSwTrans(1%, states=17623, limit=1800s)... done (4.84505s, 178183n)
[58] Running Pancake BiHS-Bloom(0.1%, optk, dynamic, size=13KiB, k=1, fp_est=1, limit=1295.8s)...Bloom filter size: 13 KiB, k_hashes: 1, min_items: 1717
[TYPE] Splitting depth 17 into 7 hash types (Ff=454944, Fb=169964, min_items=1717)
 done (43.8227s, 218056278n)
[58] Running Pancake IDTHSwTrans(0.1%, states=1762, limit=1800s)... done (5.19865s, 215485n)
Pancake #58 | A*: 5.33193s/108759n | Rev-A*: 24.7745s/518351n | BAE*: -3s/0n | NBS: -3s/0n | MM: 64.7902s/1713622n | IDA*: -3s/0n | Parallel IDA*: -3s/0n | Rev-IDA*: -3s/0n | BiHS-Bloom(50%,optk,dynamic): 33.3614s/154356075n | IDTHSwTrans(50%): 13.6637s/506120n | BiHS-Bloom(10%,optk,dynamic): 29.5132s/154356075n | IDTHSwTrans(10%): 4.4276s/163243n | BiHS-Bloom(1%,optk,dynamic): 43.7612s/218056278n | IDTHSwTrans(1%): 4.84505s/178183n | BiHS-Bloom(0.1%,optk,dynamic): 43.8227s/218056278n | IDTHSwTrans(0.1%): 5.19865s/215485n | Length: 17
Results written to results/stp_pancake/parts/benchmark_pancake_58.csv
