------------------------------------
Sun 28 Jun 2026 23:04:42 IDT
SLURM_JOBID:		18543462
SLURM_JOB_NODELIST:	ise-cpu256-27
SLURM_SCRATCH_DIR:	/scratch/omerpr/18543462
Allocated Resouces:	cpu - 2 / mem - 102400 MB / gpu - 
SLURM_GPU_INDEX:	
Running as omerpr from felner account with normal QOS
------------------------------------
------------------------------------
Sun 28 Jun 2026 23:04:42 IDT
SLURM_JOBID:		18543462
SLURM_JOB_NODELIST:	ise-cpu256-27
SLURM_SCRATCH_DIR:	/scratch/omerpr/18543462
Allocated Resouces:	cpu - 2 / mem - 102400 MB / gpu - 
SLURM_GPU_INDEX:	
Running as omerpr from felner account with normal QOS
------------------------------------
Domain: Sliding Tile Puzzle
Starting Korf's Puzzle #2

[2] Running A*... done (94.7411s, 30005923n)
[2] Running Rev-A*... done (98.4126s, 29650660n)
[2] Running BAE*... done (29.3932s, 5844843n)
[2] Running NBS... done (131.982s, 28410216n)
[2] Running MM... done (99.1949s, 26534791n)
[2] Running IDA*... done (56.7298s, 235865404n)
[2] Running Rev-IDA*... done (48.2672s, 217750609n)
[2] Running Parallel IDA*...66 pieces of work generated
Starting iteration with bound 41.000000; 56 expanded, 176 generated
Starting iteration with bound 43.000000; 56 expanded, 176 generated
Starting iteration with bound 45.000000; 96 expanded, 285 generated
Starting iteration with bound 47.000000; 723 expanded, 2077 generated
Starting iteration with bound 49.000000; 7437 expanded, 21591 generated
Starting iteration with bound 51.000000; 67041 expanded, 196317 generated
Starting iteration with bound 53.000000; 542877 expanded, 1600772 generated
Starting iteration with bound 55.000000; 4043571 expanded, 11986295 generated
Starting iteration with bound 57.000000; 28201804 expanded, 83931739 generated
Starting iteration with bound 59.000000; 186817244 expanded, 557747401 generated
 done (36.359s, 314689014n)
[2] BiHS-Bloom timeout limit: 2639.64s
[2] IDTHSwTrans state bound baseline: 48181625
[2] Running BiHS-Bloom(50%, k1, dynamic, size=132335KiB, k=1, fp_est=0.0239989, limit=2639.64s)...
Bloom filter size: 132335 KiB, k_hashes: 1, min_items: 24090851
 done (121.395s, 1804954900n)
[2] Running IDTHSwTrans(50%, states=24090812, limit=1800s)... done (26.9234s, 7924133n)
[2] Running BiHS-Bloom(50%, optk, dynamic, size=132335KiB, k=29, fp_est=2.57602e-09, limit=2639.64s)...
Bloom filter size: 132335 KiB, k_hashes: 29, min_items: 24090851
 done (128.707s, 1804954900n)
[2] Running IDTHSwTrans(50%, states=24090812, limit=1800s)... done (27.6886s, 7924133n)
[2] Running BiHS-Bloom(50%, rootk, dynamic, size=132335KiB, k=5, fp_est=1.95699e-05, limit=2639.64s)...
Bloom filter size: 132335 KiB, k_hashes: 5, min_items: 24090851
 done (107.145s, 1804954900n)
[2] Running IDTHSwTrans(50%, states=24090812, limit=1800s)... done (27.6224s, 7924133n)
[2] Running BiHS-Bloom(10%, k1, dynamic, size=26467KiB, k=1, fp_est=0.114371, limit=2639.64s)...
Bloom filter size: 26467 KiB, k_hashes: 1, min_items: 4818170
 done (122.325s, 1804954900n)
[2] Running IDTHSwTrans(10%, states=4818162, limit=1800s)... done (27.3875s, 7924133n)
[2] Running BiHS-Bloom(10%, optk, dynamic, size=26467KiB, k=6, fp_est=0.0192041, limit=2639.64s)...
Bloom filter size: 26467 KiB, k_hashes: 6, min_items: 4818170
 done (123.861s, 1804954900n)
[2] Running IDTHSwTrans(10%, states=4818162, limit=1800s)... done (27.5956s, 7924133n)
[2] Running BiHS-Bloom(10%, rootk, dynamic, size=26467KiB, k=2, fp_est=0.0465101, limit=2639.64s)...
Bloom filter size: 26467 KiB, k_hashes: 2, min_items: 4818170
 done (123.05s, 1804954900n)
[2] Running IDTHSwTrans(10%, states=4818162, limit=1800s)... done (27.2755s, 7924133n)
[2] Running BiHS-Bloom(1%, k1, dynamic, size=2647KiB, k=1, fp_est=0.703124, limit=2639.64s)...
Bloom filter size: 2647 KiB, k_hashes: 1, min_items: 481871
[TYPE] Splitting depth 59 into 3 hash types (Ff=47808853, Fb=21311915, min_items=481871)
 done (147.883s, 2621929238n)
[2] Running IDTHSwTrans(1%, states=481816, limit=1800s)... done (24.7451s, 5507102n)
[2] Running BiHS-Bloom(1%, optk, dynamic, size=2647KiB, k=1, fp_est=0.703124, limit=2639.64s)...
Bloom filter size: 2647 KiB, k_hashes: 1, min_items: 481871
[TYPE] Splitting depth 59 into 3 hash types (Ff=47808853, Fb=21316064, min_items=481871)
 done (146.088s, 2621929238n)
[2] Running IDTHSwTrans(1%, states=481816, limit=1800s)... done (24.2005s, 5507102n)
[2] Running BiHS-Bloom(1%, rootk, dynamic, size=2647KiB, k=1, fp_est=0.703124, limit=2639.64s)...
Bloom filter size: 2647 KiB, k_hashes: 1, min_items: 481871
[TYPE] Splitting depth 59 into 3 hash types (Ff=47808853, Fb=21271297, min_items=481871)
 done (144.365s, 2621929238n)
[2] Running IDTHSwTrans(1%, states=481816, limit=1800s)... done (23.8915s, 5507102n)
[2] Running BiHS-Bloom(0.1%, k1, dynamic, size=265KiB, k=1, fp_est=0.999995, limit=2639.64s)...
Bloom filter size: 265 KiB, k_hashes: 1, min_items: 48241
[TYPE] Splitting depth 57 into 8 hash types (Ff=9711168, Fb=8356228, min_items=48241)
[TYPE] Splitting depth 59 into 8 hash types (Ff=47808853, Fb=53560783, min_items=48241)
 done (254.282s, 3803551621n)
[2] Running IDTHSwTrans(0.1%, states=48181, limit=1800s)... done (28.2981s, 6693046n)
[2] Running BiHS-Bloom(0.1%, optk, dynamic, size=265KiB, k=1, fp_est=0.999995, limit=2639.64s)...
Bloom filter size: 265 KiB, k_hashes: 1, min_items: 48241
[TYPE] Splitting depth 57 into 8 hash types (Ff=9711168, Fb=8359677, min_items=48241)
[TYPE] Splitting depth 59 into 8 hash types (Ff=47808853, Fb=53560562, min_items=48241)
 done (254.636s, 3803551621n)
[2] Running IDTHSwTrans(0.1%, states=48181, limit=1800s)... done (27.9199s, 6693046n)
[2] Running BiHS-Bloom(0.1%, rootk, dynamic, size=265KiB, k=1, fp_est=0.999995, limit=2639.64s)...
Bloom filter size: 265 KiB, k_hashes: 1, min_items: 48241
[TYPE] Splitting depth 57 into 8 hash types (Ff=9711168, Fb=8352616, min_items=48241)
[TYPE] Splitting depth 59 into 8 hash types (Ff=47808853, Fb=53559227, min_items=48241)
 done (253.144s, 3803551621n)
[2] Running IDTHSwTrans(0.1%, states=48181, limit=1800s)... done (28.2137s, 6693046n)
Puzzle #2 | A*: 94.7411s/30005923n | Rev-A*: 98.4126s/29650660n | BAE*: 29.3932s/5844843n | NBS: 131.982s/28410216n | MM: 99.1949s/26534791n | IDA*: 56.7298s/235865404n | Parallel IDA*: 36.359s/314689014n | Rev-IDA*: 48.2672s/217750609n | BiHS-Bloom(50%,k1,dynamic): 121.395s/1804954900n | IDTHSwTrans(50%): 26.9234s/7924133n | BiHS-Bloom(50%,optk,dynamic): 128.707s/1804954900n | IDTHSwTrans(50%): 27.6886s/7924133n | BiHS-Bloom(50%,rootk,dynamic): 107.145s/1804954900n | IDTHSwTrans(50%): 27.6224s/7924133n | BiHS-Bloom(10%,k1,dynamic): 122.325s/1804954900n | IDTHSwTrans(10%): 27.3875s/7924133n | BiHS-Bloom(10%,optk,dynamic): 123.861s/1804954900n | IDTHSwTrans(10%): 27.5956s/7924133n | BiHS-Bloom(10%,rootk,dynamic): 123.05s/1804954900n | IDTHSwTrans(10%): 27.2755s/7924133n | BiHS-Bloom(1%,k1,dynamic): 147.883s/2621929238n | IDTHSwTrans(1%): 24.7451s/5507102n | BiHS-Bloom(1%,optk,dynamic): 146.088s/2621929238n | IDTHSwTrans(1%): 24.2005s/5507102n | BiHS-Bloom(1%,rootk,dynamic): 144.365s/2621929238n | IDTHSwTrans(1%): 23.8915s/5507102n | BiHS-Bloom(0.1%,k1,dynamic): 254.282s/3803551621n | IDTHSwTrans(0.1%): 28.2981s/6693046n | BiHS-Bloom(0.1%,optk,dynamic): 254.636s/3803551621n | IDTHSwTrans(0.1%): 27.9199s/6693046n | BiHS-Bloom(0.1%,rootk,dynamic): 253.144s/3803551621n | IDTHSwTrans(0.1%): 28.2137s/6693046n | Length: 59
Results written to results/stp_pancake/parts/benchmark_stp_2.csv
