------------------------------------
Sat 27 Jun 2026 20:41:09 IDT
SLURM_JOBID:		18469003
SLURM_JOB_NODELIST:	ise-cpu128-13
SLURM_SCRATCH_DIR:	/scratch/omerpr/18469003
Allocated Resouces:	cpu - 2 / mem - 65536 MB / gpu - 
SLURM_GPU_INDEX:	
Running as omerpr from felner account with normal QOS
------------------------------------
------------------------------------
Sat 27 Jun 2026 20:41:10 IDT
SLURM_JOBID:		18469003
SLURM_JOB_NODELIST:	ise-cpu128-13
SLURM_SCRATCH_DIR:	/scratch/omerpr/18469003
Allocated Resouces:	cpu - 2 / mem - 65536 MB / gpu - 
SLURM_GPU_INDEX:	
Running as omerpr from felner account with normal QOS
------------------------------------
Domain: Sliding Tile Puzzle
Starting Korf's Puzzle #44

[44] Running A*... done (2.23864s, 539296n)
[44] Running Rev-A*... done (0.657262s, 246065n)
[44] Skipping BAE*, NBS, IDA*, Rev-IDA*, and Parallel IDA*; use --full to run them
[44] Running MM... done (1.83914s, 570135n)
[44] BiHS-Bloom timeout limit: 120s
[44] IDTHSwTrans state bound baseline: 469698
[44] Running BiHS-Bloom(50%, optk, dynamic, size=1290KiB, k=9, fp_est=0.00145267, limit=120s)...
Bloom filter size: 1290 KiB, k_hashes: 9, min_items: 234837
 done (1.10074s, 18963624n)
[44] Running IDTHSwTrans(50%, states=234849, limit=1800s)... done (0.595208s, 931433n)
[44] Running BiHS-Bloom(10%, optk, dynamic, size=258KiB, k=2, fp_est=0.270805, limit=120s)...
Bloom filter size: 258 KiB, k_hashes: 2, min_items: 46967
 done (1.15868s, 18963624n)
[44] Running IDTHSwTrans(10%, states=46969, limit=1800s)... done (0.345604s, 480488n)
[44] Running BiHS-Bloom(1%, optk, dynamic, size=26KiB, k=1, fp_est=0.973895, limit=120s)...
Bloom filter size: 26 KiB, k_hashes: 1, min_items: 4733
 done (1.74403s, 34389246n)
[44] Running IDTHSwTrans(1%, states=4696, limit=1800s)... done (0.432265s, 506407n)
[44] Running BiHS-Bloom(0.1%, optk, dynamic, size=3KiB, k=1, fp_est=1, limit=120s)...
Bloom filter size: 3 KiB, k_hashes: 1, min_items: 546
[TYPE] Splitting depth 49 into 2 hash types (Ff=43222, Fb=15628, min_items=546)
[TYPE] Splitting depth 51 into 8 hash types (Ff=154900, Fb=164528, min_items=546)
 done (1.73234s, 22036992n)
[44] Running IDTHSwTrans(0.1%, states=469, limit=1800s)... done (0.453257s, 555035n)
Puzzle #44 | A*: 2.23864s/539296n | Rev-A*: 0.657262s/246065n | BAE*: -3s/0n | NBS: -3s/0n | MM: 1.83914s/570135n | IDA*: -3s/0n | Parallel IDA*: -3s/0n | Rev-IDA*: -3s/0n | BiHS-Bloom(50%,optk,dynamic): 1.10074s/18963624n | IDTHSwTrans(50%): 0.595208s/931433n | BiHS-Bloom(10%,optk,dynamic): 1.15868s/18963624n | IDTHSwTrans(10%): 0.345604s/480488n | BiHS-Bloom(1%,optk,dynamic): 1.74403s/34389246n | IDTHSwTrans(1%): 0.432265s/506407n | BiHS-Bloom(0.1%,optk,dynamic): 1.73234s/22036992n | IDTHSwTrans(0.1%): 0.453257s/555035n | Length: 51
Results written to results/stp_pancake/parts/benchmark_stp_44.csv
