------------------------------------
Mon 29 Jun 2026 01:11:07 IDT
SLURM_JOBID:		18546599
SLURM_JOB_NODELIST:	ise-cpu256-01
SLURM_SCRATCH_DIR:	/scratch/omerpr/18546599
Allocated Resouces:	cpu - 2 / mem - 102400 MB / gpu - 
SLURM_GPU_INDEX:	
Running as omerpr from felner account with normal QOS
------------------------------------
------------------------------------
Mon 29 Jun 2026 01:11:07 IDT
SLURM_JOBID:		18546599
SLURM_JOB_NODELIST:	ise-cpu256-01
SLURM_SCRATCH_DIR:	/scratch/omerpr/18546599
Allocated Resouces:	cpu - 2 / mem - 102400 MB / gpu - 
SLURM_GPU_INDEX:	
Running as omerpr from felner account with normal QOS
------------------------------------
Domain: Sliding Tile Puzzle
Starting Korf's Puzzle #86

[86] Running A*... done (12.2845s, 4681600n)
[86] Running Rev-A*... done (10.2294s, 3537720n)
[86] Running BAE*... done (4.10345s, 1383789n)
[86] Running NBS... done (19.7481s, 4737060n)
[86] Running MM... done (14.849s, 4911982n)
[86] Running IDA*... done (8.09315s, 36290239n)
[86] Running Rev-IDA*... done (4.58284s, 19835163n)
[86] Running Parallel IDA*...80 pieces of work generated
Starting iteration with bound 34.000000; 73 expanded, 224 generated
Starting iteration with bound 36.000000; 73 expanded, 224 generated
Starting iteration with bound 38.000000; 102 expanded, 312 generated
Starting iteration with bound 40.000000; 455 expanded, 1367 generated
Starting iteration with bound 42.000000; 3279 expanded, 9844 generated
Starting iteration with bound 44.000000; 21297 expanded, 63848 generated
Starting iteration with bound 46.000000; 129890 expanded, 389491 generated
Starting iteration with bound 48.000000; 769236 expanded, 2309713 generated
Starting iteration with bound 50.000000; 4474966 expanded, 13453445 generated
Starting iteration with bound 52.000000; 25548617 expanded, 76919985 generated
 done (11.771s, 95833955n)
[86] BiHS-Bloom timeout limit: 394.962s
[86] IDTHSwTrans state bound baseline: 6466814
[86] Running BiHS-Bloom(50%, k1, dynamic, size=17762KiB, k=1, fp_est=0.0382245, limit=394.962s)...
Bloom filter size: 17762 KiB, k_hashes: 1, min_items: 3233473
 done (18.7535s, 291090855n)
[86] Running IDTHSwTrans(50%, states=3233407, limit=1800s)... done (5.7262s, 1590272n)
[86] Running BiHS-Bloom(50%, optk, dynamic, size=17762KiB, k=18, fp_est=4.43092e-06, limit=394.962s)...
Bloom filter size: 17762 KiB, k_hashes: 18, min_items: 3233473
 done (17.2141s, 291090855n)
[86] Running IDTHSwTrans(50%, states=3233407, limit=1800s)... done (5.72802s, 1590272n)
[86] Running BiHS-Bloom(50%, rootk, dynamic, size=17762KiB, k=4, fp_est=0.000434209, limit=394.962s)...
Bloom filter size: 17762 KiB, k_hashes: 4, min_items: 3233473
 done (16.872s, 291090855n)
[86] Running IDTHSwTrans(50%, states=3233407, limit=1800s)... done (5.69138s, 1590272n)
[86] Running BiHS-Bloom(10%, k1, dynamic, size=3552KiB, k=1, fp_est=0.177077, limit=394.962s)...
Bloom filter size: 3552 KiB, k_hashes: 1, min_items: 646621
 done (18.2979s, 291090855n)
[86] Running IDTHSwTrans(10%, states=646681, limit=1800s)... done (5.71555s, 1590272n)
[86] Running BiHS-Bloom(10%, optk, dynamic, size=3552KiB, k=4, fp_est=0.0859145, limit=394.962s)...
Bloom filter size: 3552 KiB, k_hashes: 4, min_items: 646621
 done (18.0467s, 291090855n)
[86] Running IDTHSwTrans(10%, states=646681, limit=1800s)... done (5.71761s, 1590272n)
[86] Running BiHS-Bloom(10%, rootk, dynamic, size=3552KiB, k=2, fp_est=0.104199, limit=394.962s)...
Bloom filter size: 3552 KiB, k_hashes: 2, min_items: 646621
 done (18.2745s, 291090855n)
[86] Running IDTHSwTrans(10%, states=646681, limit=1800s)... done (5.68317s, 1590272n)
[86] Running BiHS-Bloom(1%, k1, dynamic, size=355KiB, k=1, fp_est=0.85773, limit=394.962s)...
Bloom filter size: 355 KiB, k_hashes: 1, min_items: 64625
[TYPE] Splitting depth 52 into 2 hash types (Ff=3220090, Fb=2182308, min_items=64625)
 done (15.5525s, 322453553n)
[86] Running IDTHSwTrans(1%, states=64668, limit=1800s)... done (4.95521s, 1190791n)
[86] Running BiHS-Bloom(1%, optk, dynamic, size=355KiB, k=1, fp_est=0.85773, limit=394.962s)...
Bloom filter size: 355 KiB, k_hashes: 1, min_items: 64625
[TYPE] Splitting depth 52 into 2 hash types (Ff=3220090, Fb=2171270, min_items=64625)
 done (15.5443s, 322453553n)
[86] Running IDTHSwTrans(1%, states=64668, limit=1800s)... done (4.96152s, 1190791n)
[86] Running BiHS-Bloom(1%, rootk, dynamic, size=355KiB, k=1, fp_est=0.85773, limit=394.962s)...
Bloom filter size: 355 KiB, k_hashes: 1, min_items: 64625
[TYPE] Splitting depth 52 into 2 hash types (Ff=3220090, Fb=2199057, min_items=64625)
 done (15.6395s, 322453553n)
[86] Running IDTHSwTrans(1%, states=64668, limit=1800s)... done (4.96795s, 1190791n)
[86] Running BiHS-Bloom(0.1%, k1, dynamic, size=36KiB, k=1, fp_est=1, limit=394.962s)...
Bloom filter size: 36 KiB, k_hashes: 1, min_items: 6553
[TYPE] Splitting depth 50 into 5 hash types (Ff=927148, Fb=656414, min_items=6553)
[TYPE] Splitting depth 52 into 8 hash types (Ff=3220090, Fb=6069756, min_items=6553)
 done (36.8917s, 389153918n)
[86] Running IDTHSwTrans(0.1%, states=6466, limit=1800s)... done (6.97692s, 1867595n)
[86] Running BiHS-Bloom(0.1%, optk, dynamic, size=36KiB, k=1, fp_est=1, limit=394.962s)...
Bloom filter size: 36 KiB, k_hashes: 1, min_items: 6553
[TYPE] Splitting depth 50 into 5 hash types (Ff=927148, Fb=658620, min_items=6553)
[TYPE] Splitting depth 52 into 8 hash types (Ff=3220090, Fb=6073077, min_items=6553)
 done (37.0789s, 389153918n)
[86] Running IDTHSwTrans(0.1%, states=6466, limit=1800s)... done (6.98102s, 1867595n)
[86] Running BiHS-Bloom(0.1%, rootk, dynamic, size=36KiB, k=1, fp_est=1, limit=394.962s)...
Bloom filter size: 36 KiB, k_hashes: 1, min_items: 6553
[TYPE] Splitting depth 50 into 5 hash types (Ff=927148, Fb=661611, min_items=6553)
[TYPE] Splitting depth 52 into 8 hash types (Ff=3220090, Fb=6072829, min_items=6553)
 done (36.9895s, 389153918n)
[86] Running IDTHSwTrans(0.1%, states=6466, limit=1800s)... done (7.01102s, 1867595n)
Puzzle #86 | A*: 12.2845s/4681600n | Rev-A*: 10.2294s/3537720n | BAE*: 4.10345s/1383789n | NBS: 19.7481s/4737060n | MM: 14.849s/4911982n | IDA*: 8.09315s/36290239n | Parallel IDA*: 11.771s/95833955n | Rev-IDA*: 4.58284s/19835163n | BiHS-Bloom(50%,k1,dynamic): 18.7535s/291090855n | IDTHSwTrans(50%): 5.7262s/1590272n | BiHS-Bloom(50%,optk,dynamic): 17.2141s/291090855n | IDTHSwTrans(50%): 5.72802s/1590272n | BiHS-Bloom(50%,rootk,dynamic): 16.872s/291090855n | IDTHSwTrans(50%): 5.69138s/1590272n | BiHS-Bloom(10%,k1,dynamic): 18.2979s/291090855n | IDTHSwTrans(10%): 5.71555s/1590272n | BiHS-Bloom(10%,optk,dynamic): 18.0467s/291090855n | IDTHSwTrans(10%): 5.71761s/1590272n | BiHS-Bloom(10%,rootk,dynamic): 18.2745s/291090855n | IDTHSwTrans(10%): 5.68317s/1590272n | BiHS-Bloom(1%,k1,dynamic): 15.5525s/322453553n | IDTHSwTrans(1%): 4.95521s/1190791n | BiHS-Bloom(1%,optk,dynamic): 15.5443s/322453553n | IDTHSwTrans(1%): 4.96152s/1190791n | BiHS-Bloom(1%,rootk,dynamic): 15.6395s/322453553n | IDTHSwTrans(1%): 4.96795s/1190791n | BiHS-Bloom(0.1%,k1,dynamic): 36.8917s/389153918n | IDTHSwTrans(0.1%): 6.97692s/1867595n | BiHS-Bloom(0.1%,optk,dynamic): 37.0789s/389153918n | IDTHSwTrans(0.1%): 6.98102s/1867595n | BiHS-Bloom(0.1%,rootk,dynamic): 36.9895s/389153918n | IDTHSwTrans(0.1%): 7.01102s/1867595n | Length: 52
Results written to results/stp_pancake/parts/benchmark_stp_86.csv
