------------------------------------
Sun 28 Jun 2026 01:00:25 IDT
SLURM_JOBID:		18482428
SLURM_JOB_NODELIST:	ise-cpu-intl-24
SLURM_SCRATCH_DIR:	
Allocated Resouces:	cpu - 2 / mem - 65536 MB / gpu - 
SLURM_GPU_INDEX:	
Running as omerpr from felner account with normal QOS
------------------------------------
------------------------------------
Sun 28 Jun 2026 01:00:25 IDT
SLURM_JOBID:		18482428
SLURM_JOB_NODELIST:	ise-cpu-intl-24
SLURM_SCRATCH_DIR:	
Allocated Resouces:	cpu - 2 / mem - 65536 MB / gpu - 
SLURM_GPU_INDEX:	
Running as omerpr from felner account with normal QOS
------------------------------------
Domain: Sliding Tile Puzzle
Starting Korf's Puzzle #22

[22] Running A*... done (6.40192s, 1401954n)
[22] Running Rev-A*... done (3.99207s, 881973n)
[22] Running BAE*... done (3.03108s, 592377n)
[22] Running NBS... done (20.4894s, 2912811n)
[22] Running MM... done (6.32918s, 1389634n)
[22] Running IDA*... done (3.11692s, 7047471n)
[22] Running Rev-IDA*... done (3.49546s, 7588483n)
[22] Running Parallel IDA*...66 pieces of work generated
Starting iteration with bound 33.000000; 56 expanded, 176 generated
Starting iteration with bound 35.000000; 56 expanded, 176 generated
Starting iteration with bound 37.000000; 66 expanded, 199 generated
Starting iteration with bound 39.000000; 493 expanded, 1442 generated
Starting iteration with bound 41.000000; 3776 expanded, 11142 generated
Starting iteration with bound 43.000000; 24911 expanded, 73880 generated
Starting iteration with bound 45.000000; 150196 expanded, 447741 generated
Starting iteration with bound 47.000000; 858066 expanded, 2564985 generated
Starting iteration with bound 49.000000; 4733544 expanded, 14185597 generated
 done (2.91355s, 12325087n)
[22] BiHS-Bloom timeout limit: 409.787s
[22] IDTHSwTrans state bound baseline: 1642880
[22] Running BiHS-Bloom(50%, optk, dynamic, size=4512KiB, k=16, fp_est=2.00622e-05, limit=409.787s)...
Bloom filter size: 4512 KiB, k_hashes: 16, min_items: 821384
 done (5.77335s, 55864654n)
[22] Running IDTHSwTrans(50%, states=821440, limit=1800s)... done (4.15018s, 549698n)
[22] Running BiHS-Bloom(10%, optk, dynamic, size=902KiB, k=3, fp_est=0.115121, limit=409.787s)...
Bloom filter size: 902 KiB, k_hashes: 3, min_items: 164204
 done (5.90098s, 55864654n)
[22] Running IDTHSwTrans(10%, states=164288, limit=1800s)... done (4.19495s, 549698n)
[22] Running BiHS-Bloom(1%, optk, dynamic, size=90KiB, k=1, fp_est=0.892083, limit=409.787s)...
Bloom filter size: 90 KiB, k_hashes: 1, min_items: 16384
[TYPE] Splitting depth 49 into 2 hash types (Ff=771531, Fb=407327, min_items=16384)
 done (9.05465s, 70751165n)
[22] Running IDTHSwTrans(1%, states=16428, limit=1800s)... done (3.55467s, 534085n)
[22] Running BiHS-Bloom(0.1%, optk, dynamic, size=9KiB, k=1, fp_est=1, limit=409.787s)...
Bloom filter size: 9 KiB, k_hashes: 1, min_items: 1638
[TYPE] Splitting depth 47 into 5 hash types (Ff=215654, Fb=137029, min_items=1638)
[TYPE] Splitting depth 49 into 8 hash types (Ff=771531, Fb=986536, min_items=1638)
 done (11.9283s, 81453757n)
[22] Running IDTHSwTrans(0.1%, states=1642, limit=1800s)... done (3.0883s, 723338n)
Puzzle #22 | A*: 6.40192s/1401954n | Rev-A*: 3.99207s/881973n | BAE*: 3.03108s/592377n | NBS: 20.4894s/2912811n | MM: 6.32918s/1389634n | IDA*: 3.11692s/7047471n | Parallel IDA*: 2.91355s/12325087n | Rev-IDA*: 3.49546s/7588483n | BiHS-Bloom(50%,optk,dynamic): 5.77335s/55864654n | IDTHSwTrans(50%): 4.15018s/549698n | BiHS-Bloom(10%,optk,dynamic): 5.90098s/55864654n | IDTHSwTrans(10%): 4.19495s/549698n | BiHS-Bloom(1%,optk,dynamic): 9.05465s/70751165n | IDTHSwTrans(1%): 3.55467s/534085n | BiHS-Bloom(0.1%,optk,dynamic): 11.9283s/81453757n | IDTHSwTrans(0.1%): 3.0883s/723338n | Length: 49
Results written to results/stp_pancake/parts/benchmark_stp_22.csv
