------------------------------------
Sun 28 Jun 2026 00:56:23 IDT
SLURM_JOBID:		18482245
SLURM_JOB_NODELIST:	ise-cpu-intl-24
SLURM_SCRATCH_DIR:	
Allocated Resouces:	cpu - 2 / mem - 65536 MB / gpu - 
SLURM_GPU_INDEX:	
Running as omerpr from felner account with normal QOS
------------------------------------
------------------------------------
Sun 28 Jun 2026 00:56:23 IDT
SLURM_JOBID:		18482245
SLURM_JOB_NODELIST:	ise-cpu-intl-24
SLURM_SCRATCH_DIR:	
Allocated Resouces:	cpu - 2 / mem - 65536 MB / gpu - 
SLURM_GPU_INDEX:	
Running as omerpr from felner account with normal QOS
------------------------------------
Domain: Sliding Tile Puzzle
Starting Korf's Puzzle #13

[13] Running A*... done (138.449s, 26088343n)
[13] Running Rev-A*... done (67.1429s, 11229138n)
[13] Running BAE*... done (40.3382s, 5883326n)
[13] Running NBS... done (305.298s, 38347533n)
[13] Running MM... done (132.03s, 21085937n)
[13] Running IDA*... done (173.997s, 372785434n)
[13] Running Rev-IDA*... done (79.7744s, 178184687n)
[13] Running Parallel IDA*...66 pieces of work generated
Starting iteration with bound 41.000000; 56 expanded, 176 generated
Starting iteration with bound 43.000000; 56 expanded, 176 generated
Starting iteration with bound 45.000000; 92 expanded, 272 generated
Starting iteration with bound 47.000000; 1177 expanded, 3447 generated
Starting iteration with bound 49.000000; 10941 expanded, 32055 generated
Starting iteration with bound 51.000000; 87341 expanded, 257290 generated
Starting iteration with bound 53.000000; 619128 expanded, 1827379 generated
Starting iteration with bound 55.000000; 4072709 expanded, 12047512 generated
Starting iteration with bound 57.000000; 25467845 expanded, 75460814 generated
Starting iteration with bound 59.000000; 153279910 expanded, 454841021 generated
 done (178.727s, 775986122n)
[13] BiHS-Bloom timeout limit: 6105.95s
[13] IDTHSwTrans state bound baseline: 20320139
[13] Running BiHS-Bloom(50%, optk, dynamic, size=55811KiB, k=12, fp_est=0.000310884, limit=6105.95s)...
Bloom filter size: 55811 KiB, k_hashes: 12, min_items: 10160082
 done (92.7972s, 897300400n)
[13] Running IDTHSwTrans(50%, states=10160069, limit=1800s)... done (177.568s, 9212317n)
[13] Running BiHS-Bloom(10%, optk, dynamic, size=11162KiB, k=2, fp_est=0.200978, limit=6105.95s)...
Bloom filter size: 11162 KiB, k_hashes: 2, min_items: 2031980
 done (97.2709s, 897300400n)
[13] Running IDTHSwTrans(10%, states=2032013, limit=1800s)... done (128.815s, 8136810n)
[13] Running BiHS-Bloom(1%, optk, dynamic, size=1116KiB, k=1, fp_est=0.948919, limit=6105.95s)...
Bloom filter size: 1116 KiB, k_hashes: 1, min_items: 203161
 done (98.8361s, 911657479n)
[13] Running IDTHSwTrans(1%, states=203201, limit=1800s)... done (95.2871s, 7138259n)
[13] Running BiHS-Bloom(0.1%, optk, dynamic, size=112KiB, k=1, fp_est=1, limit=6105.95s)...
Bloom filter size: 112 KiB, k_hashes: 1, min_items: 20388
[TYPE] Splitting depth 59 into 6 hash types (Ff=2696832, Fb=3286393, min_items=20388)
 done (107.121s, 1043287367n)
[13] Running IDTHSwTrans(0.1%, states=20320, limit=1800s)... done (92.6903s, 10016880n)
Puzzle #13 | A*: 138.449s/26088343n | Rev-A*: 67.1429s/11229138n | BAE*: 40.3382s/5883326n | NBS: 305.298s/38347533n | MM: 132.03s/21085937n | IDA*: 173.997s/372785434n | Parallel IDA*: 178.727s/775986122n | Rev-IDA*: 79.7744s/178184687n | BiHS-Bloom(50%,optk,dynamic): 92.7972s/897300400n | IDTHSwTrans(50%): 177.568s/9212317n | BiHS-Bloom(10%,optk,dynamic): 97.2709s/897300400n | IDTHSwTrans(10%): 128.815s/8136810n | BiHS-Bloom(1%,optk,dynamic): 98.8361s/911657479n | IDTHSwTrans(1%): 95.2871s/7138259n | BiHS-Bloom(0.1%,optk,dynamic): 107.121s/1043287367n | IDTHSwTrans(0.1%): 92.6903s/10016880n | Length: 59
Results written to results/stp_pancake/parts/benchmark_stp_13.csv
