------------------------------------
Sat 27 Jun 2026 21:33:55 IDT
SLURM_JOBID:		18471612
SLURM_JOB_NODELIST:	ise-cpu-intl-23
SLURM_SCRATCH_DIR:	/scratch/omerpr/18471612
Allocated Resouces:	cpu - 2 / mem - 65536 MB / gpu - 
SLURM_GPU_INDEX:	
Running as omerpr from felner account with normal QOS
------------------------------------
------------------------------------
Sat 27 Jun 2026 21:33:56 IDT
SLURM_JOBID:		18471612
SLURM_JOB_NODELIST:	ise-cpu-intl-23
SLURM_SCRATCH_DIR:	/scratch/omerpr/18471612
Allocated Resouces:	cpu - 2 / mem - 65536 MB / gpu - 
SLURM_GPU_INDEX:	
Running as omerpr from felner account with normal QOS
------------------------------------
Domain: Pancake Puzzle
[29] Running Pancake A*... done (1.07008s, 30816n)
[29] Running Pancake Rev-A*... done (1.05318s, 32861n)
[29] Skipping BAE*, NBS, IDA*, Rev-IDA*, and Parallel IDA*; use --full to run them
[29] Running Pancake MM... done (1.57832s, 61264n)
[29] Pancake BiHS-Bloom timeout limit: 120s
[29] Pancake IDTHSwTrans state bound baseline: 509613
[29] Running Pancake BiHS-Bloom(50%, optk, dynamic, size=1928KiB, k=21, fp_est=6.10787e-07, limit=120s)...Bloom filter size: 1928 KiB, k_hashes: 21, min_items: 254744
 done (5.57431s, 32437323n)
[29] Running Pancake IDTHSwTrans(50%, states=254806, limit=1800s)... done (0.994556s, 77013n)
[29] Running Pancake BiHS-Bloom(10%, optk, dynamic, size=386KiB, k=4, fp_est=0.0570404, limit=120s)...Bloom filter size: 386 KiB, k_hashes: 4, min_items: 51001
 done (5.52764s, 32437323n)
[29] Running Pancake IDTHSwTrans(10%, states=50961, limit=1800s)... done (1.07867s, 64912n)
[29] Running Pancake BiHS-Bloom(1%, optk, dynamic, size=39KiB, k=1, fp_est=0.809826, limit=120s)...Bloom filter size: 39 KiB, k_hashes: 1, min_items: 5153
 done (6.80368s, 45603786n)
[29] Running Pancake IDTHSwTrans(1%, states=5096, limit=1800s)... done (1.16079s, 70405n)
[29] Running Pancake BiHS-Bloom(0.1%, optk, dynamic, size=4KiB, k=1, fp_est=1, limit=120s)...Bloom filter size: 4 KiB, k_hashes: 1, min_items: 528
[TYPE] Splitting depth 15 into 5 hash types (Ff=104213, Fb=39821, min_items=528)
 done (6.80527s, 45603786n)
[29] Running Pancake IDTHSwTrans(0.1%, states=509, limit=1800s)... done (1.27123s, 88551n)
Pancake #29 | A*: 1.07008s/30816n | Rev-A*: 1.05318s/32861n | BAE*: -3s/0n | NBS: -3s/0n | MM: 1.57832s/61264n | IDA*: -3s/0n | Parallel IDA*: -3s/0n | Rev-IDA*: -3s/0n | BiHS-Bloom(50%,optk,dynamic): 5.57431s/32437323n | IDTHSwTrans(50%): 0.994556s/77013n | BiHS-Bloom(10%,optk,dynamic): 5.52764s/32437323n | IDTHSwTrans(10%): 1.07867s/64912n | BiHS-Bloom(1%,optk,dynamic): 6.80368s/45603786n | IDTHSwTrans(1%): 1.16079s/70405n | BiHS-Bloom(0.1%,optk,dynamic): 6.80527s/45603786n | IDTHSwTrans(0.1%): 1.27123s/88551n | Length: 15
Results written to results/stp_pancake/parts/benchmark_pancake_29.csv
