------------------------------------
Mon 29 Jun 2026 03:05:21 IDT
SLURM_JOBID:		18548727
SLURM_JOB_NODELIST:	cs-cpu-10
SLURM_SCRATCH_DIR:	/scratch/omerpr/18548727
Allocated Resouces:	cpu - 2 / mem - 102400 MB / gpu - 
SLURM_GPU_INDEX:	
Running as omerpr from felner account with normal QOS
------------------------------------
------------------------------------
Mon 29 Jun 2026 03:05:21 IDT
SLURM_JOBID:		18548727
SLURM_JOB_NODELIST:	cs-cpu-10
SLURM_SCRATCH_DIR:	/scratch/omerpr/18548727
Allocated Resouces:	cpu - 2 / mem - 102400 MB / gpu - 
SLURM_GPU_INDEX:	
Running as omerpr from felner account with normal QOS
------------------------------------
Domain: Pancake Puzzle
[71] Running Pancake A*... done (9.31014s, 293489n)
[71] Running Pancake Rev-A*... done (9.36682s, 293489n)
[71] Running Pancake BAE*... done (6.91753s, 361497n)
[71] Running Pancake NBS... done (25.1147s, 555468n)
[71] Running Pancake MM... done (11.8036s, 555468n)
[71] Running Pancake IDA*... done (1.56346s, 583024n)
[71] Running Pancake Rev-IDA*... done (1.00263s, 583024n)
[71] Running Pancake Parallel IDA*...1994544 pieces of work generated
Starting iteration with bound 10.000000; 117326 expanded, 2229194 generated
Starting iteration with bound 11.000000; 117326 expanded, 2229194 generated
Starting iteration with bound 12.000000; 117326 expanded, 2229194 generated
Starting iteration with bound 13.000000; 117327 expanded, 2229213 generated
Starting iteration with bound 14.000000; 117551 expanded, 2233469 generated
Starting iteration with bound 15.000000; 132622 expanded, 2519818 generated
Starting iteration with bound 16.000000; 511030 expanded, 9709570 generated
 done (7.60329s, 1370393n)
[71] Pancake BiHS-Bloom timeout limit: 502.293s
[71] Pancake IDTHSwTrans state bound baseline: 4656853
[71] Running Pancake BiHS-Bloom(50%, k1, dynamic, size=17622KiB, k=1, fp_est=0.0300659, limit=502.293s)...Bloom filter size: 17622 KiB, k_hashes: 1, min_items: 2328377
 done (36.3169s, 300364665n)
[71] Running Pancake IDTHSwTrans(50%, states=2328426, limit=1800s)... done (2.01902s, 175193n)
[71] Running Pancake BiHS-Bloom(50%, optk, dynamic, size=17622KiB, k=23, fp_est=1.46281e-07, limit=502.293s)...Bloom filter size: 17622 KiB, k_hashes: 23, min_items: 2328377
 done (35.448s, 300364665n)
[71] Running Pancake IDTHSwTrans(50%, states=2328426, limit=1800s)... done (2.0188s, 175193n)
[71] Running Pancake BiHS-Bloom(50%, rootk, dynamic, size=17622KiB, k=5, fp_est=5.68418e-05, limit=502.293s)...Bloom filter size: 17622 KiB, k_hashes: 5, min_items: 2328377
 done (34.7832s, 300364665n)
[71] Running Pancake IDTHSwTrans(50%, states=2328426, limit=1800s)... done (2.01412s, 175193n)
[71] Running Pancake BiHS-Bloom(10%, k1, dynamic, size=3524KiB, k=1, fp_est=0.141573, limit=502.293s)...Bloom filter size: 3524 KiB, k_hashes: 1, min_items: 465622
 done (36.2338s, 300364665n)
[71] Running Pancake IDTHSwTrans(10%, states=465685, limit=1800s)... done (1.82904s, 156572n)
[71] Running Pancake BiHS-Bloom(10%, optk, dynamic, size=3524KiB, k=5, fp_est=0.0433641, limit=502.293s)...Bloom filter size: 3524 KiB, k_hashes: 5, min_items: 465622
 done (34.7069s, 300364665n)
[71] Running Pancake IDTHSwTrans(10%, states=465685, limit=1800s)... done (1.83173s, 156572n)
[71] Running Pancake BiHS-Bloom(10%, rootk, dynamic, size=3524KiB, k=2, fp_est=0.0692229, limit=502.293s)...Bloom filter size: 3524 KiB, k_hashes: 2, min_items: 465622
 done (34.6722s, 300364665n)
[71] Running Pancake IDTHSwTrans(10%, states=465685, limit=1800s)... done (1.8308s, 156572n)
[71] Running Pancake BiHS-Bloom(1%, k1, dynamic, size=352KiB, k=1, fp_est=0.783089, limit=502.293s)...Bloom filter size: 352 KiB, k_hashes: 1, min_items: 46509
 done (36.7583s, 384677136n)
[71] Running Pancake IDTHSwTrans(1%, states=46568, limit=1800s)... done (1.35565s, 89773n)
[71] Running Pancake BiHS-Bloom(1%, optk, dynamic, size=352KiB, k=1, fp_est=0.783089, limit=502.293s)...Bloom filter size: 352 KiB, k_hashes: 1, min_items: 46509
 done (36.7308s, 384677136n)
[71] Running Pancake IDTHSwTrans(1%, states=46568, limit=1800s)... done (1.35161s, 89773n)
[71] Running Pancake BiHS-Bloom(1%, rootk, dynamic, size=352KiB, k=1, fp_est=0.783089, limit=502.293s)...Bloom filter size: 352 KiB, k_hashes: 1, min_items: 46509
 done (36.7693s, 384677136n)
[71] Running Pancake IDTHSwTrans(1%, states=46568, limit=1800s)... done (1.35387s, 89773n)
[71] Running Pancake BiHS-Bloom(0.1%, k1, dynamic, size=35KiB, k=1, fp_est=1, limit=502.293s)...Bloom filter size: 35 KiB, k_hashes: 1, min_items: 4624
[TYPE] Splitting depth 16 into 8 hash types (Ff=1744767, Fb=516216, min_items=4624)
 done (36.892s, 384677136n)
[71] Running Pancake IDTHSwTrans(0.1%, states=4656, limit=1800s)... done (1.52632s, 102101n)
[71] Running Pancake BiHS-Bloom(0.1%, optk, dynamic, size=35KiB, k=1, fp_est=1, limit=502.293s)...Bloom filter size: 35 KiB, k_hashes: 1, min_items: 4624
[TYPE] Splitting depth 16 into 8 hash types (Ff=1744767, Fb=517634, min_items=4624)
 done (36.8348s, 384677136n)
[71] Running Pancake IDTHSwTrans(0.1%, states=4656, limit=1800s)... done (1.52468s, 102101n)
[71] Running Pancake BiHS-Bloom(0.1%, rootk, dynamic, size=35KiB, k=1, fp_est=1, limit=502.293s)...Bloom filter size: 35 KiB, k_hashes: 1, min_items: 4624
[TYPE] Splitting depth 16 into 8 hash types (Ff=1744767, Fb=518570, min_items=4624)
 done (36.8517s, 384677136n)
[71] Running Pancake IDTHSwTrans(0.1%, states=4656, limit=1800s)... done (1.5257s, 102101n)
Pancake #71 | A*: 9.31014s/293489n | Rev-A*: 9.36682s/293489n | BAE*: 6.91753s/361497n | NBS: 25.1147s/555468n | MM: 11.8036s/555468n | IDA*: 1.56346s/583024n | Parallel IDA*: 7.60329s/1370393n | Rev-IDA*: 1.00263s/583024n | BiHS-Bloom(50%,k1,dynamic): 36.3169s/300364665n | IDTHSwTrans(50%): 2.01902s/175193n | BiHS-Bloom(50%,optk,dynamic): 35.448s/300364665n | IDTHSwTrans(50%): 2.0188s/175193n | BiHS-Bloom(50%,rootk,dynamic): 34.7832s/300364665n | IDTHSwTrans(50%): 2.01412s/175193n | BiHS-Bloom(10%,k1,dynamic): 36.2338s/300364665n | IDTHSwTrans(10%): 1.82904s/156572n | BiHS-Bloom(10%,optk,dynamic): 34.7069s/300364665n | IDTHSwTrans(10%): 1.83173s/156572n | BiHS-Bloom(10%,rootk,dynamic): 34.6722s/300364665n | IDTHSwTrans(10%): 1.8308s/156572n | BiHS-Bloom(1%,k1,dynamic): 36.7583s/384677136n | IDTHSwTrans(1%): 1.35565s/89773n | BiHS-Bloom(1%,optk,dynamic): 36.7308s/384677136n | IDTHSwTrans(1%): 1.35161s/89773n | BiHS-Bloom(1%,rootk,dynamic): 36.7693s/384677136n | IDTHSwTrans(1%): 1.35387s/89773n | BiHS-Bloom(0.1%,k1,dynamic): 36.892s/384677136n | IDTHSwTrans(0.1%): 1.52632s/102101n | BiHS-Bloom(0.1%,optk,dynamic): 36.8348s/384677136n | IDTHSwTrans(0.1%): 1.52468s/102101n | BiHS-Bloom(0.1%,rootk,dynamic): 36.8517s/384677136n | IDTHSwTrans(0.1%): 1.5257s/102101n | Length: 16
Results written to results/stp_pancake/parts/benchmark_pancake_71.csv
