------------------------------------
Sun 28 Jun 2026 01:45:27 IDT
SLURM_JOBID:		18484310
SLURM_JOB_NODELIST:	ise-cpu-intl-15
SLURM_SCRATCH_DIR:	
Allocated Resouces:	cpu - 2 / mem - 65536 MB / gpu - 
SLURM_GPU_INDEX:	
Running as omerpr from felner account with normal QOS
------------------------------------
------------------------------------
Sun 28 Jun 2026 01:45:27 IDT
SLURM_JOBID:		18484310
SLURM_JOB_NODELIST:	ise-cpu-intl-15
SLURM_SCRATCH_DIR:	
Allocated Resouces:	cpu - 2 / mem - 65536 MB / gpu - 
SLURM_GPU_INDEX:	
Running as omerpr from felner account with normal QOS
------------------------------------
Domain: Sliding Tile Puzzle
Starting Korf's Puzzle #66

[66] Running A*... done (30.9237s, 8430957n)
[66] Running Rev-A*... done (22.362s, 5531547n)
[66] Running BAE*... done (12.0254s, 2564227n)
[66] Running NBS... done (37.2468s, 7159188n)
[66] Running MM... done (29.935s, 7644317n)
[66] Running IDA*... done (38.0269s, 122756042n)
[66] Running Rev-IDA*... done (18.6791s, 58874621n)
[66] Running Parallel IDA*...80 pieces of work generated
Starting iteration with bound 28.000000; 73 expanded, 224 generated
Starting iteration with bound 30.000000; 73 expanded, 224 generated
Starting iteration with bound 32.000000; 97 expanded, 293 generated
Starting iteration with bound 34.000000; 289 expanded, 867 generated
Starting iteration with bound 36.000000; 1323 expanded, 3986 generated
Starting iteration with bound 38.000000; 6359 expanded, 19091 generated
Starting iteration with bound 40.000000; 29853 expanded, 89960 generated
Starting iteration with bound 42.000000; 138100 expanded, 416469 generated
Starting iteration with bound 44.000000; 632145 expanded, 1907338 generated
Starting iteration with bound 46.000000; 2887324 expanded, 8719082 generated
Starting iteration with bound 48.000000; 13186103 expanded, 39852392 generated
Starting iteration with bound 50.000000; 60231657 expanded, 182171905 generated
 done (28.4065s, 174612044n)
[66] BiHS-Bloom timeout limit: 760.538s
[66] IDTHSwTrans state bound baseline: 10112825
[66] Running BiHS-Bloom(50%, optk, dynamic, size=27776KiB, k=17, fp_est=7.12108e-06, limit=760.538s)...
Bloom filter size: 27776 KiB, k_hashes: 17, min_items: 5056466
 done (40.5766s, 602099023n)
[66] Running IDTHSwTrans(50%, states=5056412, limit=1800s)... done (39.9335s, 2521958n)
[66] Running BiHS-Bloom(10%, optk, dynamic, size=5555KiB, k=3, fp_est=0.0945652, limit=760.538s)...
Bloom filter size: 5555 KiB, k_hashes: 3, min_items: 1011256
 done (40.3682s, 602099023n)
[66] Running IDTHSwTrans(10%, states=1011282, limit=1800s)... done (38.6725s, 2344858n)
[66] Running BiHS-Bloom(1%, optk, dynamic, size=556KiB, k=1, fp_est=0.868011, limit=760.538s)...
Bloom filter size: 556 KiB, k_hashes: 1, min_items: 101216
 done (44.3092s, 602099023n)
[66] Running IDTHSwTrans(1%, states=101128, limit=1800s)... done (43.789s, 2344858n)
[66] Running BiHS-Bloom(0.1%, optk, dynamic, size=56KiB, k=1, fp_est=1, limit=760.538s)...
Bloom filter size: 56 KiB, k_hashes: 1, min_items: 10194
[TYPE] Splitting depth 50 into 2 hash types (Ff=157455, Fb=748173, min_items=10194)
 done (35.1391s, 602990293n)
[66] Running IDTHSwTrans(0.1%, states=10112, limit=1800s)... done (45.4065s, 6137856n)
Puzzle #66 | A*: 30.9237s/8430957n | Rev-A*: 22.362s/5531547n | BAE*: 12.0254s/2564227n | NBS: 37.2468s/7159188n | MM: 29.935s/7644317n | IDA*: 38.0269s/122756042n | Parallel IDA*: 28.4065s/174612044n | Rev-IDA*: 18.6791s/58874621n | BiHS-Bloom(50%,optk,dynamic): 40.5766s/602099023n | IDTHSwTrans(50%): 39.9335s/2521958n | BiHS-Bloom(10%,optk,dynamic): 40.3682s/602099023n | IDTHSwTrans(10%): 38.6725s/2344858n | BiHS-Bloom(1%,optk,dynamic): 44.3092s/602099023n | IDTHSwTrans(1%): 43.789s/2344858n | BiHS-Bloom(0.1%,optk,dynamic): 35.1391s/602990293n | IDTHSwTrans(0.1%): 45.4065s/6137856n | Length: 50
Results written to results/stp_pancake/parts/benchmark_stp_66.csv
