------------------------------------
Sun 28 Jun 2026 03:02:50 IDT
SLURM_JOBID:		18482162
SLURM_JOB_NODELIST:	ise-cpu-intl-10
SLURM_SCRATCH_DIR:	
Allocated Resouces:	cpu - 2 / mem - 65536 MB / gpu - 
SLURM_GPU_INDEX:	
Running as omerpr from felner account with normal QOS
------------------------------------
------------------------------------
Sun 28 Jun 2026 03:02:50 IDT
SLURM_JOBID:		18482162
SLURM_JOB_NODELIST:	ise-cpu-intl-10
SLURM_SCRATCH_DIR:	
Allocated Resouces:	cpu - 2 / mem - 65536 MB / gpu - 
SLURM_GPU_INDEX:	
Running as omerpr from felner account with normal QOS
------------------------------------
Domain: Pancake Puzzle
[99] Running Pancake A*... done (1.2614s, 39467n)
[99] Running Pancake Rev-A*... done (1.02821s, 35512n)
[99] Running Pancake BAE*... done (0.731263s, 50658n)
[99] Running Pancake NBS... done (2.82769s, 68878n)
[99] Running Pancake MM... done (1.59648s, 68996n)
[99] Running Pancake IDA*... done (0.423648s, 188073n)
[99] Running Pancake Rev-IDA*... done (0.267483s, 120773n)
[99] Running Pancake Parallel IDA*...1994544 pieces of work generated
Starting iteration with bound 10.000000; 117326 expanded, 2229194 generated
Starting iteration with bound 11.000000; 117326 expanded, 2229194 generated
Starting iteration with bound 12.000000; 117326 expanded, 2229194 generated
Starting iteration with bound 13.000000; 117347 expanded, 2229593 generated
Starting iteration with bound 14.000000; 118447 expanded, 2250493 generated
Starting iteration with bound 15.000000; 152075 expanded, 2889425 generated
 done (7.06846s, 404591n)
[99] Pancake BiHS-Bloom timeout limit: 141.369s
[99] Pancake IDTHSwTrans state bound baseline: 584092
[99] Running Pancake BiHS-Bloom(50%, optk, dynamic, size=2210KiB, k=21, fp_est=4.49285e-07, limit=141.369s)...Bloom filter size: 2210 KiB, k_hashes: 21, min_items: 292005
 done (4.87117s, 33312702n)
[99] Running Pancake IDTHSwTrans(50%, states=292046, limit=1800s)... done (0.58314s, 74714n)
[99] Running Pancake BiHS-Bloom(10%, optk, dynamic, size=442KiB, k=4, fp_est=0.0538976, limit=141.369s)...Bloom filter size: 442 KiB, k_hashes: 4, min_items: 58401
 done (4.84146s, 33312702n)
[99] Running Pancake IDTHSwTrans(10%, states=58409, limit=1800s)... done (0.352267s, 43169n)
[99] Running Pancake BiHS-Bloom(1%, optk, dynamic, size=44KiB, k=1, fp_est=0.80816, limit=141.369s)...Bloom filter size: 44 KiB, k_hashes: 1, min_items: 5813
 done (4.77655s, 40478217n)
[99] Running Pancake IDTHSwTrans(1%, states=5840, limit=1800s)... done (0.699289s, 43554n)
[99] Running Pancake BiHS-Bloom(0.1%, optk, dynamic, size=4KiB, k=1, fp_est=1, limit=141.369s)...Bloom filter size: 4 KiB, k_hashes: 1, min_items: 528
[TYPE] Splitting depth 15 into 7 hash types (Ff=191469, Fb=38246, min_items=528)
 done (5.1451s, 40478217n)
[99] Running Pancake IDTHSwTrans(0.1%, states=584, limit=1800s)... done (0.742439s, 53731n)
Pancake #99 | A*: 1.2614s/39467n | Rev-A*: 1.02821s/35512n | BAE*: 0.731263s/50658n | NBS: 2.82769s/68878n | MM: 1.59648s/68996n | IDA*: 0.423648s/188073n | Parallel IDA*: 7.06846s/404591n | Rev-IDA*: 0.267483s/120773n | BiHS-Bloom(50%,optk,dynamic): 4.87117s/33312702n | IDTHSwTrans(50%): 0.58314s/74714n | BiHS-Bloom(10%,optk,dynamic): 4.84146s/33312702n | IDTHSwTrans(10%): 0.352267s/43169n | BiHS-Bloom(1%,optk,dynamic): 4.77655s/40478217n | IDTHSwTrans(1%): 0.699289s/43554n | BiHS-Bloom(0.1%,optk,dynamic): 5.1451s/40478217n | IDTHSwTrans(0.1%): 0.742439s/53731n | Length: 15
Results written to results/stp_pancake/parts/benchmark_pancake_99.csv
