------------------------------------
Sun 28 Jun 2026 23:25:23 IDT
SLURM_JOBID:		18543889
SLURM_JOB_NODELIST:	ise-cpu256-01
SLURM_SCRATCH_DIR:	/scratch/omerpr/18543889
Allocated Resouces:	cpu - 2 / mem - 102400 MB / gpu - 
SLURM_GPU_INDEX:	
Running as omerpr from felner account with normal QOS
------------------------------------
------------------------------------
Sun 28 Jun 2026 23:25:23 IDT
SLURM_JOBID:		18543889
SLURM_JOB_NODELIST:	ise-cpu256-01
SLURM_SCRATCH_DIR:	/scratch/omerpr/18543889
Allocated Resouces:	cpu - 2 / mem - 102400 MB / gpu - 
SLURM_GPU_INDEX:	
Running as omerpr from felner account with normal QOS
------------------------------------
Domain: Sliding Tile Puzzle
Starting Korf's Puzzle #31

[31] Running A*... done (47.0191s, 17025065n)
[31] Running Rev-A*... done (85.9554s, 28470530n)
[31] Running BAE*... done (30.2319s, 6721030n)
[31] Running NBS... done (104.55s, 23913258n)
[31] Running MM... done (77.6907s, 24180119n)
[31] Running IDA*... done (47.4797s, 200857451n)
[31] Running Rev-IDA*... done (33.0079s, 147778563n)
[31] Running Parallel IDA*...66 pieces of work generated
Starting iteration with bound 43.000000; 56 expanded, 176 generated
Starting iteration with bound 45.000000; 61 expanded, 189 generated
Starting iteration with bound 47.000000; 206 expanded, 593 generated
Starting iteration with bound 49.000000; 2619 expanded, 7547 generated
Starting iteration with bound 51.000000; 25722 expanded, 74611 generated
Starting iteration with bound 53.000000; 215719 expanded, 629293 generated
Starting iteration with bound 55.000000; 1631166 expanded, 4778400 generated
Starting iteration with bound 57.000000; 11502479 expanded, 33815281 generated
Starting iteration with bound 59.000000; 77015656 expanded, 227111673 generated
 done (28.3387s, 242325916n)
[31] BiHS-Bloom timeout limit: 2091s
[31] IDTHSwTrans state bound baseline: 30307111
[31] Running BiHS-Bloom(50%, k1, dynamic, size=83241KiB, k=1, fp_est=0.0265298, limit=2091s)...
Bloom filter size: 83241 KiB, k_hashes: 1, min_items: 15153561
 done (97.768s, 1474744512n)
[31] Running IDTHSwTrans(50%, states=15153555, limit=1800s)... done (50.3237s, 11415699n)
[31] Running BiHS-Bloom(50%, optk, dynamic, size=83241KiB, k=26, fp_est=1.73756e-08, limit=2091s)...
Bloom filter size: 83241 KiB, k_hashes: 26, min_items: 15153561
 done (92.9278s, 1474744512n)
[31] Running IDTHSwTrans(50%, states=15153555, limit=1800s)... done (48.7911s, 11415699n)
[31] Running BiHS-Bloom(50%, rootk, dynamic, size=83241KiB, k=5, fp_est=3.15007e-05, limit=2091s)...
Bloom filter size: 83241 KiB, k_hashes: 5, min_items: 15153561
 done (84.8762s, 1474744512n)
[31] Running IDTHSwTrans(50%, states=15153555, limit=1800s)... done (48.8323s, 11415699n)
[31] Running BiHS-Bloom(10%, k1, dynamic, size=16648KiB, k=1, fp_est=0.125797, limit=2091s)...
Bloom filter size: 16648 KiB, k_hashes: 1, min_items: 3030675
 done (96.5644s, 1474744512n)
[31] Running IDTHSwTrans(10%, states=3030711, limit=1800s)... done (48.0037s, 10373061n)
[31] Running BiHS-Bloom(10%, optk, dynamic, size=16648KiB, k=5, fp_est=0.0280812, limit=2091s)...
Bloom filter size: 16648 KiB, k_hashes: 5, min_items: 3030675
 done (91.9821s, 1474744512n)
[31] Running IDTHSwTrans(10%, states=3030711, limit=1800s)... done (48.3364s, 10373061n)
[31] Running BiHS-Bloom(10%, rootk, dynamic, size=16648KiB, k=2, fp_est=0.0555867, limit=2091s)...
Bloom filter size: 16648 KiB, k_hashes: 2, min_items: 3030675
 done (93.0793s, 1474744512n)
[31] Running IDTHSwTrans(10%, states=3030711, limit=1800s)... done (48.3348s, 10373061n)
[31] Running BiHS-Bloom(1%, k1, dynamic, size=1665KiB, k=1, fp_est=0.739268, limit=2091s)...
Bloom filter size: 1665 KiB, k_hashes: 1, min_items: 303104
[TYPE] Splitting depth 59 into 4 hash types (Ff=29980874, Fb=18511608, min_items=303104)
 done (109.516s, 2154884040n)
[31] Running IDTHSwTrans(1%, states=303071, limit=1800s)... done (82.8788s, 9748042n)
[31] Running BiHS-Bloom(1%, optk, dynamic, size=1665KiB, k=1, fp_est=0.739268, limit=2091s)...
Bloom filter size: 1665 KiB, k_hashes: 1, min_items: 303104
[TYPE] Splitting depth 59 into 4 hash types (Ff=29980874, Fb=18535245, min_items=303104)
 done (110.062s, 2154884040n)
[31] Running IDTHSwTrans(1%, states=303071, limit=1800s)... done (83.2416s, 9748042n)
[31] Running BiHS-Bloom(1%, rootk, dynamic, size=1665KiB, k=1, fp_est=0.739268, limit=2091s)...
Bloom filter size: 1665 KiB, k_hashes: 1, min_items: 303104
[TYPE] Splitting depth 59 into 4 hash types (Ff=29980874, Fb=18487528, min_items=303104)
 done (112.24s, 2154884040n)
[31] Running IDTHSwTrans(1%, states=303071, limit=1800s)... done (82.969s, 9748042n)
[31] Running BiHS-Bloom(0.1%, k1, dynamic, size=166KiB, k=1, fp_est=0.999999, limit=2091s)...
Bloom filter size: 166 KiB, k_hashes: 1, min_items: 30219
[TYPE] Splitting depth 57 into 7 hash types (Ff=4674759, Fb=4913106, min_items=30219)
[TYPE] Splitting depth 59 into 8 hash types (Ff=29980874, Fb=44252586, min_items=30219)
 done (189.591s, 2919709636n)
[31] Running IDTHSwTrans(0.1%, states=30307, limit=1800s)... done (107.189s, 16173900n)
[31] Running BiHS-Bloom(0.1%, optk, dynamic, size=166KiB, k=1, fp_est=0.999999, limit=2091s)...
Bloom filter size: 166 KiB, k_hashes: 1, min_items: 30219
[TYPE] Splitting depth 57 into 7 hash types (Ff=4674759, Fb=4905117, min_items=30219)
[TYPE] Splitting depth 59 into 8 hash types (Ff=29980874, Fb=44251380, min_items=30219)
 done (190.166s, 2919709636n)
[31] Running IDTHSwTrans(0.1%, states=30307, limit=1800s)... done (107.157s, 16173900n)
[31] Running BiHS-Bloom(0.1%, rootk, dynamic, size=166KiB, k=1, fp_est=0.999999, limit=2091s)...
Bloom filter size: 166 KiB, k_hashes: 1, min_items: 30219
[TYPE] Splitting depth 57 into 7 hash types (Ff=4674759, Fb=4907867, min_items=30219)
[TYPE] Splitting depth 59 into 8 hash types (Ff=29980874, Fb=44254950, min_items=30219)
 done (189.989s, 2919709636n)
[31] Running IDTHSwTrans(0.1%, states=30307, limit=1800s)... done (107.076s, 16173900n)
Puzzle #31 | A*: 47.0191s/17025065n | Rev-A*: 85.9554s/28470530n | BAE*: 30.2319s/6721030n | NBS: 104.55s/23913258n | MM: 77.6907s/24180119n | IDA*: 47.4797s/200857451n | Parallel IDA*: 28.3387s/242325916n | Rev-IDA*: 33.0079s/147778563n | BiHS-Bloom(50%,k1,dynamic): 97.768s/1474744512n | IDTHSwTrans(50%): 50.3237s/11415699n | BiHS-Bloom(50%,optk,dynamic): 92.9278s/1474744512n | IDTHSwTrans(50%): 48.7911s/11415699n | BiHS-Bloom(50%,rootk,dynamic): 84.8762s/1474744512n | IDTHSwTrans(50%): 48.8323s/11415699n | BiHS-Bloom(10%,k1,dynamic): 96.5644s/1474744512n | IDTHSwTrans(10%): 48.0037s/10373061n | BiHS-Bloom(10%,optk,dynamic): 91.9821s/1474744512n | IDTHSwTrans(10%): 48.3364s/10373061n | BiHS-Bloom(10%,rootk,dynamic): 93.0793s/1474744512n | IDTHSwTrans(10%): 48.3348s/10373061n | BiHS-Bloom(1%,k1,dynamic): 109.516s/2154884040n | IDTHSwTrans(1%): 82.8788s/9748042n | BiHS-Bloom(1%,optk,dynamic): 110.062s/2154884040n | IDTHSwTrans(1%): 83.2416s/9748042n | BiHS-Bloom(1%,rootk,dynamic): 112.24s/2154884040n | IDTHSwTrans(1%): 82.969s/9748042n | BiHS-Bloom(0.1%,k1,dynamic): 189.591s/2919709636n | IDTHSwTrans(0.1%): 107.189s/16173900n | BiHS-Bloom(0.1%,optk,dynamic): 190.166s/2919709636n | IDTHSwTrans(0.1%): 107.157s/16173900n | BiHS-Bloom(0.1%,rootk,dynamic): 189.989s/2919709636n | IDTHSwTrans(0.1%): 107.076s/16173900n | Length: 59
Results written to results/stp_pancake/parts/benchmark_stp_31.csv
