------------------------------------
Sun 28 Jun 2026 02:28:12 IDT
SLURM_JOBID:		18485705
SLURM_JOB_NODELIST:	ise-cpu-intl-15
SLURM_SCRATCH_DIR:	
Allocated Resouces:	cpu - 2 / mem - 65536 MB / gpu - 
SLURM_GPU_INDEX:	
Running as omerpr from felner account with normal QOS
------------------------------------
------------------------------------
Sun 28 Jun 2026 02:28:13 IDT
SLURM_JOBID:		18485705
SLURM_JOB_NODELIST:	ise-cpu-intl-15
SLURM_SCRATCH_DIR:	
Allocated Resouces:	cpu - 2 / mem - 65536 MB / gpu - 
SLURM_GPU_INDEX:	
Running as omerpr from felner account with normal QOS
------------------------------------
Domain: Pancake Puzzle
[24] Running Pancake A*... done (0.149494s, 4796n)
[24] Running Pancake Rev-A*... done (0.0969736s, 3554n)
[24] Running Pancake BAE*... done (0.0843034s, 5578n)
[24] Running Pancake NBS... done (0.307153s, 7092n)
[24] Running Pancake MM... done (0.143105s, 8110n)
[24] Running Pancake IDA*... done (0.0203623s, 8292n)
[24] Running Pancake Rev-IDA*... done (0.0361412s, 14968n)
[24] Running Pancake Parallel IDA*...1994544 pieces of work generated
Starting iteration with bound 10.000000; 117326 expanded, 2229194 generated
Starting iteration with bound 11.000000; 117326 expanded, 2229194 generated
Starting iteration with bound 12.000000; 117326 expanded, 2229194 generated
Starting iteration with bound 13.000000; 117372 expanded, 2230068 generated
Starting iteration with bound 14.000000; 119761 expanded, 2275459 generated
 done (6.12267s, 143308n)
[24] Pancake BiHS-Bloom timeout limit: 122.453s
[24] Pancake IDTHSwTrans state bound baseline: 60738
[24] Running Pancake BiHS-Bloom(50%, optk, dynamic, size=230KiB, k=17, fp_est=9.86105e-06, limit=122.453s)...Bloom filter size: 230 KiB, k_hashes: 17, min_items: 30389
 done (0.47872s, 3056352n)
[24] Running Pancake IDTHSwTrans(50%, states=30369, limit=1800s)... done (0.133694s, 21910n)
[24] Running Pancake BiHS-Bloom(10%, optk, dynamic, size=46KiB, k=3, fp_est=0.100417, limit=122.453s)...Bloom filter size: 46 KiB, k_hashes: 3, min_items: 6077
 done (0.471347s, 3056352n)
[24] Running Pancake IDTHSwTrans(10%, states=6073, limit=1800s)... done (0.0569762s, 7685n)
[24] Running Pancake BiHS-Bloom(1%, optk, dynamic, size=5KiB, k=1, fp_est=0.852959, limit=122.453s)...Bloom filter size: 5 KiB, k_hashes: 1, min_items: 660
 done (0.47042s, 3056352n)
[24] Running Pancake IDTHSwTrans(1%, states=607, limit=1800s)... done (0.0303971s, 4974n)
[24] Running Pancake BiHS-Bloom(0.1%, optk, dynamic, size=1KiB, k=1, fp_est=0.999931, limit=122.453s)...Bloom filter size: 1 KiB, k_hashes: 1, min_items: 132
[TYPE] Splitting depth 14 into 2 hash types (Ff=20963, Fb=761, min_items=132)
 done (0.470543s, 3686139n)
[24] Running Pancake IDTHSwTrans(0.1%, states=60, limit=1800s)... done (0.0303745s, 5257n)
Pancake #24 | A*: 0.149494s/4796n | Rev-A*: 0.0969736s/3554n | BAE*: 0.0843034s/5578n | NBS: 0.307153s/7092n | MM: 0.143105s/8110n | IDA*: 0.0203623s/8292n | Parallel IDA*: 6.12267s/143308n | Rev-IDA*: 0.0361412s/14968n | BiHS-Bloom(50%,optk,dynamic): 0.47872s/3056352n | IDTHSwTrans(50%): 0.133694s/21910n | BiHS-Bloom(10%,optk,dynamic): 0.471347s/3056352n | IDTHSwTrans(10%): 0.0569762s/7685n | BiHS-Bloom(1%,optk,dynamic): 0.47042s/3056352n | IDTHSwTrans(1%): 0.0303971s/4974n | BiHS-Bloom(0.1%,optk,dynamic): 0.470543s/3686139n | IDTHSwTrans(0.1%): 0.0303745s/5257n | Length: 14
Results written to results/stp_pancake/parts/benchmark_pancake_24.csv
