------------------------------------
Sat 27 Jun 2026 21:53:25 IDT
SLURM_JOBID:		18472561
SLURM_JOB_NODELIST:	ise-cpu-intl-24
SLURM_SCRATCH_DIR:	
Allocated Resouces:	cpu - 2 / mem - 65536 MB / gpu - 
SLURM_GPU_INDEX:	
Running as omerpr from felner account with normal QOS
------------------------------------
------------------------------------
Sat 27 Jun 2026 21:53:25 IDT
SLURM_JOBID:		18472561
SLURM_JOB_NODELIST:	ise-cpu-intl-24
SLURM_SCRATCH_DIR:	
Allocated Resouces:	cpu - 2 / mem - 65536 MB / gpu - 
SLURM_GPU_INDEX:	
Running as omerpr from felner account with normal QOS
------------------------------------
Domain: Pancake Puzzle
[71] Running Pancake A*... done (14.0033s, 293489n)
[71] Running Pancake Rev-A*... done (13.9694s, 293489n)
[71] Skipping BAE*, NBS, IDA*, Rev-IDA*, and Parallel IDA*; use --full to run them
[71] Running Pancake MM... done (17.7086s, 555468n)
[71] Pancake BiHS-Bloom timeout limit: 354.172s
[71] Pancake IDTHSwTrans state bound baseline: 4656853
[71] Running Pancake BiHS-Bloom(50%, optk, dynamic, size=17622KiB, k=23, fp_est=1.46281e-07, limit=354.172s)...Bloom filter size: 17622 KiB, k_hashes: 23, min_items: 2328377
 done (54.9534s, 300364665n)
[71] Running Pancake IDTHSwTrans(50%, states=2328426, limit=1800s)... done (3.55378s, 175193n)
[71] Running Pancake BiHS-Bloom(10%, optk, dynamic, size=3524KiB, k=5, fp_est=0.0433641, limit=354.172s)...Bloom filter size: 3524 KiB, k_hashes: 5, min_items: 465622
 done (52.9675s, 300364665n)
[71] Running Pancake IDTHSwTrans(10%, states=465685, limit=1800s)... done (3.19352s, 156572n)
[71] Running Pancake BiHS-Bloom(1%, optk, dynamic, size=352KiB, k=1, fp_est=0.783089, limit=354.172s)...Bloom filter size: 352 KiB, k_hashes: 1, min_items: 46509
 done (56.6003s, 384677136n)
[71] Running Pancake IDTHSwTrans(1%, states=46568, limit=1800s)... done (2.51422s, 89773n)
[71] Running Pancake BiHS-Bloom(0.1%, optk, dynamic, size=35KiB, k=1, fp_est=1, limit=354.172s)...Bloom filter size: 35 KiB, k_hashes: 1, min_items: 4624
[TYPE] Splitting depth 16 into 8 hash types (Ff=1744767, Fb=516787, min_items=4624)
 done (56.8677s, 384677136n)
[71] Running Pancake IDTHSwTrans(0.1%, states=4656, limit=1800s)... done (2.75577s, 102101n)
Pancake #71 | A*: 14.0033s/293489n | Rev-A*: 13.9694s/293489n | BAE*: -3s/0n | NBS: -3s/0n | MM: 17.7086s/555468n | IDA*: -3s/0n | Parallel IDA*: -3s/0n | Rev-IDA*: -3s/0n | BiHS-Bloom(50%,optk,dynamic): 54.9534s/300364665n | IDTHSwTrans(50%): 3.55378s/175193n | BiHS-Bloom(10%,optk,dynamic): 52.9675s/300364665n | IDTHSwTrans(10%): 3.19352s/156572n | BiHS-Bloom(1%,optk,dynamic): 56.6003s/384677136n | IDTHSwTrans(1%): 2.51422s/89773n | BiHS-Bloom(0.1%,optk,dynamic): 56.8677s/384677136n | IDTHSwTrans(0.1%): 2.75577s/102101n | Length: 16
Results written to results/stp_pancake/parts/benchmark_pancake_71.csv
