------------------------------------
Mon 29 Jun 2026 01:27:55 IDT
SLURM_JOBID:		18546930
SLURM_JOB_NODELIST:	ise-cpu-intl-24
SLURM_SCRATCH_DIR:	
Allocated Resouces:	cpu - 2 / mem - 102400 MB / gpu - 
SLURM_GPU_INDEX:	
Running as omerpr from felner account with normal QOS
------------------------------------
------------------------------------
Mon 29 Jun 2026 01:27:55 IDT
SLURM_JOBID:		18546930
SLURM_JOB_NODELIST:	ise-cpu-intl-24
SLURM_SCRATCH_DIR:	
Allocated Resouces:	cpu - 2 / mem - 102400 MB / gpu - 
SLURM_GPU_INDEX:	
Running as omerpr from felner account with normal QOS
------------------------------------
Domain: Sliding Tile Puzzle
Starting Korf's Puzzle #99

[99] Running A*... done (22.2897s, 4599091n)
[99] Running Rev-A*... done (24.4455s, 4882368n)
[99] Running BAE*... done (7.78904s, 1479820n)
[99] Running NBS... done (37.7545s, 5297670n)
[99] Running MM... done (25.5943s, 5167517n)
[99] Running IDA*... done (12.3315s, 27687835n)
[99] Running Rev-IDA*... done (35.0405s, 77297535n)
[99] Running Parallel IDA*...66 pieces of work generated
Starting iteration with bound 38.000000; 56 expanded, 176 generated
Starting iteration with bound 40.000000; 56 expanded, 176 generated
Starting iteration with bound 42.000000; 88 expanded, 266 generated
Starting iteration with bound 44.000000; 729 expanded, 2117 generated
Starting iteration with bound 46.000000; 7122 expanded, 20842 generated
Starting iteration with bound 48.000000; 57688 expanded, 170524 generated
Starting iteration with bound 50.000000; 414716 expanded, 1233728 generated
Starting iteration with bound 52.000000; 2772977 expanded, 8292575 generated
Starting iteration with bound 54.000000; 17571404 expanded, 52753351 generated
 done (13.463s, 55864734n)
[99] BiHS-Bloom timeout limit: 755.09s
[99] IDTHSwTrans state bound baseline: 8429672
[99] Running BiHS-Bloom(50%, k1, dynamic, size=23153KiB, k=1, fp_est=0.0224846, limit=755.09s)...
Bloom filter size: 23153 KiB, k_hashes: 1, min_items: 4214875
 done (29.8842s, 270425936n)
[99] Running IDTHSwTrans(50%, states=4214836, limit=1800s)... done (60.2342s, 2603683n)
[99] Running BiHS-Bloom(50%, optk, dynamic, size=23153KiB, k=30, fp_est=6.68951e-10, limit=755.09s)...
Bloom filter size: 23153 KiB, k_hashes: 30, min_items: 4214875
 done (32.8996s, 270425936n)
[99] Running IDTHSwTrans(50%, states=4214836, limit=1800s)... done (60.7711s, 2603683n)
[99] Running BiHS-Bloom(50%, rootk, dynamic, size=23153KiB, k=5, fp_est=1.43429e-05, limit=755.09s)...
Bloom filter size: 23153 KiB, k_hashes: 5, min_items: 4214875
 done (26.8545s, 270425936n)
[99] Running IDTHSwTrans(50%, states=4214836, limit=1800s)... done (59.8996s, 2603683n)
[99] Running BiHS-Bloom(10%, k1, dynamic, size=4631KiB, k=1, fp_est=0.107471, limit=755.09s)...
Bloom filter size: 4631 KiB, k_hashes: 1, min_items: 843047
 done (29.3747s, 270425936n)
[99] Running IDTHSwTrans(10%, states=842967, limit=1800s)... done (60.089s, 2603683n)
[99] Running BiHS-Bloom(10%, optk, dynamic, size=4631KiB, k=6, fp_est=0.0146191, limit=755.09s)...
Bloom filter size: 4631 KiB, k_hashes: 6, min_items: 843047
 done (25.8512s, 270425936n)
[99] Running IDTHSwTrans(10%, states=842967, limit=1800s)... done (59.8798s, 2603683n)
[99] Running BiHS-Bloom(10%, rootk, dynamic, size=4631KiB, k=2, fp_est=0.0413684, limit=755.09s)...
Bloom filter size: 4631 KiB, k_hashes: 2, min_items: 843047
 done (28.4286s, 270425936n)
[99] Running IDTHSwTrans(10%, states=842967, limit=1800s)... done (59.9396s, 2603683n)
[99] Running BiHS-Bloom(1%, k1, dynamic, size=463KiB, k=1, fp_est=0.679287, limit=755.09s)...
Bloom filter size: 463 KiB, k_hashes: 1, min_items: 84286
[TYPE] Splitting depth 54 into 2 hash types (Ff=6435746, Fb=2339080, min_items=84286)
 done (42.1999s, 414511592n)
[99] Running IDTHSwTrans(1%, states=84296, limit=1800s)... done (21.7395s, 1676960n)
[99] Running BiHS-Bloom(1%, optk, dynamic, size=463KiB, k=1, fp_est=0.679287, limit=755.09s)...
Bloom filter size: 463 KiB, k_hashes: 1, min_items: 84286
[TYPE] Splitting depth 54 into 2 hash types (Ff=6435746, Fb=2346524, min_items=84286)
 done (42.6132s, 414511592n)
[99] Running IDTHSwTrans(1%, states=84296, limit=1800s)... done (21.7226s, 1676960n)
[99] Running BiHS-Bloom(1%, rootk, dynamic, size=463KiB, k=1, fp_est=0.679287, limit=755.09s)...
Bloom filter size: 463 KiB, k_hashes: 1, min_items: 84286
[TYPE] Splitting depth 54 into 2 hash types (Ff=6435746, Fb=2345422, min_items=84286)
 done (42.7208s, 414511592n)
[99] Running IDTHSwTrans(1%, states=84296, limit=1800s)... done (21.7771s, 1676960n)
[99] Running BiHS-Bloom(0.1%, k1, dynamic, size=46KiB, k=1, fp_est=0.999989, limit=755.09s)...
Bloom filter size: 46 KiB, k_hashes: 1, min_items: 8374
[TYPE] Splitting depth 52 into 5 hash types (Ff=1169776, Fb=729196, min_items=8374)
[TYPE] Splitting depth 54 into 8 hash types (Ff=6435746, Fb=6496167, min_items=8374)
 done (84.8139s, 656843866n)
[99] Running IDTHSwTrans(0.1%, states=8429, limit=1800s)... done (18.9435s, 2079843n)
[99] Running BiHS-Bloom(0.1%, optk, dynamic, size=46KiB, k=1, fp_est=0.999989, limit=755.09s)...
Bloom filter size: 46 KiB, k_hashes: 1, min_items: 8374
[TYPE] Splitting depth 52 into 5 hash types (Ff=1169776, Fb=730281, min_items=8374)
[TYPE] Splitting depth 54 into 8 hash types (Ff=6435746, Fb=6492967, min_items=8374)
 done (84.6967s, 656843866n)
[99] Running IDTHSwTrans(0.1%, states=8429, limit=1800s)... done (18.987s, 2079843n)
[99] Running BiHS-Bloom(0.1%, rootk, dynamic, size=46KiB, k=1, fp_est=0.999989, limit=755.09s)...
Bloom filter size: 46 KiB, k_hashes: 1, min_items: 8374
[TYPE] Splitting depth 52 into 5 hash types (Ff=1169776, Fb=731128, min_items=8374)
[TYPE] Splitting depth 54 into 8 hash types (Ff=6435746, Fb=6493780, min_items=8374)
 done (84.7868s, 656843866n)
[99] Running IDTHSwTrans(0.1%, states=8429, limit=1800s)... done (19.0309s, 2079843n)
Puzzle #99 | A*: 22.2897s/4599091n | Rev-A*: 24.4455s/4882368n | BAE*: 7.78904s/1479820n | NBS: 37.7545s/5297670n | MM: 25.5943s/5167517n | IDA*: 12.3315s/27687835n | Parallel IDA*: 13.463s/55864734n | Rev-IDA*: 35.0405s/77297535n | BiHS-Bloom(50%,k1,dynamic): 29.8842s/270425936n | IDTHSwTrans(50%): 60.2342s/2603683n | BiHS-Bloom(50%,optk,dynamic): 32.8996s/270425936n | IDTHSwTrans(50%): 60.7711s/2603683n | BiHS-Bloom(50%,rootk,dynamic): 26.8545s/270425936n | IDTHSwTrans(50%): 59.8996s/2603683n | BiHS-Bloom(10%,k1,dynamic): 29.3747s/270425936n | IDTHSwTrans(10%): 60.089s/2603683n | BiHS-Bloom(10%,optk,dynamic): 25.8512s/270425936n | IDTHSwTrans(10%): 59.8798s/2603683n | BiHS-Bloom(10%,rootk,dynamic): 28.4286s/270425936n | IDTHSwTrans(10%): 59.9396s/2603683n | BiHS-Bloom(1%,k1,dynamic): 42.1999s/414511592n | IDTHSwTrans(1%): 21.7395s/1676960n | BiHS-Bloom(1%,optk,dynamic): 42.6132s/414511592n | IDTHSwTrans(1%): 21.7226s/1676960n | BiHS-Bloom(1%,rootk,dynamic): 42.7208s/414511592n | IDTHSwTrans(1%): 21.7771s/1676960n | BiHS-Bloom(0.1%,k1,dynamic): 84.8139s/656843866n | IDTHSwTrans(0.1%): 18.9435s/2079843n | BiHS-Bloom(0.1%,optk,dynamic): 84.6967s/656843866n | IDTHSwTrans(0.1%): 18.987s/2079843n | BiHS-Bloom(0.1%,rootk,dynamic): 84.7868s/656843866n | IDTHSwTrans(0.1%): 19.0309s/2079843n | Length: 54
Results written to results/stp_pancake/parts/benchmark_stp_99.csv
