------------------------------------
Sun 28 Jun 2026 02:53:10 IDT
SLURM_JOBID:		18486517
SLURM_JOB_NODELIST:	ise-cpu-intl-10
SLURM_SCRATCH_DIR:	
Allocated Resouces:	cpu - 2 / mem - 65536 MB / gpu - 
SLURM_GPU_INDEX:	
Running as omerpr from felner account with normal QOS
------------------------------------
------------------------------------
Sun 28 Jun 2026 02:53:10 IDT
SLURM_JOBID:		18486517
SLURM_JOB_NODELIST:	ise-cpu-intl-10
SLURM_SCRATCH_DIR:	
Allocated Resouces:	cpu - 2 / mem - 65536 MB / gpu - 
SLURM_GPU_INDEX:	
Running as omerpr from felner account with normal QOS
------------------------------------
Domain: Pancake Puzzle
[69] Running Pancake A*... done (2.55641s, 78825n)
[69] Running Pancake Rev-A*... done (7.90663s, 240690n)
[69] Running Pancake BAE*... done (3.09296s, 106569n)
[69] Running Pancake NBS... done (34.4546s, 1065124n)
[69] Running Pancake MM... done (29.8782s, 1044180n)
[69] Running Pancake IDA*... done (4.34932s, 870480n)
[69] Running Pancake Rev-IDA*... done (0.844413s, 384673n)
[69] Running Pancake Parallel IDA*...1994544 pieces of work generated
Starting iteration with bound 11.000000; 117326 expanded, 2229194 generated
Starting iteration with bound 12.000000; 117326 expanded, 2229194 generated
Starting iteration with bound 13.000000; 117326 expanded, 2229194 generated
Starting iteration with bound 14.000000; 117379 expanded, 2230201 generated
Starting iteration with bound 15.000000; 120266 expanded, 2285054 generated
Starting iteration with bound 16.000000; 203112 expanded, 3859128 generated
 done (8.0455s, 1027634n)
[69] Pancake BiHS-Bloom timeout limit: 689.093s
[69] Pancake IDTHSwTrans state bound baseline: 1287121
[69] Running Pancake BiHS-Bloom(50%, optk, dynamic, size=4871KiB, k=3, fp_est=0.175722, limit=689.093s)...Bloom filter size: 4871 KiB, k_hashes: 3, min_items: 643600
 done (9.44257s, 62301090n)
[69] Running Pancake IDTHSwTrans(50%, states=643560, limit=1800s)... done (1.94175s, 104521n)
[69] Running Pancake BiHS-Bloom(10%, optk, dynamic, size=974KiB, k=1, fp_est=0.745641, limit=689.093s)...Bloom filter size: 974 KiB, k_hashes: 1, min_items: 128693
 done (9.81523s, 62301090n)
[69] Running Pancake IDTHSwTrans(10%, states=128712, limit=1800s)... done (3.27626s, 115947n)
[69] Running Pancake BiHS-Bloom(1%, optk, dynamic, size=97KiB, k=1, fp_est=0.999999, limit=689.093s)...Bloom filter size: 97 KiB, k_hashes: 1, min_items: 12816
 done (9.80601s, 62301090n)
[69] Running Pancake IDTHSwTrans(1%, states=12871, limit=1800s)... done (3.00019s, 118317n)
[69] Running Pancake BiHS-Bloom(0.1%, optk, dynamic, size=10KiB, k=1, fp_est=1, limit=689.093s)...Bloom filter size: 10 KiB, k_hashes: 1, min_items: 1321
[TYPE] Splitting depth 16 into 4 hash types (Ff=415486, Fb=30261, min_items=1321)
 done (21.1576s, 94121895n)
[69] Running Pancake IDTHSwTrans(0.1%, states=1287, limit=1800s)... done (3.11189s, 162156n)
Pancake #69 | A*: 2.55641s/78825n | Rev-A*: 7.90663s/240690n | BAE*: 3.09296s/106569n | NBS: 34.4546s/1065124n | MM: 29.8782s/1044180n | IDA*: 4.34932s/870480n | Parallel IDA*: 8.0455s/1027634n | Rev-IDA*: 0.844413s/384673n | BiHS-Bloom(50%,optk,dynamic): 9.44257s/62301090n | IDTHSwTrans(50%): 1.94175s/104521n | BiHS-Bloom(10%,optk,dynamic): 9.81523s/62301090n | IDTHSwTrans(10%): 3.27626s/115947n | BiHS-Bloom(1%,optk,dynamic): 9.80601s/62301090n | IDTHSwTrans(1%): 3.00019s/118317n | BiHS-Bloom(0.1%,optk,dynamic): 21.1576s/94121895n | IDTHSwTrans(0.1%): 3.11189s/162156n | Length: 16
Results written to results/stp_pancake/parts/benchmark_pancake_69.csv
