------------------------------------
Sun 28 Jun 2026 23:04:42 IDT
SLURM_JOBID:		18543464
SLURM_JOB_NODELIST:	ise-cpu256-27
SLURM_SCRATCH_DIR:	/scratch/omerpr/18543464
Allocated Resouces:	cpu - 2 / mem - 102400 MB / gpu - 
SLURM_GPU_INDEX:	
Running as omerpr from felner account with normal QOS
------------------------------------
------------------------------------
Sun 28 Jun 2026 23:04:42 IDT
SLURM_JOBID:		18543464
SLURM_JOB_NODELIST:	ise-cpu256-27
SLURM_SCRATCH_DIR:	/scratch/omerpr/18543464
Allocated Resouces:	cpu - 2 / mem - 102400 MB / gpu - 
SLURM_GPU_INDEX:	
Running as omerpr from felner account with normal QOS
------------------------------------
Domain: Sliding Tile Puzzle
Starting Korf's Puzzle #4

[4] Running A*... done (4.96601s, 2026145n)
[4] Running Rev-A*... done (4.76444s, 2031500n)
[4] Running BAE*... done (2.25032s, 811824n)
[4] Running NBS... done (10.3545s, 2650764n)
[4] Running MM... done (7.72217s, 2633273n)
[4] Running IDA*... done (1.6478s, 8104910n)
[4] Running Rev-IDA*... done (5.98228s, 29541832n)
[4] Running Parallel IDA*...54 pieces of work generated
Starting iteration with bound 42.000000; 41 expanded, 134 generated
Starting iteration with bound 44.000000; 41 expanded, 134 generated
Starting iteration with bound 46.000000; 162 expanded, 474 generated
Starting iteration with bound 48.000000; 1467 expanded, 4203 generated
Starting iteration with bound 50.000000; 12162 expanded, 35085 generated
Starting iteration with bound 52.000000; 95196 expanded, 276511 generated
Starting iteration with bound 54.000000; 730148 expanded, 2135032 generated
Starting iteration with bound 56.000000; 5399393 expanded, 15880304 generated
 done (2.14657s, 18695117n)
[4] BiHS-Bloom timeout limit: 207.09s
[4] IDTHSwTrans state bound baseline: 3680765
[4] Running BiHS-Bloom(50%, k1, dynamic, size=10110KiB, k=1, fp_est=0.0287005, limit=207.09s)...
Bloom filter size: 10110 KiB, k_hashes: 1, min_items: 1840469
 done (7.37575s, 125173080n)
[4] Running IDTHSwTrans(50%, states=1840382, limit=1800s)... done (12.4386s, 2779857n)
[4] Running BiHS-Bloom(50%, optk, dynamic, size=10110KiB, k=24, fp_est=6.83593e-08, limit=207.09s)...
Bloom filter size: 10110 KiB, k_hashes: 24, min_items: 1840469
 done (6.17066s, 125173080n)
[4] Running IDTHSwTrans(50%, states=1840382, limit=1800s)... done (12.2952s, 2779857n)
[4] Running BiHS-Bloom(50%, rootk, dynamic, size=10110KiB, k=5, fp_est=4.56742e-05, limit=207.09s)...
Bloom filter size: 10110 KiB, k_hashes: 5, min_items: 1840469
 done (6.45776s, 125173080n)
[4] Running IDTHSwTrans(50%, states=1840382, limit=1800s)... done (12.3439s, 2779857n)
[4] Running BiHS-Bloom(10%, k1, dynamic, size=2022KiB, k=1, fp_est=0.135498, limit=207.09s)...
Bloom filter size: 2022 KiB, k_hashes: 1, min_items: 368093
 done (6.92193s, 125173080n)
[4] Running IDTHSwTrans(10%, states=368076, limit=1800s)... done (4.6965s, 1915105n)
[4] Running BiHS-Bloom(10%, optk, dynamic, size=2022KiB, k=5, fp_est=0.0369832, limit=207.09s)...
Bloom filter size: 2022 KiB, k_hashes: 5, min_items: 368093
 done (5.94936s, 125173080n)
[4] Running IDTHSwTrans(10%, states=368076, limit=1800s)... done (4.61696s, 1915105n)
[4] Running BiHS-Bloom(10%, rootk, dynamic, size=2022KiB, k=2, fp_est=0.0638254, limit=207.09s)...
Bloom filter size: 2022 KiB, k_hashes: 2, min_items: 368093
 done (6.60696s, 125173080n)
[4] Running IDTHSwTrans(10%, states=368076, limit=1800s)... done (4.92301s, 1915105n)
[4] Running BiHS-Bloom(1%, k1, dynamic, size=202KiB, k=1, fp_est=0.767174, limit=207.09s)...
Bloom filter size: 202 KiB, k_hashes: 1, min_items: 36772
[TYPE] Splitting depth 56 into 2 hash types (Ff=2146844, Fb=832562, min_items=36772)
 done (9.96139s, 173995429n)
[4] Running IDTHSwTrans(1%, states=36807, limit=1800s)... done (3.22256s, 1616306n)
[4] Running BiHS-Bloom(1%, optk, dynamic, size=202KiB, k=1, fp_est=0.767174, limit=207.09s)...
Bloom filter size: 202 KiB, k_hashes: 1, min_items: 36772
[TYPE] Splitting depth 56 into 2 hash types (Ff=2146844, Fb=834502, min_items=36772)
 done (9.86612s, 173995429n)
[4] Running IDTHSwTrans(1%, states=36807, limit=1800s)... done (3.25428s, 1616306n)
[4] Running BiHS-Bloom(1%, rootk, dynamic, size=202KiB, k=1, fp_est=0.767174, limit=207.09s)...
Bloom filter size: 202 KiB, k_hashes: 1, min_items: 36772
[TYPE] Splitting depth 56 into 2 hash types (Ff=2146844, Fb=834412, min_items=36772)
 done (10.1146s, 173995429n)
[4] Running IDTHSwTrans(1%, states=36807, limit=1800s)... done (3.03519s, 1616306n)
[4] Running BiHS-Bloom(0.1%, k1, dynamic, size=20KiB, k=1, fp_est=1, limit=207.09s)...
Bloom filter size: 20 KiB, k_hashes: 1, min_items: 3640
[TYPE] Splitting depth 54 into 3 hash types (Ff=287032, Fb=179370, min_items=3640)
[TYPE] Splitting depth 56 into 8 hash types (Ff=2146844, Fb=2125530, min_items=3640)
 done (12.3829s, 209371497n)
[4] Running IDTHSwTrans(0.1%, states=3680, limit=1800s)... done (3.11602s, 1764720n)
[4] Running BiHS-Bloom(0.1%, optk, dynamic, size=20KiB, k=1, fp_est=1, limit=207.09s)...
Bloom filter size: 20 KiB, k_hashes: 1, min_items: 3640
[TYPE] Splitting depth 54 into 3 hash types (Ff=287032, Fb=178971, min_items=3640)
[TYPE] Splitting depth 56 into 8 hash types (Ff=2146844, Fb=2124901, min_items=3640)
 done (12.1445s, 207353260n)
[4] Running IDTHSwTrans(0.1%, states=3680, limit=1800s)... done (2.89642s, 1764720n)
[4] Running BiHS-Bloom(0.1%, rootk, dynamic, size=20KiB, k=1, fp_est=1, limit=207.09s)...
Bloom filter size: 20 KiB, k_hashes: 1, min_items: 3640
[TYPE] Splitting depth 54 into 3 hash types (Ff=287032, Fb=178186, min_items=3640)
[TYPE] Splitting depth 56 into 8 hash types (Ff=2146844, Fb=2125192, min_items=3640)
 done (12.2047s, 207353260n)
[4] Running IDTHSwTrans(0.1%, states=3680, limit=1800s)... done (3.09739s, 1764720n)
Puzzle #4 | A*: 4.96601s/2026145n | Rev-A*: 4.76444s/2031500n | BAE*: 2.25032s/811824n | NBS: 10.3545s/2650764n | MM: 7.72217s/2633273n | IDA*: 1.6478s/8104910n | Parallel IDA*: 2.14657s/18695117n | Rev-IDA*: 5.98228s/29541832n | BiHS-Bloom(50%,k1,dynamic): 7.37575s/125173080n | IDTHSwTrans(50%): 12.4386s/2779857n | BiHS-Bloom(50%,optk,dynamic): 6.17066s/125173080n | IDTHSwTrans(50%): 12.2952s/2779857n | BiHS-Bloom(50%,rootk,dynamic): 6.45776s/125173080n | IDTHSwTrans(50%): 12.3439s/2779857n | BiHS-Bloom(10%,k1,dynamic): 6.92193s/125173080n | IDTHSwTrans(10%): 4.6965s/1915105n | BiHS-Bloom(10%,optk,dynamic): 5.94936s/125173080n | IDTHSwTrans(10%): 4.61696s/1915105n | BiHS-Bloom(10%,rootk,dynamic): 6.60696s/125173080n | IDTHSwTrans(10%): 4.92301s/1915105n | BiHS-Bloom(1%,k1,dynamic): 9.96139s/173995429n | IDTHSwTrans(1%): 3.22256s/1616306n | BiHS-Bloom(1%,optk,dynamic): 9.86612s/173995429n | IDTHSwTrans(1%): 3.25428s/1616306n | BiHS-Bloom(1%,rootk,dynamic): 10.1146s/173995429n | IDTHSwTrans(1%): 3.03519s/1616306n | BiHS-Bloom(0.1%,k1,dynamic): 12.3829s/209371497n | IDTHSwTrans(0.1%): 3.11602s/1764720n | BiHS-Bloom(0.1%,optk,dynamic): 12.1445s/207353260n | IDTHSwTrans(0.1%): 2.89642s/1764720n | BiHS-Bloom(0.1%,rootk,dynamic): 12.2047s/207353260n | IDTHSwTrans(0.1%): 3.09739s/1764720n | Length: 56
Results written to results/stp_pancake/parts/benchmark_stp_4.csv
