------------------------------------
Sat 27 Jun 2026 21:37:24 IDT
SLURM_JOBID:		18471781
SLURM_JOB_NODELIST:	cs-cpu-07
SLURM_SCRATCH_DIR:	
Allocated Resouces:	cpu - 2 / mem - 65536 MB / gpu - 
SLURM_GPU_INDEX:	
Running as omerpr from felner account with normal QOS
------------------------------------
------------------------------------
Sat 27 Jun 2026 21:37:24 IDT
SLURM_JOBID:		18471781
SLURM_JOB_NODELIST:	cs-cpu-07
SLURM_SCRATCH_DIR:	
Allocated Resouces:	cpu - 2 / mem - 65536 MB / gpu - 
SLURM_GPU_INDEX:	
Running as omerpr from felner account with normal QOS
------------------------------------
Domain: Pancake Puzzle
[42] Running Pancake A*... done (15.5428s, 395218n)
[42] Running Pancake Rev-A*... done (16.0346s, 395218n)
[42] Skipping BAE*, NBS, IDA*, Rev-IDA*, and Parallel IDA*; use --full to run them
[42] Running Pancake MM... done (19.7762s, 708816n)
[42] Pancake BiHS-Bloom timeout limit: 395.524s
[42] Pancake IDTHSwTrans state bound baseline: 6139771
[42] Running Pancake BiHS-Bloom(50%, optk, dynamic, size=23234KiB, k=24, fp_est=6.40875e-08, limit=395.524s)...Bloom filter size: 23234 KiB, k_hashes: 24, min_items: 3069885
 done (73.2198s, 426183945n)
[42] Running Pancake IDTHSwTrans(50%, states=3069885, limit=1800s)... done (4.41323s, 191540n)
[42] Running Pancake BiHS-Bloom(10%, optk, dynamic, size=4647KiB, k=5, fp_est=0.0364919, limit=395.524s)...Bloom filter size: 4647 KiB, k_hashes: 5, min_items: 614003
 done (70.8198s, 426183945n)
[42] Running Pancake IDTHSwTrans(10%, states=613977, limit=1800s)... done (4.45277s, 191540n)
[42] Running Pancake BiHS-Bloom(1%, optk, dynamic, size=465KiB, k=1, fp_est=0.765282, limit=395.524s)...Bloom filter size: 465 KiB, k_hashes: 1, min_items: 61440
 done (116.113s, 811783227n)
[42] Running Pancake IDTHSwTrans(1%, states=61397, limit=1800s)... done (3.44769s, 115445n)
[42] Running Pancake BiHS-Bloom(0.1%, optk, dynamic, size=46KiB, k=1, fp_est=1, limit=395.524s)...Bloom filter size: 46 KiB, k_hashes: 1, min_items: 6077
[TYPE] Splitting depth 16 into 8 hash types (Ff=2811507, Fb=2115872, min_items=6077)
 done (69.1272s, 529890051n)
[42] Running Pancake IDTHSwTrans(0.1%, states=6139, limit=1800s)... done (4.16218s, 162201n)
Pancake #42 | A*: 15.5428s/395218n | Rev-A*: 16.0346s/395218n | BAE*: -3s/0n | NBS: -3s/0n | MM: 19.7762s/708816n | IDA*: -3s/0n | Parallel IDA*: -3s/0n | Rev-IDA*: -3s/0n | BiHS-Bloom(50%,optk,dynamic): 73.2198s/426183945n | IDTHSwTrans(50%): 4.41323s/191540n | BiHS-Bloom(10%,optk,dynamic): 70.8198s/426183945n | IDTHSwTrans(10%): 4.45277s/191540n | BiHS-Bloom(1%,optk,dynamic): 116.113s/811783227n | IDTHSwTrans(1%): 3.44769s/115445n | BiHS-Bloom(0.1%,optk,dynamic): 69.1272s/529890051n | IDTHSwTrans(0.1%): 4.16218s/162201n | Length: 16
Results written to results/stp_pancake/parts/benchmark_pancake_42.csv
