------------------------------------
Sat 27 Jun 2026 21:32:55 IDT
SLURM_JOBID:		18471565
SLURM_JOB_NODELIST:	cs-cpu-06
SLURM_SCRATCH_DIR:	
Allocated Resouces:	cpu - 2 / mem - 65536 MB / gpu - 
SLURM_GPU_INDEX:	
Running as omerpr from felner account with normal QOS
------------------------------------
------------------------------------
Sat 27 Jun 2026 21:32:56 IDT
SLURM_JOBID:		18471565
SLURM_JOB_NODELIST:	cs-cpu-06
SLURM_SCRATCH_DIR:	
Allocated Resouces:	cpu - 2 / mem - 65536 MB / gpu - 
SLURM_GPU_INDEX:	
Running as omerpr from felner account with normal QOS
------------------------------------
Domain: Pancake Puzzle
[27] Running Pancake A*... done (10.7717s, 284568n)
[27] Running Pancake Rev-A*... done (10.1616s, 284568n)
[27] Skipping BAE*, NBS, IDA*, Rev-IDA*, and Parallel IDA*; use --full to run them
[27] Running Pancake MM... done (12.6876s, 540000n)
[27] Pancake BiHS-Bloom timeout limit: 253.752s
[27] Pancake IDTHSwTrans state bound baseline: 4471940
[27] Running Pancake BiHS-Bloom(50%, optk, dynamic, size=16923KiB, k=23, fp_est=1.5329e-07, limit=253.752s)...Bloom filter size: 16923 KiB, k_hashes: 23, min_items: 2236019
 done (43.7927s, 306878469n)
[27] Running Pancake IDTHSwTrans(50%, states=2235970, limit=1800s)... done (4.07154s, 179100n)
[27] Running Pancake BiHS-Bloom(10%, optk, dynamic, size=3385KiB, k=5, fp_est=0.0437588, limit=253.752s)...Bloom filter size: 3385 KiB, k_hashes: 5, min_items: 447256
 done (43.8979s, 306878469n)
[27] Running Pancake IDTHSwTrans(10%, states=447194, limit=1800s)... done (3.60314s, 160250n)
[27] Running Pancake BiHS-Bloom(1%, optk, dynamic, size=338KiB, k=1, fp_est=0.784103, limit=253.752s)...Bloom filter size: 338 KiB, k_hashes: 1, min_items: 44659
 done (45.5555s, 387722304n)
[27] Running Pancake IDTHSwTrans(1%, states=44719, limit=1800s)... done (5.08635s, 140738n)
[27] Running Pancake BiHS-Bloom(0.1%, optk, dynamic, size=34KiB, k=1, fp_est=1, limit=253.752s)...Bloom filter size: 34 KiB, k_hashes: 1, min_items: 4492
[TYPE] Splitting depth 16 into 8 hash types (Ff=1893893, Fb=617541, min_items=4492)
 done (46.1972s, 387722304n)
[27] Running Pancake IDTHSwTrans(0.1%, states=4471, limit=1800s)... done (3.88297s, 150467n)
Pancake #27 | A*: 10.7717s/284568n | Rev-A*: 10.1616s/284568n | BAE*: -3s/0n | NBS: -3s/0n | MM: 12.6876s/540000n | IDA*: -3s/0n | Parallel IDA*: -3s/0n | Rev-IDA*: -3s/0n | BiHS-Bloom(50%,optk,dynamic): 43.7927s/306878469n | IDTHSwTrans(50%): 4.07154s/179100n | BiHS-Bloom(10%,optk,dynamic): 43.8979s/306878469n | IDTHSwTrans(10%): 3.60314s/160250n | BiHS-Bloom(1%,optk,dynamic): 45.5555s/387722304n | IDTHSwTrans(1%): 5.08635s/140738n | BiHS-Bloom(0.1%,optk,dynamic): 46.1972s/387722304n | IDTHSwTrans(0.1%): 3.88297s/150467n | Length: 16
Results written to results/stp_pancake/parts/benchmark_pancake_27.csv
