------------------------------------
Sun 28 Jun 2026 23:13:24 IDT
SLURM_JOBID:		18543589
SLURM_JOB_NODELIST:	ise-cpu128-07
SLURM_SCRATCH_DIR:	/scratch/omerpr/18543589
Allocated Resouces:	cpu - 2 / mem - 102400 MB / gpu - 
SLURM_GPU_INDEX:	
Running as omerpr from felner account with normal QOS
------------------------------------
------------------------------------
Sun 28 Jun 2026 23:13:24 IDT
SLURM_JOBID:		18543589
SLURM_JOB_NODELIST:	ise-cpu128-07
SLURM_SCRATCH_DIR:	/scratch/omerpr/18543589
Allocated Resouces:	cpu - 2 / mem - 102400 MB / gpu - 
SLURM_GPU_INDEX:	
Running as omerpr from felner account with normal QOS
------------------------------------
Domain: Sliding Tile Puzzle
Starting Korf's Puzzle #23

[23] Running A*... done (18.0663s, 4690597n)
[23] Running Rev-A*... done (27.3914s, 6796314n)
[23] Running BAE*... done (8.90726s, 1575582n)
[23] Running NBS... done (38.2067s, 6412202n)
[23] Running MM... done (28.1559s, 6418275n)
[23] Running IDA*... done (7.30369s, 22659912n)
[23] Running Rev-IDA*... done (29.0651s, 90328608n)
[23] Running Parallel IDA*...54 pieces of work generated
Starting iteration with bound 34.000000; 41 expanded, 134 generated
Starting iteration with bound 36.000000; 41 expanded, 134 generated
Starting iteration with bound 38.000000; 51 expanded, 162 generated
Starting iteration with bound 40.000000; 148 expanded, 438 generated
Starting iteration with bound 42.000000; 775 expanded, 2255 generated
Starting iteration with bound 44.000000; 4073 expanded, 11941 generated
Starting iteration with bound 46.000000; 22177 expanded, 65409 generated
Starting iteration with bound 48.000000; 119986 expanded, 355176 generated
Starting iteration with bound 50.000000; 656389 expanded, 1952431 generated
Starting iteration with bound 52.000000; 3591466 expanded, 10723312 generated
Starting iteration with bound 54.000000; 19681812 expanded, 58961887 generated
 done (11.9778s, 79587600n)
[23] BiHS-Bloom timeout limit: 764.134s
[23] IDTHSwTrans state bound baseline: 8452604
[23] Running BiHS-Bloom(50%, k1, dynamic, size=23216KiB, k=1, fp_est=0.0270022, limit=764.134s)...
Bloom filter size: 23216 KiB, k_hashes: 1, min_items: 4226343
 done (33.6212s, 359533190n)
[23] Running IDTHSwTrans(50%, states=4226302, limit=1800s)... done (27.5165s, 2399457n)
[23] Running BiHS-Bloom(50%, optk, dynamic, size=23216KiB, k=25, fp_est=2.38644e-08, limit=764.134s)...
Bloom filter size: 23216 KiB, k_hashes: 25, min_items: 4226343
 done (33.8048s, 359533190n)
[23] Running IDTHSwTrans(50%, states=4226302, limit=1800s)... done (27.4083s, 2399457n)
[23] Running BiHS-Bloom(50%, rootk, dynamic, size=23216KiB, k=5, fp_est=3.42448e-05, limit=764.134s)...
Bloom filter size: 23216 KiB, k_hashes: 5, min_items: 4226343
 done (30.7026s, 359533190n)
[23] Running IDTHSwTrans(50%, states=4226302, limit=1800s)... done (27.4651s, 2399457n)
[23] Running BiHS-Bloom(10%, k1, dynamic, size=4643KiB, k=1, fp_est=0.127919, limit=764.134s)...
Bloom filter size: 4643 KiB, k_hashes: 1, min_items: 845232
 done (33.3625s, 359533190n)
[23] Running IDTHSwTrans(10%, states=845260, limit=1800s)... done (27.5901s, 2399457n)
[23] Running BiHS-Bloom(10%, optk, dynamic, size=4643KiB, k=5, fp_est=0.0298961, limit=764.134s)...
Bloom filter size: 4643 KiB, k_hashes: 5, min_items: 845232
 done (30.2634s, 359533190n)
[23] Running IDTHSwTrans(10%, states=845260, limit=1800s)... done (27.3557s, 2399457n)
[23] Running BiHS-Bloom(10%, rootk, dynamic, size=4643KiB, k=2, fp_est=0.0573485, limit=764.134s)...
Bloom filter size: 4643 KiB, k_hashes: 2, min_items: 845232
 done (33.3936s, 359533190n)
[23] Running IDTHSwTrans(10%, states=845260, limit=1800s)... done (27.5064s, 2399457n)
[23] Running BiHS-Bloom(1%, k1, dynamic, size=464KiB, k=1, fp_est=0.745796, limit=764.134s)...
Bloom filter size: 464 KiB, k_hashes: 1, min_items: 84468
[TYPE] Splitting depth 54 into 3 hash types (Ff=5181446, Fb=3502022, min_items=84468)
 done (37.9545s, 437752182n)
[23] Running IDTHSwTrans(1%, states=84526, limit=1800s)... done (11.5995s, 1311213n)
[23] Running BiHS-Bloom(1%, optk, dynamic, size=464KiB, k=1, fp_est=0.745796, limit=764.134s)...
Bloom filter size: 464 KiB, k_hashes: 1, min_items: 84468
[TYPE] Splitting depth 54 into 3 hash types (Ff=5181446, Fb=3506791, min_items=84468)
 done (37.9061s, 437752182n)
[23] Running IDTHSwTrans(1%, states=84526, limit=1800s)... done (11.6948s, 1311213n)
[23] Running BiHS-Bloom(1%, rootk, dynamic, size=464KiB, k=1, fp_est=0.745796, limit=764.134s)...
Bloom filter size: 464 KiB, k_hashes: 1, min_items: 84468
[TYPE] Splitting depth 54 into 3 hash types (Ff=5181446, Fb=3494562, min_items=84468)
 done (37.7126s, 437752182n)
[23] Running IDTHSwTrans(1%, states=84526, limit=1800s)... done (11.6792s, 1311213n)
[23] Running BiHS-Bloom(0.1%, k1, dynamic, size=46KiB, k=1, fp_est=0.999999, limit=764.134s)...
Bloom filter size: 46 KiB, k_hashes: 1, min_items: 8374
[TYPE] Splitting depth 52 into 6 hash types (Ff=1274196, Fb=1114299, min_items=8374)
[TYPE] Splitting depth 54 into 8 hash types (Ff=5181446, Fb=9567625, min_items=8374)
 done (61.2284s, 540139919n)
[23] Running IDTHSwTrans(0.1%, states=8452, limit=1800s)... done (9.68044s, 1832011n)
[23] Running BiHS-Bloom(0.1%, optk, dynamic, size=46KiB, k=1, fp_est=0.999999, limit=764.134s)...
Bloom filter size: 46 KiB, k_hashes: 1, min_items: 8374
[TYPE] Splitting depth 52 into 6 hash types (Ff=1274196, Fb=1114107, min_items=8374)
[TYPE] Splitting depth 54 into 8 hash types (Ff=5181446, Fb=9569302, min_items=8374)
 done (61.2105s, 540139919n)
[23] Running IDTHSwTrans(0.1%, states=8452, limit=1800s)... done (9.70036s, 1832011n)
[23] Running BiHS-Bloom(0.1%, rootk, dynamic, size=46KiB, k=1, fp_est=0.999999, limit=764.134s)...
Bloom filter size: 46 KiB, k_hashes: 1, min_items: 8374
[TYPE] Splitting depth 52 into 6 hash types (Ff=1274196, Fb=1112036, min_items=8374)
[TYPE] Splitting depth 54 into 8 hash types (Ff=5181446, Fb=9571083, min_items=8374)
 done (60.8364s, 540139919n)
[23] Running IDTHSwTrans(0.1%, states=8452, limit=1800s)... done (9.70407s, 1832011n)
Puzzle #23 | A*: 18.0663s/4690597n | Rev-A*: 27.3914s/6796314n | BAE*: 8.90726s/1575582n | NBS: 38.2067s/6412202n | MM: 28.1559s/6418275n | IDA*: 7.30369s/22659912n | Parallel IDA*: 11.9778s/79587600n | Rev-IDA*: 29.0651s/90328608n | BiHS-Bloom(50%,k1,dynamic): 33.6212s/359533190n | IDTHSwTrans(50%): 27.5165s/2399457n | BiHS-Bloom(50%,optk,dynamic): 33.8048s/359533190n | IDTHSwTrans(50%): 27.4083s/2399457n | BiHS-Bloom(50%,rootk,dynamic): 30.7026s/359533190n | IDTHSwTrans(50%): 27.4651s/2399457n | BiHS-Bloom(10%,k1,dynamic): 33.3625s/359533190n | IDTHSwTrans(10%): 27.5901s/2399457n | BiHS-Bloom(10%,optk,dynamic): 30.2634s/359533190n | IDTHSwTrans(10%): 27.3557s/2399457n | BiHS-Bloom(10%,rootk,dynamic): 33.3936s/359533190n | IDTHSwTrans(10%): 27.5064s/2399457n | BiHS-Bloom(1%,k1,dynamic): 37.9545s/437752182n | IDTHSwTrans(1%): 11.5995s/1311213n | BiHS-Bloom(1%,optk,dynamic): 37.9061s/437752182n | IDTHSwTrans(1%): 11.6948s/1311213n | BiHS-Bloom(1%,rootk,dynamic): 37.7126s/437752182n | IDTHSwTrans(1%): 11.6792s/1311213n | BiHS-Bloom(0.1%,k1,dynamic): 61.2284s/540139919n | IDTHSwTrans(0.1%): 9.68044s/1832011n | BiHS-Bloom(0.1%,optk,dynamic): 61.2105s/540139919n | IDTHSwTrans(0.1%): 9.70036s/1832011n | BiHS-Bloom(0.1%,rootk,dynamic): 60.8364s/540139919n | IDTHSwTrans(0.1%): 9.70407s/1832011n | Length: 54
Results written to results/stp_pancake/parts/benchmark_stp_23.csv
