------------------------------------
Sun 28 Jun 2026 01:12:16 IDT
SLURM_JOBID:		18482960
SLURM_JOB_NODELIST:	ise-cpu-intl-20
SLURM_SCRATCH_DIR:	
Allocated Resouces:	cpu - 2 / mem - 65536 MB / gpu - 
SLURM_GPU_INDEX:	
Running as omerpr from felner account with normal QOS
------------------------------------
------------------------------------
Sun 28 Jun 2026 01:12:16 IDT
SLURM_JOBID:		18482960
SLURM_JOB_NODELIST:	ise-cpu-intl-20
SLURM_SCRATCH_DIR:	
Allocated Resouces:	cpu - 2 / mem - 65536 MB / gpu - 
SLURM_GPU_INDEX:	
Running as omerpr from felner account with normal QOS
------------------------------------
Domain: Sliding Tile Puzzle
Starting Korf's Puzzle #34

[34] Running A*... done (14.9621s, 4626675n)
[34] Running Rev-A*... done (22.142s, 6448018n)
[34] Running BAE*... done (8.86078s, 1921544n)
[34] Running NBS... done (29.1183s, 6024786n)
[34] Running MM... done (23.2021s, 6256541n)
[34] Running IDA*... done (9.17246s, 31702742n)
[34] Running Rev-IDA*... done (17.5797s, 57650733n)
[34] Running Parallel IDA*...54 pieces of work generated
Starting iteration with bound 39.000000; 41 expanded, 134 generated
Starting iteration with bound 41.000000; 41 expanded, 134 generated
Starting iteration with bound 43.000000; 41 expanded, 134 generated
Starting iteration with bound 45.000000; 562 expanded, 1605 generated
Starting iteration with bound 47.000000; 6104 expanded, 17522 generated
Starting iteration with bound 49.000000; 52098 expanded, 151253 generated
Starting iteration with bound 51.000000; 389756 expanded, 1140020 generated
Starting iteration with bound 53.000000; 2635622 expanded, 7747164 generated
Starting iteration with bound 55.000000; 16767922 expanded, 49487897 generated
 done (13.3223s, 84321981n)
[34] BiHS-Bloom timeout limit: 582.367s
[34] IDTHSwTrans state bound baseline: 8289130
[34] Running BiHS-Bloom(50%, optk, dynamic, size=22767KiB, k=26, fp_est=1.54444e-08, limit=582.367s)...
Bloom filter size: 22767 KiB, k_hashes: 26, min_items: 4144605
 done (23.6595s, 304887273n)
[34] Running IDTHSwTrans(50%, states=4144565, limit=1800s)... done (8.03198s, 1849406n)
[34] Running BiHS-Bloom(10%, optk, dynamic, size=4553KiB, k=5, fp_est=0.0274501, limit=582.367s)...
Bloom filter size: 4553 KiB, k_hashes: 5, min_items: 828848
 done (19.0712s, 304887273n)
[34] Running IDTHSwTrans(10%, states=828913, limit=1800s)... done (8.06225s, 1849406n)
[34] Running BiHS-Bloom(1%, optk, dynamic, size=455KiB, k=1, fp_est=0.737269, limit=582.367s)...
Bloom filter size: 455 KiB, k_hashes: 1, min_items: 82830
[TYPE] Splitting depth 55 into 3 hash types (Ff=6617801, Fb=4321581, min_items=82830)
 done (55.4192s, 653135387n)
[34] Running IDTHSwTrans(1%, states=82891, limit=1800s)... done (5.64697s, 1293233n)
[34] Running BiHS-Bloom(0.1%, optk, dynamic, size=46KiB, k=1, fp_est=0.999998, limit=582.367s)...
Bloom filter size: 46 KiB, k_hashes: 1, min_items: 8374
[TYPE] Splitting depth 53 into 6 hash types (Ff=1111125, Fb=1220810, min_items=8374)
[TYPE] Splitting depth 55 into 8 hash types (Ff=6617801, Fb=10030320, min_items=8374)
 done (57.3499s, 680900049n)
[34] Running IDTHSwTrans(0.1%, states=8289, limit=1800s)... done (6.60609s, 1713828n)
Puzzle #34 | A*: 14.9621s/4626675n | Rev-A*: 22.142s/6448018n | BAE*: 8.86078s/1921544n | NBS: 29.1183s/6024786n | MM: 23.2021s/6256541n | IDA*: 9.17246s/31702742n | Parallel IDA*: 13.3223s/84321981n | Rev-IDA*: 17.5797s/57650733n | BiHS-Bloom(50%,optk,dynamic): 23.6595s/304887273n | IDTHSwTrans(50%): 8.03198s/1849406n | BiHS-Bloom(10%,optk,dynamic): 19.0712s/304887273n | IDTHSwTrans(10%): 8.06225s/1849406n | BiHS-Bloom(1%,optk,dynamic): 55.4192s/653135387n | IDTHSwTrans(1%): 5.64697s/1293233n | BiHS-Bloom(0.1%,optk,dynamic): 57.3499s/680900049n | IDTHSwTrans(0.1%): 6.60609s/1713828n | Length: 55
Results written to results/stp_pancake/parts/benchmark_stp_34.csv
