------------------------------------
Sat 27 Jun 2026 21:20:17 IDT
SLURM_JOBID:		18470902
SLURM_JOB_NODELIST:	ise-cpu-intl-08
SLURM_SCRATCH_DIR:	
Allocated Resouces:	cpu - 2 / mem - 65536 MB / gpu - 
SLURM_GPU_INDEX:	
Running as omerpr from felner account with normal QOS
------------------------------------
------------------------------------
Sat 27 Jun 2026 21:20:17 IDT
SLURM_JOBID:		18470902
SLURM_JOB_NODELIST:	ise-cpu-intl-08
SLURM_SCRATCH_DIR:	
Allocated Resouces:	cpu - 2 / mem - 65536 MB / gpu - 
SLURM_GPU_INDEX:	
Running as omerpr from felner account with normal QOS
------------------------------------
Domain: Sliding Tile Puzzle
Starting Korf's Puzzle #91

[91] Running A*... done (199.204s, 45112048n)
[91] Running Rev-A*... done (88.1476s, 16315379n)
[91] Skipping BAE*, NBS, IDA*, Rev-IDA*, and Parallel IDA*; use --full to run them
[91] Running MM... done (125.983s, 26211446n)
[91] BiHS-Bloom timeout limit: 3984.08s
[91] IDTHSwTrans state bound baseline: 29491336
[91] Running BiHS-Bloom(50%, optk, dynamic, size=81000KiB, k=14, fp_est=7.08771e-05, limit=3984.08s)...
Bloom filter size: 81000 KiB, k_hashes: 14, min_items: 14745600
 done (173.877s, 2189111131n)
[91] Running IDTHSwTrans(50%, states=14745668, limit=1800s)... done (97.362s, 4183213n)
[91] Running BiHS-Bloom(10%, optk, dynamic, size=16200KiB, k=3, fp_est=0.14856, limit=3984.08s)...
Bloom filter size: 16200 KiB, k_hashes: 3, min_items: 2949120
 done (163.794s, 2189111131n)
[91] Running IDTHSwTrans(10%, states=2949133, limit=1800s)... done (95.789s, 4183213n)
[91] Running BiHS-Bloom(1%, optk, dynamic, size=1620KiB, k=1, fp_est=0.919062, limit=3984.08s)...
Bloom filter size: 1620 KiB, k_hashes: 1, min_items: 294912
 done (163.415s, 2189111131n)
[91] Running IDTHSwTrans(1%, states=294913, limit=1800s)... done (78.173s, 3954000n)
[91] Running BiHS-Bloom(0.1%, optk, dynamic, size=162KiB, k=1, fp_est=1, limit=3984.08s)...
Bloom filter size: 162 KiB, k_hashes: 1, min_items: 29491
 done (121.213s, 2189111131n)
[91] Running IDTHSwTrans(0.1%, states=29491, limit=1800s)... done (70.363s, 6252441n)
Puzzle #91 | A*: 199.204s/45112048n | Rev-A*: 88.1476s/16315379n | BAE*: -3s/0n | NBS: -3s/0n | MM: 125.983s/26211446n | IDA*: -3s/0n | Parallel IDA*: -3s/0n | Rev-IDA*: -3s/0n | BiHS-Bloom(50%,optk,dynamic): 173.877s/2189111131n | IDTHSwTrans(50%): 97.362s/4183213n | BiHS-Bloom(10%,optk,dynamic): 163.794s/2189111131n | IDTHSwTrans(10%): 95.789s/4183213n | BiHS-Bloom(1%,optk,dynamic): 163.415s/2189111131n | IDTHSwTrans(1%): 78.173s/3954000n | BiHS-Bloom(0.1%,optk,dynamic): 121.213s/2189111131n | IDTHSwTrans(0.1%): 70.363s/6252441n | Length: 57
Results written to results/stp_pancake/parts/benchmark_stp_91.csv
