------------------------------------
Sun 28 Jun 2026 02:58:21 IDT
SLURM_JOBID:		18486695
SLURM_JOB_NODELIST:	ise-cpu-intl-27
SLURM_SCRATCH_DIR:	
Allocated Resouces:	cpu - 2 / mem - 65536 MB / gpu - 
SLURM_GPU_INDEX:	
Running as omerpr from felner account with normal QOS
------------------------------------
------------------------------------
Sun 28 Jun 2026 02:58:21 IDT
SLURM_JOBID:		18486695
SLURM_JOB_NODELIST:	ise-cpu-intl-27
SLURM_SCRATCH_DIR:	
Allocated Resouces:	cpu - 2 / mem - 65536 MB / gpu - 
SLURM_GPU_INDEX:	
Running as omerpr from felner account with normal QOS
------------------------------------
Domain: Pancake Puzzle
[82] Running Pancake A*... done (12.6944s, 279819n)
[82] Running Pancake Rev-A*... done (12.4487s, 279819n)
[82] Running Pancake BAE*... done (13.2197s, 362087n)
[82] Running Pancake NBS... done (32.6s, 530674n)
[82] Running Pancake MM... done (15.7292s, 530674n)
[82] Running Pancake IDA*... done (1.87656s, 789380n)
[82] Running Pancake Rev-IDA*... done (1.88932s, 789380n)
[82] Running Pancake Parallel IDA*...1994544 pieces of work generated
Starting iteration with bound 10.000000; 117326 expanded, 2229194 generated
Starting iteration with bound 11.000000; 117326 expanded, 2229194 generated
Starting iteration with bound 12.000000; 117326 expanded, 2229194 generated
Starting iteration with bound 13.000000; 117326 expanded, 2229194 generated
Starting iteration with bound 14.000000; 117588 expanded, 2234172 generated
Starting iteration with bound 15.000000; 133707 expanded, 2540433 generated
Starting iteration with bound 16.000000; 520273 expanded, 9885187 generated
 done (10.2128s, 1515071n)
[82] Pancake BiHS-Bloom timeout limit: 651.999s
[82] Pancake IDTHSwTrans state bound baseline: 4405811
[82] Running Pancake BiHS-Bloom(50%, optk, dynamic, size=16672KiB, k=23, fp_est=1.52216e-07, limit=651.999s)...Bloom filter size: 16672 KiB, k_hashes: 23, min_items: 2202855
 done (46.6264s, 297873789n)
[82] Running Pancake IDTHSwTrans(50%, states=2202905, limit=1800s)... done (4.66446s, 177563n)
[82] Running Pancake BiHS-Bloom(10%, optk, dynamic, size=3334KiB, k=5, fp_est=0.0437289, limit=651.999s)...Bloom filter size: 3334 KiB, k_hashes: 5, min_items: 440518
 done (45.0098s, 297873789n)
[82] Running Pancake IDTHSwTrans(10%, states=440581, limit=1800s)... done (4.02888s, 157744n)
[82] Running Pancake BiHS-Bloom(1%, optk, dynamic, size=333KiB, k=1, fp_est=0.783943, limit=651.999s)...Bloom filter size: 333 KiB, k_hashes: 1, min_items: 43998
 done (48.1609s, 377880768n)
[82] Running Pancake IDTHSwTrans(1%, states=44058, limit=1800s)... done (4.17809s, 106882n)
[82] Running Pancake BiHS-Bloom(0.1%, optk, dynamic, size=33KiB, k=1, fp_est=1, limit=651.999s)...Bloom filter size: 33 KiB, k_hashes: 1, min_items: 4360
[TYPE] Splitting depth 16 into 8 hash types (Ff=1793773, Fb=585897, min_items=4360)
 done (183.756s, 709291059n)
[82] Running Pancake IDTHSwTrans(0.1%, states=4405, limit=1800s)... done (3.942s, 133281n)
Pancake #82 | A*: 12.6944s/279819n | Rev-A*: 12.4487s/279819n | BAE*: 13.2197s/362087n | NBS: 32.6s/530674n | MM: 15.7292s/530674n | IDA*: 1.87656s/789380n | Parallel IDA*: 10.2128s/1515071n | Rev-IDA*: 1.88932s/789380n | BiHS-Bloom(50%,optk,dynamic): 46.6264s/297873789n | IDTHSwTrans(50%): 4.66446s/177563n | BiHS-Bloom(10%,optk,dynamic): 45.0098s/297873789n | IDTHSwTrans(10%): 4.02888s/157744n | BiHS-Bloom(1%,optk,dynamic): 48.1609s/377880768n | IDTHSwTrans(1%): 4.17809s/106882n | BiHS-Bloom(0.1%,optk,dynamic): 183.756s/709291059n | IDTHSwTrans(0.1%): 3.942s/133281n | Length: 16
Results written to results/stp_pancake/parts/benchmark_pancake_82.csv
