------------------------------------
Sat 27 Jun 2026 20:31:00 IDT
SLURM_JOBID:		18468653
SLURM_JOB_NODELIST:	ise-cpu128-13
SLURM_SCRATCH_DIR:	/scratch/omerpr/18468653
Allocated Resouces:	cpu - 2 / mem - 65536 MB / gpu - 
SLURM_GPU_INDEX:	
Running as omerpr from felner account with normal QOS
------------------------------------
------------------------------------
Sat 27 Jun 2026 20:31:00 IDT
SLURM_JOBID:		18468653
SLURM_JOB_NODELIST:	ise-cpu128-13
SLURM_SCRATCH_DIR:	/scratch/omerpr/18468653
Allocated Resouces:	cpu - 2 / mem - 65536 MB / gpu - 
SLURM_GPU_INDEX:	
Running as omerpr from felner account with normal QOS
------------------------------------
Domain: Sliding Tile Puzzle
Starting Korf's Puzzle #29

[29] Running A*... done (1.02544s, 219399n)
[29] Running Rev-A*... done (0.442102s, 104816n)
[29] Skipping BAE*, NBS, IDA*, Rev-IDA*, and Parallel IDA*; use --full to run them
[29] Running MM... done (0.761861s, 233125n)
[29] BiHS-Bloom timeout limit: 120s
[29] IDTHSwTrans state bound baseline: 202736
[29] Running BiHS-Bloom(50%, optk, dynamic, size=557KiB, k=10, fp_est=0.00069766, limit=120s)...
Bloom filter size: 557 KiB, k_hashes: 10, min_items: 101398
 done (0.333234s, 5707116n)
[29] Running IDTHSwTrans(50%, states=101368, limit=1800s)... done (0.577891s, 321295n)
[29] Running BiHS-Bloom(10%, optk, dynamic, size=111KiB, k=2, fp_est=0.234927, limit=120s)...
Bloom filter size: 111 KiB, k_hashes: 2, min_items: 20206
 done (0.324059s, 5707116n)
[29] Running IDTHSwTrans(10%, states=20273, limit=1800s)... done (0.276992s, 172901n)
[29] Running BiHS-Bloom(1%, optk, dynamic, size=11KiB, k=1, fp_est=0.964743, limit=120s)...
Bloom filter size: 11 KiB, k_hashes: 1, min_items: 2002
 done (0.345985s, 5707116n)
[29] Running IDTHSwTrans(1%, states=2027, limit=1800s)... done (0.28277s, 197739n)
[29] Running BiHS-Bloom(0.1%, optk, dynamic, size=1KiB, k=1, fp_est=1, limit=120s)...
Bloom filter size: 1 KiB, k_hashes: 1, min_items: 182
 done (0.387234s, 5717777n)
[29] Running IDTHSwTrans(0.1%, states=202, limit=1800s)... done (0.297472s, 258606n)
Puzzle #29 | A*: 1.02544s/219399n | Rev-A*: 0.442102s/104816n | BAE*: -3s/0n | NBS: -3s/0n | MM: 0.761861s/233125n | IDA*: -3s/0n | Parallel IDA*: -3s/0n | Rev-IDA*: -3s/0n | BiHS-Bloom(50%,optk,dynamic): 0.333234s/5707116n | IDTHSwTrans(50%): 0.577891s/321295n | BiHS-Bloom(10%,optk,dynamic): 0.324059s/5707116n | IDTHSwTrans(10%): 0.276992s/172901n | BiHS-Bloom(1%,optk,dynamic): 0.345985s/5707116n | IDTHSwTrans(1%): 0.28277s/197739n | BiHS-Bloom(0.1%,optk,dynamic): 0.387234s/5717777n | IDTHSwTrans(0.1%): 0.297472s/258606n | Length: 47
Results written to results/stp_pancake/parts/benchmark_stp_29.csv
