------------------------------------
Sat 27 Jun 2026 21:55:17 IDT
SLURM_JOBID:		18472653
SLURM_JOB_NODELIST:	ise-cpu-intl-11
SLURM_SCRATCH_DIR:	
Allocated Resouces:	cpu - 2 / mem - 65536 MB / gpu - 
SLURM_GPU_INDEX:	
Running as omerpr from felner account with normal QOS
------------------------------------
------------------------------------
Sat 27 Jun 2026 21:55:17 IDT
SLURM_JOBID:		18472653
SLURM_JOB_NODELIST:	ise-cpu-intl-11
SLURM_SCRATCH_DIR:	
Allocated Resouces:	cpu - 2 / mem - 65536 MB / gpu - 
SLURM_GPU_INDEX:	
Running as omerpr from felner account with normal QOS
------------------------------------
Domain: Pancake Puzzle
[76] Running Pancake A*... done (0.184816s, 5922n)
[76] Running Pancake Rev-A*... done (0.103903s, 4108n)
[76] Skipping BAE*, NBS, IDA*, Rev-IDA*, and Parallel IDA*; use --full to run them
[76] Running Pancake MM... done (0.155659s, 9585n)
[76] Pancake BiHS-Bloom timeout limit: 120s
[76] Pancake IDTHSwTrans state bound baseline: 70358
[76] Running Pancake BiHS-Bloom(50%, optk, dynamic, size=266KiB, k=16, fp_est=1.67706e-05, limit=120s)...Bloom filter size: 266 KiB, k_hashes: 16, min_items: 35146
 done (0.552029s, 3680520n)
[76] Running Pancake IDTHSwTrans(50%, states=35179, limit=1800s)... done (0.145602s, 23161n)
[76] Running Pancake BiHS-Bloom(10%, optk, dynamic, size=53KiB, k=3, fp_est=0.112012, limit=120s)...Bloom filter size: 53 KiB, k_hashes: 3, min_items: 7002
 done (0.549294s, 3680520n)
[76] Running Pancake IDTHSwTrans(10%, states=7035, limit=1800s)... done (0.0603486s, 8838n)
[76] Running Pancake BiHS-Bloom(1%, optk, dynamic, size=5KiB, k=1, fp_est=0.902164, limit=120s)...Bloom filter size: 5 KiB, k_hashes: 1, min_items: 660
 done (0.548079s, 4325823n)
[76] Running Pancake IDTHSwTrans(1%, states=703, limit=1800s)... done (0.0840956s, 9095n)
[76] Running Pancake BiHS-Bloom(0.1%, optk, dynamic, size=1KiB, k=1, fp_est=0.999991, limit=120s)...Bloom filter size: 1 KiB, k_hashes: 1, min_items: 132
[TYPE] Splitting depth 14 into 3 hash types (Ff=25887, Fb=2601, min_items=132)
 done (0.527838s, 4325823n)
[76] Running Pancake IDTHSwTrans(0.1%, states=70, limit=1800s)... done (0.0935878s, 11324n)
Pancake #76 | A*: 0.184816s/5922n | Rev-A*: 0.103903s/4108n | BAE*: -3s/0n | NBS: -3s/0n | MM: 0.155659s/9585n | IDA*: -3s/0n | Parallel IDA*: -3s/0n | Rev-IDA*: -3s/0n | BiHS-Bloom(50%,optk,dynamic): 0.552029s/3680520n | IDTHSwTrans(50%): 0.145602s/23161n | BiHS-Bloom(10%,optk,dynamic): 0.549294s/3680520n | IDTHSwTrans(10%): 0.0603486s/8838n | BiHS-Bloom(1%,optk,dynamic): 0.548079s/4325823n | IDTHSwTrans(1%): 0.0840956s/9095n | BiHS-Bloom(0.1%,optk,dynamic): 0.527838s/4325823n | IDTHSwTrans(0.1%): 0.0935878s/11324n | Length: 14
Results written to results/stp_pancake/parts/benchmark_pancake_76.csv
