------------------------------------
Sun 28 Jun 2026 02:30:59 IDT
SLURM_JOBID:		18485808
SLURM_JOB_NODELIST:	ise-cpu-intl-13
SLURM_SCRATCH_DIR:	
Allocated Resouces:	cpu - 2 / mem - 65536 MB / gpu - 
SLURM_GPU_INDEX:	
Running as omerpr from felner account with normal QOS
------------------------------------
------------------------------------
Sun 28 Jun 2026 02:30:59 IDT
SLURM_JOBID:		18485808
SLURM_JOB_NODELIST:	ise-cpu-intl-13
SLURM_SCRATCH_DIR:	
Allocated Resouces:	cpu - 2 / mem - 65536 MB / gpu - 
SLURM_GPU_INDEX:	
Running as omerpr from felner account with normal QOS
------------------------------------
Domain: Pancake Puzzle
[33] Running Pancake A*... done (13.4546s, 411290n)
[33] Running Pancake Rev-A*... done (10.5063s, 315153n)
[33] Running Pancake BAE*... done (7.2703s, 395148n)
[33] Running Pancake NBS... done (27.827s, 609838n)
[33] Running Pancake MM... done (13.8532s, 675342n)
[33] Running Pancake IDA*... done (2.84706s, 1057176n)
[33] Running Pancake Rev-IDA*... done (1.60996s, 833519n)
[33] Running Pancake Parallel IDA*...1994544 pieces of work generated
Starting iteration with bound 10.000000; 117326 expanded, 2229194 generated
Starting iteration with bound 11.000000; 117326 expanded, 2229194 generated
Starting iteration with bound 12.000000; 117326 expanded, 2229194 generated
Starting iteration with bound 13.000000; 117329 expanded, 2229251 generated
Starting iteration with bound 14.000000; 118306 expanded, 2247814 generated
Starting iteration with bound 15.000000; 152783 expanded, 2902877 generated
Starting iteration with bound 16.000000; 799138 expanded, 15183622 generated
 done (8.92165s, 1847736n)
[33] Pancake BiHS-Bloom timeout limit: 556.54s
[33] Pancake IDTHSwTrans state bound baseline: 4961171
[33] Running Pancake BiHS-Bloom(50%, optk, dynamic, size=18774KiB, k=18, fp_est=4.0751e-06, limit=556.54s)...Bloom filter size: 18774 KiB, k_hashes: 18, min_items: 2480590
 done (41.1088s, 302807049n)
[33] Running Pancake IDTHSwTrans(50%, states=2480585, limit=1800s)... done (4.09418s, 188408n)
[33] Running Pancake BiHS-Bloom(10%, optk, dynamic, size=3755KiB, k=4, fp_est=0.0843609, limit=556.54s)...Bloom filter size: 3755 KiB, k_hashes: 4, min_items: 496144
 done (40.708s, 302807049n)
[33] Running Pancake IDTHSwTrans(10%, states=496117, limit=1800s)... done (4.85248s, 183832n)
[33] Running Pancake BiHS-Bloom(1%, optk, dynamic, size=375KiB, k=1, fp_est=0.856025, limit=556.54s)...Bloom filter size: 375 KiB, k_hashes: 1, min_items: 49548
 done (32.5251s, 327888648n)
[33] Running Pancake IDTHSwTrans(1%, states=49611, limit=1800s)... done (3.29523s, 116211n)
[33] Running Pancake BiHS-Bloom(0.1%, optk, dynamic, size=38KiB, k=1, fp_est=1, limit=556.54s)...Bloom filter size: 38 KiB, k_hashes: 1, min_items: 5020
[TYPE] Splitting depth 16 into 7 hash types (Ff=1852875, Fb=350565, min_items=5020)
 done (38.1101s, 335370927n)
[33] Running Pancake IDTHSwTrans(0.1%, states=4961, limit=1800s)... done (3.5241s, 150117n)
Pancake #33 | A*: 13.4546s/411290n | Rev-A*: 10.5063s/315153n | BAE*: 7.2703s/395148n | NBS: 27.827s/609838n | MM: 13.8532s/675342n | IDA*: 2.84706s/1057176n | Parallel IDA*: 8.92165s/1847736n | Rev-IDA*: 1.60996s/833519n | BiHS-Bloom(50%,optk,dynamic): 41.1088s/302807049n | IDTHSwTrans(50%): 4.09418s/188408n | BiHS-Bloom(10%,optk,dynamic): 40.708s/302807049n | IDTHSwTrans(10%): 4.85248s/183832n | BiHS-Bloom(1%,optk,dynamic): 32.5251s/327888648n | IDTHSwTrans(1%): 3.29523s/116211n | BiHS-Bloom(0.1%,optk,dynamic): 38.1101s/335370927n | IDTHSwTrans(0.1%): 3.5241s/150117n | Length: 16
Results written to results/stp_pancake/parts/benchmark_pancake_33.csv
