------------------------------------
Sun 28 Jun 2026 02:57:58 IDT
SLURM_JOBID:		18486669
SLURM_JOB_NODELIST:	ise-cpu-intl-27
SLURM_SCRATCH_DIR:	
Allocated Resouces:	cpu - 2 / mem - 65536 MB / gpu - 
SLURM_GPU_INDEX:	
Running as omerpr from felner account with normal QOS
------------------------------------
------------------------------------
Sun 28 Jun 2026 02:57:58 IDT
SLURM_JOBID:		18486669
SLURM_JOB_NODELIST:	ise-cpu-intl-27
SLURM_SCRATCH_DIR:	
Allocated Resouces:	cpu - 2 / mem - 65536 MB / gpu - 
SLURM_GPU_INDEX:	
Running as omerpr from felner account with normal QOS
------------------------------------
Domain: Pancake Puzzle
[81] Running Pancake A*... done (0.290171s, 7577n)
[81] Running Pancake Rev-A*... done (0.17386s, 4922n)
[81] Running Pancake BAE*... done (0.147162s, 7854n)
[81] Running Pancake NBS... done (5.50298s, 95685n)
[81] Running Pancake MM... done (0.427647s, 14657n)
[81] Running Pancake IDA*... done (0.111993s, 44856n)
[81] Running Pancake Rev-IDA*... done (0.0644945s, 25731n)
[81] Running Pancake Parallel IDA*...1994544 pieces of work generated
Starting iteration with bound 11.000000; 117326 expanded, 2229194 generated
Starting iteration with bound 12.000000; 117326 expanded, 2229194 generated
Starting iteration with bound 13.000000; 117328 expanded, 2229232 generated
Starting iteration with bound 14.000000; 117451 expanded, 2231569 generated
Starting iteration with bound 15.000000; 122469 expanded, 2326911 generated
 done (6.50113s, 173165n)
[81] Pancake BiHS-Bloom timeout limit: 130.023s
[81] Pancake IDTHSwTrans state bound baseline: 84338
[81] Running Pancake BiHS-Bloom(50%, optk, dynamic, size=319KiB, k=11, fp_est=0.000657772, limit=130.023s)...Bloom filter size: 319 KiB, k_hashes: 11, min_items: 42149
 done (0.80435s, 4646184n)
[81] Running Pancake IDTHSwTrans(50%, states=42169, limit=1800s)... done (0.235662s, 28743n)
[81] Running Pancake BiHS-Bloom(10%, optk, dynamic, size=64KiB, k=2, fp_est=0.230135, limit=130.023s)...Bloom filter size: 64 KiB, k_hashes: 2, min_items: 8456
 done (0.785605s, 4646184n)
[81] Running Pancake IDTHSwTrans(10%, states=8433, limit=1800s)... done (0.197457s, 22087n)
[81] Running Pancake BiHS-Bloom(1%, optk, dynamic, size=6KiB, k=1, fp_est=0.96934, limit=130.023s)...Bloom filter size: 6 KiB, k_hashes: 1, min_items: 792
 done (0.788649s, 4646184n)
[81] Running Pancake IDTHSwTrans(1%, states=843, limit=1800s)... done (0.156444s, 17361n)
[81] Running Pancake BiHS-Bloom(0.1%, optk, dynamic, size=1KiB, k=1, fp_est=1, limit=130.023s)...Bloom filter size: 1 KiB, k_hashes: 1, min_items: 132
[TYPE] Splitting depth 15 into 2 hash types (Ff=32205, Fb=459, min_items=132)
 done (0.729946s, 5465727n)
[81] Running Pancake IDTHSwTrans(0.1%, states=84, limit=1800s)... done (0.169396s, 20327n)
Pancake #81 | A*: 0.290171s/7577n | Rev-A*: 0.17386s/4922n | BAE*: 0.147162s/7854n | NBS: 5.50298s/95685n | MM: 0.427647s/14657n | IDA*: 0.111993s/44856n | Parallel IDA*: 6.50113s/173165n | Rev-IDA*: 0.0644945s/25731n | BiHS-Bloom(50%,optk,dynamic): 0.80435s/4646184n | IDTHSwTrans(50%): 0.235662s/28743n | BiHS-Bloom(10%,optk,dynamic): 0.785605s/4646184n | IDTHSwTrans(10%): 0.197457s/22087n | BiHS-Bloom(1%,optk,dynamic): 0.788649s/4646184n | IDTHSwTrans(1%): 0.156444s/17361n | BiHS-Bloom(0.1%,optk,dynamic): 0.729946s/5465727n | IDTHSwTrans(0.1%): 0.169396s/20327n | Length: 15
Results written to results/stp_pancake/parts/benchmark_pancake_81.csv
