------------------------------------
Sat 27 Jun 2026 20:25:10 IDT
SLURM_JOBID:		18468449
SLURM_JOB_NODELIST:	ise-cpu-intl-23
SLURM_SCRATCH_DIR:	/scratch/omerpr/18468449
Allocated Resouces:	cpu - 2 / mem - 65536 MB / gpu - 
SLURM_GPU_INDEX:	
Running as omerpr from felner account with normal QOS
------------------------------------
------------------------------------
Sat 27 Jun 2026 20:25:10 IDT
SLURM_JOBID:		18468449
SLURM_JOB_NODELIST:	ise-cpu-intl-23
SLURM_SCRATCH_DIR:	/scratch/omerpr/18468449
Allocated Resouces:	cpu - 2 / mem - 65536 MB / gpu - 
SLURM_GPU_INDEX:	
Running as omerpr from felner account with normal QOS
------------------------------------
Domain: Sliding Tile Puzzle
Starting Korf's Puzzle #16

[16] Running A*... done (381.304s, 86097854n)
[16] Running Rev-A*... done (179.551s, 36903242n)
[16] Skipping BAE*, NBS, IDA*, Rev-IDA*, and Parallel IDA*; use --full to run them
[16] Running MM... done (287.445s, 60912685n)
[16] BiHS-Bloom timeout limit: 7626.07s
[16] IDTHSwTrans state bound baseline: 64353094
[16] Running BiHS-Bloom(50%, optk, dynamic, size=176751KiB, k=16, fp_est=1.96898e-05, limit=7626.07s)...
Bloom filter size: 176751 KiB, k_hashes: 16, min_items: 32176537
 done (321.161s, 3941658447n)
[16] Running IDTHSwTrans(50%, states=32176547, limit=1800s)... done (116.735s, 49605928n)
[16] Running BiHS-Bloom(10%, optk, dynamic, size=35350KiB, k=3, fp_est=0.114601, limit=7626.07s)...
Bloom filter size: 35350 KiB, k_hashes: 3, min_items: 6435271
 done (295.97s, 3941658447n)
[16] Running IDTHSwTrans(10%, states=6435309, limit=1800s)... done (94.2585s, 33381957n)
[16] Running BiHS-Bloom(1%, optk, dynamic, size=3535KiB, k=1, fp_est=0.891032, limit=7626.07s)...
Bloom filter size: 3535 KiB, k_hashes: 1, min_items: 643527
 done (314.528s, 3941658447n)
[16] Running IDTHSwTrans(1%, states=643530, limit=1800s)... done (124.942s, 31088665n)
[16] Running BiHS-Bloom(0.1%, optk, dynamic, size=354KiB, k=1, fp_est=1, limit=7626.07s)...
Bloom filter size: 354 KiB, k_hashes: 1, min_items: 64443
 done (470.697s, 7324288467n)
[16] Running IDTHSwTrans(0.1%, states=64353, limit=1800s)... done (146.478s, 36334211n)
Puzzle #16 | A*: 381.304s/86097854n | Rev-A*: 179.551s/36903242n | BAE*: -3s/0n | NBS: -3s/0n | MM: 287.445s/60912685n | IDA*: -3s/0n | Parallel IDA*: -3s/0n | Rev-IDA*: -3s/0n | BiHS-Bloom(50%,optk,dynamic): 321.161s/3941658447n | IDTHSwTrans(50%): 116.735s/49605928n | BiHS-Bloom(10%,optk,dynamic): 295.97s/3941658447n | IDTHSwTrans(10%): 94.2585s/33381957n | BiHS-Bloom(1%,optk,dynamic): 314.528s/3941658447n | IDTHSwTrans(1%): 124.942s/31088665n | BiHS-Bloom(0.1%,optk,dynamic): 470.697s/7324288467n | IDTHSwTrans(0.1%): 146.478s/36334211n | Length: 66
Results written to results/stp_pancake/parts/benchmark_stp_16.csv
