------------------------------------
Sat 27 Jun 2026 20:33:47 IDT
SLURM_JOBID:		18468751
SLURM_JOB_NODELIST:	ise-cpu128-11
SLURM_SCRATCH_DIR:	/scratch/omerpr/18468751
Allocated Resouces:	cpu - 2 / mem - 65536 MB / gpu - 
SLURM_GPU_INDEX:	
Running as omerpr from felner account with normal QOS
------------------------------------
------------------------------------
Sat 27 Jun 2026 20:33:48 IDT
SLURM_JOBID:		18468751
SLURM_JOB_NODELIST:	ise-cpu128-11
SLURM_SCRATCH_DIR:	/scratch/omerpr/18468751
Allocated Resouces:	cpu - 2 / mem - 65536 MB / gpu - 
SLURM_GPU_INDEX:	
Running as omerpr from felner account with normal QOS
------------------------------------
Domain: Sliding Tile Puzzle
Starting Korf's Puzzle #34

[34] Running A*... done (16.5839s, 4626675n)
[34] Running Rev-A*... done (23.6634s, 6448018n)
[34] Skipping BAE*, NBS, IDA*, Rev-IDA*, and Parallel IDA*; use --full to run them
[34] Running MM... done (27.8865s, 6256541n)
[34] BiHS-Bloom timeout limit: 557.73s
[34] IDTHSwTrans state bound baseline: 8289130
[34] Running BiHS-Bloom(50%, optk, dynamic, size=22767KiB, k=26, fp_est=1.54444e-08, limit=557.73s)...
Bloom filter size: 22767 KiB, k_hashes: 26, min_items: 4144605
 done (19.8929s, 304887273n)
[34] Running IDTHSwTrans(50%, states=4144565, limit=1800s)... done (6.34138s, 1849406n)
[34] Running BiHS-Bloom(10%, optk, dynamic, size=4553KiB, k=5, fp_est=0.0274501, limit=557.73s)...
Bloom filter size: 4553 KiB, k_hashes: 5, min_items: 828848
 done (15.8493s, 304887273n)
[34] Running IDTHSwTrans(10%, states=828913, limit=1800s)... done (6.32896s, 1849406n)
[34] Running BiHS-Bloom(1%, optk, dynamic, size=455KiB, k=1, fp_est=0.737269, limit=557.73s)...
Bloom filter size: 455 KiB, k_hashes: 1, min_items: 82830
[TYPE] Splitting depth 55 into 3 hash types (Ff=6617801, Fb=4332590, min_items=82830)
 done (45.9994s, 653135387n)
[34] Running IDTHSwTrans(1%, states=82891, limit=1800s)... done (4.49574s, 1293233n)
[34] Running BiHS-Bloom(0.1%, optk, dynamic, size=46KiB, k=1, fp_est=0.999998, limit=557.73s)...
Bloom filter size: 46 KiB, k_hashes: 1, min_items: 8374
[TYPE] Splitting depth 53 into 6 hash types (Ff=1111125, Fb=1222646, min_items=8374)
[TYPE] Splitting depth 55 into 8 hash types (Ff=6617801, Fb=10032254, min_items=8374)
 done (47.4715s, 680900049n)
[34] Running IDTHSwTrans(0.1%, states=8289, limit=1800s)... done (5.30839s, 1713828n)
Puzzle #34 | A*: 16.5839s/4626675n | Rev-A*: 23.6634s/6448018n | BAE*: -3s/0n | NBS: -3s/0n | MM: 27.8865s/6256541n | IDA*: -3s/0n | Parallel IDA*: -3s/0n | Rev-IDA*: -3s/0n | BiHS-Bloom(50%,optk,dynamic): 19.8929s/304887273n | IDTHSwTrans(50%): 6.34138s/1849406n | BiHS-Bloom(10%,optk,dynamic): 15.8493s/304887273n | IDTHSwTrans(10%): 6.32896s/1849406n | BiHS-Bloom(1%,optk,dynamic): 45.9994s/653135387n | IDTHSwTrans(1%): 4.49574s/1293233n | BiHS-Bloom(0.1%,optk,dynamic): 47.4715s/680900049n | IDTHSwTrans(0.1%): 5.30839s/1713828n | Length: 55
Results written to results/stp_pancake/parts/benchmark_stp_34.csv
