------------------------------------
Sat 27 Jun 2026 21:45:32 IDT
SLURM_JOBID:		18472164
SLURM_JOB_NODELIST:	cs-cpu-07
SLURM_SCRATCH_DIR:	
Allocated Resouces:	cpu - 2 / mem - 65536 MB / gpu - 
SLURM_GPU_INDEX:	
Running as omerpr from felner account with normal QOS
------------------------------------
------------------------------------
Sat 27 Jun 2026 21:45:32 IDT
SLURM_JOBID:		18472164
SLURM_JOB_NODELIST:	cs-cpu-07
SLURM_SCRATCH_DIR:	
Allocated Resouces:	cpu - 2 / mem - 65536 MB / gpu - 
SLURM_GPU_INDEX:	
Running as omerpr from felner account with normal QOS
------------------------------------
Domain: Pancake Puzzle
[57] Running Pancake A*... done (5.16514s, 136590n)
[57] Running Pancake Rev-A*... done (7.4771s, 202660n)
[57] Skipping BAE*, NBS, IDA*, Rev-IDA*, and Parallel IDA*; use --full to run them
[57] Running Pancake MM... done (9.25033s, 279057n)
[57] Pancake BiHS-Bloom timeout limit: 185.007s
[57] Pancake IDTHSwTrans state bound baseline: 2206612
[57] Running Pancake BiHS-Bloom(50%, optk, dynamic, size=8350KiB, k=25, fp_est=3.46178e-08, limit=185.007s)...Bloom filter size: 8350 KiB, k_hashes: 25, min_items: 1103277
 done (25.9091s, 181119018n)
[57] Running Pancake IDTHSwTrans(50%, states=1103306, limit=1800s)... done (2.54521s, 481371n)
[57] Running Pancake BiHS-Bloom(10%, optk, dynamic, size=1670KiB, k=5, fp_est=0.0322003, limit=185.007s)...Bloom filter size: 1670 KiB, k_hashes: 5, min_items: 220655
 done (25.5376s, 181119018n)
[57] Running Pancake IDTHSwTrans(10%, states=220661, limit=1800s)... done (1.91076s, 233645n)
[57] Running Pancake BiHS-Bloom(1%, optk, dynamic, size=167KiB, k=1, fp_est=0.752996, limit=185.007s)...Bloom filter size: 167 KiB, k_hashes: 1, min_items: 22065
 done (44.5961s, 307667409n)
[57] Running Pancake IDTHSwTrans(1%, states=22066, limit=1800s)... done (4.8559s, 234204n)
[57] Running Pancake BiHS-Bloom(0.1%, optk, dynamic, size=17KiB, k=1, fp_est=0.999999, limit=185.007s)...Bloom filter size: 17 KiB, k_hashes: 1, min_items: 2246
[TYPE] Splitting depth 17 into 8 hash types (Ff=432212, Fb=488604, min_items=2246)
 done (45.8302s, 307667409n)
[57] Running Pancake IDTHSwTrans(0.1%, states=2206, limit=1800s)... done (5.30161s, 287315n)
Pancake #57 | A*: 5.16514s/136590n | Rev-A*: 7.4771s/202660n | BAE*: -3s/0n | NBS: -3s/0n | MM: 9.25033s/279057n | IDA*: -3s/0n | Parallel IDA*: -3s/0n | Rev-IDA*: -3s/0n | BiHS-Bloom(50%,optk,dynamic): 25.9091s/181119018n | IDTHSwTrans(50%): 2.54521s/481371n | BiHS-Bloom(10%,optk,dynamic): 25.5376s/181119018n | IDTHSwTrans(10%): 1.91076s/233645n | BiHS-Bloom(1%,optk,dynamic): 44.5961s/307667409n | IDTHSwTrans(1%): 4.8559s/234204n | BiHS-Bloom(0.1%,optk,dynamic): 45.8302s/307667409n | IDTHSwTrans(0.1%): 5.30161s/287315n | Length: 17
Results written to results/stp_pancake/parts/benchmark_pancake_57.csv
