------------------------------------
Sat 27 Jun 2026 20:23:38 IDT
SLURM_JOBID:		18468384
SLURM_JOB_NODELIST:	ise-cpu128-08
SLURM_SCRATCH_DIR:	/scratch/omerpr/18468384
Allocated Resouces:	cpu - 2 / mem - 65536 MB / gpu - 
SLURM_GPU_INDEX:	
Running as omerpr from felner account with normal QOS
------------------------------------
------------------------------------
Sat 27 Jun 2026 20:23:38 IDT
SLURM_JOBID:		18468384
SLURM_JOB_NODELIST:	ise-cpu128-08
SLURM_SCRATCH_DIR:	/scratch/omerpr/18468384
Allocated Resouces:	cpu - 2 / mem - 65536 MB / gpu - 
SLURM_GPU_INDEX:	
Running as omerpr from felner account with normal QOS
------------------------------------
Domain: Sliding Tile Puzzle
Starting Korf's Puzzle #10

[10] Running A*... done (13.5731s, 3520146n)
[10] Running Rev-A*... done (4.92279s, 1238012n)
[10] Skipping BAE*, NBS, IDA*, Rev-IDA*, and Parallel IDA*; use --full to run them
[10] Running MM... done (12.6205s, 3162192n)
[10] BiHS-Bloom timeout limit: 271.461s
[10] IDTHSwTrans state bound baseline: 2268952
[10] Running BiHS-Bloom(50%, optk, dynamic, size=6232KiB, k=8, fp_est=0.00347934, limit=271.461s)...
Bloom filter size: 6232 KiB, k_hashes: 8, min_items: 1134500
 done (6.30506s, 109334945n)
[10] Running IDTHSwTrans(50%, states=1134476, limit=1800s)... done (11.3207s, 3909198n)
[10] Running BiHS-Bloom(10%, optk, dynamic, size=1246KiB, k=2, fp_est=0.327306, limit=271.461s)...
Bloom filter size: 1246 KiB, k_hashes: 2, min_items: 226827
 done (6.32734s, 109334945n)
[10] Running IDTHSwTrans(10%, states=226895, limit=1800s)... done (7.4856s, 2775807n)
[10] Running BiHS-Bloom(1%, optk, dynamic, size=125KiB, k=1, fp_est=0.98546, limit=271.461s)...
Bloom filter size: 125 KiB, k_hashes: 1, min_items: 22755
 done (6.62571s, 109334945n)
[10] Running IDTHSwTrans(1%, states=22689, limit=1800s)... done (6.08708s, 2643364n)
[10] Running BiHS-Bloom(0.1%, optk, dynamic, size=12KiB, k=1, fp_est=1, limit=271.461s)...
Bloom filter size: 12 KiB, k_hashes: 1, min_items: 2184
 done (5.36183s, 109429916n)
[10] Running IDTHSwTrans(0.1%, states=2268, limit=1800s)... done (5.91587s, 3206881n)
Puzzle #10 | A*: 13.5731s/3520146n | Rev-A*: 4.92279s/1238012n | BAE*: -3s/0n | NBS: -3s/0n | MM: 12.6205s/3162192n | IDA*: -3s/0n | Parallel IDA*: -3s/0n | Rev-IDA*: -3s/0n | BiHS-Bloom(50%,optk,dynamic): 6.30506s/109334945n | IDTHSwTrans(50%): 11.3207s/3909198n | BiHS-Bloom(10%,optk,dynamic): 6.32734s/109334945n | IDTHSwTrans(10%): 7.4856s/2775807n | BiHS-Bloom(1%,optk,dynamic): 6.62571s/109334945n | IDTHSwTrans(1%): 6.08708s/2643364n | BiHS-Bloom(0.1%,optk,dynamic): 5.36183s/109429916n | IDTHSwTrans(0.1%): 5.91587s/3206881n | Length: 57
Results written to results/stp_pancake/parts/benchmark_stp_10.csv
