------------------------------------
Sun 28 Jun 2026 01:29:56 IDT
SLURM_JOBID:		18483761
SLURM_JOB_NODELIST:	ise-cpu-intl-25
SLURM_SCRATCH_DIR:	
Allocated Resouces:	cpu - 2 / mem - 65536 MB / gpu - 
SLURM_GPU_INDEX:	
Running as omerpr from felner account with normal QOS
------------------------------------
------------------------------------
Sun 28 Jun 2026 01:29:56 IDT
SLURM_JOBID:		18483761
SLURM_JOB_NODELIST:	ise-cpu-intl-25
SLURM_SCRATCH_DIR:	
Allocated Resouces:	cpu - 2 / mem - 65536 MB / gpu - 
SLURM_GPU_INDEX:	
Running as omerpr from felner account with normal QOS
------------------------------------
Domain: Sliding Tile Puzzle
Starting Korf's Puzzle #55

[55] Running A*... done (207.793s, 46798818n)
[55] Running Rev-A*... done (127.562s, 24109222n)
[55] Running BAE*... done (50.8067s, 7569285n)
[55] Running NBS... done (205.83s, 33274532n)
[55] Running MM... done (180.677s, 34187356n)
[55] Running IDA*... done (341.008s, 1006833136n)
[55] Running Rev-IDA*... done (75.9401s, 229808362n)
[55] Running Parallel IDA*...66 pieces of work generated
Starting iteration with bound 29.000000; 56 expanded, 176 generated
Starting iteration with bound 31.000000; 56 expanded, 176 generated
Starting iteration with bound 33.000000; 60 expanded, 188 generated
Starting iteration with bound 35.000000; 94 expanded, 286 generated
Starting iteration with bound 37.000000; 378 expanded, 1111 generated
Starting iteration with bound 39.000000; 1672 expanded, 4889 generated
Starting iteration with bound 41.000000; 8236 expanded, 24253 generated
Starting iteration with bound 43.000000; 39864 expanded, 117812 generated
Starting iteration with bound 45.000000; 194683 expanded, 576074 generated
Starting iteration with bound 47.000000; 946959 expanded, 2808850 generated
Starting iteration with bound 49.000000; 4606982 expanded, 13689717 generated
Starting iteration with bound 51.000000; 22290316 expanded, 66340321 generated
Starting iteration with bound 53.000000; 107428286 expanded, 320178820 generated
Starting iteration with bound 55.000000; 515707202 expanded, 1539013765 generated
 done (221.691s, 1284461860n)
[55] BiHS-Bloom timeout limit: 6820.15s
[55] IDTHSwTrans state bound baseline: 42574739
[55] Running BiHS-Bloom(50%, optk, dynamic, size=116935KiB, k=17, fp_est=6.58633e-06, limit=6820.15s)...
Bloom filter size: 116935 KiB, k_hashes: 17, min_items: 21287367
 done (222.301s, 2716524132n)
[55] Running IDTHSwTrans(50%, states=21287369, limit=1800s)... done (113.254s, 4042993n)
[55] Running BiHS-Bloom(10%, optk, dynamic, size=23387KiB, k=3, fp_est=0.0932053, limit=6820.15s)...
Bloom filter size: 23387 KiB, k_hashes: 3, min_items: 4257473
 done (229.204s, 2716524132n)
[55] Running IDTHSwTrans(10%, states=4257473, limit=1800s)... done (113.053s, 4042993n)
[55] Running BiHS-Bloom(1%, optk, dynamic, size=2339KiB, k=1, fp_est=0.866439, limit=6820.15s)...
Bloom filter size: 2339 KiB, k_hashes: 1, min_items: 425801
[TYPE] Splitting depth 55 into 3 hash types (Ff=23982029, Fb=23935292, min_items=425801)
 done (178.406s, 2905796256n)
[55] Running IDTHSwTrans(1%, states=425747, limit=1800s)... done (197.962s, 7340406n)
[55] Running BiHS-Bloom(0.1%, optk, dynamic, size=234KiB, k=1, fp_est=1, limit=6820.15s)...
Bloom filter size: 234 KiB, k_hashes: 1, min_items: 42598
[TYPE] Splitting depth 51 into 2 hash types (Ff=2802269, Fb=1033428, min_items=42598)
[TYPE] Splitting depth 53 into 8 hash types (Ff=8511476, Fb=10656486, min_items=42598)
[TYPE] Splitting depth 55 into 8 hash types (Ff=23982029, Fb=71484120, min_items=42598)
 done (447.653s, 3331706544n)
[55] Running IDTHSwTrans(0.1%, states=42574, limit=1800s)... done (207.639s, 12999839n)
Puzzle #55 | A*: 207.793s/46798818n | Rev-A*: 127.562s/24109222n | BAE*: 50.8067s/7569285n | NBS: 205.83s/33274532n | MM: 180.677s/34187356n | IDA*: 341.008s/1006833136n | Parallel IDA*: 221.691s/1284461860n | Rev-IDA*: 75.9401s/229808362n | BiHS-Bloom(50%,optk,dynamic): 222.301s/2716524132n | IDTHSwTrans(50%): 113.254s/4042993n | BiHS-Bloom(10%,optk,dynamic): 229.204s/2716524132n | IDTHSwTrans(10%): 113.053s/4042993n | BiHS-Bloom(1%,optk,dynamic): 178.406s/2905796256n | IDTHSwTrans(1%): 197.962s/7340406n | BiHS-Bloom(0.1%,optk,dynamic): 447.653s/3331706544n | IDTHSwTrans(0.1%): 207.639s/12999839n | Length: 55
Results written to results/stp_pancake/parts/benchmark_stp_55.csv
