------------------------------------
Mon 29 Jun 2026 03:14:18 IDT
SLURM_JOBID:		18548855
SLURM_JOB_NODELIST:	cs-cpu-10
SLURM_SCRATCH_DIR:	/scratch/omerpr/18548855
Allocated Resouces:	cpu - 2 / mem - 102400 MB / gpu - 
SLURM_GPU_INDEX:	
Running as omerpr from felner account with normal QOS
------------------------------------
------------------------------------
Mon 29 Jun 2026 03:14:18 IDT
SLURM_JOBID:		18548855
SLURM_JOB_NODELIST:	cs-cpu-10
SLURM_SCRATCH_DIR:	/scratch/omerpr/18548855
Allocated Resouces:	cpu - 2 / mem - 102400 MB / gpu - 
SLURM_GPU_INDEX:	
Running as omerpr from felner account with normal QOS
------------------------------------
Domain: Pancake Puzzle
[80] Running Pancake A*... done (1.12609s, 37058n)
[80] Running Pancake Rev-A*... done (1.01951s, 37058n)
[80] Running Pancake BAE*... done (0.794618s, 53137n)
[80] Running Pancake NBS... done (26.7131s, 546716n)
[80] Running Pancake MM... done (1.51384s, 65694n)
[80] Running Pancake IDA*... done (0.362591s, 176189n)
[80] Running Pancake Rev-IDA*... done (0.362931s, 176189n)
[80] Running Pancake Parallel IDA*...1994544 pieces of work generated
Starting iteration with bound 10.000000; 117326 expanded, 2229194 generated
Starting iteration with bound 11.000000; 117326 expanded, 2229194 generated
Starting iteration with bound 12.000000; 117326 expanded, 2229194 generated
Starting iteration with bound 13.000000; 117333 expanded, 2229327 generated
Starting iteration with bound 14.000000; 118189 expanded, 2245591 generated
Starting iteration with bound 15.000000; 149634 expanded, 2843046 generated
 done (5.98359s, 392824n)
[80] Pancake BiHS-Bloom timeout limit: 534.263s
[80] Pancake IDTHSwTrans state bound baseline: 609491
[80] Running Pancake BiHS-Bloom(50%, k1, dynamic, size=2306KiB, k=1, fp_est=0.0282213, limit=534.263s)...Bloom filter size: 2306 KiB, k_hashes: 1, min_items: 304689
 done (4.78486s, 35838066n)
[80] Running Pancake IDTHSwTrans(50%, states=304745, limit=1800s)... done (0.659952s, 73810n)
[80] Running Pancake BiHS-Bloom(50%, optk, dynamic, size=2306KiB, k=24, fp_est=5.14459e-08, limit=534.263s)...Bloom filter size: 2306 KiB, k_hashes: 24, min_items: 304689
 done (4.8287s, 35838066n)
[80] Running Pancake IDTHSwTrans(50%, states=304745, limit=1800s)... done (0.660003s, 73810n)
[80] Running Pancake BiHS-Bloom(50%, rootk, dynamic, size=2306KiB, k=5, fp_est=4.21876e-05, limit=534.263s)...Bloom filter size: 2306 KiB, k_hashes: 5, min_items: 304689
 done (4.7983s, 35838066n)
[80] Running Pancake IDTHSwTrans(50%, states=304745, limit=1800s)... done (0.660548s, 73810n)
[80] Running Pancake BiHS-Bloom(10%, k1, dynamic, size=461KiB, k=1, fp_est=0.133417, limit=534.263s)...Bloom filter size: 461 KiB, k_hashes: 1, min_items: 60911
 done (5.00432s, 35838066n)
[80] Running Pancake IDTHSwTrans(10%, states=60949, limit=1800s)... done (0.398335s, 42792n)
[80] Running Pancake BiHS-Bloom(10%, optk, dynamic, size=461KiB, k=5, fp_est=0.0349415, limit=534.263s)...Bloom filter size: 461 KiB, k_hashes: 5, min_items: 60911
 done (4.78372s, 35838066n)
[80] Running Pancake IDTHSwTrans(10%, states=60949, limit=1800s)... done (0.39793s, 42792n)
[80] Running Pancake BiHS-Bloom(10%, rootk, dynamic, size=461KiB, k=2, fp_est=0.0620182, limit=534.263s)...Bloom filter size: 461 KiB, k_hashes: 2, min_items: 60911
 done (4.77693s, 35838066n)
[80] Running Pancake IDTHSwTrans(10%, states=60949, limit=1800s)... done (0.397725s, 42792n)
[80] Running Pancake BiHS-Bloom(1%, k1, dynamic, size=46KiB, k=1, fp_est=0.761906, limit=534.263s)...Bloom filter size: 46 KiB, k_hashes: 1, min_items: 6077
 done (5.94999s, 49379721n)
[80] Running Pancake IDTHSwTrans(1%, states=6094, limit=1800s)... done (0.543106s, 37934n)
[80] Running Pancake BiHS-Bloom(1%, optk, dynamic, size=46KiB, k=1, fp_est=0.761906, limit=534.263s)...Bloom filter size: 46 KiB, k_hashes: 1, min_items: 6077
 done (5.95302s, 49379721n)
[80] Running Pancake IDTHSwTrans(1%, states=6094, limit=1800s)... done (0.543436s, 37934n)
[80] Running Pancake BiHS-Bloom(1%, rootk, dynamic, size=46KiB, k=1, fp_est=0.761906, limit=534.263s)...Bloom filter size: 46 KiB, k_hashes: 1, min_items: 6077
 done (5.95176s, 49379721n)
[80] Running Pancake IDTHSwTrans(1%, states=6094, limit=1800s)... done (0.542899s, 37934n)
[80] Running Pancake BiHS-Bloom(0.1%, k1, dynamic, size=5KiB, k=1, fp_est=0.999998, limit=534.263s)...Bloom filter size: 5 KiB, k_hashes: 1, min_items: 660
[TYPE] Splitting depth 15 into 7 hash types (Ff=157437, Fb=79516, min_items=660)
 done (5.95114s, 49379721n)
[80] Running Pancake IDTHSwTrans(0.1%, states=609, limit=1800s)... done (0.610742s, 47525n)
[80] Running Pancake BiHS-Bloom(0.1%, optk, dynamic, size=5KiB, k=1, fp_est=0.999998, limit=534.263s)...Bloom filter size: 5 KiB, k_hashes: 1, min_items: 660
[TYPE] Splitting depth 15 into 7 hash types (Ff=157437, Fb=80100, min_items=660)
 done (5.95385s, 49379721n)
[80] Running Pancake IDTHSwTrans(0.1%, states=609, limit=1800s)... done (0.61273s, 47525n)
[80] Running Pancake BiHS-Bloom(0.1%, rootk, dynamic, size=5KiB, k=1, fp_est=0.999998, limit=534.263s)...Bloom filter size: 5 KiB, k_hashes: 1, min_items: 660
[TYPE] Splitting depth 15 into 7 hash types (Ff=157437, Fb=79111, min_items=660)
 done (5.95774s, 49379721n)
[80] Running Pancake IDTHSwTrans(0.1%, states=609, limit=1800s)... done (0.609066s, 47525n)
Pancake #80 | A*: 1.12609s/37058n | Rev-A*: 1.01951s/37058n | BAE*: 0.794618s/53137n | NBS: 26.7131s/546716n | MM: 1.51384s/65694n | IDA*: 0.362591s/176189n | Parallel IDA*: 5.98359s/392824n | Rev-IDA*: 0.362931s/176189n | BiHS-Bloom(50%,k1,dynamic): 4.78486s/35838066n | IDTHSwTrans(50%): 0.659952s/73810n | BiHS-Bloom(50%,optk,dynamic): 4.8287s/35838066n | IDTHSwTrans(50%): 0.660003s/73810n | BiHS-Bloom(50%,rootk,dynamic): 4.7983s/35838066n | IDTHSwTrans(50%): 0.660548s/73810n | BiHS-Bloom(10%,k1,dynamic): 5.00432s/35838066n | IDTHSwTrans(10%): 0.398335s/42792n | BiHS-Bloom(10%,optk,dynamic): 4.78372s/35838066n | IDTHSwTrans(10%): 0.39793s/42792n | BiHS-Bloom(10%,rootk,dynamic): 4.77693s/35838066n | IDTHSwTrans(10%): 0.397725s/42792n | BiHS-Bloom(1%,k1,dynamic): 5.94999s/49379721n | IDTHSwTrans(1%): 0.543106s/37934n | BiHS-Bloom(1%,optk,dynamic): 5.95302s/49379721n | IDTHSwTrans(1%): 0.543436s/37934n | BiHS-Bloom(1%,rootk,dynamic): 5.95176s/49379721n | IDTHSwTrans(1%): 0.542899s/37934n | BiHS-Bloom(0.1%,k1,dynamic): 5.95114s/49379721n | IDTHSwTrans(0.1%): 0.610742s/47525n | BiHS-Bloom(0.1%,optk,dynamic): 5.95385s/49379721n | IDTHSwTrans(0.1%): 0.61273s/47525n | BiHS-Bloom(0.1%,rootk,dynamic): 5.95774s/49379721n | IDTHSwTrans(0.1%): 0.609066s/47525n | Length: 15
Results written to results/stp_pancake/parts/benchmark_pancake_80.csv
