------------------------------------
Sat 27 Jun 2026 21:00:24 IDT
SLURM_JOBID:		18469891
SLURM_JOB_NODELIST:	ise-cpu-intl-23
SLURM_SCRATCH_DIR:	/scratch/omerpr/18469891
Allocated Resouces:	cpu - 2 / mem - 65536 MB / gpu - 
SLURM_GPU_INDEX:	
Running as omerpr from felner account with normal QOS
------------------------------------
------------------------------------
Sat 27 Jun 2026 21:00:24 IDT
SLURM_JOBID:		18469891
SLURM_JOB_NODELIST:	ise-cpu-intl-23
SLURM_SCRATCH_DIR:	/scratch/omerpr/18469891
Allocated Resouces:	cpu - 2 / mem - 65536 MB / gpu - 
SLURM_GPU_INDEX:	
Running as omerpr from felner account with normal QOS
------------------------------------
Domain: Sliding Tile Puzzle
Starting Korf's Puzzle #66

[66] Running A*... done (31.9219s, 8430957n)
[66] Running Rev-A*... done (22.9014s, 5531547n)
[66] Skipping BAE*, NBS, IDA*, Rev-IDA*, and Parallel IDA*; use --full to run them
[66] Running MM... done (33.0165s, 7644317n)
[66] BiHS-Bloom timeout limit: 660.33s
[66] IDTHSwTrans state bound baseline: 10112825
[66] Running BiHS-Bloom(50%, optk, dynamic, size=27776KiB, k=17, fp_est=7.12108e-06, limit=660.33s)...
Bloom filter size: 27776 KiB, k_hashes: 17, min_items: 5056466
 done (44.9387s, 602099023n)
[66] Running IDTHSwTrans(50%, states=5056412, limit=1800s)... done (39.8389s, 2521958n)
[66] Running BiHS-Bloom(10%, optk, dynamic, size=5555KiB, k=3, fp_est=0.0945652, limit=660.33s)...
Bloom filter size: 5555 KiB, k_hashes: 3, min_items: 1011256
 done (44.627s, 602099023n)
[66] Running IDTHSwTrans(10%, states=1011282, limit=1800s)... done (38.1499s, 2344858n)
[66] Running BiHS-Bloom(1%, optk, dynamic, size=556KiB, k=1, fp_est=0.868011, limit=660.33s)...
Bloom filter size: 556 KiB, k_hashes: 1, min_items: 101216
 done (49.1052s, 602099023n)
[66] Running IDTHSwTrans(1%, states=101128, limit=1800s)... done (42.9961s, 2344858n)
[66] Running BiHS-Bloom(0.1%, optk, dynamic, size=56KiB, k=1, fp_est=1, limit=660.33s)...
Bloom filter size: 56 KiB, k_hashes: 1, min_items: 10194
[TYPE] Splitting depth 50 into 2 hash types (Ff=157455, Fb=751618, min_items=10194)
 done (39.1918s, 602990293n)
[66] Running IDTHSwTrans(0.1%, states=10112, limit=1800s)... done (44.8223s, 6137856n)
Puzzle #66 | A*: 31.9219s/8430957n | Rev-A*: 22.9014s/5531547n | BAE*: -3s/0n | NBS: -3s/0n | MM: 33.0165s/7644317n | IDA*: -3s/0n | Parallel IDA*: -3s/0n | Rev-IDA*: -3s/0n | BiHS-Bloom(50%,optk,dynamic): 44.9387s/602099023n | IDTHSwTrans(50%): 39.8389s/2521958n | BiHS-Bloom(10%,optk,dynamic): 44.627s/602099023n | IDTHSwTrans(10%): 38.1499s/2344858n | BiHS-Bloom(1%,optk,dynamic): 49.1052s/602099023n | IDTHSwTrans(1%): 42.9961s/2344858n | BiHS-Bloom(0.1%,optk,dynamic): 39.1918s/602990293n | IDTHSwTrans(0.1%): 44.8223s/6137856n | Length: 50
Results written to results/stp_pancake/parts/benchmark_stp_66.csv
