------------------------------------
Sun 28 Jun 2026 01:58:27 IDT
SLURM_JOBID:		18484731
SLURM_JOB_NODELIST:	ise-cpu-intl-15
SLURM_SCRATCH_DIR:	
Allocated Resouces:	cpu - 2 / mem - 65536 MB / gpu - 
SLURM_GPU_INDEX:	
Running as omerpr from felner account with normal QOS
------------------------------------
------------------------------------
Sun 28 Jun 2026 01:58:27 IDT
SLURM_JOBID:		18484731
SLURM_JOB_NODELIST:	ise-cpu-intl-15
SLURM_SCRATCH_DIR:	
Allocated Resouces:	cpu - 2 / mem - 65536 MB / gpu - 
SLURM_GPU_INDEX:	
Running as omerpr from felner account with normal QOS
------------------------------------
Domain: Sliding Tile Puzzle
Starting Korf's Puzzle #79

[79] Running A*... done (14.0852s, 4130961n)
[79] Running Rev-A*... done (13.1829s, 3476514n)
[79] Running BAE*... done (4.58941s, 1168658n)
[79] Running NBS... done (64.5063s, 11896235n)
[79] Running MM... done (13.7963s, 3902265n)
[79] Running IDA*... done (20.1672s, 66976966n)
[79] Running Rev-IDA*... done (7.66852s, 25594450n)
[79] Running Parallel IDA*...66 pieces of work generated
Starting iteration with bound 43.000000; 56 expanded, 176 generated
Starting iteration with bound 45.000000; 56 expanded, 176 generated
Starting iteration with bound 47.000000; 84 expanded, 249 generated
Starting iteration with bound 49.000000; 1241 expanded, 3581 generated
Starting iteration with bound 51.000000; 16269 expanded, 47472 generated
Starting iteration with bound 53.000000; 167392 expanded, 491631 generated
Starting iteration with bound 55.000000; 1491155 expanded, 4396870 generated
Starting iteration with bound 57.000000; 11947291 expanded, 35347600 generated
 done (12.5334s, 79415859n)
[79] BiHS-Bloom timeout limit: 1290.13s
[79] IDTHSwTrans state bound baseline: 6240153
[79] Running BiHS-Bloom(50%, optk, dynamic, size=17139KiB, k=22, fp_est=2.03419e-07, limit=1290.13s)...
Bloom filter size: 17139 KiB, k_hashes: 22, min_items: 3120059
 done (15.7755s, 204727874n)
[79] Running IDTHSwTrans(50%, states=3120076, limit=1800s)... done (5.43654s, 3592380n)
[79] Running BiHS-Bloom(10%, optk, dynamic, size=3428KiB, k=4, fp_est=0.0463445, limit=1290.13s)...
Bloom filter size: 3428 KiB, k_hashes: 4, min_items: 624048
 done (14.2091s, 204727874n)
[79] Running IDTHSwTrans(10%, states=624015, limit=1800s)... done (12.06s, 3737783n)
[79] Running BiHS-Bloom(1%, optk, dynamic, size=343KiB, k=1, fp_est=0.789454, limit=1290.13s)...
Bloom filter size: 343 KiB, k_hashes: 1, min_items: 62441
[TYPE] Splitting depth 57 into 2 hash types (Ff=5806462, Fb=984565, min_items=62441)
 done (33.0495s, 482714812n)
[79] Running IDTHSwTrans(1%, states=62401, limit=1800s)... done (11.6251s, 3449099n)
[79] Running BiHS-Bloom(0.1%, optk, dynamic, size=34KiB, k=1, fp_est=1, limit=1290.13s)...
Bloom filter size: 34 KiB, k_hashes: 1, min_items: 6189
[TYPE] Splitting depth 55 into 3 hash types (Ff=728591, Fb=212191, min_items=6189)
[TYPE] Splitting depth 57 into 8 hash types (Ff=5806462, Fb=2467287, min_items=6189)
 done (107.356s, 1397844883n)
[79] Running IDTHSwTrans(0.1%, states=6240, limit=1800s)... done (12.1519s, 4232856n)
Puzzle #79 | A*: 14.0852s/4130961n | Rev-A*: 13.1829s/3476514n | BAE*: 4.58941s/1168658n | NBS: 64.5063s/11896235n | MM: 13.7963s/3902265n | IDA*: 20.1672s/66976966n | Parallel IDA*: 12.5334s/79415859n | Rev-IDA*: 7.66852s/25594450n | BiHS-Bloom(50%,optk,dynamic): 15.7755s/204727874n | IDTHSwTrans(50%): 5.43654s/3592380n | BiHS-Bloom(10%,optk,dynamic): 14.2091s/204727874n | IDTHSwTrans(10%): 12.06s/3737783n | BiHS-Bloom(1%,optk,dynamic): 33.0495s/482714812n | IDTHSwTrans(1%): 11.6251s/3449099n | BiHS-Bloom(0.1%,optk,dynamic): 107.356s/1397844883n | IDTHSwTrans(0.1%): 12.1519s/4232856n | Length: 57
Results written to results/stp_pancake/parts/benchmark_stp_79.csv
