------------------------------------
Sat 27 Jun 2026 21:48:36 IDT
SLURM_JOBID:		18472326
SLURM_JOB_NODELIST:	ise-cpu-intl-08
SLURM_SCRATCH_DIR:	
Allocated Resouces:	cpu - 2 / mem - 65536 MB / gpu - 
SLURM_GPU_INDEX:	
Running as omerpr from felner account with normal QOS
------------------------------------
------------------------------------
Sat 27 Jun 2026 21:48:37 IDT
SLURM_JOBID:		18472326
SLURM_JOB_NODELIST:	ise-cpu-intl-08
SLURM_SCRATCH_DIR:	
Allocated Resouces:	cpu - 2 / mem - 65536 MB / gpu - 
SLURM_GPU_INDEX:	
Running as omerpr from felner account with normal QOS
------------------------------------
Domain: Pancake Puzzle
[61] Running Pancake A*... done (13.0845s, 353223n)
[61] Running Pancake Rev-A*... done (12.7733s, 327721n)
[61] Skipping BAE*, NBS, IDA*, Rev-IDA*, and Parallel IDA*; use --full to run them
[61] Running Pancake MM... done (15.7515s, 626661n)
[61] Pancake BiHS-Bloom timeout limit: 315.03s
[61] Pancake IDTHSwTrans state bound baseline: 5161639
[61] Running Pancake BiHS-Bloom(50%, optk, dynamic, size=19533KiB, k=22, fp_est=2.61067e-07, limit=315.03s)...Bloom filter size: 19533 KiB, k_hashes: 22, min_items: 2580876
 done (51.2345s, 341345193n)
[61] Running Pancake IDTHSwTrans(50%, states=2580819, limit=1800s)... done (3.23223s, 183624n)
[61] Running Pancake BiHS-Bloom(10%, optk, dynamic, size=3907KiB, k=4, fp_est=0.0485673, limit=315.03s)...Bloom filter size: 3907 KiB, k_hashes: 4, min_items: 516228
 done (49.0146s, 341345193n)
[61] Running Pancake IDTHSwTrans(10%, states=516163, limit=1800s)... done (3.08401s, 172339n)
[61] Running Pancake BiHS-Bloom(1%, optk, dynamic, size=391KiB, k=1, fp_est=0.794718, limit=315.03s)...Bloom filter size: 391 KiB, k_hashes: 1, min_items: 51662
 done (50.9622s, 427020300n)
[61] Running Pancake IDTHSwTrans(1%, states=51616, limit=1800s)... done (2.59749s, 102293n)
[61] Running Pancake BiHS-Bloom(0.1%, optk, dynamic, size=39KiB, k=1, fp_est=1, limit=315.03s)...Bloom filter size: 39 KiB, k_hashes: 1, min_items: 5153
[TYPE] Splitting depth 16 into 8 hash types (Ff=2148741, Fb=840194, min_items=5153)
 done (53.25s, 439897287n)
[61] Running Pancake IDTHSwTrans(0.1%, states=5161, limit=1800s)... done (3.00663s, 128300n)
Pancake #61 | A*: 13.0845s/353223n | Rev-A*: 12.7733s/327721n | BAE*: -3s/0n | NBS: -3s/0n | MM: 15.7515s/626661n | IDA*: -3s/0n | Parallel IDA*: -3s/0n | Rev-IDA*: -3s/0n | BiHS-Bloom(50%,optk,dynamic): 51.2345s/341345193n | IDTHSwTrans(50%): 3.23223s/183624n | BiHS-Bloom(10%,optk,dynamic): 49.0146s/341345193n | IDTHSwTrans(10%): 3.08401s/172339n | BiHS-Bloom(1%,optk,dynamic): 50.9622s/427020300n | IDTHSwTrans(1%): 2.59749s/102293n | BiHS-Bloom(0.1%,optk,dynamic): 53.25s/439897287n | IDTHSwTrans(0.1%): 3.00663s/128300n | Length: 16
Results written to results/stp_pancake/parts/benchmark_pancake_61.csv
