------------------------------------
Mon 29 Jun 2026 02:45:07 IDT
SLURM_JOBID:		18548512
SLURM_JOB_NODELIST:	cs-cpu-10
SLURM_SCRATCH_DIR:	/scratch/omerpr/18548512
Allocated Resouces:	cpu - 2 / mem - 102400 MB / gpu - 
SLURM_GPU_INDEX:	
Running as omerpr from felner account with normal QOS
------------------------------------
------------------------------------
Mon 29 Jun 2026 02:45:07 IDT
SLURM_JOBID:		18548512
SLURM_JOB_NODELIST:	cs-cpu-10
SLURM_SCRATCH_DIR:	/scratch/omerpr/18548512
Allocated Resouces:	cpu - 2 / mem - 102400 MB / gpu - 
SLURM_GPU_INDEX:	
Running as omerpr from felner account with normal QOS
------------------------------------
Domain: Pancake Puzzle
[58] Running Pancake A*... done (3.47269s, 108759n)
[58] Running Pancake Rev-A*... done (16.4757s, 518351n)
[58] Running Pancake BAE*... done (4.59335s, 153227n)
[58] Running Pancake NBS... done (111.881s, 2220781n)
[58] Running Pancake MM... done (45.0273s, 1713622n)
[58] Running Pancake IDA*... done (4.50125s, 776805n)
[58] Running Pancake Rev-IDA*... done (3.9887s, 2089776n)
[58] Running Pancake Parallel IDA*...1994544 pieces of work generated
Starting iteration with bound 12.000000; 117326 expanded, 2229194 generated
Starting iteration with bound 13.000000; 117326 expanded, 2229194 generated
Starting iteration with bound 14.000000; 117326 expanded, 2229194 generated
Starting iteration with bound 15.000000; 117351 expanded, 2229669 generated
Starting iteration with bound 16.000000; 120856 expanded, 2296264 generated
Starting iteration with bound 17.000000; 241099 expanded, 4580881 generated
 done (6.79762s, 1172303n)
[58] Pancake BiHS-Bloom timeout limit: 2237.62s
[58] Pancake IDTHSwTrans state bound baseline: 1762302
[58] Running Pancake BiHS-Bloom(50%, k1, dynamic, size=6669KiB, k=1, fp_est=0.303646, limit=2237.62s)...Bloom filter size: 6669 KiB, k_hashes: 1, min_items: 881168
 done (19.4416s, 154356075n)
[58] Running Pancake IDTHSwTrans(50%, states=881151, limit=1800s)... done (7.67684s, 506120n)
[58] Running Pancake BiHS-Bloom(50%, optk, dynamic, size=6669KiB, k=2, fp_est=0.265319, limit=2237.62s)...Bloom filter size: 6669 KiB, k_hashes: 2, min_items: 881168
 done (19.4546s, 154356075n)
[58] Running Pancake IDTHSwTrans(50%, states=881151, limit=1800s)... done (7.69281s, 506120n)
[58] Running Pancake BiHS-Bloom(50%, rootk, dynamic, size=6669KiB, k=1, fp_est=0.303646, limit=2237.62s)...Bloom filter size: 6669 KiB, k_hashes: 1, min_items: 881168
 done (19.4465s, 154356075n)
[58] Running Pancake IDTHSwTrans(50%, states=881151, limit=1800s)... done (7.70944s, 506120n)
[58] Running Pancake BiHS-Bloom(10%, k1, dynamic, size=1334KiB, k=1, fp_est=0.836217, limit=2237.62s)...Bloom filter size: 1334 KiB, k_hashes: 1, min_items: 176260
 done (20.1841s, 154356075n)
[58] Running Pancake IDTHSwTrans(10%, states=176230, limit=1800s)... done (2.46538s, 163243n)
[58] Running Pancake BiHS-Bloom(10%, optk, dynamic, size=1334KiB, k=1, fp_est=0.836217, limit=2237.62s)...Bloom filter size: 1334 KiB, k_hashes: 1, min_items: 176260
 done (20.1935s, 154356075n)
[58] Running Pancake IDTHSwTrans(10%, states=176230, limit=1800s)... done (2.46547s, 163243n)
[58] Running Pancake BiHS-Bloom(10%, rootk, dynamic, size=1334KiB, k=1, fp_est=0.836217, limit=2237.62s)...Bloom filter size: 1334 KiB, k_hashes: 1, min_items: 176260
 done (19.5417s, 154356075n)
[58] Running Pancake IDTHSwTrans(10%, states=176230, limit=1800s)... done (2.4688s, 163243n)
[58] Running Pancake BiHS-Bloom(1%, k1, dynamic, size=133KiB, k=1, fp_est=1, limit=2237.62s)...Bloom filter size: 133 KiB, k_hashes: 1, min_items: 17573
 done (28.5519s, 218056278n)
[58] Running Pancake IDTHSwTrans(1%, states=17623, limit=1800s)... done (2.64781s, 178183n)
[58] Running Pancake BiHS-Bloom(1%, optk, dynamic, size=133KiB, k=1, fp_est=1, limit=2237.62s)...Bloom filter size: 133 KiB, k_hashes: 1, min_items: 17573
 done (28.5984s, 218056278n)
[58] Running Pancake IDTHSwTrans(1%, states=17623, limit=1800s)... done (2.645s, 178183n)
[58] Running Pancake BiHS-Bloom(1%, rootk, dynamic, size=133KiB, k=1, fp_est=1, limit=2237.62s)...Bloom filter size: 133 KiB, k_hashes: 1, min_items: 17573
 done (28.6027s, 218056278n)
[58] Running Pancake IDTHSwTrans(1%, states=17623, limit=1800s)... done (2.64366s, 178183n)
[58] Running Pancake BiHS-Bloom(0.1%, k1, dynamic, size=13KiB, k=1, fp_est=1, limit=2237.62s)...Bloom filter size: 13 KiB, k_hashes: 1, min_items: 1717
[TYPE] Splitting depth 17 into 7 hash types (Ff=454944, Fb=168519, min_items=1717)
 done (28.6153s, 218056278n)
[58] Running Pancake IDTHSwTrans(0.1%, states=1762, limit=1800s)... done (2.86337s, 215485n)
[58] Running Pancake BiHS-Bloom(0.1%, optk, dynamic, size=13KiB, k=1, fp_est=1, limit=2237.62s)...Bloom filter size: 13 KiB, k_hashes: 1, min_items: 1717
[TYPE] Splitting depth 17 into 7 hash types (Ff=454944, Fb=170359, min_items=1717)
 done (28.6002s, 218056278n)
[58] Running Pancake IDTHSwTrans(0.1%, states=1762, limit=1800s)... done (2.85574s, 215485n)
[58] Running Pancake BiHS-Bloom(0.1%, rootk, dynamic, size=13KiB, k=1, fp_est=1, limit=2237.62s)...Bloom filter size: 13 KiB, k_hashes: 1, min_items: 1717
[TYPE] Splitting depth 17 into 7 hash types (Ff=454944, Fb=168734, min_items=1717)
 done (28.5861s, 218056278n)
[58] Running Pancake IDTHSwTrans(0.1%, states=1762, limit=1800s)... done (2.85716s, 215485n)
Pancake #58 | A*: 3.47269s/108759n | Rev-A*: 16.4757s/518351n | BAE*: 4.59335s/153227n | NBS: 111.881s/2220781n | MM: 45.0273s/1713622n | IDA*: 4.50125s/776805n | Parallel IDA*: 6.79762s/1172303n | Rev-IDA*: 3.9887s/2089776n | BiHS-Bloom(50%,k1,dynamic): 19.4416s/154356075n | IDTHSwTrans(50%): 7.67684s/506120n | BiHS-Bloom(50%,optk,dynamic): 19.4546s/154356075n | IDTHSwTrans(50%): 7.69281s/506120n | BiHS-Bloom(50%,rootk,dynamic): 19.4465s/154356075n | IDTHSwTrans(50%): 7.70944s/506120n | BiHS-Bloom(10%,k1,dynamic): 20.1841s/154356075n | IDTHSwTrans(10%): 2.46538s/163243n | BiHS-Bloom(10%,optk,dynamic): 20.1935s/154356075n | IDTHSwTrans(10%): 2.46547s/163243n | BiHS-Bloom(10%,rootk,dynamic): 19.5417s/154356075n | IDTHSwTrans(10%): 2.4688s/163243n | BiHS-Bloom(1%,k1,dynamic): 28.5519s/218056278n | IDTHSwTrans(1%): 2.64781s/178183n | BiHS-Bloom(1%,optk,dynamic): 28.5984s/218056278n | IDTHSwTrans(1%): 2.645s/178183n | BiHS-Bloom(1%,rootk,dynamic): 28.6027s/218056278n | IDTHSwTrans(1%): 2.64366s/178183n | BiHS-Bloom(0.1%,k1,dynamic): 28.6153s/218056278n | IDTHSwTrans(0.1%): 2.86337s/215485n | BiHS-Bloom(0.1%,optk,dynamic): 28.6002s/218056278n | IDTHSwTrans(0.1%): 2.85574s/215485n | BiHS-Bloom(0.1%,rootk,dynamic): 28.5861s/218056278n | IDTHSwTrans(0.1%): 2.85716s/215485n | Length: 17
Results written to results/stp_pancake/parts/benchmark_pancake_58.csv
