------------------------------------
Sun 28 Jun 2026 01:31:36 IDT
SLURM_JOBID:		18483831
SLURM_JOB_NODELIST:	ise-cpu-intl-24
SLURM_SCRATCH_DIR:	
Allocated Resouces:	cpu - 2 / mem - 65536 MB / gpu - 
SLURM_GPU_INDEX:	
Running as omerpr from felner account with normal QOS
------------------------------------
------------------------------------
Sun 28 Jun 2026 01:31:36 IDT
SLURM_JOBID:		18483831
SLURM_JOB_NODELIST:	ise-cpu-intl-24
SLURM_SCRATCH_DIR:	
Allocated Resouces:	cpu - 2 / mem - 65536 MB / gpu - 
SLURM_GPU_INDEX:	
Running as omerpr from felner account with normal QOS
------------------------------------
Domain: Sliding Tile Puzzle
Starting Korf's Puzzle #58

[58] Running A*... done (283.161s, 49796723n)
[58] Running Rev-A*... done (138.548s, 21734964n)
[58] Running BAE*... done (65.0579s, 9172677n)
[58] Running NBS... done (242.933s, 31167234n)
[58] Running MM... done (210.25s, 35464318n)
[58] Running IDA*... done (290.355s, 622332527n)
[58] Running Rev-IDA*... done (117.312s, 263866714n)
[58] Running Parallel IDA*...80 pieces of work generated
Starting iteration with bound 35.000000; 73 expanded, 224 generated
Starting iteration with bound 37.000000; 74 expanded, 226 generated
Starting iteration with bound 39.000000; 135 expanded, 400 generated
Starting iteration with bound 41.000000; 622 expanded, 1832 generated
Starting iteration with bound 43.000000; 3751 expanded, 11073 generated
Starting iteration with bound 45.000000; 21986 expanded, 65109 generated
Starting iteration with bound 47.000000; 123056 expanded, 365565 generated
Starting iteration with bound 49.000000; 677370 expanded, 2016742 generated
Starting iteration with bound 51.000000; 3682601 expanded, 10989475 generated
Starting iteration with bound 53.000000; 19765897 expanded, 59109070 generated
Starting iteration with bound 55.000000; 104713095 expanded, 313686702 generated
Starting iteration with bound 57.000000; 547442488 expanded, 1642433806 generated
 done (153.423s, 653406339n)
[58] BiHS-Bloom timeout limit: 5807.09s
[58] IDTHSwTrans state bound baseline: 38510961
[58] Running BiHS-Bloom(50%, optk, dynamic, size=105774KiB, k=14, fp_est=5.78081e-05, limit=5807.09s)...
Bloom filter size: 105774 KiB, k_hashes: 14, min_items: 19255569
 done (310.68s, 3112318303n)
[58] Running IDTHSwTrans(50%, states=19255480, limit=1800s)... done (265.301s, 6677143n)
[58] Running BiHS-Bloom(10%, optk, dynamic, size=21155KiB, k=3, fp_est=0.142379, limit=5807.09s)...
Bloom filter size: 21155 KiB, k_hashes: 3, min_items: 3851150
 done (310.914s, 3112318303n)
[58] Running IDTHSwTrans(10%, states=3851096, limit=1800s)... done (264.424s, 6677143n)
[58] Running BiHS-Bloom(1%, optk, dynamic, size=2115KiB, k=1, fp_est=0.91476, limit=5807.09s)...
Bloom filter size: 2115 KiB, k_hashes: 1, min_items: 385024
 done (337.311s, 3112318303n)
[58] Running IDTHSwTrans(1%, states=385109, limit=1800s)... done (194.257s, 4957393n)
[58] Running BiHS-Bloom(0.1%, optk, dynamic, size=212KiB, k=1, fp_est=1, limit=5807.09s)...
Bloom filter size: 212 KiB, k_hashes: 1, min_items: 38593
 done (257.102s, 3114194821n)
[58] Running IDTHSwTrans(0.1%, states=38510, limit=1800s)... done (199.839s, 10486441n)
Puzzle #58 | A*: 283.161s/49796723n | Rev-A*: 138.548s/21734964n | BAE*: 65.0579s/9172677n | NBS: 242.933s/31167234n | MM: 210.25s/35464318n | IDA*: 290.355s/622332527n | Parallel IDA*: 153.423s/653406339n | Rev-IDA*: 117.312s/263866714n | BiHS-Bloom(50%,optk,dynamic): 310.68s/3112318303n | IDTHSwTrans(50%): 265.301s/6677143n | BiHS-Bloom(10%,optk,dynamic): 310.914s/3112318303n | IDTHSwTrans(10%): 264.424s/6677143n | BiHS-Bloom(1%,optk,dynamic): 337.311s/3112318303n | IDTHSwTrans(1%): 194.257s/4957393n | BiHS-Bloom(0.1%,optk,dynamic): 257.102s/3114194821n | IDTHSwTrans(0.1%): 199.839s/10486441n | Length: 57
Results written to results/stp_pancake/parts/benchmark_stp_58.csv
