------------------------------------
Mon 29 Jun 2026 01:59:31 IDT
SLURM_JOBID:		18548004
SLURM_JOB_NODELIST:	cs-cpu-10
SLURM_SCRATCH_DIR:	/scratch/omerpr/18548004
Allocated Resouces:	cpu - 2 / mem - 102400 MB / gpu - 
SLURM_GPU_INDEX:	
Running as omerpr from felner account with normal QOS
------------------------------------
------------------------------------
Mon 29 Jun 2026 01:59:31 IDT
SLURM_JOBID:		18548004
SLURM_JOB_NODELIST:	cs-cpu-10
SLURM_SCRATCH_DIR:	/scratch/omerpr/18548004
Allocated Resouces:	cpu - 2 / mem - 102400 MB / gpu - 
SLURM_GPU_INDEX:	
Running as omerpr from felner account with normal QOS
------------------------------------
Domain: Pancake Puzzle
[33] Running Pancake A*... done (13.4949s, 411290n)
[33] Running Pancake Rev-A*... done (10.5241s, 315153n)
[33] Running Pancake BAE*... done (7.9833s, 395148n)
[33] Running Pancake NBS... done (29.1725s, 609838n)
[33] Running Pancake MM... done (15.0698s, 675342n)
[33] Running Pancake IDA*... done (2.79707s, 1057176n)
[33] Running Pancake Rev-IDA*... done (1.5407s, 833519n)
[33] Running Pancake Parallel IDA*...1994544 pieces of work generated
Starting iteration with bound 10.000000; 117326 expanded, 2229194 generated
Starting iteration with bound 11.000000; 117326 expanded, 2229194 generated
Starting iteration with bound 12.000000; 117326 expanded, 2229194 generated
Starting iteration with bound 13.000000; 117329 expanded, 2229251 generated
Starting iteration with bound 14.000000; 118306 expanded, 2247814 generated
Starting iteration with bound 15.000000; 152783 expanded, 2902877 generated
Starting iteration with bound 16.000000; 799138 expanded, 15183622 generated
 done (8.24675s, 1847736n)
[33] Pancake BiHS-Bloom timeout limit: 583.45s
[33] Pancake IDTHSwTrans state bound baseline: 4961171
[33] Running Pancake BiHS-Bloom(50%, k1, dynamic, size=18774KiB, k=1, fp_est=0.037973, limit=583.45s)...Bloom filter size: 18774 KiB, k_hashes: 1, min_items: 2480590
 done (44.1515s, 302807049n)
[33] Running Pancake IDTHSwTrans(50%, states=2480585, limit=1800s)... done (3.60083s, 188408n)
[33] Running Pancake BiHS-Bloom(50%, optk, dynamic, size=18774KiB, k=18, fp_est=4.0751e-06, limit=583.45s)...Bloom filter size: 18774 KiB, k_hashes: 18, min_items: 2480590
 done (43.1649s, 302807049n)
[33] Running Pancake IDTHSwTrans(50%, states=2480585, limit=1800s)... done (3.60363s, 188408n)
[33] Running Pancake BiHS-Bloom(50%, rootk, dynamic, size=18774KiB, k=4, fp_est=0.000423534, limit=583.45s)...Bloom filter size: 18774 KiB, k_hashes: 4, min_items: 2480590
 done (42.7313s, 302807049n)
[33] Running Pancake IDTHSwTrans(50%, states=2480585, limit=1800s)... done (3.60962s, 188408n)
[33] Running Pancake BiHS-Bloom(10%, k1, dynamic, size=3755KiB, k=1, fp_est=0.175974, limit=583.45s)...Bloom filter size: 3755 KiB, k_hashes: 1, min_items: 496144
 done (44.1651s, 302807049n)
[33] Running Pancake IDTHSwTrans(10%, states=496117, limit=1800s)... done (4.28059s, 183832n)
[33] Running Pancake BiHS-Bloom(10%, optk, dynamic, size=3755KiB, k=4, fp_est=0.0843609, limit=583.45s)...Bloom filter size: 3755 KiB, k_hashes: 4, min_items: 496144
 done (42.5823s, 302807049n)
[33] Running Pancake IDTHSwTrans(10%, states=496117, limit=1800s)... done (4.23213s, 183832n)
[33] Running Pancake BiHS-Bloom(10%, rootk, dynamic, size=3755KiB, k=2, fp_est=0.103029, limit=583.45s)...Bloom filter size: 3755 KiB, k_hashes: 2, min_items: 496144
 done (42.3956s, 302807049n)
[33] Running Pancake IDTHSwTrans(10%, states=496117, limit=1800s)... done (4.2284s, 183832n)
[33] Running Pancake BiHS-Bloom(1%, k1, dynamic, size=375KiB, k=1, fp_est=0.856025, limit=583.45s)...Bloom filter size: 375 KiB, k_hashes: 1, min_items: 49548
 done (32.9111s, 327888648n)
[33] Running Pancake IDTHSwTrans(1%, states=49611, limit=1800s)... done (2.84988s, 116211n)
[33] Running Pancake BiHS-Bloom(1%, optk, dynamic, size=375KiB, k=1, fp_est=0.856025, limit=583.45s)...Bloom filter size: 375 KiB, k_hashes: 1, min_items: 49548
 done (33.1084s, 327888648n)
[33] Running Pancake IDTHSwTrans(1%, states=49611, limit=1800s)... done (2.86739s, 116211n)
[33] Running Pancake BiHS-Bloom(1%, rootk, dynamic, size=375KiB, k=1, fp_est=0.856025, limit=583.45s)...Bloom filter size: 375 KiB, k_hashes: 1, min_items: 49548
 done (33.0972s, 327888648n)
[33] Running Pancake IDTHSwTrans(1%, states=49611, limit=1800s)... done (2.84897s, 116211n)
[33] Running Pancake BiHS-Bloom(0.1%, k1, dynamic, size=38KiB, k=1, fp_est=1, limit=583.45s)...Bloom filter size: 38 KiB, k_hashes: 1, min_items: 5020
[TYPE] Splitting depth 16 into 7 hash types (Ff=1852875, Fb=351859, min_items=5020)
 done (37.6082s, 327888648n)
[33] Running Pancake IDTHSwTrans(0.1%, states=4961, limit=1800s)... done (3.04636s, 150117n)
[33] Running Pancake BiHS-Bloom(0.1%, optk, dynamic, size=38KiB, k=1, fp_est=1, limit=583.45s)...Bloom filter size: 38 KiB, k_hashes: 1, min_items: 5020
[TYPE] Splitting depth 16 into 7 hash types (Ff=1852875, Fb=351971, min_items=5020)
 done (38.5375s, 335370927n)
[33] Running Pancake IDTHSwTrans(0.1%, states=4961, limit=1800s)... done (3.0431s, 150117n)
[33] Running Pancake BiHS-Bloom(0.1%, rootk, dynamic, size=38KiB, k=1, fp_est=1, limit=583.45s)...Bloom filter size: 38 KiB, k_hashes: 1, min_items: 5020
[TYPE] Splitting depth 16 into 7 hash types (Ff=1852875, Fb=349020, min_items=5020)
 done (38.5715s, 335370927n)
[33] Running Pancake IDTHSwTrans(0.1%, states=4961, limit=1800s)... done (3.04434s, 150117n)
Pancake #33 | A*: 13.4949s/411290n | Rev-A*: 10.5241s/315153n | BAE*: 7.9833s/395148n | NBS: 29.1725s/609838n | MM: 15.0698s/675342n | IDA*: 2.79707s/1057176n | Parallel IDA*: 8.24675s/1847736n | Rev-IDA*: 1.5407s/833519n | BiHS-Bloom(50%,k1,dynamic): 44.1515s/302807049n | IDTHSwTrans(50%): 3.60083s/188408n | BiHS-Bloom(50%,optk,dynamic): 43.1649s/302807049n | IDTHSwTrans(50%): 3.60363s/188408n | BiHS-Bloom(50%,rootk,dynamic): 42.7313s/302807049n | IDTHSwTrans(50%): 3.60962s/188408n | BiHS-Bloom(10%,k1,dynamic): 44.1651s/302807049n | IDTHSwTrans(10%): 4.28059s/183832n | BiHS-Bloom(10%,optk,dynamic): 42.5823s/302807049n | IDTHSwTrans(10%): 4.23213s/183832n | BiHS-Bloom(10%,rootk,dynamic): 42.3956s/302807049n | IDTHSwTrans(10%): 4.2284s/183832n | BiHS-Bloom(1%,k1,dynamic): 32.9111s/327888648n | IDTHSwTrans(1%): 2.84988s/116211n | BiHS-Bloom(1%,optk,dynamic): 33.1084s/327888648n | IDTHSwTrans(1%): 2.86739s/116211n | BiHS-Bloom(1%,rootk,dynamic): 33.0972s/327888648n | IDTHSwTrans(1%): 2.84897s/116211n | BiHS-Bloom(0.1%,k1,dynamic): 37.6082s/327888648n | IDTHSwTrans(0.1%): 3.04636s/150117n | BiHS-Bloom(0.1%,optk,dynamic): 38.5375s/335370927n | IDTHSwTrans(0.1%): 3.0431s/150117n | BiHS-Bloom(0.1%,rootk,dynamic): 38.5715s/335370927n | IDTHSwTrans(0.1%): 3.04434s/150117n | Length: 16
Results written to results/stp_pancake/parts/benchmark_pancake_33.csv
