------------------------------------
Sun 28 Jun 2026 01:11:33 IDT
SLURM_JOBID:		18482921
SLURM_JOB_NODELIST:	ise-cpu-intl-09
SLURM_SCRATCH_DIR:	
Allocated Resouces:	cpu - 2 / mem - 65536 MB / gpu - 
SLURM_GPU_INDEX:	
Running as omerpr from felner account with normal QOS
------------------------------------
------------------------------------
Sun 28 Jun 2026 01:11:33 IDT
SLURM_JOBID:		18482921
SLURM_JOB_NODELIST:	ise-cpu-intl-09
SLURM_SCRATCH_DIR:	
Allocated Resouces:	cpu - 2 / mem - 65536 MB / gpu - 
SLURM_GPU_INDEX:	
Running as omerpr from felner account with normal QOS
------------------------------------
Domain: Sliding Tile Puzzle
Starting Korf's Puzzle #33

[33] Running A*... done (8.04152s, 2063072n)
[33] Running Rev-A*... done (12.4546s, 3047931n)
[33] Running BAE*... done (5.33639s, 954164n)
[33] Running NBS... done (16.65s, 2959742n)
[33] Running MM... done (12.6051s, 2898197n)
[33] Running IDA*... done (7.1593s, 23936150n)
[33] Running Rev-IDA*... done (5.46561s, 18070598n)
[33] Running Parallel IDA*...66 pieces of work generated
Starting iteration with bound 36.000000; 56 expanded, 176 generated
Starting iteration with bound 38.000000; 56 expanded, 176 generated
Starting iteration with bound 40.000000; 58 expanded, 181 generated
Starting iteration with bound 42.000000; 287 expanded, 828 generated
Starting iteration with bound 44.000000; 2430 expanded, 7103 generated
Starting iteration with bound 46.000000; 19218 expanded, 56788 generated
Starting iteration with bound 48.000000; 138952 expanded, 413082 generated
Starting iteration with bound 50.000000; 948165 expanded, 2831347 generated
Starting iteration with bound 52.000000; 6188851 expanded, 18551004 generated
 done (4.16027s, 26820934n)
[33] BiHS-Bloom timeout limit: 333s
[33] IDTHSwTrans state bound baseline: 3794082
[33] Running BiHS-Bloom(50%, optk, dynamic, size=10421KiB, k=24, fp_est=5.78373e-08, limit=333s)...
Bloom filter size: 10421 KiB, k_hashes: 24, min_items: 1897085
 done (9.62171s, 139206337n)
[33] Running IDTHSwTrans(50%, states=1897041, limit=1800s)... done (4.59959s, 1228631n)
[33] Running BiHS-Bloom(10%, optk, dynamic, size=2084KiB, k=5, fp_est=0.0357492, limit=333s)...
Bloom filter size: 2084 KiB, k_hashes: 5, min_items: 379380
 done (8.66796s, 139206337n)
[33] Running IDTHSwTrans(10%, states=379408, limit=1800s)... done (4.52861s, 1198692n)
[33] Running BiHS-Bloom(1%, optk, dynamic, size=208KiB, k=1, fp_est=0.764102, limit=333s)...
Bloom filter size: 208 KiB, k_hashes: 1, min_items: 37865
[TYPE] Splitting depth 52 into 3 hash types (Ff=2520786, Fb=1593173, min_items=37865)
 done (10.9182s, 194219621n)
[33] Running IDTHSwTrans(1%, states=37940, limit=1800s)... done (10.8195s, 1513739n)
[33] Running BiHS-Bloom(0.1%, optk, dynamic, size=21KiB, k=1, fp_est=0.999999, limit=333s)...
Bloom filter size: 21 KiB, k_hashes: 1, min_items: 3822
[TYPE] Splitting depth 50 into 6 hash types (Ff=434662, Fb=543249, min_items=3822)
[TYPE] Splitting depth 52 into 8 hash types (Ff=2520786, Fb=3820032, min_items=3822)
 done (18.8838s, 246955231n)
[33] Running IDTHSwTrans(0.1%, states=3794, limit=1800s)... done (10.5974s, 2207026n)
Puzzle #33 | A*: 8.04152s/2063072n | Rev-A*: 12.4546s/3047931n | BAE*: 5.33639s/954164n | NBS: 16.65s/2959742n | MM: 12.6051s/2898197n | IDA*: 7.1593s/23936150n | Parallel IDA*: 4.16027s/26820934n | Rev-IDA*: 5.46561s/18070598n | BiHS-Bloom(50%,optk,dynamic): 9.62171s/139206337n | IDTHSwTrans(50%): 4.59959s/1228631n | BiHS-Bloom(10%,optk,dynamic): 8.66796s/139206337n | IDTHSwTrans(10%): 4.52861s/1198692n | BiHS-Bloom(1%,optk,dynamic): 10.9182s/194219621n | IDTHSwTrans(1%): 10.8195s/1513739n | BiHS-Bloom(0.1%,optk,dynamic): 18.8838s/246955231n | IDTHSwTrans(0.1%): 10.5974s/2207026n | Length: 52
Results written to results/stp_pancake/parts/benchmark_stp_33.csv
