------------------------------------
Sat 27 Jun 2026 21:22:24 IDT
SLURM_JOBID:		18471016
SLURM_JOB_NODELIST:	ise-cpu-intl-23
SLURM_SCRATCH_DIR:	/scratch/omerpr/18471016
Allocated Resouces:	cpu - 2 / mem - 65536 MB / gpu - 
SLURM_GPU_INDEX:	
Running as omerpr from felner account with normal QOS
------------------------------------
------------------------------------
Sat 27 Jun 2026 21:22:24 IDT
SLURM_JOBID:		18471016
SLURM_JOB_NODELIST:	ise-cpu-intl-23
SLURM_SCRATCH_DIR:	/scratch/omerpr/18471016
Allocated Resouces:	cpu - 2 / mem - 65536 MB / gpu - 
SLURM_GPU_INDEX:	
Running as omerpr from felner account with normal QOS
------------------------------------
Domain: Sliding Tile Puzzle
Starting Korf's Puzzle #99

[99] Running A*... done (16.9875s, 4599091n)
[99] Running Rev-A*... done (19.1708s, 4882368n)
[99] Skipping BAE*, NBS, IDA*, Rev-IDA*, and Parallel IDA*; use --full to run them
[99] Running MM... done (20.8716s, 5167517n)
[99] BiHS-Bloom timeout limit: 417.432s
[99] IDTHSwTrans state bound baseline: 8429672
[99] Running BiHS-Bloom(50%, optk, dynamic, size=23153KiB, k=30, fp_est=6.68951e-10, limit=417.432s)...
Bloom filter size: 23153 KiB, k_hashes: 30, min_items: 4214875
 done (23.3093s, 270425936n)
[99] Running IDTHSwTrans(50%, states=4214836, limit=1800s)... done (36.5431s, 2603683n)
[99] Running BiHS-Bloom(10%, optk, dynamic, size=4631KiB, k=6, fp_est=0.0146191, limit=417.432s)...
Bloom filter size: 4631 KiB, k_hashes: 6, min_items: 843047
 done (18.1232s, 270425936n)
[99] Running IDTHSwTrans(10%, states=842967, limit=1800s)... done (36.4781s, 2603683n)
[99] Running BiHS-Bloom(1%, optk, dynamic, size=463KiB, k=1, fp_est=0.679287, limit=417.432s)...
Bloom filter size: 463 KiB, k_hashes: 1, min_items: 84286
[TYPE] Splitting depth 54 into 2 hash types (Ff=6435746, Fb=2345350, min_items=84286)
 done (28.8516s, 414511592n)
[99] Running IDTHSwTrans(1%, states=84296, limit=1800s)... done (13.1639s, 1676960n)
[99] Running BiHS-Bloom(0.1%, optk, dynamic, size=46KiB, k=1, fp_est=0.999989, limit=417.432s)...
Bloom filter size: 46 KiB, k_hashes: 1, min_items: 8374
[TYPE] Splitting depth 52 into 5 hash types (Ff=1169776, Fb=729828, min_items=8374)
[TYPE] Splitting depth 54 into 8 hash types (Ff=6435746, Fb=6494812, min_items=8374)
 done (57.8422s, 656843866n)
[99] Running IDTHSwTrans(0.1%, states=8429, limit=1800s)... done (11.544s, 2079843n)
Puzzle #99 | A*: 16.9875s/4599091n | Rev-A*: 19.1708s/4882368n | BAE*: -3s/0n | NBS: -3s/0n | MM: 20.8716s/5167517n | IDA*: -3s/0n | Parallel IDA*: -3s/0n | Rev-IDA*: -3s/0n | BiHS-Bloom(50%,optk,dynamic): 23.3093s/270425936n | IDTHSwTrans(50%): 36.5431s/2603683n | BiHS-Bloom(10%,optk,dynamic): 18.1232s/270425936n | IDTHSwTrans(10%): 36.4781s/2603683n | BiHS-Bloom(1%,optk,dynamic): 28.8516s/414511592n | IDTHSwTrans(1%): 13.1639s/1676960n | BiHS-Bloom(0.1%,optk,dynamic): 57.8422s/656843866n | IDTHSwTrans(0.1%): 11.544s/2079843n | Length: 54
Results written to results/stp_pancake/parts/benchmark_stp_99.csv
