------------------------------------
Sat 27 Jun 2026 20:35:19 IDT
SLURM_JOBID:		18468807
SLURM_JOB_NODELIST:	ise-cpu-intl-06
SLURM_SCRATCH_DIR:	/scratch/omerpr/18468807
Allocated Resouces:	cpu - 2 / mem - 65536 MB / gpu - 
SLURM_GPU_INDEX:	
Running as omerpr from felner account with normal QOS
------------------------------------
------------------------------------
Sat 27 Jun 2026 20:35:19 IDT
SLURM_JOBID:		18468807
SLURM_JOB_NODELIST:	ise-cpu-intl-06
SLURM_SCRATCH_DIR:	/scratch/omerpr/18468807
Allocated Resouces:	cpu - 2 / mem - 65536 MB / gpu - 
SLURM_GPU_INDEX:	
Running as omerpr from felner account with normal QOS
------------------------------------
Domain: Sliding Tile Puzzle
Starting Korf's Puzzle #35

[35] Running A*... done (7.21281s, 2309713n)
[35] Running Rev-A*... done (5.54177s, 1747601n)
[35] Skipping BAE*, NBS, IDA*, Rev-IDA*, and Parallel IDA*; use --full to run them
[35] Running MM... done (8.49202s, 2464817n)
[35] BiHS-Bloom timeout limit: 169.84s
[35] IDTHSwTrans state bound baseline: 3187793
[35] Running BiHS-Bloom(50%, optk, dynamic, size=8756KiB, k=18, fp_est=2.8767e-06, limit=169.84s)...
Bloom filter size: 8756 KiB, k_hashes: 18, min_items: 1593981
 done (8.85209s, 146005671n)
[35] Running IDTHSwTrans(50%, states=1593896, limit=1800s)... done (9.76213s, 1470991n)
[35] Running BiHS-Bloom(10%, optk, dynamic, size=1751KiB, k=4, fp_est=0.0783669, limit=169.84s)...
Bloom filter size: 1751 KiB, k_hashes: 4, min_items: 318759
 done (8.83856s, 146005671n)
[35] Running IDTHSwTrans(10%, states=318779, limit=1800s)... done (8.9164s, 1321314n)
[35] Running BiHS-Bloom(1%, optk, dynamic, size=175KiB, k=1, fp_est=0.847992, limit=169.84s)...
Bloom filter size: 175 KiB, k_hashes: 1, min_items: 31857
 done (9.5047s, 146005671n)
[35] Running IDTHSwTrans(1%, states=31877, limit=1800s)... done (4.61023s, 966679n)
[35] Running BiHS-Bloom(0.1%, optk, dynamic, size=18KiB, k=1, fp_est=1, limit=169.84s)...
Bloom filter size: 18 KiB, k_hashes: 1, min_items: 3276
 done (8.523s, 146205768n)
[35] Running IDTHSwTrans(0.1%, states=3187, limit=1800s)... done (3.01356s, 1104345n)
Puzzle #35 | A*: 7.21281s/2309713n | Rev-A*: 5.54177s/1747601n | BAE*: -3s/0n | NBS: -3s/0n | MM: 8.49202s/2464817n | IDA*: -3s/0n | Parallel IDA*: -3s/0n | Rev-IDA*: -3s/0n | BiHS-Bloom(50%,optk,dynamic): 8.85209s/146005671n | IDTHSwTrans(50%): 9.76213s/1470991n | BiHS-Bloom(10%,optk,dynamic): 8.83856s/146005671n | IDTHSwTrans(10%): 8.9164s/1321314n | BiHS-Bloom(1%,optk,dynamic): 9.5047s/146005671n | IDTHSwTrans(1%): 4.61023s/966679n | BiHS-Bloom(0.1%,optk,dynamic): 8.523s/146205768n | IDTHSwTrans(0.1%): 3.01356s/1104345n | Length: 52
Results written to results/stp_pancake/parts/benchmark_stp_35.csv
