------------------------------------
Sat 27 Jun 2026 21:07:52 IDT
SLURM_JOBID:		18470284
SLURM_JOB_NODELIST:	ise-cpu-intl-23
SLURM_SCRATCH_DIR:	/scratch/omerpr/18470284
Allocated Resouces:	cpu - 2 / mem - 65536 MB / gpu - 
SLURM_GPU_INDEX:	
Running as omerpr from felner account with normal QOS
------------------------------------
------------------------------------
Sat 27 Jun 2026 21:07:52 IDT
SLURM_JOBID:		18470284
SLURM_JOB_NODELIST:	ise-cpu-intl-23
SLURM_SCRATCH_DIR:	/scratch/omerpr/18470284
Allocated Resouces:	cpu - 2 / mem - 65536 MB / gpu - 
SLURM_GPU_INDEX:	
Running as omerpr from felner account with normal QOS
------------------------------------
Domain: Sliding Tile Puzzle
Starting Korf's Puzzle #72

[72] Running A*... done (0.486063s, 185052n)
[72] Running Rev-A*... done (0.323143s, 133390n)
[72] Skipping BAE*, NBS, IDA*, Rev-IDA*, and Parallel IDA*; use --full to run them
[72] Running MM... done (0.478147s, 186149n)
[72] BiHS-Bloom timeout limit: 120s
[72] IDTHSwTrans state bound baseline: 252706
[72] Running BiHS-Bloom(50%, optk, dynamic, size=694KiB, k=19, fp_est=1.62154e-06, limit=120s)...
Bloom filter size: 694 KiB, k_hashes: 19, min_items: 126338
 done (0.531245s, 8143159n)
[72] Running IDTHSwTrans(50%, states=126353, limit=1800s)... done (0.275027s, 272775n)
[72] Running BiHS-Bloom(10%, optk, dynamic, size=139KiB, k=4, fp_est=0.069306, limit=120s)...
Bloom filter size: 139 KiB, k_hashes: 4, min_items: 25304
 done (0.497546s, 8143159n)
[72] Running IDTHSwTrans(10%, states=25270, limit=1800s)... done (0.134752s, 150210n)
[72] Running BiHS-Bloom(1%, optk, dynamic, size=14KiB, k=1, fp_est=0.832427, limit=120s)...
Bloom filter size: 14 KiB, k_hashes: 1, min_items: 2548
[TYPE] Splitting depth 49 into 2 hash types (Ff=169160, Fb=57173, min_items=2548)
 done (0.87619s, 11907744n)
[72] Running IDTHSwTrans(1%, states=2527, limit=1800s)... done (0.0706295s, 96433n)
[72] Running BiHS-Bloom(0.1%, optk, dynamic, size=1KiB, k=1, fp_est=1, limit=120s)...
Bloom filter size: 1 KiB, k_hashes: 1, min_items: 182
[TYPE] Splitting depth 47 into 4 hash types (Ff=19743, Fb=12909, min_items=182)
[TYPE] Splitting depth 49 into 8 hash types (Ff=169160, Fb=128385, min_items=182)
 done (1.16144s, 15205299n)
[72] Running IDTHSwTrans(0.1%, states=252, limit=1800s)... done (0.0672697s, 98813n)
Puzzle #72 | A*: 0.486063s/185052n | Rev-A*: 0.323143s/133390n | BAE*: -3s/0n | NBS: -3s/0n | MM: 0.478147s/186149n | IDA*: -3s/0n | Parallel IDA*: -3s/0n | Rev-IDA*: -3s/0n | BiHS-Bloom(50%,optk,dynamic): 0.531245s/8143159n | IDTHSwTrans(50%): 0.275027s/272775n | BiHS-Bloom(10%,optk,dynamic): 0.497546s/8143159n | IDTHSwTrans(10%): 0.134752s/150210n | BiHS-Bloom(1%,optk,dynamic): 0.87619s/11907744n | IDTHSwTrans(1%): 0.0706295s/96433n | BiHS-Bloom(0.1%,optk,dynamic): 1.16144s/15205299n | IDTHSwTrans(0.1%): 0.0672697s/98813n | Length: 49
Results written to results/stp_pancake/parts/benchmark_stp_72.csv
