------------------------------------
Mon 29 Jun 2026 01:25:42 IDT
SLURM_JOBID:		18546891
SLURM_JOB_NODELIST:	ise-cpu-intl-24
SLURM_SCRATCH_DIR:	
Allocated Resouces:	cpu - 2 / mem - 102400 MB / gpu - 
SLURM_GPU_INDEX:	
Running as omerpr from felner account with normal QOS
------------------------------------
------------------------------------
Mon 29 Jun 2026 01:25:42 IDT
SLURM_JOBID:		18546891
SLURM_JOB_NODELIST:	ise-cpu-intl-24
SLURM_SCRATCH_DIR:	
Allocated Resouces:	cpu - 2 / mem - 102400 MB / gpu - 
SLURM_GPU_INDEX:	
Running as omerpr from felner account with normal QOS
------------------------------------
Domain: Sliding Tile Puzzle
Starting Korf's Puzzle #95

[95] Running A*... done (5.35754s, 1262205n)
[95] Running Rev-A*... done (3.23776s, 798519n)
[95] Running BAE*... done (2.48283s, 558131n)
[95] Running NBS... done (6.32274s, 1016066n)
[95] Running MM... done (4.8281s, 1119720n)
[95] Running IDA*... done (2.69651s, 6036891n)
[95] Running Rev-IDA*... done (1.8196s, 3908124n)
[95] Running Parallel IDA*...54 pieces of work generated
Starting iteration with bound 35.000000; 41 expanded, 134 generated
Starting iteration with bound 37.000000; 44 expanded, 142 generated
Starting iteration with bound 39.000000; 185 expanded, 560 generated
Starting iteration with bound 41.000000; 2128 expanded, 6504 generated
Starting iteration with bound 43.000000; 18387 expanded, 56030 generated
Starting iteration with bound 45.000000; 130463 expanded, 396699 generated
Starting iteration with bound 47.000000; 830077 expanded, 2522066 generated
Starting iteration with bound 49.000000; 4913164 expanded, 14915961 generated
 done (3.83086s, 15713731n)
[95] BiHS-Bloom timeout limit: 126.455s
[95] IDTHSwTrans state bound baseline: 1501117
[95] Running BiHS-Bloom(50%, k1, dynamic, size=4123KiB, k=1, fp_est=0.0385609, limit=126.455s)...
Bloom filter size: 4123 KiB, k_hashes: 1, min_items: 750569
 done (5.90471s, 55038937n)
[95] Running IDTHSwTrans(50%, states=750558, limit=1800s)... done (2.77905s, 493435n)
[95] Running BiHS-Bloom(50%, optk, dynamic, size=4123KiB, k=18, fp_est=4.95e-06, limit=126.455s)...
Bloom filter size: 4123 KiB, k_hashes: 18, min_items: 750569
 done (5.9842s, 55038937n)
[95] Running IDTHSwTrans(50%, states=750558, limit=1800s)... done (2.77108s, 493435n)
[95] Running BiHS-Bloom(50%, rootk, dynamic, size=4123KiB, k=4, fp_est=0.000448786, limit=126.455s)...
Bloom filter size: 4123 KiB, k_hashes: 4, min_items: 750569
 done (5.95389s, 55038937n)
[95] Running IDTHSwTrans(50%, states=750558, limit=1800s)... done (2.76692s, 493435n)
[95] Running BiHS-Bloom(10%, k1, dynamic, size=825KiB, k=1, fp_est=0.178419, limit=126.455s)...
Bloom filter size: 825 KiB, k_hashes: 1, min_items: 150186
 done (6.35416s, 55038937n)
[95] Running IDTHSwTrans(10%, states=150111, limit=1800s)... done (2.73324s, 478393n)
[95] Running BiHS-Bloom(10%, optk, dynamic, size=825KiB, k=4, fp_est=0.0878243, limit=126.455s)...
Bloom filter size: 825 KiB, k_hashes: 4, min_items: 150186
 done (5.94056s, 55038937n)
[95] Running IDTHSwTrans(10%, states=150111, limit=1800s)... done (2.73494s, 478393n)
[95] Running BiHS-Bloom(10%, rootk, dynamic, size=825KiB, k=2, fp_est=0.105628, limit=126.455s)...
Bloom filter size: 825 KiB, k_hashes: 2, min_items: 150186
 done (5.93778s, 55038937n)
[95] Running IDTHSwTrans(10%, states=150111, limit=1800s)... done (2.7445s, 478393n)
[95] Running BiHS-Bloom(1%, k1, dynamic, size=82KiB, k=1, fp_est=0.861548, limit=126.455s)...
Bloom filter size: 82 KiB, k_hashes: 1, min_items: 14927
 done (6.36905s, 55038937n)
[95] Running IDTHSwTrans(1%, states=15011, limit=1800s)... done (1.53313s, 303955n)
[95] Running BiHS-Bloom(1%, optk, dynamic, size=82KiB, k=1, fp_est=0.861548, limit=126.455s)...
Bloom filter size: 82 KiB, k_hashes: 1, min_items: 14927
 done (6.30406s, 55038937n)
[95] Running IDTHSwTrans(1%, states=15011, limit=1800s)... done (1.5286s, 303955n)
[95] Running BiHS-Bloom(1%, rootk, dynamic, size=82KiB, k=1, fp_est=0.861548, limit=126.455s)...
Bloom filter size: 82 KiB, k_hashes: 1, min_items: 14927
 done (6.39127s, 55038937n)
[95] Running IDTHSwTrans(1%, states=15011, limit=1800s)... done (1.5325s, 303955n)
[95] Running BiHS-Bloom(0.1%, k1, dynamic, size=8KiB, k=1, fp_est=1, limit=126.455s)...
Bloom filter size: 8 KiB, k_hashes: 1, min_items: 1456
 done (4.63202s, 55075204n)
[95] Running IDTHSwTrans(0.1%, states=1501, limit=1800s)... done (1.81502s, 415049n)
[95] Running BiHS-Bloom(0.1%, optk, dynamic, size=8KiB, k=1, fp_est=1, limit=126.455s)...
Bloom filter size: 8 KiB, k_hashes: 1, min_items: 1456
 done (4.60678s, 55075204n)
[95] Running IDTHSwTrans(0.1%, states=1501, limit=1800s)... done (1.82876s, 415049n)
[95] Running BiHS-Bloom(0.1%, rootk, dynamic, size=8KiB, k=1, fp_est=1, limit=126.455s)...
Bloom filter size: 8 KiB, k_hashes: 1, min_items: 1456
 done (4.63829s, 55075204n)
[95] Running IDTHSwTrans(0.1%, states=1501, limit=1800s)... done (1.82481s, 415049n)
Puzzle #95 | A*: 5.35754s/1262205n | Rev-A*: 3.23776s/798519n | BAE*: 2.48283s/558131n | NBS: 6.32274s/1016066n | MM: 4.8281s/1119720n | IDA*: 2.69651s/6036891n | Parallel IDA*: 3.83086s/15713731n | Rev-IDA*: 1.8196s/3908124n | BiHS-Bloom(50%,k1,dynamic): 5.90471s/55038937n | IDTHSwTrans(50%): 2.77905s/493435n | BiHS-Bloom(50%,optk,dynamic): 5.9842s/55038937n | IDTHSwTrans(50%): 2.77108s/493435n | BiHS-Bloom(50%,rootk,dynamic): 5.95389s/55038937n | IDTHSwTrans(50%): 2.76692s/493435n | BiHS-Bloom(10%,k1,dynamic): 6.35416s/55038937n | IDTHSwTrans(10%): 2.73324s/478393n | BiHS-Bloom(10%,optk,dynamic): 5.94056s/55038937n | IDTHSwTrans(10%): 2.73494s/478393n | BiHS-Bloom(10%,rootk,dynamic): 5.93778s/55038937n | IDTHSwTrans(10%): 2.7445s/478393n | BiHS-Bloom(1%,k1,dynamic): 6.36905s/55038937n | IDTHSwTrans(1%): 1.53313s/303955n | BiHS-Bloom(1%,optk,dynamic): 6.30406s/55038937n | IDTHSwTrans(1%): 1.5286s/303955n | BiHS-Bloom(1%,rootk,dynamic): 6.39127s/55038937n | IDTHSwTrans(1%): 1.5325s/303955n | BiHS-Bloom(0.1%,k1,dynamic): 4.63202s/55075204n | IDTHSwTrans(0.1%): 1.81502s/415049n | BiHS-Bloom(0.1%,optk,dynamic): 4.60678s/55075204n | IDTHSwTrans(0.1%): 1.82876s/415049n | BiHS-Bloom(0.1%,rootk,dynamic): 4.63829s/55075204n | IDTHSwTrans(0.1%): 1.82481s/415049n | Length: 49
Results written to results/stp_pancake/parts/benchmark_stp_95.csv
