------------------------------------
Sat 27 Jun 2026 20:47:24 IDT
SLURM_JOBID:		18469240
SLURM_JOB_NODELIST:	cs-cpu-06
SLURM_SCRATCH_DIR:	
Allocated Resouces:	cpu - 2 / mem - 65536 MB / gpu - 
SLURM_GPU_INDEX:	
Running as omerpr from felner account with normal QOS
------------------------------------
------------------------------------
Sat 27 Jun 2026 20:47:25 IDT
SLURM_JOBID:		18469240
SLURM_JOB_NODELIST:	cs-cpu-06
SLURM_SCRATCH_DIR:	
Allocated Resouces:	cpu - 2 / mem - 65536 MB / gpu - 
SLURM_GPU_INDEX:	
Running as omerpr from felner account with normal QOS
------------------------------------
Domain: Sliding Tile Puzzle
Starting Korf's Puzzle #56

[56] Running A*... done (2.07004s, 484136n)
[56] Running Rev-A*... done (2.67581s, 739509n)
[56] Skipping BAE*, NBS, IDA*, Rev-IDA*, and Parallel IDA*; use --full to run them
[56] Running MM... done (2.96511s, 815787n)
[56] BiHS-Bloom timeout limit: 120s
[56] IDTHSwTrans state bound baseline: 888182
[56] Running BiHS-Bloom(50%, optk, dynamic, size=2439KiB, k=21, fp_est=3.52833e-07, limit=120s)...
Bloom filter size: 2439 KiB, k_hashes: 21, min_items: 444006
 done (1.71494s, 30823062n)
[56] Running IDTHSwTrans(50%, states=444091, limit=1800s)... done (4.59229s, 694154n)
[56] Running BiHS-Bloom(10%, optk, dynamic, size=488KiB, k=4, fp_est=0.0513696, limit=120s)...
Bloom filter size: 488 KiB, k_hashes: 4, min_items: 88837
 done (1.61356s, 30823062n)
[56] Running IDTHSwTrans(10%, states=88818, limit=1800s)... done (2.86123s, 527872n)
[56] Running BiHS-Bloom(1%, optk, dynamic, size=49KiB, k=1, fp_est=0.799998, limit=120s)...
Bloom filter size: 49 KiB, k_hashes: 1, min_items: 8920
 done (4.04551s, 77487531n)
[56] Running IDTHSwTrans(1%, states=8881, limit=1800s)... done (2.73337s, 621467n)
[56] Running BiHS-Bloom(0.1%, optk, dynamic, size=5KiB, k=1, fp_est=1, limit=120s)...
Bloom filter size: 5 KiB, k_hashes: 1, min_items: 910
[TYPE] Splitting depth 48 into 2 hash types (Ff=35404, Fb=20587, min_items=910)
[TYPE] Splitting depth 50 into 8 hash types (Ff=379031, Fb=353304, min_items=910)
 done (6.79212s, 104206431n)
[56] Running IDTHSwTrans(0.1%, states=888, limit=1800s)... done (2.51307s, 951929n)
Puzzle #56 | A*: 2.07004s/484136n | Rev-A*: 2.67581s/739509n | BAE*: -3s/0n | NBS: -3s/0n | MM: 2.96511s/815787n | IDA*: -3s/0n | Parallel IDA*: -3s/0n | Rev-IDA*: -3s/0n | BiHS-Bloom(50%,optk,dynamic): 1.71494s/30823062n | IDTHSwTrans(50%): 4.59229s/694154n | BiHS-Bloom(10%,optk,dynamic): 1.61356s/30823062n | IDTHSwTrans(10%): 2.86123s/527872n | BiHS-Bloom(1%,optk,dynamic): 4.04551s/77487531n | IDTHSwTrans(1%): 2.73337s/621467n | BiHS-Bloom(0.1%,optk,dynamic): 6.79212s/104206431n | IDTHSwTrans(0.1%): 2.51307s/951929n | Length: 50
Results written to results/stp_pancake/parts/benchmark_stp_56.csv
