------------------------------------
Sun 28 Jun 2026 02:03:27 IDT
SLURM_JOBID:		18484886
SLURM_JOB_NODELIST:	ise-cpu-intl-10
SLURM_SCRATCH_DIR:	
Allocated Resouces:	cpu - 2 / mem - 65536 MB / gpu - 
SLURM_GPU_INDEX:	
Running as omerpr from felner account with normal QOS
------------------------------------
------------------------------------
Sun 28 Jun 2026 02:03:27 IDT
SLURM_JOBID:		18484886
SLURM_JOB_NODELIST:	ise-cpu-intl-10
SLURM_SCRATCH_DIR:	
Allocated Resouces:	cpu - 2 / mem - 65536 MB / gpu - 
SLURM_GPU_INDEX:	
Running as omerpr from felner account with normal QOS
------------------------------------
Domain: Sliding Tile Puzzle
Starting Korf's Puzzle #83

[83] Running A*... done (42.2812s, 10967723n)
[83] Running Rev-A*... done (14.3388s, 3079039n)
[83] Running BAE*... done (8.99166s, 2143416n)
[83] Running NBS... done (27.5712s, 5147208n)
[83] Running MM... done (32.0647s, 8285043n)
[83] Running IDA*... done (71.1593s, 229384428n)
[83] Running Rev-IDA*... done (5.37897s, 17983147n)
[83] Running Parallel IDA*...66 pieces of work generated
Starting iteration with bound 37.000000; 56 expanded, 176 generated
Starting iteration with bound 39.000000; 56 expanded, 176 generated
Starting iteration with bound 41.000000; 73 expanded, 219 generated
Starting iteration with bound 43.000000; 351 expanded, 992 generated
Starting iteration with bound 45.000000; 2763 expanded, 7925 generated
Starting iteration with bound 47.000000; 21972 expanded, 63752 generated
Starting iteration with bound 49.000000; 166216 expanded, 485632 generated
Starting iteration with bound 51.000000; 1195505 expanded, 3516277 generated
Starting iteration with bound 53.000000; 8089983 expanded, 23914828 generated
Starting iteration with bound 55.000000; 51696912 expanded, 153392633 generated
 done (41.2601s, 260716244n)
[83] BiHS-Bloom timeout limit: 1423.19s
[83] IDTHSwTrans state bound baseline: 5628896
[83] Running BiHS-Bloom(50%, optk, dynamic, size=15460KiB, k=7, fp_est=0.00585491, limit=1423.19s)...
Bloom filter size: 15460 KiB, k_hashes: 7, min_items: 2814407
 done (17.9716s, 260689795n)
[83] Running IDTHSwTrans(50%, states=2814448, limit=1800s)... done (13.308s, 2582088n)
[83] Running BiHS-Bloom(10%, optk, dynamic, size=3092KiB, k=1, fp_est=0.373018, limit=1423.19s)...
Bloom filter size: 3092 KiB, k_hashes: 1, min_items: 562881
 done (20.1637s, 260689795n)
[83] Running IDTHSwTrans(10%, states=562889, limit=1800s)... done (36.5469s, 3116570n)
[83] Running BiHS-Bloom(1%, optk, dynamic, size=309KiB, k=1, fp_est=0.990641, limit=1423.19s)...
Bloom filter size: 309 KiB, k_hashes: 1, min_items: 56251
 done (18.4336s, 260689795n)
[83] Running IDTHSwTrans(1%, states=56288, limit=1800s)... done (34.6333s, 3993677n)
[83] Running BiHS-Bloom(0.1%, optk, dynamic, size=31KiB, k=1, fp_est=1, limit=1423.19s)...
Bloom filter size: 31 KiB, k_hashes: 1, min_items: 5643
 done (14.1482s, 260738306n)
[83] Running IDTHSwTrans(0.1%, states=5628, limit=1800s)... done (36.5783s, 8016061n)
Puzzle #83 | A*: 42.2812s/10967723n | Rev-A*: 14.3388s/3079039n | BAE*: 8.99166s/2143416n | NBS: 27.5712s/5147208n | MM: 32.0647s/8285043n | IDA*: 71.1593s/229384428n | Parallel IDA*: 41.2601s/260716244n | Rev-IDA*: 5.37897s/17983147n | BiHS-Bloom(50%,optk,dynamic): 17.9716s/260689795n | IDTHSwTrans(50%): 13.308s/2582088n | BiHS-Bloom(10%,optk,dynamic): 20.1637s/260689795n | IDTHSwTrans(10%): 36.5469s/3116570n | BiHS-Bloom(1%,optk,dynamic): 18.4336s/260689795n | IDTHSwTrans(1%): 34.6333s/3993677n | BiHS-Bloom(0.1%,optk,dynamic): 14.1482s/260738306n | IDTHSwTrans(0.1%): 36.5783s/8016061n | Length: 55
Results written to results/stp_pancake/parts/benchmark_stp_83.csv
