------------------------------------
Sat 27 Jun 2026 21:10:54 IDT
SLURM_JOBID:		18470428
SLURM_JOB_NODELIST:	ise-cpu-intl-23
SLURM_SCRATCH_DIR:	/scratch/omerpr/18470428
Allocated Resouces:	cpu - 2 / mem - 65536 MB / gpu - 
SLURM_GPU_INDEX:	
Running as omerpr from felner account with normal QOS
------------------------------------
------------------------------------
Sat 27 Jun 2026 21:10:54 IDT
SLURM_JOBID:		18470428
SLURM_JOB_NODELIST:	ise-cpu-intl-23
SLURM_SCRATCH_DIR:	/scratch/omerpr/18470428
Allocated Resouces:	cpu - 2 / mem - 65536 MB / gpu - 
SLURM_GPU_INDEX:	
Running as omerpr from felner account with normal QOS
------------------------------------
Domain: Sliding Tile Puzzle
Starting Korf's Puzzle #75

[75] Running A*... done (27.7419s, 7596156n)
[75] Running Rev-A*... done (20.3342s, 5231024n)
[75] Skipping BAE*, NBS, IDA*, Rev-IDA*, and Parallel IDA*; use --full to run them
[75] Running MM... done (33.0139s, 7870712n)
[75] BiHS-Bloom timeout limit: 660.278s
[75] IDTHSwTrans state bound baseline: 9496381
[75] Running BiHS-Bloom(50%, optk, dynamic, size=26083KiB, k=18, fp_est=3.8929e-06, limit=660.278s)...
Bloom filter size: 26083 KiB, k_hashes: 18, min_items: 4748265
 done (36.4345s, 476238860n)
[75] Running IDTHSwTrans(50%, states=4748190, limit=1800s)... done (19.2868s, 4502814n)
[75] Running BiHS-Bloom(10%, optk, dynamic, size=5217KiB, k=4, fp_est=0.0835386, limit=660.278s)...
Bloom filter size: 5217 KiB, k_hashes: 4, min_items: 949725
 done (35.9914s, 476238860n)
[75] Running IDTHSwTrans(10%, states=949638, limit=1800s)... done (48.2462s, 5101880n)
[75] Running BiHS-Bloom(1%, optk, dynamic, size=522KiB, k=1, fp_est=0.854458, limit=660.278s)...
Bloom filter size: 522 KiB, k_hashes: 1, min_items: 95027
 done (27.3643s, 481482141n)
[75] Running IDTHSwTrans(1%, states=94963, limit=1800s)... done (63.281s, 7080551n)
[75] Running BiHS-Bloom(0.1%, optk, dynamic, size=52KiB, k=1, fp_est=1, limit=660.278s)...
Bloom filter size: 52 KiB, k_hashes: 1, min_items: 9466
[TYPE] Splitting depth 57 into 6 hash types (Ff=916874, Fb=1750239, min_items=9466)
 done (47.912s, 488682915n)
[75] Running IDTHSwTrans(0.1%, states=9496, limit=1800s)... done (67.9108s, 11504812n)
Puzzle #75 | A*: 27.7419s/7596156n | Rev-A*: 20.3342s/5231024n | BAE*: -3s/0n | NBS: -3s/0n | MM: 33.0139s/7870712n | IDA*: -3s/0n | Parallel IDA*: -3s/0n | Rev-IDA*: -3s/0n | BiHS-Bloom(50%,optk,dynamic): 36.4345s/476238860n | IDTHSwTrans(50%): 19.2868s/4502814n | BiHS-Bloom(10%,optk,dynamic): 35.9914s/476238860n | IDTHSwTrans(10%): 48.2462s/5101880n | BiHS-Bloom(1%,optk,dynamic): 27.3643s/481482141n | IDTHSwTrans(1%): 63.281s/7080551n | BiHS-Bloom(0.1%,optk,dynamic): 47.912s/488682915n | IDTHSwTrans(0.1%): 67.9108s/11504812n | Length: 57
Results written to results/stp_pancake/parts/benchmark_stp_75.csv
