------------------------------------
Sun 28 Jun 2026 23:08:24 IDT
SLURM_JOBID:		18543517
SLURM_JOB_NODELIST:	ise-cpu256-07
SLURM_SCRATCH_DIR:	/scratch/omerpr/18543517
Allocated Resouces:	cpu - 2 / mem - 102400 MB / gpu - 
SLURM_GPU_INDEX:	
Running as omerpr from felner account with normal QOS
------------------------------------
------------------------------------
Sun 28 Jun 2026 23:08:24 IDT
SLURM_JOBID:		18543517
SLURM_JOB_NODELIST:	ise-cpu256-07
SLURM_SCRATCH_DIR:	/scratch/omerpr/18543517
Allocated Resouces:	cpu - 2 / mem - 102400 MB / gpu - 
SLURM_GPU_INDEX:	
Running as omerpr from felner account with normal QOS
------------------------------------
Domain: Sliding Tile Puzzle
Starting Korf's Puzzle #16

[16] Running A*... done (245.965s, 86097854n)
[16] Running Rev-A*... done (111.662s, 36903242n)
[16] Running BAE*... done (37.9329s, 9412949n)
[16] Running NBS... done (250.57s, 58630658n)
[16] Running MM... done (208.904s, 60912685n)
[16] Running IDA*... done (89.8038s, 409165831n)
[16] Running Rev-IDA*... done (31.6693s, 166236934n)
[16] Running Parallel IDA*...66 pieces of work generated
Starting iteration with bound 46.000000; 56 expanded, 176 generated
Starting iteration with bound 48.000000; 68 expanded, 205 generated
Starting iteration with bound 50.000000; 147 expanded, 420 generated
Starting iteration with bound 52.000000; 696 expanded, 1951 generated
Starting iteration with bound 54.000000; 3794 expanded, 10630 generated
Starting iteration with bound 56.000000; 22332 expanded, 62850 generated
Starting iteration with bound 58.000000; 132844 expanded, 374867 generated
Starting iteration with bound 60.000000; 807794 expanded, 2286206 generated
Starting iteration with bound 62.000000; 5017471 expanded, 14242191 generated
Starting iteration with bound 64.000000; 31812726 expanded, 90593413 generated
Starting iteration with bound 66.000000; 205113518 expanded, 586161560 generated
 done (63.9605s, 625461356n)
[16] BiHS-Bloom timeout limit: 5011.4s
[16] IDTHSwTrans state bound baseline: 64353094
[16] Running BiHS-Bloom(50%, k1, dynamic, size=176751KiB, k=1, fp_est=0.0433653, limit=5011.4s)...
Bloom filter size: 176751 KiB, k_hashes: 1, min_items: 32176537
 done (233.629s, 3941658447n)
[16] Running IDTHSwTrans(50%, states=32176547, limit=1800s)... done (79.197s, 49605928n)
[16] Running BiHS-Bloom(50%, optk, dynamic, size=176751KiB, k=16, fp_est=1.96898e-05, limit=5011.4s)...
Bloom filter size: 176751 KiB, k_hashes: 16, min_items: 32176537
 done (222.456s, 3941658447n)
[16] Running IDTHSwTrans(50%, states=32176547, limit=1800s)... done (79.6427s, 49605928n)
[16] Running BiHS-Bloom(50%, rootk, dynamic, size=176751KiB, k=4, fp_est=0.000697302, limit=5011.4s)...
Bloom filter size: 176751 KiB, k_hashes: 4, min_items: 32176537
 done (221.71s, 3941658447n)
[16] Running IDTHSwTrans(50%, states=32176547, limit=1800s)... done (79.2526s, 49605928n)
[16] Running BiHS-Bloom(10%, k1, dynamic, size=35350KiB, k=1, fp_est=0.19882, limit=5011.4s)...
Bloom filter size: 35350 KiB, k_hashes: 1, min_items: 6435271
 done (235.182s, 3941658447n)
[16] Running IDTHSwTrans(10%, states=6435309, limit=1800s)... done (64.4007s, 33381957n)
[16] Running BiHS-Bloom(10%, optk, dynamic, size=35350KiB, k=3, fp_est=0.114601, limit=5011.4s)...
Bloom filter size: 35350 KiB, k_hashes: 3, min_items: 6435271
 done (220.078s, 3941658447n)
[16] Running IDTHSwTrans(10%, states=6435309, limit=1800s)... done (63.9805s, 33381957n)
[16] Running BiHS-Bloom(10%, rootk, dynamic, size=35350KiB, k=2, fp_est=0.128243, limit=5011.4s)...
Bloom filter size: 35350 KiB, k_hashes: 2, min_items: 6435271
 done (231.532s, 3941658447n)
[16] Running IDTHSwTrans(10%, states=6435309, limit=1800s)... done (63.8752s, 33381957n)
[16] Running BiHS-Bloom(1%, k1, dynamic, size=3535KiB, k=1, fp_est=0.891032, limit=5011.4s)...
Bloom filter size: 3535 KiB, k_hashes: 1, min_items: 643527
 done (232.648s, 3941658447n)
[16] Running IDTHSwTrans(1%, states=643530, limit=1800s)... done (87.4564s, 31088665n)
[16] Running BiHS-Bloom(1%, optk, dynamic, size=3535KiB, k=1, fp_est=0.891032, limit=5011.4s)...
Bloom filter size: 3535 KiB, k_hashes: 1, min_items: 643527
 done (234.822s, 3941658447n)
[16] Running IDTHSwTrans(1%, states=643530, limit=1800s)... done (88.2329s, 31088665n)
[16] Running BiHS-Bloom(1%, rootk, dynamic, size=3535KiB, k=1, fp_est=0.891032, limit=5011.4s)...
Bloom filter size: 3535 KiB, k_hashes: 1, min_items: 643527
 done (233.738s, 3941658447n)
[16] Running IDTHSwTrans(1%, states=643530, limit=1800s)... done (88.8886s, 31088665n)
[16] Running BiHS-Bloom(0.1%, k1, dynamic, size=354KiB, k=1, fp_est=1, limit=5011.4s)...
Bloom filter size: 354 KiB, k_hashes: 1, min_items: 64443
 done (350.228s, 7324288467n)
[16] Running IDTHSwTrans(0.1%, states=64353, limit=1800s)... done (104.633s, 36334211n)
[16] Running BiHS-Bloom(0.1%, optk, dynamic, size=354KiB, k=1, fp_est=1, limit=5011.4s)...
Bloom filter size: 354 KiB, k_hashes: 1, min_items: 64443
 done (349.458s, 7324288467n)
[16] Running IDTHSwTrans(0.1%, states=64353, limit=1800s)... done (104.01s, 36334211n)
[16] Running BiHS-Bloom(0.1%, rootk, dynamic, size=354KiB, k=1, fp_est=1, limit=5011.4s)...
Bloom filter size: 354 KiB, k_hashes: 1, min_items: 64443
 done (350.96s, 7324288467n)
[16] Running IDTHSwTrans(0.1%, states=64353, limit=1800s)... done (103.889s, 36334211n)
Puzzle #16 | A*: 245.965s/86097854n | Rev-A*: 111.662s/36903242n | BAE*: 37.9329s/9412949n | NBS: 250.57s/58630658n | MM: 208.904s/60912685n | IDA*: 89.8038s/409165831n | Parallel IDA*: 63.9605s/625461356n | Rev-IDA*: 31.6693s/166236934n | BiHS-Bloom(50%,k1,dynamic): 233.629s/3941658447n | IDTHSwTrans(50%): 79.197s/49605928n | BiHS-Bloom(50%,optk,dynamic): 222.456s/3941658447n | IDTHSwTrans(50%): 79.6427s/49605928n | BiHS-Bloom(50%,rootk,dynamic): 221.71s/3941658447n | IDTHSwTrans(50%): 79.2526s/49605928n | BiHS-Bloom(10%,k1,dynamic): 235.182s/3941658447n | IDTHSwTrans(10%): 64.4007s/33381957n | BiHS-Bloom(10%,optk,dynamic): 220.078s/3941658447n | IDTHSwTrans(10%): 63.9805s/33381957n | BiHS-Bloom(10%,rootk,dynamic): 231.532s/3941658447n | IDTHSwTrans(10%): 63.8752s/33381957n | BiHS-Bloom(1%,k1,dynamic): 232.648s/3941658447n | IDTHSwTrans(1%): 87.4564s/31088665n | BiHS-Bloom(1%,optk,dynamic): 234.822s/3941658447n | IDTHSwTrans(1%): 88.2329s/31088665n | BiHS-Bloom(1%,rootk,dynamic): 233.738s/3941658447n | IDTHSwTrans(1%): 88.8886s/31088665n | BiHS-Bloom(0.1%,k1,dynamic): 350.228s/7324288467n | IDTHSwTrans(0.1%): 104.633s/36334211n | BiHS-Bloom(0.1%,optk,dynamic): 349.458s/7324288467n | IDTHSwTrans(0.1%): 104.01s/36334211n | BiHS-Bloom(0.1%,rootk,dynamic): 350.96s/7324288467n | IDTHSwTrans(0.1%): 103.889s/36334211n | Length: 66
Results written to results/stp_pancake/parts/benchmark_stp_16.csv
