------------------------------------
Sat 27 Jun 2026 21:41:24 IDT
SLURM_JOBID:		18471954
SLURM_JOB_NODELIST:	ise-cpu-intl-23
SLURM_SCRATCH_DIR:	/scratch/omerpr/18471954
Allocated Resouces:	cpu - 2 / mem - 65536 MB / gpu - 
SLURM_GPU_INDEX:	
Running as omerpr from felner account with normal QOS
------------------------------------
------------------------------------
Sat 27 Jun 2026 21:41:24 IDT
SLURM_JOBID:		18471954
SLURM_JOB_NODELIST:	ise-cpu-intl-23
SLURM_SCRATCH_DIR:	/scratch/omerpr/18471954
Allocated Resouces:	cpu - 2 / mem - 65536 MB / gpu - 
SLURM_GPU_INDEX:	
Running as omerpr from felner account with normal QOS
------------------------------------
Domain: Pancake Puzzle
[48] Running Pancake A*... done (28.2065s, 751422n)
[48] Running Pancake Rev-A*... done (35.4968s, 914525n)
[48] Skipping BAE*, NBS, IDA*, Rev-IDA*, and Parallel IDA*; use --full to run them
[48] Running Pancake MM... done (46.8632s, 1400886n)
[48] Pancake BiHS-Bloom timeout limit: 937.265s
[48] Pancake IDTHSwTrans state bound baseline: 11625311
[48] Running Pancake BiHS-Bloom(50%, optk, dynamic, size=43992KiB, k=25, fp_est=4.0029e-08, limit=937.265s)...Bloom filter size: 43992 KiB, k_hashes: 25, min_items: 5812620
 done (136.134s, 942709209n)
[48] Running Pancake IDTHSwTrans(50%, states=5812655, limit=1800s)... done (8.53367s, 231332n)
[48] Running Pancake BiHS-Bloom(10%, optk, dynamic, size=8798KiB, k=5, fp_est=0.0331545, limit=937.265s)...Bloom filter size: 8798 KiB, k_hashes: 5, min_items: 1162471
 done (133.682s, 942709209n)
[48] Running Pancake IDTHSwTrans(10%, states=1162531, limit=1800s)... done (8.42815s, 231332n)
[48] Running Pancake BiHS-Bloom(1%, optk, dynamic, size=880KiB, k=1, fp_est=0.755837, limit=937.265s)...Bloom filter size: 880 KiB, k_hashes: 1, min_items: 116273
 done (237.672s, 1809673887n)
[48] Running Pancake IDTHSwTrans(1%, states=116253, limit=1800s)... done (7.56631s, 159415n)
[48] Running Pancake BiHS-Bloom(0.1%, optk, dynamic, size=88KiB, k=1, fp_est=0.999999, limit=937.265s)...Bloom filter size: 88 KiB, k_hashes: 1, min_items: 11627
[TYPE] Splitting depth 17 into 8 hash types (Ff=4047977, Fb=5044308, min_items=11627)
 done (215.065s, 1498888515n)
[48] Running Pancake IDTHSwTrans(0.1%, states=11625, limit=1800s)... done (7.21918s, 195082n)
Pancake #48 | A*: 28.2065s/751422n | Rev-A*: 35.4968s/914525n | BAE*: -3s/0n | NBS: -3s/0n | MM: 46.8632s/1400886n | IDA*: -3s/0n | Parallel IDA*: -3s/0n | Rev-IDA*: -3s/0n | BiHS-Bloom(50%,optk,dynamic): 136.134s/942709209n | IDTHSwTrans(50%): 8.53367s/231332n | BiHS-Bloom(10%,optk,dynamic): 133.682s/942709209n | IDTHSwTrans(10%): 8.42815s/231332n | BiHS-Bloom(1%,optk,dynamic): 237.672s/1809673887n | IDTHSwTrans(1%): 7.56631s/159415n | BiHS-Bloom(0.1%,optk,dynamic): 215.065s/1498888515n | IDTHSwTrans(0.1%): 7.21918s/195082n | Length: 17
Results written to results/stp_pancake/parts/benchmark_pancake_48.csv
