------------------------------------
Sun 28 Jun 2026 02:30:44 IDT
SLURM_JOBID:		18485792
SLURM_JOB_NODELIST:	ise-cpu-intl-27
SLURM_SCRATCH_DIR:	
Allocated Resouces:	cpu - 2 / mem - 65536 MB / gpu - 
SLURM_GPU_INDEX:	
Running as omerpr from felner account with normal QOS
------------------------------------
------------------------------------
Sun 28 Jun 2026 02:30:44 IDT
SLURM_JOBID:		18485792
SLURM_JOB_NODELIST:	ise-cpu-intl-27
SLURM_SCRATCH_DIR:	
Allocated Resouces:	cpu - 2 / mem - 65536 MB / gpu - 
SLURM_GPU_INDEX:	
Running as omerpr from felner account with normal QOS
------------------------------------
Domain: Pancake Puzzle
[31] Running Pancake A*... done (0.0232287s, 676n)
[31] Running Pancake Rev-A*... done (0.014286s, 473n)
[31] Running Pancake BAE*... done (0.0257006s, 1022n)
[31] Running Pancake NBS... done (0.0452548s, 934n)
[31] Running Pancake MM... done (0.0234667s, 1080n)
[31] Running Pancake IDA*... done (0.00355443s, 1431n)
[31] Running Pancake Rev-IDA*... done (0.00925092s, 3713n)
[31] Running Pancake Parallel IDA*...1994544 pieces of work generated
Starting iteration with bound 11.000000; 117326 expanded, 2229194 generated
Starting iteration with bound 12.000000; 117326 expanded, 2229194 generated
Starting iteration with bound 13.000000; 117327 expanded, 2229213 generated
Starting iteration with bound 14.000000; 117484 expanded, 2232196 generated
 done (5.03537s, 120772n)
[31] Pancake BiHS-Bloom timeout limit: 120s
[31] Pancake IDTHSwTrans state bound baseline: 8343
[31] Running Pancake BiHS-Bloom(50%, optk, dynamic, size=32KiB, k=16, fp_est=1.10659e-05, limit=120s)...Bloom filter size: 32 KiB, k_hashes: 16, min_items: 4228
 done (0.0869973s, 578358n)
[31] Running Pancake IDTHSwTrans(50%, states=4171, limit=1800s)... done (0.026111s, 5374n)
[31] Running Pancake BiHS-Bloom(10%, optk, dynamic, size=6KiB, k=3, fp_est=0.117692, limit=120s)...Bloom filter size: 6 KiB, k_hashes: 3, min_items: 792
 done (0.0846583s, 578358n)
[31] Running Pancake IDTHSwTrans(10%, states=834, limit=1800s)... done (0.0086941s, 1710n)
[31] Running Pancake BiHS-Bloom(1%, optk, dynamic, size=1KiB, k=1, fp_est=0.739961, limit=120s)...Bloom filter size: 1 KiB, k_hashes: 1, min_items: 132
 done (0.0845006s, 578358n)
[31] Running Pancake IDTHSwTrans(1%, states=83, limit=1800s)... done (0.00518931s, 1072n)
[31] Running Pancake BiHS-Bloom(0.1%, optk, dynamic, size=1KiB, k=1, fp_est=0.739961, limit=120s)...Bloom filter size: 1 KiB, k_hashes: 1, min_items: 132
 done (0.0838599s, 578358n)
[31] Running Pancake IDTHSwTrans(0.1%, states=8, limit=1800s)... done (0.00532906s, 1125n)
Pancake #31 | A*: 0.0232287s/676n | Rev-A*: 0.014286s/473n | BAE*: 0.0257006s/1022n | NBS: 0.0452548s/934n | MM: 0.0234667s/1080n | IDA*: 0.00355443s/1431n | Parallel IDA*: 5.03537s/120772n | Rev-IDA*: 0.00925092s/3713n | BiHS-Bloom(50%,optk,dynamic): 0.0869973s/578358n | IDTHSwTrans(50%): 0.026111s/5374n | BiHS-Bloom(10%,optk,dynamic): 0.0846583s/578358n | IDTHSwTrans(10%): 0.0086941s/1710n | BiHS-Bloom(1%,optk,dynamic): 0.0845006s/578358n | IDTHSwTrans(1%): 0.00518931s/1072n | BiHS-Bloom(0.1%,optk,dynamic): 0.0838599s/578358n | IDTHSwTrans(0.1%): 0.00532906s/1125n | Length: 14
Results written to results/stp_pancake/parts/benchmark_pancake_31.csv
