------------------------------------
Sat 27 Jun 2026 21:46:55 IDT
SLURM_JOBID:		18472240
SLURM_JOB_NODELIST:	ise-cpu-intl-24
SLURM_SCRATCH_DIR:	
Allocated Resouces:	cpu - 2 / mem - 65536 MB / gpu - 
SLURM_GPU_INDEX:	
Running as omerpr from felner account with normal QOS
------------------------------------
------------------------------------
Sat 27 Jun 2026 21:46:55 IDT
SLURM_JOBID:		18472240
SLURM_JOB_NODELIST:	ise-cpu-intl-24
SLURM_SCRATCH_DIR:	
Allocated Resouces:	cpu - 2 / mem - 65536 MB / gpu - 
SLURM_GPU_INDEX:	
Running as omerpr from felner account with normal QOS
------------------------------------
Domain: Pancake Puzzle
[59] Running Pancake A*... done (15.8635s, 329932n)
[59] Running Pancake Rev-A*... done (16.4505s, 341104n)
[59] Skipping BAE*, NBS, IDA*, Rev-IDA*, and Parallel IDA*; use --full to run them
[59] Running Pancake MM... done (19.6543s, 629557n)
[59] Pancake BiHS-Bloom timeout limit: 393.085s
[59] Pancake IDTHSwTrans state bound baseline: 5209055
[59] Running Pancake BiHS-Bloom(50%, optk, dynamic, size=19712KiB, k=23, fp_est=1.35917e-07, limit=393.085s)...Bloom filter size: 19712 KiB, k_hashes: 23, min_items: 2604527
 done (69.4969s, 344266197n)
[59] Running Pancake IDTHSwTrans(50%, states=2604527, limit=1800s)... done (4.69981s, 180190n)
[59] Running Pancake BiHS-Bloom(10%, optk, dynamic, size=3942KiB, k=5, fp_est=0.0426981, limit=393.085s)...Bloom filter size: 3942 KiB, k_hashes: 5, min_items: 520852
 done (67.2701s, 344266197n)
[59] Running Pancake IDTHSwTrans(10%, states=520905, limit=1800s)... done (4.35846s, 168969n)
[59] Running Pancake BiHS-Bloom(1%, optk, dynamic, size=394KiB, k=1, fp_est=0.78134, limit=393.085s)...Bloom filter size: 394 KiB, k_hashes: 1, min_items: 52058
 done (70.2439s, 431309016n)
[59] Running Pancake IDTHSwTrans(1%, states=52090, limit=1800s)... done (2.94971s, 93768n)
[59] Running Pancake BiHS-Bloom(0.1%, optk, dynamic, size=39KiB, k=1, fp_est=1, limit=393.085s)...Bloom filter size: 39 KiB, k_hashes: 1, min_items: 5153
[TYPE] Splitting depth 16 into 8 hash types (Ff=2152209, Fb=798709, min_items=5153)
 done (85.5982s, 444229383n)
[59] Running Pancake IDTHSwTrans(0.1%, states=5209, limit=1800s)... done (3.71636s, 115582n)
Pancake #59 | A*: 15.8635s/329932n | Rev-A*: 16.4505s/341104n | BAE*: -3s/0n | NBS: -3s/0n | MM: 19.6543s/629557n | IDA*: -3s/0n | Parallel IDA*: -3s/0n | Rev-IDA*: -3s/0n | BiHS-Bloom(50%,optk,dynamic): 69.4969s/344266197n | IDTHSwTrans(50%): 4.69981s/180190n | BiHS-Bloom(10%,optk,dynamic): 67.2701s/344266197n | IDTHSwTrans(10%): 4.35846s/168969n | BiHS-Bloom(1%,optk,dynamic): 70.2439s/431309016n | IDTHSwTrans(1%): 2.94971s/93768n | BiHS-Bloom(0.1%,optk,dynamic): 85.5982s/444229383n | IDTHSwTrans(0.1%): 3.71636s/115582n | Length: 16
Results written to results/stp_pancake/parts/benchmark_pancake_59.csv
