------------------------------------
Sat 27 Jun 2026 21:35:24 IDT
SLURM_JOBID:		18471683
SLURM_JOB_NODELIST:	ise-cpu-intl-24
SLURM_SCRATCH_DIR:	
Allocated Resouces:	cpu - 2 / mem - 65536 MB / gpu - 
SLURM_GPU_INDEX:	
Running as omerpr from felner account with normal QOS
------------------------------------
------------------------------------
Sat 27 Jun 2026 21:35:24 IDT
SLURM_JOBID:		18471683
SLURM_JOB_NODELIST:	ise-cpu-intl-24
SLURM_SCRATCH_DIR:	
Allocated Resouces:	cpu - 2 / mem - 65536 MB / gpu - 
SLURM_GPU_INDEX:	
Running as omerpr from felner account with normal QOS
------------------------------------
Domain: Pancake Puzzle
[36] Running Pancake A*... done (3.61918s, 73962n)
[36] Running Pancake Rev-A*... done (3.98627s, 88638n)
[36] Skipping BAE*, NBS, IDA*, Rev-IDA*, and Parallel IDA*; use --full to run them
[36] Running Pancake MM... done (4.59549s, 152219n)
[36] Pancake BiHS-Bloom timeout limit: 120s
[36] Pancake IDTHSwTrans state bound baseline: 1208714
[36] Running Pancake BiHS-Bloom(50%, optk, dynamic, size=4574KiB, k=23, fp_est=1.40616e-07, limit=120s)...Bloom filter size: 4574 KiB, k_hashes: 23, min_items: 604358
 done (17.4939s, 89734350n)
[36] Running Pancake IDTHSwTrans(50%, states=604357, limit=1800s)... done (1.86552s, 96316n)
[36] Running Pancake BiHS-Bloom(10%, optk, dynamic, size=915KiB, k=5, fp_est=0.0429581, limit=120s)...Bloom filter size: 915 KiB, k_hashes: 5, min_items: 120898
 done (17.4244s, 89734350n)
[36] Running Pancake IDTHSwTrans(10%, states=120871, limit=1800s)... done (1.9509s, 73377n)
[36] Running Pancake BiHS-Bloom(1%, optk, dynamic, size=91KiB, k=1, fp_est=0.783593, limit=120s)...Bloom filter size: 91 KiB, k_hashes: 1, min_items: 12023
 done (22.8099s, 128013009n)
[36] Running Pancake IDTHSwTrans(1%, states=12087, limit=1800s)... done (1.92549s, 53007n)
[36] Running Pancake BiHS-Bloom(0.1%, optk, dynamic, size=9KiB, k=1, fp_est=1, limit=120s)...Bloom filter size: 9 KiB, k_hashes: 1, min_items: 1189
[TYPE] Splitting depth 16 into 8 hash types (Ff=269182, Fb=291136, min_items=1189)
 done (26.1019s, 128013009n)
[36] Running Pancake IDTHSwTrans(0.1%, states=1208, limit=1800s)... done (2.0361s, 69298n)
Pancake #36 | A*: 3.61918s/73962n | Rev-A*: 3.98627s/88638n | BAE*: -3s/0n | NBS: -3s/0n | MM: 4.59549s/152219n | IDA*: -3s/0n | Parallel IDA*: -3s/0n | Rev-IDA*: -3s/0n | BiHS-Bloom(50%,optk,dynamic): 17.4939s/89734350n | IDTHSwTrans(50%): 1.86552s/96316n | BiHS-Bloom(10%,optk,dynamic): 17.4244s/89734350n | IDTHSwTrans(10%): 1.9509s/73377n | BiHS-Bloom(1%,optk,dynamic): 22.8099s/128013009n | IDTHSwTrans(1%): 1.92549s/53007n | BiHS-Bloom(0.1%,optk,dynamic): 26.1019s/128013009n | IDTHSwTrans(0.1%): 2.0361s/69298n | Length: 16
Results written to results/stp_pancake/parts/benchmark_pancake_36.csv
