------------------------------------
Sun 28 Jun 2026 02:59:13 IDT
SLURM_JOBID:		18486723
SLURM_JOB_NODELIST:	ise-cpu-intl-24
SLURM_SCRATCH_DIR:	
Allocated Resouces:	cpu - 2 / mem - 65536 MB / gpu - 
SLURM_GPU_INDEX:	
Running as omerpr from felner account with normal QOS
------------------------------------
------------------------------------
Sun 28 Jun 2026 02:59:14 IDT
SLURM_JOBID:		18486723
SLURM_JOB_NODELIST:	ise-cpu-intl-24
SLURM_SCRATCH_DIR:	
Allocated Resouces:	cpu - 2 / mem - 65536 MB / gpu - 
SLURM_GPU_INDEX:	
Running as omerpr from felner account with normal QOS
------------------------------------
Domain: Pancake Puzzle
[86] Running Pancake A*... done (1.17066s, 25449n)
[86] Running Pancake Rev-A*... done (1.02582s, 23980n)
[86] Running Pancake BAE*... done (0.702664s, 30818n)
[86] Running Pancake NBS... done (2.66218s, 42626n)
[86] Running Pancake MM... done (1.16654s, 44570n)
[86] Running Pancake IDA*... done (0.182389s, 55212n)
[86] Running Pancake Rev-IDA*... done (0.24394s, 73633n)
[86] Running Pancake Parallel IDA*...1994544 pieces of work generated
Starting iteration with bound 9.000000; 117326 expanded, 2229194 generated
Starting iteration with bound 10.000000; 117326 expanded, 2229194 generated
Starting iteration with bound 11.000000; 117326 expanded, 2229194 generated
Starting iteration with bound 12.000000; 117338 expanded, 2229422 generated
Starting iteration with bound 13.000000; 118443 expanded, 2250417 generated
Starting iteration with bound 14.000000; 145411 expanded, 2762809 generated
 done (10.0265s, 264072n)
[86] Pancake BiHS-Bloom timeout limit: 200.529s
[86] Pancake IDTHSwTrans state bound baseline: 396220
[86] Running Pancake BiHS-Bloom(50%, optk, dynamic, size=1499KiB, k=22, fp_est=2.05519e-07, limit=200.529s)...Bloom filter size: 1499 KiB, k_hashes: 22, min_items: 198061
 done (3.91308s, 17595030n)
[86] Running Pancake IDTHSwTrans(50%, states=198110, limit=1800s)... done (0.443075s, 14540n)
[86] Running Pancake BiHS-Bloom(10%, optk, dynamic, size=300KiB, k=4, fp_est=0.0463528, limit=200.529s)...Bloom filter size: 300 KiB, k_hashes: 4, min_items: 39638
 done (3.89953s, 17595030n)
[86] Running Pancake IDTHSwTrans(10%, states=39622, limit=1800s)... done (0.443133s, 14540n)
[86] Running Pancake BiHS-Bloom(1%, optk, dynamic, size=30KiB, k=1, fp_est=0.789666, limit=200.529s)...Bloom filter size: 30 KiB, k_hashes: 1, min_items: 3963
 done (3.27552s, 19155273n)
[86] Running Pancake IDTHSwTrans(1%, states=3962, limit=1800s)... done (0.217767s, 8563n)
[86] Running Pancake BiHS-Bloom(0.1%, optk, dynamic, size=3KiB, k=1, fp_est=1, limit=200.529s)...Bloom filter size: 3 KiB, k_hashes: 1, min_items: 396
[TYPE] Splitting depth 14 into 5 hash types (Ff=97897, Fb=23038, min_items=396)
 done (3.31382s, 19155273n)
[86] Running Pancake IDTHSwTrans(0.1%, states=396, limit=1800s)... done (0.282659s, 13363n)
Pancake #86 | A*: 1.17066s/25449n | Rev-A*: 1.02582s/23980n | BAE*: 0.702664s/30818n | NBS: 2.66218s/42626n | MM: 1.16654s/44570n | IDA*: 0.182389s/55212n | Parallel IDA*: 10.0265s/264072n | Rev-IDA*: 0.24394s/73633n | BiHS-Bloom(50%,optk,dynamic): 3.91308s/17595030n | IDTHSwTrans(50%): 0.443075s/14540n | BiHS-Bloom(10%,optk,dynamic): 3.89953s/17595030n | IDTHSwTrans(10%): 0.443133s/14540n | BiHS-Bloom(1%,optk,dynamic): 3.27552s/19155273n | IDTHSwTrans(1%): 0.217767s/8563n | BiHS-Bloom(0.1%,optk,dynamic): 3.31382s/19155273n | IDTHSwTrans(0.1%): 0.282659s/13363n | Length: 14
Results written to results/stp_pancake/parts/benchmark_pancake_86.csv
