------------------------------------
Sat 27 Jun 2026 21:18:15 IDT
SLURM_JOBID:		18470804
SLURM_JOB_NODELIST:	ise-cpu-intl-23
SLURM_SCRATCH_DIR:	/scratch/omerpr/18470804
Allocated Resouces:	cpu - 2 / mem - 65536 MB / gpu - 
SLURM_GPU_INDEX:	
Running as omerpr from felner account with normal QOS
------------------------------------
------------------------------------
Sat 27 Jun 2026 21:18:16 IDT
SLURM_JOBID:		18470804
SLURM_JOB_NODELIST:	ise-cpu-intl-23
SLURM_SCRATCH_DIR:	/scratch/omerpr/18470804
Allocated Resouces:	cpu - 2 / mem - 65536 MB / gpu - 
SLURM_GPU_INDEX:	
Running as omerpr from felner account with normal QOS
------------------------------------
Domain: Sliding Tile Puzzle
Starting Korf's Puzzle #88

[88] Running A*... done (13.4052s, 3562748n)
[88] Running Rev-A*... done (14.4054s, 3640199n)
[88] Skipping BAE*, NBS, IDA*, Rev-IDA*, and Parallel IDA*; use --full to run them
[88] Running MM... done (17.3927s, 4178524n)
[88] BiHS-Bloom timeout limit: 347.853s
[88] IDTHSwTrans state bound baseline: 6419597
[88] Running BiHS-Bloom(50%, optk, dynamic, size=17632KiB, k=25, fp_est=2.17956e-08, limit=347.853s)...
Bloom filter size: 17632 KiB, k_hashes: 25, min_items: 3209807
 done (23.7577s, 290292331n)
[88] Running IDTHSwTrans(50%, states=3209798, limit=1800s)... done (15.5235s, 2961240n)
[88] Running BiHS-Bloom(10%, optk, dynamic, size=3526KiB, k=5, fp_est=0.0293661, limit=347.853s)...
Bloom filter size: 3526 KiB, k_hashes: 5, min_items: 641888
 done (21.7018s, 290292331n)
[88] Running IDTHSwTrans(10%, states=641959, limit=1800s)... done (14.8698s, 2576910n)
[88] Running BiHS-Bloom(1%, optk, dynamic, size=353KiB, k=1, fp_est=0.743387, limit=347.853s)...
Bloom filter size: 353 KiB, k_hashes: 1, min_items: 64261
[TYPE] Splitting depth 54 into 2 hash types (Ff=2214509, Fb=1597207, min_items=64261)
 done (19.9626s, 317388747n)
[88] Running IDTHSwTrans(1%, states=64195, limit=1800s)... done (26.0975s, 3403007n)
[88] Running BiHS-Bloom(0.1%, optk, dynamic, size=35KiB, k=1, fp_est=0.999999, limit=347.853s)...
Bloom filter size: 35 KiB, k_hashes: 1, min_items: 6371
[TYPE] Splitting depth 52 into 4 hash types (Ff=566579, Fb=540984, min_items=6371)
[TYPE] Splitting depth 54 into 8 hash types (Ff=2214509, Fb=5774293, min_items=6371)
 done (29.2006s, 337850505n)
[88] Running IDTHSwTrans(0.1%, states=6419, limit=1800s)... done (27.1742s, 6043699n)
Puzzle #88 | A*: 13.4052s/3562748n | Rev-A*: 14.4054s/3640199n | BAE*: -3s/0n | NBS: -3s/0n | MM: 17.3927s/4178524n | IDA*: -3s/0n | Parallel IDA*: -3s/0n | Rev-IDA*: -3s/0n | BiHS-Bloom(50%,optk,dynamic): 23.7577s/290292331n | IDTHSwTrans(50%): 15.5235s/2961240n | BiHS-Bloom(10%,optk,dynamic): 21.7018s/290292331n | IDTHSwTrans(10%): 14.8698s/2576910n | BiHS-Bloom(1%,optk,dynamic): 19.9626s/317388747n | IDTHSwTrans(1%): 26.0975s/3403007n | BiHS-Bloom(0.1%,optk,dynamic): 29.2006s/337850505n | IDTHSwTrans(0.1%): 27.1742s/6043699n | Length: 54
Results written to results/stp_pancake/parts/benchmark_stp_88.csv
