------------------------------------
Sat 27 Jun 2026 20:23:23 IDT
SLURM_JOBID:		18468375
SLURM_JOB_NODELIST:	ise-cpu-intl-23
SLURM_SCRATCH_DIR:	/scratch/omerpr/18468375
Allocated Resouces:	cpu - 2 / mem - 65536 MB / gpu - 
SLURM_GPU_INDEX:	
Running as omerpr from felner account with normal QOS
------------------------------------
------------------------------------
Sat 27 Jun 2026 20:23:23 IDT
SLURM_JOBID:		18468375
SLURM_JOB_NODELIST:	ise-cpu-intl-23
SLURM_SCRATCH_DIR:	/scratch/omerpr/18468375
Allocated Resouces:	cpu - 2 / mem - 65536 MB / gpu - 
SLURM_GPU_INDEX:	
Running as omerpr from felner account with normal QOS
------------------------------------
Domain: Sliding Tile Puzzle
Starting Korf's Puzzle #1

[1] Running A*... done (16.4287s, 4469035n)
[1] Running Rev-A*... done (14.7587s, 3733395n)
[1] Skipping BAE*, NBS, IDA*, Rev-IDA*, and Parallel IDA*; use --full to run them
[1] Running MM... done (9.48218s, 2526800n)
[1] BiHS-Bloom timeout limit: 328.574s
[1] IDTHSwTrans state bound baseline: 4676016
[1] Running BiHS-Bloom(50%, optk, dynamic, size=12843KiB, k=41, fp_est=4.93315e-13, limit=328.574s)...
Bloom filter size: 12843 KiB, k_hashes: 41, min_items: 2337996
 done (10.0352s, 106823085n)
[1] Running IDTHSwTrans(50%, states=2338008, limit=1800s)... done (5.19629s, 1764825n)
[1] Running BiHS-Bloom(10%, optk, dynamic, size=2569KiB, k=8, fp_est=0.00345619, limit=328.574s)...
Bloom filter size: 2569 KiB, k_hashes: 8, min_items: 467672
 done (7.44072s, 106823085n)
[1] Running IDTHSwTrans(10%, states=467601, limit=1800s)... done (4.75969s, 1643594n)
[1] Running BiHS-Bloom(1%, optk, dynamic, size=257KiB, k=1, fp_est=0.571415, limit=328.574s)...
Bloom filter size: 257 KiB, k_hashes: 1, min_items: 46785
[TYPE] Splitting depth 55 into 2 hash types (Ff=2484110, Fb=1081876, min_items=46785)
 done (11.1402s, 154114096n)
[1] Running IDTHSwTrans(1%, states=46760, limit=1800s)... done (1.93107s, 869787n)
[1] Running BiHS-Bloom(0.1%, optk, dynamic, size=26KiB, k=1, fp_est=0.999769, limit=328.574s)...
Bloom filter size: 26 KiB, k_hashes: 1, min_items: 4733
[TYPE] Splitting depth 53 into 3 hash types (Ff=364061, Fb=244874, min_items=4733)
[TYPE] Splitting depth 55 into 8 hash types (Ff=2484110, Fb=3129631, min_items=4733)
 done (13.8036s, 186807386n)
[1] Running IDTHSwTrans(0.1%, states=4676, limit=1800s)... done (2.13214s, 1018328n)
Puzzle #1 | A*: 16.4287s/4469035n | Rev-A*: 14.7587s/3733395n | BAE*: -3s/0n | NBS: -3s/0n | MM: 9.48218s/2526800n | IDA*: -3s/0n | Parallel IDA*: -3s/0n | Rev-IDA*: -3s/0n | BiHS-Bloom(50%,optk,dynamic): 10.0352s/106823085n | IDTHSwTrans(50%): 5.19629s/1764825n | BiHS-Bloom(10%,optk,dynamic): 7.44072s/106823085n | IDTHSwTrans(10%): 4.75969s/1643594n | BiHS-Bloom(1%,optk,dynamic): 11.1402s/154114096n | IDTHSwTrans(1%): 1.93107s/869787n | BiHS-Bloom(0.1%,optk,dynamic): 13.8036s/186807386n | IDTHSwTrans(0.1%): 2.13214s/1018328n | Length: 55
Results written to results/stp_pancake/parts/benchmark_stp_1.csv
