------------------------------------
Sat 27 Jun 2026 21:41:55 IDT
SLURM_JOBID:		18471974
SLURM_JOB_NODELIST:	ise-cpu-intl-24
SLURM_SCRATCH_DIR:	
Allocated Resouces:	cpu - 2 / mem - 65536 MB / gpu - 
SLURM_GPU_INDEX:	
Running as omerpr from felner account with normal QOS
------------------------------------
------------------------------------
Sat 27 Jun 2026 21:41:56 IDT
SLURM_JOBID:		18471974
SLURM_JOB_NODELIST:	ise-cpu-intl-24
SLURM_SCRATCH_DIR:	
Allocated Resouces:	cpu - 2 / mem - 65536 MB / gpu - 
SLURM_GPU_INDEX:	
Running as omerpr from felner account with normal QOS
------------------------------------
Domain: Pancake Puzzle
[51] Running Pancake A*... done (2.26649s, 45397n)
[51] Running Pancake Rev-A*... done (2.07027s, 45425n)
[51] Skipping BAE*, NBS, IDA*, Rev-IDA*, and Parallel IDA*; use --full to run them
[51] Running Pancake MM... done (3.41546s, 92087n)
[51] Pancake BiHS-Bloom timeout limit: 120s
[51] Pancake IDTHSwTrans state bound baseline: 742026
[51] Running Pancake BiHS-Bloom(50%, optk, dynamic, size=2808KiB, k=18, fp_est=3.28855e-06, limit=120s)...Bloom filter size: 2808 KiB, k_hashes: 18, min_items: 371018
 done (8.8906s, 40718694n)
[51] Running Pancake IDTHSwTrans(50%, states=371013, limit=1800s)... done (1.6884s, 79012n)
[51] Running Pancake BiHS-Bloom(10%, optk, dynamic, size=562KiB, k=4, fp_est=0.0804548, limit=120s)...Bloom filter size: 562 KiB, k_hashes: 4, min_items: 74256
 done (8.76149s, 40718694n)
[51] Running Pancake IDTHSwTrans(10%, states=74202, limit=1800s)... done (0.917438s, 51643n)
[51] Running Pancake BiHS-Bloom(1%, optk, dynamic, size=56KiB, k=1, fp_est=0.851642, limit=120s)...Bloom filter size: 56 KiB, k_hashes: 1, min_items: 7399
 done (8.92928s, 48066297n)
[51] Running Pancake IDTHSwTrans(1%, states=7420, limit=1800s)... done (0.960908s, 41840n)
[51] Running Pancake BiHS-Bloom(0.1%, optk, dynamic, size=6KiB, k=1, fp_est=1, limit=120s)...Bloom filter size: 6 KiB, k_hashes: 1, min_items: 792
[TYPE] Splitting depth 15 into 7 hash types (Ff=240082, Fb=74685, min_items=792)
 done (9.30691s, 48066297n)
[51] Running Pancake IDTHSwTrans(0.1%, states=742, limit=1800s)... done (1.16782s, 57937n)
Pancake #51 | A*: 2.26649s/45397n | Rev-A*: 2.07027s/45425n | BAE*: -3s/0n | NBS: -3s/0n | MM: 3.41546s/92087n | IDA*: -3s/0n | Parallel IDA*: -3s/0n | Rev-IDA*: -3s/0n | BiHS-Bloom(50%,optk,dynamic): 8.8906s/40718694n | IDTHSwTrans(50%): 1.6884s/79012n | BiHS-Bloom(10%,optk,dynamic): 8.76149s/40718694n | IDTHSwTrans(10%): 0.917438s/51643n | BiHS-Bloom(1%,optk,dynamic): 8.92928s/48066297n | IDTHSwTrans(1%): 0.960908s/41840n | BiHS-Bloom(0.1%,optk,dynamic): 9.30691s/48066297n | IDTHSwTrans(0.1%): 1.16782s/57937n | Length: 15
Results written to results/stp_pancake/parts/benchmark_pancake_51.csv
