------------------------------------
Sat 27 Jun 2026 20:30:54 IDT
SLURM_JOBID:		18468647
SLURM_JOB_NODELIST:	ise-cpu128-11
SLURM_SCRATCH_DIR:	/scratch/omerpr/18468647
Allocated Resouces:	cpu - 2 / mem - 65536 MB / gpu - 
SLURM_GPU_INDEX:	
Running as omerpr from felner account with normal QOS
------------------------------------
------------------------------------
Sat 27 Jun 2026 20:30:55 IDT
SLURM_JOBID:		18468647
SLURM_JOB_NODELIST:	ise-cpu128-11
SLURM_SCRATCH_DIR:	/scratch/omerpr/18468647
Allocated Resouces:	cpu - 2 / mem - 65536 MB / gpu - 
SLURM_GPU_INDEX:	
Running as omerpr from felner account with normal QOS
------------------------------------
Domain: Sliding Tile Puzzle
Starting Korf's Puzzle #28

[28] Running A*... done (14.6708s, 3934892n)
[28] Running Rev-A*... done (8.86226s, 2307359n)
[28] Skipping BAE*, NBS, IDA*, Rev-IDA*, and Parallel IDA*; use --full to run them
[28] Running MM... done (14.1406s, 3477011n)
[28] BiHS-Bloom timeout limit: 293.417s
[28] IDTHSwTrans state bound baseline: 4191570
[28] Running BiHS-Bloom(50%, optk, dynamic, size=11512KiB, k=16, fp_est=1.78371e-05, limit=293.417s)...
Bloom filter size: 11512 KiB, k_hashes: 16, min_items: 2095695
 done (11.1388s, 191431838n)
[28] Running IDTHSwTrans(50%, states=2095785, limit=1800s)... done (17.2492s, 2372640n)
[28] Running BiHS-Bloom(10%, optk, dynamic, size=2302KiB, k=3, fp_est=0.112485, limit=293.417s)...
Bloom filter size: 2302 KiB, k_hashes: 3, min_items: 419066
 done (11.6104s, 191431838n)
[28] Running IDTHSwTrans(10%, states=419157, limit=1800s)... done (12.3035s, 1949636n)
[28] Running BiHS-Bloom(1%, optk, dynamic, size=230KiB, k=1, fp_est=0.889105, limit=293.417s)...
Bloom filter size: 230 KiB, k_hashes: 1, min_items: 41870
 done (17.2817s, 345208242n)
[28] Running IDTHSwTrans(1%, states=41915, limit=1800s)... done (18.3052s, 2878724n)
[28] Running BiHS-Bloom(0.1%, optk, dynamic, size=23KiB, k=1, fp_est=1, limit=293.417s)...
Bloom filter size: 23 KiB, k_hashes: 1, min_items: 4187
[TYPE] Splitting depth 52 into 3 hash types (Ff=311450, Fb=142146, min_items=4187)
[TYPE] Splitting depth 54 into 8 hash types (Ff=995307, Fb=2279246, min_items=4187)
 done (13.8124s, 206061471n)
[28] Running IDTHSwTrans(0.1%, states=4191, limit=1800s)... done (21.1411s, 5758760n)
Puzzle #28 | A*: 14.6708s/3934892n | Rev-A*: 8.86226s/2307359n | BAE*: -3s/0n | NBS: -3s/0n | MM: 14.1406s/3477011n | IDA*: -3s/0n | Parallel IDA*: -3s/0n | Rev-IDA*: -3s/0n | BiHS-Bloom(50%,optk,dynamic): 11.1388s/191431838n | IDTHSwTrans(50%): 17.2492s/2372640n | BiHS-Bloom(10%,optk,dynamic): 11.6104s/191431838n | IDTHSwTrans(10%): 12.3035s/1949636n | BiHS-Bloom(1%,optk,dynamic): 17.2817s/345208242n | IDTHSwTrans(1%): 18.3052s/2878724n | BiHS-Bloom(0.1%,optk,dynamic): 13.8124s/206061471n | IDTHSwTrans(0.1%): 21.1411s/5758760n | Length: 54
Results written to results/stp_pancake/parts/benchmark_stp_28.csv
