------------------------------------
Sat 27 Jun 2026 20:49:33 IDT
SLURM_JOBID:		18469362
SLURM_JOB_NODELIST:	ise-cpu-intl-06
SLURM_SCRATCH_DIR:	/scratch/omerpr/18469362
Allocated Resouces:	cpu - 2 / mem - 65536 MB / gpu - 
SLURM_GPU_INDEX:	
Running as omerpr from felner account with normal QOS
------------------------------------
------------------------------------
Sat 27 Jun 2026 20:49:33 IDT
SLURM_JOBID:		18469362
SLURM_JOB_NODELIST:	ise-cpu-intl-06
SLURM_SCRATCH_DIR:	/scratch/omerpr/18469362
Allocated Resouces:	cpu - 2 / mem - 65536 MB / gpu - 
SLURM_GPU_INDEX:	
Running as omerpr from felner account with normal QOS
------------------------------------
Domain: Sliding Tile Puzzle
Starting Korf's Puzzle #59

[59] Running A*...