------------------------------------
Sat 27 Jun 2026 21:56:03 IDT
SLURM_JOBID:		18472690
SLURM_JOB_NODELIST:	ise-cpu-intl-08
SLURM_SCRATCH_DIR:	
Allocated Resouces:	cpu - 2 / mem - 65536 MB / gpu - 
SLURM_GPU_INDEX:	
Running as omerpr from felner account with normal QOS
------------------------------------
------------------------------------
Sat 27 Jun 2026 21:56:03 IDT
SLURM_JOBID:		18472690
SLURM_JOB_NODELIST:	ise-cpu-intl-08
SLURM_SCRATCH_DIR:	
Allocated Resouces:	cpu - 2 / mem - 65536 MB / gpu - 
SLURM_GPU_INDEX:	
Running as omerpr from felner account with normal QOS
------------------------------------
Domain: Pancake Puzzle
[80] Running Pancake A*... done (1.32663s, 37058n)
[80] Running Pancake Rev-A*... done (1.20044s, 37058n)
[80] Skipping BAE*, NBS, IDA*, Rev-IDA*, and Parallel IDA*; use --full to run them
[80] Running Pancake MM... done (1.71488s, 65694n)
[80] Pancake BiHS-Bloom timeout limit: 120s
[80] Pancake IDTHSwTrans state bound baseline: 609491
[80] Running Pancake BiHS-Bloom(50%, optk, dynamic, size=2306KiB, k=24, fp_est=5.14459e-08, limit=120s)...Bloom filter size: 2306 KiB, k_hashes: 24, min_items: 304689
 done (5.24587s, 35838066n)
[80] Running Pancake IDTHSwTrans(50%, states=304745, limit=1800s)... done (0.864737s, 73810n)
[80] Running Pancake BiHS-Bloom(10%, optk, dynamic, size=461KiB, k=5, fp_est=0.0349415, limit=120s)...Bloom filter size: 461 KiB, k_hashes: 5, min_items: 60911
 done (5.05577s, 35838066n)
[80] Running Pancake IDTHSwTrans(10%, states=60949, limit=1800s)... done (0.49922s, 42792n)
[80] Running Pancake BiHS-Bloom(1%, optk, dynamic, size=46KiB, k=1, fp_est=0.761906, limit=120s)...Bloom filter size: 46 KiB, k_hashes: 1, min_items: 6077
 done (6.34117s, 49379721n)
[80] Running Pancake IDTHSwTrans(1%, states=6094, limit=1800s)... done (0.719615s, 37934n)
[80] Running Pancake BiHS-Bloom(0.1%, optk, dynamic, size=5KiB, k=1, fp_est=0.999998, limit=120s)...Bloom filter size: 5 KiB, k_hashes: 1, min_items: 660
[TYPE] Splitting depth 15 into 7 hash types (Ff=157437, Fb=78544, min_items=660)
 done (6.82112s, 49379721n)
[80] Running Pancake IDTHSwTrans(0.1%, states=609, limit=1800s)... done (0.808838s, 47525n)
Pancake #80 | A*: 1.32663s/37058n | Rev-A*: 1.20044s/37058n | BAE*: -3s/0n | NBS: -3s/0n | MM: 1.71488s/65694n | IDA*: -3s/0n | Parallel IDA*: -3s/0n | Rev-IDA*: -3s/0n | BiHS-Bloom(50%,optk,dynamic): 5.24587s/35838066n | IDTHSwTrans(50%): 0.864737s/73810n | BiHS-Bloom(10%,optk,dynamic): 5.05577s/35838066n | IDTHSwTrans(10%): 0.49922s/42792n | BiHS-Bloom(1%,optk,dynamic): 6.34117s/49379721n | IDTHSwTrans(1%): 0.719615s/37934n | BiHS-Bloom(0.1%,optk,dynamic): 6.82112s/49379721n | IDTHSwTrans(0.1%): 0.808838s/47525n | Length: 15
Results written to results/stp_pancake/parts/benchmark_pancake_80.csv
