------------------------------------
Sat 27 Jun 2026 20:42:25 IDT
SLURM_JOBID:		18469051
SLURM_JOB_NODELIST:	ise-cpu-intl-05
SLURM_SCRATCH_DIR:	/scratch/omerpr/18469051
Allocated Resouces:	cpu - 2 / mem - 65536 MB / gpu - 
SLURM_GPU_INDEX:	
Running as omerpr from felner account with normal QOS
------------------------------------
------------------------------------
Sat 27 Jun 2026 20:42:26 IDT
SLURM_JOBID:		18469051
SLURM_JOB_NODELIST:	ise-cpu-intl-05
SLURM_SCRATCH_DIR:	/scratch/omerpr/18469051
Allocated Resouces:	cpu - 2 / mem - 65536 MB / gpu - 
SLURM_GPU_INDEX:	
Running as omerpr from felner account with normal QOS
------------------------------------
Domain: Sliding Tile Puzzle
Starting Korf's Puzzle #49

[49] Running A*... done (14.67s, 4389916n)
[49] Running Rev-A*... done (4.01116s, 928856n)
[49] Skipping BAE*, NBS, IDA*, Rev-IDA*, and Parallel IDA*; use --full to run them
[49] Running MM... done (8.78677s, 2459500n)
[49] BiHS-Bloom timeout limit: 293.4s
[49] IDTHSwTrans state bound baseline: 1752375
[49] Running BiHS-Bloom(50%, optk, dynamic, size=4813KiB, k=7, fp_est=0.00578732, limit=293.4s)...
Bloom filter size: 4813 KiB, k_hashes: 7, min_items: 876179
 done (3.35218s, 54027012n)
[49] Running IDTHSwTrans(50%, states=876187, limit=1800s)... done (5.01345s, 1997256n)
[49] Running BiHS-Bloom(10%, optk, dynamic, size=963KiB, k=1, fp_est=0.372212, limit=293.4s)...
Bloom filter size: 963 KiB, k_hashes: 1, min_items: 175308
 done (3.35343s, 54027012n)
[49] Running IDTHSwTrans(10%, states=175237, limit=1800s)... done (5.15567s, 1973272n)
[49] Running BiHS-Bloom(1%, optk, dynamic, size=96KiB, k=1, fp_est=0.990628, limit=293.4s)...
Bloom filter size: 96 KiB, k_hashes: 1, min_items: 17476
 done (3.26839s, 54027012n)
[49] Running IDTHSwTrans(1%, states=17523, limit=1800s)... done (4.37711s, 1872463n)
[49] Running BiHS-Bloom(0.1%, optk, dynamic, size=10KiB, k=1, fp_est=1, limit=293.4s)...
Bloom filter size: 10 KiB, k_hashes: 1, min_items: 1820
 done (3.42375s, 54056565n)
[49] Running IDTHSwTrans(0.1%, states=1752, limit=1800s)... done (4.53069s, 2349297n)
Puzzle #49 | A*: 14.67s/4389916n | Rev-A*: 4.01116s/928856n | BAE*: -3s/0n | NBS: -3s/0n | MM: 8.78677s/2459500n | IDA*: -3s/0n | Parallel IDA*: -3s/0n | Rev-IDA*: -3s/0n | BiHS-Bloom(50%,optk,dynamic): 3.35218s/54027012n | IDTHSwTrans(50%): 5.01345s/1997256n | BiHS-Bloom(10%,optk,dynamic): 3.35343s/54027012n | IDTHSwTrans(10%): 5.15567s/1973272n | BiHS-Bloom(1%,optk,dynamic): 3.26839s/54027012n | IDTHSwTrans(1%): 4.37711s/1872463n | BiHS-Bloom(0.1%,optk,dynamic): 3.42375s/54056565n | IDTHSwTrans(0.1%): 4.53069s/2349297n | Length: 53
Results written to results/stp_pancake/parts/benchmark_stp_49.csv
