------------------------------------
Sun 28 Jun 2026 00:54:53 IDT
SLURM_JOBID:		18482165
SLURM_JOB_NODELIST:	ise-cpu-intl-18
SLURM_SCRATCH_DIR:	
Allocated Resouces:	cpu - 2 / mem - 65536 MB / gpu - 
SLURM_GPU_INDEX:	
Running as omerpr from felner account with normal QOS
------------------------------------
------------------------------------
Sun 28 Jun 2026 00:54:53 IDT
SLURM_JOBID:		18482165
SLURM_JOB_NODELIST:	ise-cpu-intl-18
SLURM_SCRATCH_DIR:	
Allocated Resouces:	cpu - 2 / mem - 65536 MB / gpu - 
SLURM_GPU_INDEX:	
Running as omerpr from felner account with normal QOS
------------------------------------
Domain: Sliding Tile Puzzle
Starting Korf's Puzzle #1

[1] Running A*... done (14.5037s, 4469035n)
[1] Running Rev-A*... done (13.2959s, 3733395n)
[1] Running BAE*... done (4.52939s, 1319548n)
[1] Running NBS... done (11.5453s, 2484186n)
[1] Running MM... done (8.53809s, 2526800n)
[1] Running IDA*... done (3.24665s, 10765455n)
[1] Running Rev-IDA*... done (18.0468s, 57675697n)
[1] Running Parallel IDA*...54 pieces of work generated
Starting iteration with bound 43.000000; 41 expanded, 134 generated
Starting iteration with bound 45.000000; 41 expanded, 134 generated
Starting iteration with bound 47.000000; 461 expanded, 1327 generated
Starting iteration with bound 49.000000; 6922 expanded, 19843 generated
Starting iteration with bound 51.000000; 77179 expanded, 223624 generated
Starting iteration with bound 53.000000; 709710 expanded, 2073432 generated
Starting iteration with bound 55.000000; 5704630 expanded, 16774134 generated
 done (3.3034s, 19379679n)
[1] BiHS-Bloom timeout limit: 360.936s
[1] IDTHSwTrans state bound baseline: 4676016
[1] Running BiHS-Bloom(50%, optk, dynamic, size=12843KiB, k=41, fp_est=4.93315e-13, limit=360.936s)...
Bloom filter size: 12843 KiB, k_hashes: 41, min_items: 2337996
 done (8.54675s, 106823085n)
[1] Running IDTHSwTrans(50%, states=2338008, limit=1800s)... done (5.12686s, 1764825n)
[1] Running BiHS-Bloom(10%, optk, dynamic, size=2569KiB, k=8, fp_est=0.00345619, limit=360.936s)...
Bloom filter size: 2569 KiB, k_hashes: 8, min_items: 467672
 done (6.40426s, 106823085n)
[1] Running IDTHSwTrans(10%, states=467601, limit=1800s)... done (4.68356s, 1643594n)
[1] Running BiHS-Bloom(1%, optk, dynamic, size=257KiB, k=1, fp_est=0.571415, limit=360.936s)...
Bloom filter size: 257 KiB, k_hashes: 1, min_items: 46785
[TYPE] Splitting depth 55 into 2 hash types (Ff=2484110, Fb=1080990, min_items=46785)
 done (9.74996s, 154114096n)
[1] Running IDTHSwTrans(1%, states=46760, limit=1800s)... done (1.92094s, 869787n)
[1] Running BiHS-Bloom(0.1%, optk, dynamic, size=26KiB, k=1, fp_est=0.999769, limit=360.936s)...
Bloom filter size: 26 KiB, k_hashes: 1, min_items: 4733
[TYPE] Splitting depth 53 into 3 hash types (Ff=364061, Fb=245179, min_items=4733)
[TYPE] Splitting depth 55 into 8 hash types (Ff=2484110, Fb=3129260, min_items=4733)
 done (12.001s, 186807386n)
[1] Running IDTHSwTrans(0.1%, states=4676, limit=1800s)... done (2.1291s, 1018328n)
Puzzle #1 | A*: 14.5037s/4469035n | Rev-A*: 13.2959s/3733395n | BAE*: 4.52939s/1319548n | NBS: 11.5453s/2484186n | MM: 8.53809s/2526800n | IDA*: 3.24665s/10765455n | Parallel IDA*: 3.3034s/19379679n | Rev-IDA*: 18.0468s/57675697n | BiHS-Bloom(50%,optk,dynamic): 8.54675s/106823085n | IDTHSwTrans(50%): 5.12686s/1764825n | BiHS-Bloom(10%,optk,dynamic): 6.40426s/106823085n | IDTHSwTrans(10%): 4.68356s/1643594n | BiHS-Bloom(1%,optk,dynamic): 9.74996s/154114096n | IDTHSwTrans(1%): 1.92094s/869787n | BiHS-Bloom(0.1%,optk,dynamic): 12.001s/186807386n | IDTHSwTrans(0.1%): 2.1291s/1018328n | Length: 55
Results written to results/stp_pancake/parts/benchmark_stp_1.csv
