------------------------------------
Mon 29 Jun 2026 01:05:53 IDT
SLURM_JOBID:		18546526
SLURM_JOB_NODELIST:	ise-cpu256-07
SLURM_SCRATCH_DIR:	/scratch/omerpr/18546526
Allocated Resouces:	cpu - 2 / mem - 102400 MB / gpu - 
SLURM_GPU_INDEX:	
Running as omerpr from felner account with normal QOS
------------------------------------
------------------------------------
Mon 29 Jun 2026 01:05:53 IDT
SLURM_JOBID:		18546526
SLURM_JOB_NODELIST:	ise-cpu256-07
SLURM_SCRATCH_DIR:	/scratch/omerpr/18546526
Allocated Resouces:	cpu - 2 / mem - 102400 MB / gpu - 
SLURM_GPU_INDEX:	
Running as omerpr from felner account with normal QOS
------------------------------------
Domain: Sliding Tile Puzzle
Starting Korf's Puzzle #82

[82] Running A*... done (5.07815s, 1899650n)
[82] Running Rev-A*... done (5.96297s, 2396335n)
[82] Running BAE*... done (2.00772s, 758189n)
[82] Running NBS... done (16.1896s, 4010530n)
[82] Running MM... done (13.4292s, 4429869n)
[82] Running IDA*... done (3.90908s, 16247142n)
[82] Running Rev-IDA*... done (2.53616s, 12568870n)
[82] Running Parallel IDA*...66 pieces of work generated
Starting iteration with bound 31.000000; 56 expanded, 176 generated
Starting iteration with bound 33.000000; 69 expanded, 216 generated
Starting iteration with bound 35.000000; 133 expanded, 408 generated
Starting iteration with bound 37.000000; 584 expanded, 1765 generated
Starting iteration with bound 39.000000; 3033 expanded, 9264 generated
Starting iteration with bound 41.000000; 15042 expanded, 45811 generated
Starting iteration with bound 43.000000; 75666 expanded, 231005 generated
Starting iteration with bound 45.000000; 377270 expanded, 1151701 generated
Starting iteration with bound 47.000000; 1862172 expanded, 5683084 generated
Starting iteration with bound 49.000000; 9131479 expanded, 27860973 generated
 done (4.84845s, 42437553n)
[82] BiHS-Bloom timeout limit: 323.792s
[82] IDTHSwTrans state bound baseline: 3487674
[82] Running BiHS-Bloom(50%, k1, dynamic, size=9579KiB, k=1, fp_est=0.0772339, limit=323.792s)...
Bloom filter size: 9579 KiB, k_hashes: 1, min_items: 1743803
 done (3.08604s, 54997390n)
[82] Running IDTHSwTrans(50%, states=1743837, limit=1800s)... done (6.57248s, 893257n)
[82] Running BiHS-Bloom(50%, optk, dynamic, size=9579KiB, k=9, fp_est=0.00254427, limit=323.792s)...
Bloom filter size: 9579 KiB, k_hashes: 9, min_items: 1743803
 done (3.06714s, 54997390n)
[82] Running IDTHSwTrans(50%, states=1743837, limit=1800s)... done (6.58197s, 893257n)
[82] Running BiHS-Bloom(50%, rootk, dynamic, size=9579KiB, k=3, fp_est=0.00983711, limit=323.792s)...
Bloom filter size: 9579 KiB, k_hashes: 3, min_items: 1743803
 done (3.0335s, 54997390n)
[82] Running IDTHSwTrans(50%, states=1743837, limit=1800s)... done (6.5754s, 893257n)
[82] Running BiHS-Bloom(10%, k1, dynamic, size=1916KiB, k=1, fp_est=0.330923, limit=323.792s)...
Bloom filter size: 1916 KiB, k_hashes: 1, min_items: 348797
 done (3.02874s, 54997390n)
[82] Running IDTHSwTrans(10%, states=348767, limit=1800s)... done (6.58879s, 893257n)
[82] Running BiHS-Bloom(10%, optk, dynamic, size=1916KiB, k=2, fp_est=0.305075, limit=323.792s)...
Bloom filter size: 1916 KiB, k_hashes: 2, min_items: 348797
 done (3.03138s, 54997390n)
[82] Running IDTHSwTrans(10%, states=348767, limit=1800s)... done (6.60111s, 893257n)
[82] Running BiHS-Bloom(10%, rootk, dynamic, size=1916KiB, k=1, fp_est=0.330923, limit=323.792s)...
Bloom filter size: 1916 KiB, k_hashes: 1, min_items: 348797
 done (3.04004s, 54997390n)
[82] Running IDTHSwTrans(10%, states=348767, limit=1800s)... done (6.59588s, 893257n)
[82] Running BiHS-Bloom(1%, k1, dynamic, size=192KiB, k=1, fp_est=0.98187, limit=323.792s)...
Bloom filter size: 192 KiB, k_hashes: 1, min_items: 34952
 done (3.02642s, 54997390n)
[82] Running IDTHSwTrans(1%, states=34876, limit=1800s)... done (3.19454s, 555575n)
[82] Running BiHS-Bloom(1%, optk, dynamic, size=192KiB, k=1, fp_est=0.98187, limit=323.792s)...
Bloom filter size: 192 KiB, k_hashes: 1, min_items: 34952
 done (3.0244s, 54997390n)
[82] Running IDTHSwTrans(1%, states=34876, limit=1800s)... done (3.19696s, 555575n)
[82] Running BiHS-Bloom(1%, rootk, dynamic, size=192KiB, k=1, fp_est=0.98187, limit=323.792s)...
Bloom filter size: 192 KiB, k_hashes: 1, min_items: 34952
 done (3.03293s, 54997390n)
[82] Running IDTHSwTrans(1%, states=34876, limit=1800s)... done (3.19734s, 555575n)
[82] Running BiHS-Bloom(0.1%, k1, dynamic, size=19KiB, k=1, fp_est=1, limit=323.792s)...
Bloom filter size: 19 KiB, k_hashes: 1, min_items: 3458
 done (3.24408s, 54997390n)
[82] Running IDTHSwTrans(0.1%, states=3487, limit=1800s)... done (2.91095s, 844937n)
[82] Running BiHS-Bloom(0.1%, optk, dynamic, size=19KiB, k=1, fp_est=1, limit=323.792s)...
Bloom filter size: 19 KiB, k_hashes: 1, min_items: 3458
 done (3.23018s, 54997390n)
[82] Running IDTHSwTrans(0.1%, states=3487, limit=1800s)... done (2.90286s, 844937n)
[82] Running BiHS-Bloom(0.1%, rootk, dynamic, size=19KiB, k=1, fp_est=1, limit=323.792s)...
Bloom filter size: 19 KiB, k_hashes: 1, min_items: 3458
 done (3.07626s, 54997390n)
[82] Running IDTHSwTrans(0.1%, states=3487, limit=1800s)... done (2.90169s, 844937n)
Puzzle #82 | A*: 5.07815s/1899650n | Rev-A*: 5.96297s/2396335n | BAE*: 2.00772s/758189n | NBS: 16.1896s/4010530n | MM: 13.4292s/4429869n | IDA*: 3.90908s/16247142n | Parallel IDA*: 4.84845s/42437553n | Rev-IDA*: 2.53616s/12568870n | BiHS-Bloom(50%,k1,dynamic): 3.08604s/54997390n | IDTHSwTrans(50%): 6.57248s/893257n | BiHS-Bloom(50%,optk,dynamic): 3.06714s/54997390n | IDTHSwTrans(50%): 6.58197s/893257n | BiHS-Bloom(50%,rootk,dynamic): 3.0335s/54997390n | IDTHSwTrans(50%): 6.5754s/893257n | BiHS-Bloom(10%,k1,dynamic): 3.02874s/54997390n | IDTHSwTrans(10%): 6.58879s/893257n | BiHS-Bloom(10%,optk,dynamic): 3.03138s/54997390n | IDTHSwTrans(10%): 6.60111s/893257n | BiHS-Bloom(10%,rootk,dynamic): 3.04004s/54997390n | IDTHSwTrans(10%): 6.59588s/893257n | BiHS-Bloom(1%,k1,dynamic): 3.02642s/54997390n | IDTHSwTrans(1%): 3.19454s/555575n | BiHS-Bloom(1%,optk,dynamic): 3.0244s/54997390n | IDTHSwTrans(1%): 3.19696s/555575n | BiHS-Bloom(1%,rootk,dynamic): 3.03293s/54997390n | IDTHSwTrans(1%): 3.19734s/555575n | BiHS-Bloom(0.1%,k1,dynamic): 3.24408s/54997390n | IDTHSwTrans(0.1%): 2.91095s/844937n | BiHS-Bloom(0.1%,optk,dynamic): 3.23018s/54997390n | IDTHSwTrans(0.1%): 2.90286s/844937n | BiHS-Bloom(0.1%,rootk,dynamic): 3.07626s/54997390n | IDTHSwTrans(0.1%): 2.90169s/844937n | Length: 49
Results written to results/stp_pancake/parts/benchmark_stp_82.csv
