------------------------------------
Sat 27 Jun 2026 21:22:19 IDT
SLURM_JOBID:		18471013
SLURM_JOB_NODELIST:	cs-cpu-06
SLURM_SCRATCH_DIR:	
Allocated Resouces:	cpu - 2 / mem - 65536 MB / gpu - 
SLURM_GPU_INDEX:	
Running as omerpr from felner account with normal QOS
------------------------------------
------------------------------------
Sat 27 Jun 2026 21:22:19 IDT
SLURM_JOBID:		18471013
SLURM_JOB_NODELIST:	cs-cpu-06
SLURM_SCRATCH_DIR:	
Allocated Resouces:	cpu - 2 / mem - 65536 MB / gpu - 
SLURM_GPU_INDEX:	
Running as omerpr from felner account with normal QOS
------------------------------------
Domain: Sliding Tile Puzzle
Starting Korf's Puzzle #98

[98] Running A*... done (19.0637s, 5332505n)
[98] Running Rev-A*... done (35.5171s, 9113983n)
[98] Skipping BAE*, NBS, IDA*, Rev-IDA*, and Parallel IDA*; use --full to run them
[98] Running MM... done (41.0896s, 8850407n)
[98] BiHS-Bloom timeout limit: 821.792s
[98] IDTHSwTrans state bound baseline: 9458347
[98] Running BiHS-Bloom(50%, optk, dynamic, size=25978KiB, k=23, fp_est=1.57148e-07, limit=821.792s)...
Bloom filter size: 25978 KiB, k_hashes: 23, min_items: 4729150
 done (42.027s, 502362682n)
[98] Running IDTHSwTrans(50%, states=4729173, limit=1800s)... done (49.3627s, 3209413n)
[98] Running BiHS-Bloom(10%, optk, dynamic, size=5196KiB, k=5, fp_est=0.0439939, limit=821.792s)...
Bloom filter size: 5196 KiB, k_hashes: 5, min_items: 945902
 done (35.2447s, 502362682n)
[98] Running IDTHSwTrans(10%, states=945834, limit=1800s)... done (50.3628s, 3209413n)
[98] Running BiHS-Bloom(1%, optk, dynamic, size=520KiB, k=1, fp_est=0.783892, limit=821.792s)...
Bloom filter size: 520 KiB, k_hashes: 1, min_items: 94663
[TYPE] Splitting depth 57 into 3 hash types (Ff=7669822, Fb=5977504, min_items=94663)
 done (92.9059s, 1007179406n)
[98] Running IDTHSwTrans(1%, states=94583, limit=1800s)... done (35.7675s, 3501823n)
[98] Running BiHS-Bloom(0.1%, optk, dynamic, size=52KiB, k=1, fp_est=1, limit=821.792s)...
Bloom filter size: 52 KiB, k_hashes: 1, min_items: 9466
[TYPE] Splitting depth 55 into 6 hash types (Ff=1118087, Fb=1661406, min_items=9466)
[TYPE] Splitting depth 57 into 8 hash types (Ff=7669822, Fb=14737143, min_items=9466)
 done (75.2495s, 880073555n)
[98] Running IDTHSwTrans(0.1%, states=9458, limit=1800s)... done (34.1368s, 5375018n)
Puzzle #98 | A*: 19.0637s/5332505n | Rev-A*: 35.5171s/9113983n | BAE*: -3s/0n | NBS: -3s/0n | MM: 41.0896s/8850407n | IDA*: -3s/0n | Parallel IDA*: -3s/0n | Rev-IDA*: -3s/0n | BiHS-Bloom(50%,optk,dynamic): 42.027s/502362682n | IDTHSwTrans(50%): 49.3627s/3209413n | BiHS-Bloom(10%,optk,dynamic): 35.2447s/502362682n | IDTHSwTrans(10%): 50.3628s/3209413n | BiHS-Bloom(1%,optk,dynamic): 92.9059s/1007179406n | IDTHSwTrans(1%): 35.7675s/3501823n | BiHS-Bloom(0.1%,optk,dynamic): 75.2495s/880073555n | IDTHSwTrans(0.1%): 34.1368s/5375018n | Length: 57
Results written to results/stp_pancake/parts/benchmark_stp_98.csv
