------------------------------------
Sat 27 Jun 2026 21:04:48 IDT
SLURM_JOBID:		18470152
SLURM_JOB_NODELIST:	ise-cpu-intl-24
SLURM_SCRATCH_DIR:	
Allocated Resouces:	cpu - 2 / mem - 65536 MB / gpu - 
SLURM_GPU_INDEX:	
Running as omerpr from felner account with normal QOS
------------------------------------
------------------------------------
Sat 27 Jun 2026 21:04:48 IDT
SLURM_JOBID:		18470152
SLURM_JOB_NODELIST:	ise-cpu-intl-24
SLURM_SCRATCH_DIR:	
Allocated Resouces:	cpu - 2 / mem - 65536 MB / gpu - 
SLURM_GPU_INDEX:	
Running as omerpr from felner account with normal QOS
------------------------------------
Domain: Sliding Tile Puzzle
Starting Korf's Puzzle #69

[69] Running A*... done (41.3156s, 8179224n)
[69] Running Rev-A*... done (28.0653s, 5206958n)
[69] Skipping BAE*, NBS, IDA*, Rev-IDA*, and Parallel IDA*; use --full to run them
[69] Running MM... done (37.3729s, 6960893n)
[69] BiHS-Bloom timeout limit: 826.313s
[69] IDTHSwTrans state bound baseline: 9409857
[69] Running BiHS-Bloom(50%, optk, dynamic, size=25845KiB, k=18, fp_est=4.71777e-06, limit=826.313s)...
Bloom filter size: 25845 KiB, k_hashes: 18, min_items: 4704938
 done (59.2999s, 586873666n)
[69] Running IDTHSwTrans(50%, states=4704928, limit=1800s)... done (39.7583s, 1644641n)
[69] Running BiHS-Bloom(10%, optk, dynamic, size=5169KiB, k=4, fp_est=0.0870425, limit=826.313s)...
Bloom filter size: 5169 KiB, k_hashes: 4, min_items: 940987
 done (58.8662s, 586873666n)
[69] Running IDTHSwTrans(10%, states=940985, limit=1800s)... done (39.6162s, 1644641n)
[69] Running BiHS-Bloom(1%, optk, dynamic, size=517KiB, k=1, fp_est=0.858889, limit=826.313s)...
Bloom filter size: 517 KiB, k_hashes: 1, min_items: 94116
 done (50.0566s, 587470361n)
[69] Running IDTHSwTrans(1%, states=94098, limit=1800s)... done (24.122s, 1194210n)
[69] Running BiHS-Bloom(0.1%, optk, dynamic, size=52KiB, k=1, fp_est=1, limit=826.313s)...
Bloom filter size: 52 KiB, k_hashes: 1, min_items: 9466
[TYPE] Splitting depth 52 into 2 hash types (Ff=148377, Fb=908220, min_items=9466)
 done (55.2369s, 587745434n)
[69] Running IDTHSwTrans(0.1%, states=9409, limit=1800s)... done (28.7671s, 2786684n)
Puzzle #69 | A*: 41.3156s/8179224n | Rev-A*: 28.0653s/5206958n | BAE*: -3s/0n | NBS: -3s/0n | MM: 37.3729s/6960893n | IDA*: -3s/0n | Parallel IDA*: -3s/0n | Rev-IDA*: -3s/0n | BiHS-Bloom(50%,optk,dynamic): 59.2999s/586873666n | IDTHSwTrans(50%): 39.7583s/1644641n | BiHS-Bloom(10%,optk,dynamic): 58.8662s/586873666n | IDTHSwTrans(10%): 39.6162s/1644641n | BiHS-Bloom(1%,optk,dynamic): 50.0566s/587470361n | IDTHSwTrans(1%): 24.122s/1194210n | BiHS-Bloom(0.1%,optk,dynamic): 55.2369s/587745434n | IDTHSwTrans(0.1%): 28.7671s/2786684n | Length: 52
Results written to results/stp_pancake/parts/benchmark_stp_69.csv
