------------------------------------
Sat 27 Jun 2026 20:40:53 IDT
SLURM_JOBID:		18468995
SLURM_JOB_NODELIST:	ise-cpu128-11
SLURM_SCRATCH_DIR:	/scratch/omerpr/18468995
Allocated Resouces:	cpu - 2 / mem - 65536 MB / gpu - 
SLURM_GPU_INDEX:	
Running as omerpr from felner account with normal QOS
------------------------------------
------------------------------------
Sat 27 Jun 2026 20:40:54 IDT
SLURM_JOBID:		18468995
SLURM_JOB_NODELIST:	ise-cpu128-11
SLURM_SCRATCH_DIR:	/scratch/omerpr/18468995
Allocated Resouces:	cpu - 2 / mem - 65536 MB / gpu - 
SLURM_GPU_INDEX:	
Running as omerpr from felner account with normal QOS
------------------------------------
Domain: Sliding Tile Puzzle
Starting Korf's Puzzle #43

[43] Running A*... done (10.1824s, 2727229n)
[43] Running Rev-A*... done (9.79157s, 2563423n)
[43] Skipping BAE*, NBS, IDA*, Rev-IDA*, and Parallel IDA*; use --full to run them
[43] Running MM... done (12.5047s, 3050061n)
[43] BiHS-Bloom timeout limit: 250.093s
[43] IDTHSwTrans state bound baseline: 4669365
[43] Running BiHS-Bloom(50%, optk, dynamic, size=12825KiB, k=22, fp_est=1.72166e-07, limit=250.093s)...
Bloom filter size: 12825 KiB, k_hashes: 22, min_items: 2334720
 done (14.1772s, 242405450n)
[43] Running IDTHSwTrans(50%, states=2334682, limit=1800s)... done (27.3321s, 1476619n)
[43] Running BiHS-Bloom(10%, optk, dynamic, size=2565KiB, k=4, fp_est=0.0449199, limit=250.093s)...
Bloom filter size: 2565 KiB, k_hashes: 4, min_items: 466944
 done (13.6321s, 242405450n)
[43] Running IDTHSwTrans(10%, states=466936, limit=1800s)... done (27.2717s, 1476619n)
[43] Running BiHS-Bloom(1%, optk, dynamic, size=256KiB, k=1, fp_est=0.786732, limit=250.093s)...
Bloom filter size: 256 KiB, k_hashes: 1, min_items: 46603
 done (16.2968s, 243268653n)
[43] Running IDTHSwTrans(1%, states=46693, limit=1800s)... done (19.9182s, 2190771n)
[43] Running BiHS-Bloom(0.1%, optk, dynamic, size=26KiB, k=1, fp_est=1, limit=250.093s)...
Bloom filter size: 26 KiB, k_hashes: 1, min_items: 4733
[TYPE] Splitting depth 50 into 4 hash types (Ff=187478, Fb=1007616, min_items=4733)
 done (16.8683s, 243642710n)
[43] Running IDTHSwTrans(0.1%, states=4669, limit=1800s)... done (19.2428s, 4923996n)
Puzzle #43 | A*: 10.1824s/2727229n | Rev-A*: 9.79157s/2563423n | BAE*: -3s/0n | NBS: -3s/0n | MM: 12.5047s/3050061n | IDA*: -3s/0n | Parallel IDA*: -3s/0n | Rev-IDA*: -3s/0n | BiHS-Bloom(50%,optk,dynamic): 14.1772s/242405450n | IDTHSwTrans(50%): 27.3321s/1476619n | BiHS-Bloom(10%,optk,dynamic): 13.6321s/242405450n | IDTHSwTrans(10%): 27.2717s/1476619n | BiHS-Bloom(1%,optk,dynamic): 16.2968s/243268653n | IDTHSwTrans(1%): 19.9182s/2190771n | BiHS-Bloom(0.1%,optk,dynamic): 16.8683s/243642710n | IDTHSwTrans(0.1%): 19.2428s/4923996n | Length: 50
Results written to results/stp_pancake/parts/benchmark_stp_43.csv
