------------------------------------
Sat 27 Jun 2026 22:00:23 IDT
SLURM_JOBID:		18472907
SLURM_JOB_NODELIST:	ise-cpu-intl-24
SLURM_SCRATCH_DIR:	
Allocated Resouces:	cpu - 2 / mem - 65536 MB / gpu - 
SLURM_GPU_INDEX:	
Running as omerpr from felner account with normal QOS
------------------------------------
------------------------------------
Sat 27 Jun 2026 22:00:24 IDT
SLURM_JOBID:		18472907
SLURM_JOB_NODELIST:	ise-cpu-intl-24
SLURM_SCRATCH_DIR:	
Allocated Resouces:	cpu - 2 / mem - 65536 MB / gpu - 
SLURM_GPU_INDEX:	
Running as omerpr from felner account with normal QOS
------------------------------------
Domain: Pancake Puzzle
[96] Running Pancake A*... done (2.18159s, 45464n)
[96] Running Pancake Rev-A*... done (2.02841s, 45464n)
[96] Skipping BAE*, NBS, IDA*, Rev-IDA*, and Parallel IDA*; use --full to run them
[96] Running Pancake MM... done (2.73369s, 79301n)
[96] Pancake BiHS-Bloom timeout limit: 120s
[96] Pancake IDTHSwTrans state bound baseline: 743913
[96] Running Pancake BiHS-Bloom(50%, optk, dynamic, size=2815KiB, k=24, fp_est=5.59933e-08, limit=120s)...Bloom filter size: 2815 KiB, k_hashes: 24, min_items: 371943
 done (9.11343s, 42677130n)
[96] Running Pancake IDTHSwTrans(50%, states=371956, limit=1800s)... done (1.46239s, 79862n)
[96] Running Pancake BiHS-Bloom(10%, optk, dynamic, size=563KiB, k=5, fp_est=0.0355009, limit=120s)...Bloom filter size: 563 KiB, k_hashes: 5, min_items: 74388
 done (8.96524s, 42677130n)
[96] Running Pancake IDTHSwTrans(10%, states=74391, limit=1800s)... done (1.64293s, 57186n)
[96] Running Pancake BiHS-Bloom(1%, optk, dynamic, size=56KiB, k=1, fp_est=0.764573, limit=120s)...Bloom filter size: 56 KiB, k_hashes: 1, min_items: 7399
 done (11.1325s, 58218945n)
[96] Running Pancake IDTHSwTrans(1%, states=7439, limit=1800s)... done (1.43226s, 55960n)
[96] Running Pancake BiHS-Bloom(0.1%, optk, dynamic, size=6KiB, k=1, fp_est=0.999999, limit=120s)...Bloom filter size: 6 KiB, k_hashes: 1, min_items: 792
[TYPE] Splitting depth 15 into 8 hash types (Ff=218064, Fb=135542, min_items=792)
 done (11.129s, 58218945n)
[96] Running Pancake IDTHSwTrans(0.1%, states=743, limit=1800s)... done (1.46364s, 68036n)
Pancake #96 | A*: 2.18159s/45464n | Rev-A*: 2.02841s/45464n | BAE*: -3s/0n | NBS: -3s/0n | MM: 2.73369s/79301n | IDA*: -3s/0n | Parallel IDA*: -3s/0n | Rev-IDA*: -3s/0n | BiHS-Bloom(50%,optk,dynamic): 9.11343s/42677130n | IDTHSwTrans(50%): 1.46239s/79862n | BiHS-Bloom(10%,optk,dynamic): 8.96524s/42677130n | IDTHSwTrans(10%): 1.64293s/57186n | BiHS-Bloom(1%,optk,dynamic): 11.1325s/58218945n | IDTHSwTrans(1%): 1.43226s/55960n | BiHS-Bloom(0.1%,optk,dynamic): 11.129s/58218945n | IDTHSwTrans(0.1%): 1.46364s/68036n | Length: 15
Results written to results/stp_pancake/parts/benchmark_pancake_96.csv
