------------------------------------
Sat 27 Jun 2026 20:23:23 IDT
SLURM_JOBID:		18468378
SLURM_JOB_NODELIST:	ise-cpu128-13
SLURM_SCRATCH_DIR:	/scratch/omerpr/18468378
Allocated Resouces:	cpu - 2 / mem - 65536 MB / gpu - 
SLURM_GPU_INDEX:	
Running as omerpr from felner account with normal QOS
------------------------------------
------------------------------------
Sat 27 Jun 2026 20:23:23 IDT
SLURM_JOBID:		18468378
SLURM_JOB_NODELIST:	ise-cpu128-13
SLURM_SCRATCH_DIR:	/scratch/omerpr/18468378
Allocated Resouces:	cpu - 2 / mem - 65536 MB / gpu - 
SLURM_GPU_INDEX:	
Running as omerpr from felner account with normal QOS
------------------------------------
Domain: Sliding Tile Puzzle
Starting Korf's Puzzle #4

[4] Running A*... done (7.69548s, 2026145n)
[4] Running Rev-A*... done (6.93886s, 2031500n)
[4] Skipping BAE*, NBS, IDA*, Rev-IDA*, and Parallel IDA*; use --full to run them
[4] Running MM... done (10.4952s, 2633273n)
[4] BiHS-Bloom timeout limit: 209.904s
[4] IDTHSwTrans state bound baseline: 3680765
[4] Running BiHS-Bloom(50%, optk, dynamic, size=10110KiB, k=24, fp_est=6.83593e-08, limit=209.904s)...
Bloom filter size: 10110 KiB, k_hashes: 24, min_items: 1840469
 done (7.18908s, 125173080n)
[4] Running IDTHSwTrans(50%, states=1840382, limit=1800s)... done (12.7582s, 2779857n)
[4] Running BiHS-Bloom(10%, optk, dynamic, size=2022KiB, k=5, fp_est=0.0369832, limit=209.904s)...
Bloom filter size: 2022 KiB, k_hashes: 5, min_items: 368093
 done (6.42907s, 125173080n)
[4] Running IDTHSwTrans(10%, states=368076, limit=1800s)... done (5.07508s, 1915105n)
[4] Running BiHS-Bloom(1%, optk, dynamic, size=202KiB, k=1, fp_est=0.767174, limit=209.904s)...
Bloom filter size: 202 KiB, k_hashes: 1, min_items: 36772
[TYPE] Splitting depth 56 into 2 hash types (Ff=2146844, Fb=836113, min_items=36772)
 done (10.517s, 173995429n)
[4] Running IDTHSwTrans(1%, states=36807, limit=1800s)... done (3.36054s, 1616306n)
[4] Running BiHS-Bloom(0.1%, optk, dynamic, size=20KiB, k=1, fp_est=1, limit=209.904s)...
Bloom filter size: 20 KiB, k_hashes: 1, min_items: 3640
[TYPE] Splitting depth 54 into 3 hash types (Ff=287032, Fb=177940, min_items=3640)
[TYPE] Splitting depth 56 into 8 hash types (Ff=2146844, Fb=2125306, min_items=3640)
 done (12.8007s, 207353260n)
[4] Running IDTHSwTrans(0.1%, states=3680, limit=1800s)... done (3.25482s, 1764720n)
Puzzle #4 | A*: 7.69548s/2026145n | Rev-A*: 6.93886s/2031500n | BAE*: -3s/0n | NBS: -3s/0n | MM: 10.4952s/2633273n | IDA*: -3s/0n | Parallel IDA*: -3s/0n | Rev-IDA*: -3s/0n | BiHS-Bloom(50%,optk,dynamic): 7.18908s/125173080n | IDTHSwTrans(50%): 12.7582s/2779857n | BiHS-Bloom(10%,optk,dynamic): 6.42907s/125173080n | IDTHSwTrans(10%): 5.07508s/1915105n | BiHS-Bloom(1%,optk,dynamic): 10.517s/173995429n | IDTHSwTrans(1%): 3.36054s/1616306n | BiHS-Bloom(0.1%,optk,dynamic): 12.8007s/207353260n | IDTHSwTrans(0.1%): 3.25482s/1764720n | Length: 56
Results written to results/stp_pancake/parts/benchmark_stp_4.csv
