------------------------------------
Sat 27 Jun 2026 20:23:54 IDT
SLURM_JOBID:		18468391
SLURM_JOB_NODELIST:	cs-cpu-06
SLURM_SCRATCH_DIR:	
Allocated Resouces:	cpu - 2 / mem - 65536 MB / gpu - 
SLURM_GPU_INDEX:	
Running as omerpr from felner account with normal QOS
------------------------------------
------------------------------------
Sat 27 Jun 2026 20:23:54 IDT
SLURM_JOBID:		18468391
SLURM_JOB_NODELIST:	cs-cpu-06
SLURM_SCRATCH_DIR:	
Allocated Resouces:	cpu - 2 / mem - 65536 MB / gpu - 
SLURM_GPU_INDEX:	
Running as omerpr from felner account with normal QOS
------------------------------------
Domain: Sliding Tile Puzzle
Starting Korf's Puzzle #11

[11] Running A*... done (0.160509s, 32376n)
[11] Running Rev-A*... done (0.151146s, 34350n)
[11] Skipping BAE*, NBS, IDA*, Rev-IDA*, and Parallel IDA*; use --full to run them
[11] Running MM... done (0.192073s, 52892n)
[11] BiHS-Bloom timeout limit: 120s
[11] IDTHSwTrans state bound baseline: 62488
[11] Running BiHS-Bloom(50%, optk, dynamic, size=172KiB, k=16, fp_est=1.0956e-05, limit=120s)...
Bloom filter size: 172 KiB, k_hashes: 16, min_items: 31311
 done (0.22261s, 1839428n)
[11] Running IDTHSwTrans(50%, states=31244, limit=1800s)... done (0.0823386s, 98917n)
[11] Running BiHS-Bloom(10%, optk, dynamic, size=34KiB, k=3, fp_est=0.105003, limit=120s)...
Bloom filter size: 34 KiB, k_hashes: 3, min_items: 6189
 done (0.152404s, 1839428n)
[11] Running IDTHSwTrans(10%, states=6248, limit=1800s)... done (0.0352361s, 48568n)
[11] Running BiHS-Bloom(1%, optk, dynamic, size=3KiB, k=1, fp_est=0.910283, limit=120s)...
Bloom filter size: 3 KiB, k_hashes: 1, min_items: 546
[TYPE] Splitting depth 45 into 2 hash types (Ff=21558, Fb=9472, min_items=546)
 done (0.160813s, 2113853n)
[11] Running IDTHSwTrans(1%, states=624, limit=1800s)... done (0.0264902s, 36329n)
[11] Running BiHS-Bloom(0.1%, optk, dynamic, size=1KiB, k=1, fp_est=0.999278, limit=120s)...
Bloom filter size: 1 KiB, k_hashes: 1, min_items: 182
[TYPE] Splitting depth 45 into 5 hash types (Ff=21558, Fb=17385, min_items=182)
 done (0.32065s, 2944391n)
[11] Running IDTHSwTrans(0.1%, states=62, limit=1800s)... done (0.0239963s, 38285n)
Puzzle #11 | A*: 0.160509s/32376n | Rev-A*: 0.151146s/34350n | BAE*: -3s/0n | NBS: -3s/0n | MM: 0.192073s/52892n | IDA*: -3s/0n | Parallel IDA*: -3s/0n | Rev-IDA*: -3s/0n | BiHS-Bloom(50%,optk,dynamic): 0.22261s/1839428n | IDTHSwTrans(50%): 0.0823386s/98917n | BiHS-Bloom(10%,optk,dynamic): 0.152404s/1839428n | IDTHSwTrans(10%): 0.0352361s/48568n | BiHS-Bloom(1%,optk,dynamic): 0.160813s/2113853n | IDTHSwTrans(1%): 0.0264902s/36329n | BiHS-Bloom(0.1%,optk,dynamic): 0.32065s/2944391n | IDTHSwTrans(0.1%): 0.0239963s/38285n | Length: 45
Results written to results/stp_pancake/parts/benchmark_stp_11.csv
