------------------------------------
Sun 28 Jun 2026 02:30:59 IDT
SLURM_JOBID:		18485807
SLURM_JOB_NODELIST:	ise-cpu-intl-27
SLURM_SCRATCH_DIR:	
Allocated Resouces:	cpu - 2 / mem - 65536 MB / gpu - 
SLURM_GPU_INDEX:	
Running as omerpr from felner account with normal QOS
------------------------------------
------------------------------------
Sun 28 Jun 2026 02:30:59 IDT
SLURM_JOBID:		18485807
SLURM_JOB_NODELIST:	ise-cpu-intl-27
SLURM_SCRATCH_DIR:	
Allocated Resouces:	cpu - 2 / mem - 65536 MB / gpu - 
SLURM_GPU_INDEX:	
Running as omerpr from felner account with normal QOS
------------------------------------
Domain: Pancake Puzzle
[32] Running Pancake A*... done (0.440686s, 10676n)
[32] Running Pancake Rev-A*... done (0.364465s, 9815n)
[32] Running Pancake BAE*... done (0.322968s, 15322n)
[32] Running Pancake NBS... done (0.991035s, 18672n)
[32] Running Pancake MM... done (0.566135s, 18167n)
[32] Running Pancake IDA*... done (0.0620937s, 24669n)
[32] Running Pancake Rev-IDA*... done (0.0742161s, 28627n)
[32] Running Pancake Parallel IDA*...1994544 pieces of work generated
Starting iteration with bound 11.000000; 117326 expanded, 2229194 generated
Starting iteration with bound 12.000000; 117326 expanded, 2229194 generated
Starting iteration with bound 13.000000; 117332 expanded, 2229308 generated
Starting iteration with bound 14.000000; 117666 expanded, 2235654 generated
Starting iteration with bound 15.000000; 128550 expanded, 2442450 generated
 done (6.32096s, 180888n)
[32] Pancake BiHS-Bloom timeout limit: 126.419s
[32] Pancake IDTHSwTrans state bound baseline: 166307
[32] Running Pancake BiHS-Bloom(50%, optk, dynamic, size=629KiB, k=22, fp_est=2.04321e-07, limit=126.419s)...Bloom filter size: 629 KiB, k_hashes: 22, min_items: 83109
 done (1.63857s, 9886164n)
[32] Running Pancake IDTHSwTrans(50%, states=83153, limit=1800s)... done (0.240296s, 30275n)
[32] Running Pancake BiHS-Bloom(10%, optk, dynamic, size=126KiB, k=4, fp_est=0.0461789, limit=126.419s)...Bloom filter size: 126 KiB, k_hashes: 4, min_items: 16648
 done (1.60114s, 9886164n)
[32] Running Pancake IDTHSwTrans(10%, states=16630, limit=1800s)... done (0.146728s, 15421n)
[32] Running Pancake BiHS-Bloom(1%, optk, dynamic, size=13KiB, k=1, fp_est=0.778895, limit=126.419s)...Bloom filter size: 13 KiB, k_hashes: 1, min_items: 1717
 done (1.61401s, 12225735n)
[32] Running Pancake IDTHSwTrans(1%, states=1663, limit=1800s)... done (0.0840566s, 8063n)
[32] Running Pancake BiHS-Bloom(0.1%, optk, dynamic, size=1KiB, k=1, fp_est=1, limit=126.419s)...Bloom filter size: 1 KiB, k_hashes: 1, min_items: 132
[TYPE] Splitting depth 15 into 8 hash types (Ff=57330, Fb=20316, min_items=132)
 done (1.70382s, 12540774n)
[32] Running Pancake IDTHSwTrans(0.1%, states=166, limit=1800s)... done (0.122254s, 11081n)
Pancake #32 | A*: 0.440686s/10676n | Rev-A*: 0.364465s/9815n | BAE*: 0.322968s/15322n | NBS: 0.991035s/18672n | MM: 0.566135s/18167n | IDA*: 0.0620937s/24669n | Parallel IDA*: 6.32096s/180888n | Rev-IDA*: 0.0742161s/28627n | BiHS-Bloom(50%,optk,dynamic): 1.63857s/9886164n | IDTHSwTrans(50%): 0.240296s/30275n | BiHS-Bloom(10%,optk,dynamic): 1.60114s/9886164n | IDTHSwTrans(10%): 0.146728s/15421n | BiHS-Bloom(1%,optk,dynamic): 1.61401s/12225735n | IDTHSwTrans(1%): 0.0840566s/8063n | BiHS-Bloom(0.1%,optk,dynamic): 1.70382s/12540774n | IDTHSwTrans(0.1%): 0.122254s/11081n | Length: 15
Results written to results/stp_pancake/parts/benchmark_pancake_32.csv
