------------------------------------
Sun 28 Jun 2026 02:22:18 IDT
SLURM_JOBID:		18485502
SLURM_JOB_NODELIST:	ise-cpu-intl-25
SLURM_SCRATCH_DIR:	
Allocated Resouces:	cpu - 2 / mem - 65536 MB / gpu - 
SLURM_GPU_INDEX:	
Running as omerpr from felner account with normal QOS
------------------------------------
------------------------------------
Sun 28 Jun 2026 02:22:18 IDT
SLURM_JOBID:		18485502
SLURM_JOB_NODELIST:	ise-cpu-intl-25
SLURM_SCRATCH_DIR:	
Allocated Resouces:	cpu - 2 / mem - 65536 MB / gpu - 
SLURM_GPU_INDEX:	
Running as omerpr from felner account with normal QOS
------------------------------------
Domain: Pancake Puzzle
[8] Running Pancake A*... done (4.35256s, 113610n)
[8] Running Pancake Rev-A*... done (5.19251s, 145976n)
[8] Running Pancake BAE*... done (3.46291s, 163927n)
[8] Running Pancake NBS... done (12.1093s, 223174n)
[8] Running Pancake MM... done (8.54652s, 270050n)
[8] Running Pancake IDA*... done (0.492103s, 205408n)
[8] Running Pancake Rev-IDA*... done (0.905363s, 403517n)
[8] Running Pancake Parallel IDA*...1994544 pieces of work generated
Starting iteration with bound 12.000000; 117326 expanded, 2229194 generated
Starting iteration with bound 13.000000; 117326 expanded, 2229194 generated
Starting iteration with bound 14.000000; 117326 expanded, 2229194 generated
Starting iteration with bound 15.000000; 117362 expanded, 2229878 generated
Starting iteration with bound 16.000000; 120890 expanded, 2296910 generated
Starting iteration with bound 17.000000; 241392 expanded, 4586448 generated
 done (7.81638s, 637206n)
[8] Pancake BiHS-Bloom timeout limit: 242.186s
[8] Pancake IDTHSwTrans state bound baseline: 1850552
[8] Running Pancake BiHS-Bloom(50%, optk, dynamic, size=7003KiB, k=18, fp_est=3.54974e-06, limit=242.186s)...Bloom filter size: 7003 KiB, k_hashes: 18, min_items: 925299
 done (22.1853s, 168630183n)
[8] Running Pancake IDTHSwTrans(50%, states=925276, limit=1800s)... done (2.39534s, 450569n)
[8] Running Pancake BiHS-Bloom(10%, optk, dynamic, size=1401KiB, k=4, fp_est=0.0818681, limit=242.186s)...Bloom filter size: 1401 KiB, k_hashes: 4, min_items: 185112
 done (22.0422s, 168630183n)
[8] Running Pancake IDTHSwTrans(10%, states=185055, limit=1800s)... done (1.32955s, 188435n)
[8] Running Pancake BiHS-Bloom(1%, optk, dynamic, size=140KiB, k=1, fp_est=0.852682, limit=242.186s)...Bloom filter size: 140 KiB, k_hashes: 1, min_items: 18498
 done (31.6637s, 247780470n)
[8] Running Pancake IDTHSwTrans(1%, states=18505, limit=1800s)... done (0.759546s, 89880n)
[8] Running Pancake BiHS-Bloom(0.1%, optk, dynamic, size=14KiB, k=1, fp_est=1, limit=242.186s)...Bloom filter size: 14 KiB, k_hashes: 1, min_items: 1849
[TYPE] Splitting depth 17 into 8 hash types (Ff=309097, Fb=452226, min_items=1849)
 done (94.9434s, 485231331n)
[8] Running Pancake IDTHSwTrans(0.1%, states=1850, limit=1800s)... done (0.941154s, 94646n)
Pancake #8 | A*: 4.35256s/113610n | Rev-A*: 5.19251s/145976n | BAE*: 3.46291s/163927n | NBS: 12.1093s/223174n | MM: 8.54652s/270050n | IDA*: 0.492103s/205408n | Parallel IDA*: 7.81638s/637206n | Rev-IDA*: 0.905363s/403517n | BiHS-Bloom(50%,optk,dynamic): 22.1853s/168630183n | IDTHSwTrans(50%): 2.39534s/450569n | BiHS-Bloom(10%,optk,dynamic): 22.0422s/168630183n | IDTHSwTrans(10%): 1.32955s/188435n | BiHS-Bloom(1%,optk,dynamic): 31.6637s/247780470n | IDTHSwTrans(1%): 0.759546s/89880n | BiHS-Bloom(0.1%,optk,dynamic): 94.9434s/485231331n | IDTHSwTrans(0.1%): 0.941154s/94646n | Length: 17
Results written to results/stp_pancake/parts/benchmark_pancake_8.csv
