------------------------------------
Mon 29 Jun 2026 03:30:18 IDT
SLURM_JOBID:		18549141
SLURM_JOB_NODELIST:	cs-cpu-09
SLURM_SCRATCH_DIR:	/scratch/omerpr/18549141
Allocated Resouces:	cpu - 2 / mem - 102400 MB / gpu - 
SLURM_GPU_INDEX:	
Running as omerpr from felner account with normal QOS
------------------------------------
------------------------------------
Mon 29 Jun 2026 03:30:18 IDT
SLURM_JOBID:		18549141
SLURM_JOB_NODELIST:	cs-cpu-09
SLURM_SCRATCH_DIR:	/scratch/omerpr/18549141
Allocated Resouces:	cpu - 2 / mem - 102400 MB / gpu - 
SLURM_GPU_INDEX:	
Running as omerpr from felner account with normal QOS
------------------------------------
Domain: Pancake Puzzle
[96] Running Pancake A*... done (1.37626s, 45464n)
[96] Running Pancake Rev-A*... done (1.25463s, 45464n)
[96] Running Pancake BAE*... done (0.953667s, 64631n)
[96] Running Pancake NBS... done (28.2062s, 620058n)
[96] Running Pancake MM... done (1.84008s, 79301n)
[96] Running Pancake IDA*... done (0.586632s, 304908n)
[96] Running Pancake Rev-IDA*... done (0.590854s, 304908n)
[96] Running Pancake Parallel IDA*...1994544 pieces of work generated
Starting iteration with bound 10.000000; 117326 expanded, 2229194 generated
Starting iteration with bound 11.000000; 117326 expanded, 2229194 generated
Starting iteration with bound 12.000000; 117326 expanded, 2229194 generated
Starting iteration with bound 13.000000; 117347 expanded, 2229593 generated
Starting iteration with bound 14.000000; 118867 expanded, 2258473 generated
Starting iteration with bound 15.000000; 164910 expanded, 3133290 generated
 done (5.64814s, 518075n)
[96] Pancake BiHS-Bloom timeout limit: 564.125s
[96] Pancake IDTHSwTrans state bound baseline: 743913
[96] Running Pancake BiHS-Bloom(50%, k1, dynamic, size=2815KiB, k=1, fp_est=0.0283629, limit=564.125s)...Bloom filter size: 2815 KiB, k_hashes: 1, min_items: 371943
 done (5.70426s, 42677130n)
[96] Running Pancake IDTHSwTrans(50%, states=371956, limit=1800s)... done (0.767597s, 79862n)
[96] Running Pancake BiHS-Bloom(50%, optk, dynamic, size=2815KiB, k=24, fp_est=5.59933e-08, limit=564.125s)...Bloom filter size: 2815 KiB, k_hashes: 24, min_items: 371943
 done (5.5223s, 42677130n)
[96] Running Pancake IDTHSwTrans(50%, states=371956, limit=1800s)... done (0.762453s, 79862n)
[96] Running Pancake BiHS-Bloom(50%, rootk, dynamic, size=2815KiB, k=5, fp_est=4.31958e-05, limit=564.125s)...Bloom filter size: 2815 KiB, k_hashes: 5, min_items: 371943
 done (5.47332s, 42677130n)
[96] Running Pancake IDTHSwTrans(50%, states=371956, limit=1800s)... done (0.765285s, 79862n)
[96] Running Pancake BiHS-Bloom(10%, k1, dynamic, size=563KiB, k=1, fp_est=0.133995, limit=564.125s)...Bloom filter size: 563 KiB, k_hashes: 1, min_items: 74388
 done (5.68928s, 42677130n)
[96] Running Pancake IDTHSwTrans(10%, states=74391, limit=1800s)... done (0.84326s, 57186n)
[96] Running Pancake BiHS-Bloom(10%, optk, dynamic, size=563KiB, k=5, fp_est=0.0355009, limit=564.125s)...Bloom filter size: 563 KiB, k_hashes: 5, min_items: 74388
 done (5.44409s, 42677130n)
[96] Running Pancake IDTHSwTrans(10%, states=74391, limit=1800s)... done (0.845915s, 57186n)
[96] Running Pancake BiHS-Bloom(10%, rootk, dynamic, size=563KiB, k=2, fp_est=0.0625176, limit=564.125s)...Bloom filter size: 563 KiB, k_hashes: 2, min_items: 74388
 done (5.43583s, 42677130n)
[96] Running Pancake IDTHSwTrans(10%, states=74391, limit=1800s)... done (0.845751s, 57186n)
[96] Running Pancake BiHS-Bloom(1%, k1, dynamic, size=56KiB, k=1, fp_est=0.764573, limit=564.125s)...Bloom filter size: 56 KiB, k_hashes: 1, min_items: 7399
 done (6.7034s, 58218945n)
[96] Running Pancake IDTHSwTrans(1%, states=7439, limit=1800s)... done (0.73553s, 55960n)
[96] Running Pancake BiHS-Bloom(1%, optk, dynamic, size=56KiB, k=1, fp_est=0.764573, limit=564.125s)...Bloom filter size: 56 KiB, k_hashes: 1, min_items: 7399
 done (6.70292s, 58218945n)
[96] Running Pancake IDTHSwTrans(1%, states=7439, limit=1800s)... done (0.735997s, 55960n)
[96] Running Pancake BiHS-Bloom(1%, rootk, dynamic, size=56KiB, k=1, fp_est=0.764573, limit=564.125s)...Bloom filter size: 56 KiB, k_hashes: 1, min_items: 7399
 done (6.70476s, 58218945n)
[96] Running Pancake IDTHSwTrans(1%, states=7439, limit=1800s)... done (0.735296s, 55960n)
[96] Running Pancake BiHS-Bloom(0.1%, k1, dynamic, size=6KiB, k=1, fp_est=0.999999, limit=564.125s)...Bloom filter size: 6 KiB, k_hashes: 1, min_items: 792
[TYPE] Splitting depth 15 into 8 hash types (Ff=218064, Fb=136648, min_items=792)
 done (6.7265s, 58218945n)
[96] Running Pancake IDTHSwTrans(0.1%, states=743, limit=1800s)... done (0.773413s, 68036n)
[96] Running Pancake BiHS-Bloom(0.1%, optk, dynamic, size=6KiB, k=1, fp_est=0.999999, limit=564.125s)...Bloom filter size: 6 KiB, k_hashes: 1, min_items: 792
[TYPE] Splitting depth 15 into 8 hash types (Ff=218064, Fb=136208, min_items=792)
 done (6.8592s, 59946732n)
[96] Running Pancake IDTHSwTrans(0.1%, states=743, limit=1800s)... done (0.7742s, 68036n)
[96] Running Pancake BiHS-Bloom(0.1%, rootk, dynamic, size=6KiB, k=1, fp_est=0.999999, limit=564.125s)...Bloom filter size: 6 KiB, k_hashes: 1, min_items: 792
[TYPE] Splitting depth 15 into 8 hash types (Ff=218064, Fb=136196, min_items=792)
 done (6.87772s, 59946732n)
[96] Running Pancake IDTHSwTrans(0.1%, states=743, limit=1800s)... done (0.772419s, 68036n)
Pancake #96 | A*: 1.37626s/45464n | Rev-A*: 1.25463s/45464n | BAE*: 0.953667s/64631n | NBS: 28.2062s/620058n | MM: 1.84008s/79301n | IDA*: 0.586632s/304908n | Parallel IDA*: 5.64814s/518075n | Rev-IDA*: 0.590854s/304908n | BiHS-Bloom(50%,k1,dynamic): 5.70426s/42677130n | IDTHSwTrans(50%): 0.767597s/79862n | BiHS-Bloom(50%,optk,dynamic): 5.5223s/42677130n | IDTHSwTrans(50%): 0.762453s/79862n | BiHS-Bloom(50%,rootk,dynamic): 5.47332s/42677130n | IDTHSwTrans(50%): 0.765285s/79862n | BiHS-Bloom(10%,k1,dynamic): 5.68928s/42677130n | IDTHSwTrans(10%): 0.84326s/57186n | BiHS-Bloom(10%,optk,dynamic): 5.44409s/42677130n | IDTHSwTrans(10%): 0.845915s/57186n | BiHS-Bloom(10%,rootk,dynamic): 5.43583s/42677130n | IDTHSwTrans(10%): 0.845751s/57186n | BiHS-Bloom(1%,k1,dynamic): 6.7034s/58218945n | IDTHSwTrans(1%): 0.73553s/55960n | BiHS-Bloom(1%,optk,dynamic): 6.70292s/58218945n | IDTHSwTrans(1%): 0.735997s/55960n | BiHS-Bloom(1%,rootk,dynamic): 6.70476s/58218945n | IDTHSwTrans(1%): 0.735296s/55960n | BiHS-Bloom(0.1%,k1,dynamic): 6.7265s/58218945n | IDTHSwTrans(0.1%): 0.773413s/68036n | BiHS-Bloom(0.1%,optk,dynamic): 6.8592s/59946732n | IDTHSwTrans(0.1%): 0.7742s/68036n | BiHS-Bloom(0.1%,rootk,dynamic): 6.87772s/59946732n | IDTHSwTrans(0.1%): 0.772419s/68036n | Length: 15
Results written to results/stp_pancake/parts/benchmark_pancake_96.csv
