------------------------------------
Sat 27 Jun 2026 21:32:13 IDT
SLURM_JOBID:		18471536
SLURM_JOB_NODELIST:	ise-cpu-intl-27
SLURM_SCRATCH_DIR:	
Allocated Resouces:	cpu - 2 / mem - 65536 MB / gpu - 
SLURM_GPU_INDEX:	
Running as omerpr from felner account with normal QOS
------------------------------------
------------------------------------
Sat 27 Jun 2026 21:32:13 IDT
SLURM_JOBID:		18471536
SLURM_JOB_NODELIST:	ise-cpu-intl-27
SLURM_SCRATCH_DIR:	
Allocated Resouces:	cpu - 2 / mem - 65536 MB / gpu - 
SLURM_GPU_INDEX:	
Running as omerpr from felner account with normal QOS
------------------------------------
Domain: Pancake Puzzle
[23] Running Pancake A*... done (94.0782s, 1952919n)
[23] Running Pancake Rev-A*... done (106.571s, 1952919n)
[23] Skipping BAE*, NBS, IDA*, Rev-IDA*, and Parallel IDA*; use --full to run them
[23] Running Pancake MM... done (242.313s, 5118627n)
[23] Pancake BiHS-Bloom timeout limit: 4846.26s
[23] Pancake IDTHSwTrans state bound baseline: 30276569
[23] Running Pancake BiHS-Bloom(50%, optk, dynamic, size=114572KiB, k=9, fp_est=0.00144093, limit=4846.26s)...Bloom filter size: 114572 KiB, k_hashes: 9, min_items: 15138287
 done (136.886s, 767492601n)
[23] Running Pancake IDTHSwTrans(50%, states=15138284, limit=1800s)... done (5.65399s, 210363n)
[23] Running Pancake BiHS-Bloom(10%, optk, dynamic, size=22914KiB, k=2, fp_est=0.270343, limit=4846.26s)...Bloom filter size: 22914 KiB, k_hashes: 2, min_items: 3027604
 done (108.147s, 767492601n)
[23] Running Pancake IDTHSwTrans(10%, states=3027656, limit=1800s)... done (5.83022s, 210363n)
[23] Running Pancake BiHS-Bloom(1%, optk, dynamic, size=2291KiB, k=1, fp_est=0.974521, limit=4846.26s)...Bloom filter size: 2291 KiB, k_hashes: 1, min_items: 302707
 done (111.966s, 767492601n)
[23] Running Pancake IDTHSwTrans(1%, states=302765, limit=1800s)... done (21.8418s, 282825n)
[23] Running Pancake BiHS-Bloom(0.1%, optk, dynamic, size=229KiB, k=1, fp_est=1, limit=4846.26s)...Bloom filter size: 229 KiB, k_hashes: 1, min_items: 30257
[TYPE] Splitting depth 17 into 4 hash types (Ff=3951948, Fb=1396386, min_items=30257)
 done (161.576s, 1048412556n)
[23] Running Pancake IDTHSwTrans(0.1%, states=30276, limit=1800s)... done (5.3178s, 141329n)
Pancake #23 | A*: 94.0782s/1952919n | Rev-A*: 106.571s/1952919n | BAE*: -3s/0n | NBS: -3s/0n | MM: 242.313s/5118627n | IDA*: -3s/0n | Parallel IDA*: -3s/0n | Rev-IDA*: -3s/0n | BiHS-Bloom(50%,optk,dynamic): 136.886s/767492601n | IDTHSwTrans(50%): 5.65399s/210363n | BiHS-Bloom(10%,optk,dynamic): 108.147s/767492601n | IDTHSwTrans(10%): 5.83022s/210363n | BiHS-Bloom(1%,optk,dynamic): 111.966s/767492601n | IDTHSwTrans(1%): 21.8418s/282825n | BiHS-Bloom(0.1%,optk,dynamic): 161.576s/1048412556n | IDTHSwTrans(0.1%): 5.3178s/141329n | Length: 17
Results written to results/stp_pancake/parts/benchmark_pancake_23.csv
