------------------------------------
Sun 28 Jun 2026 00:56:45 IDT
SLURM_JOBID:		18482262
SLURM_JOB_NODELIST:	cs-cpu-05
SLURM_SCRATCH_DIR:	
Allocated Resouces:	cpu - 2 / mem - 65536 MB / gpu - 
SLURM_GPU_INDEX:	
Running as omerpr from felner account with normal QOS
------------------------------------
------------------------------------
Sun 28 Jun 2026 00:56:45 IDT
SLURM_JOBID:		18482262
SLURM_JOB_NODELIST:	cs-cpu-05
SLURM_SCRATCH_DIR:	
Allocated Resouces:	cpu - 2 / mem - 65536 MB / gpu - 
SLURM_GPU_INDEX:	
Running as omerpr from felner account with normal QOS
------------------------------------
Domain: Sliding Tile Puzzle
Starting Korf's Puzzle #15

[15] Running A*... done (3.36126s, 919939n)
[15] Running Rev-A*... done (2.20348s, 650552n)
[15] Running BAE*... done (1.48701s, 369492n)
[15] Running NBS... done (3.12203s, 647840n)
[15] Running MM... done (2.32716s, 645358n)
[15] Running IDA*... done (1.44976s, 3832208n)
[15] Running Rev-IDA*... done (1.22104s, 3151474n)
[15] Running Parallel IDA*...54 pieces of work generated
Starting iteration with bound 24.000000; 41 expanded, 134 generated
Starting iteration with bound 26.000000; 48 expanded, 155 generated
Starting iteration with bound 28.000000; 112 expanded, 346 generated
Starting iteration with bound 30.000000; 404 expanded, 1236 generated
Starting iteration with bound 32.000000; 1743 expanded, 5356 generated
Starting iteration with bound 34.000000; 7461 expanded, 22918 generated
Starting iteration with bound 36.000000; 31403 expanded, 96457 generated
Starting iteration with bound 38.000000; 132476 expanded, 407163 generated
Starting iteration with bound 40.000000; 562319 expanded, 1728180 generated
Starting iteration with bound 42.000000; 2389306 expanded, 7341707 generated
 done (0.859255s, 3832444n)
[15] BiHS-Bloom timeout limit: 120s
[15] IDTHSwTrans state bound baseline: 1214332
[15] Running BiHS-Bloom(50%, optk, dynamic, size=3335KiB, k=31, fp_est=6.05894e-10, limit=120s)...
Bloom filter size: 3335 KiB, k_hashes: 31, min_items: 607118
 done (1.88357s, 21785904n)
[15] Running IDTHSwTrans(50%, states=607166, limit=1800s)... done (2.58738s, 293111n)
[15] Running BiHS-Bloom(10%, optk, dynamic, size=667KiB, k=6, fp_est=0.0143427, limit=120s)...
Bloom filter size: 667 KiB, k_hashes: 6, min_items: 121423
 done (1.63144s, 21785904n)
[15] Running IDTHSwTrans(10%, states=121433, limit=1800s)... done (2.57495s, 293111n)
[15] Running BiHS-Bloom(1%, optk, dynamic, size=67KiB, k=1, fp_est=0.675907, limit=120s)...
Bloom filter size: 67 KiB, k_hashes: 1, min_items: 12196
 done (2.60464s, 41044728n)
[15] Running IDTHSwTrans(1%, states=12143, limit=1800s)... done (2.72404s, 240021n)
[15] Running BiHS-Bloom(0.1%, optk, dynamic, size=7KiB, k=1, fp_est=0.999979, limit=120s)...
Bloom filter size: 7 KiB, k_hashes: 1, min_items: 1274
[TYPE] Splitting depth 40 into 4 hash types (Ff=123928, Fb=130073, min_items=1274)
[TYPE] Splitting depth 42 into 8 hash types (Ff=394860, Fb=728364, min_items=1274)
 done (3.71897s, 34468781n)
[15] Running IDTHSwTrans(0.1%, states=1214, limit=1800s)... done (3.10533s, 595106n)
Puzzle #15 | A*: 3.36126s/919939n | Rev-A*: 2.20348s/650552n | BAE*: 1.48701s/369492n | NBS: 3.12203s/647840n | MM: 2.32716s/645358n | IDA*: 1.44976s/3832208n | Parallel IDA*: 0.859255s/3832444n | Rev-IDA*: 1.22104s/3151474n | BiHS-Bloom(50%,optk,dynamic): 1.88357s/21785904n | IDTHSwTrans(50%): 2.58738s/293111n | BiHS-Bloom(10%,optk,dynamic): 1.63144s/21785904n | IDTHSwTrans(10%): 2.57495s/293111n | BiHS-Bloom(1%,optk,dynamic): 2.60464s/41044728n | IDTHSwTrans(1%): 2.72404s/240021n | BiHS-Bloom(0.1%,optk,dynamic): 3.71897s/34468781n | IDTHSwTrans(0.1%): 3.10533s/595106n | Length: 42
Results written to results/stp_pancake/parts/benchmark_stp_15.csv
