------------------------------------
Sat 27 Jun 2026 21:41:40 IDT
SLURM_JOBID:		18471967
SLURM_JOB_NODELIST:	ise-cpu-intl-24
SLURM_SCRATCH_DIR:	
Allocated Resouces:	cpu - 2 / mem - 65536 MB / gpu - 
SLURM_GPU_INDEX:	
Running as omerpr from felner account with normal QOS
------------------------------------
------------------------------------
Sat 27 Jun 2026 21:41:41 IDT
SLURM_JOBID:		18471967
SLURM_JOB_NODELIST:	ise-cpu-intl-24
SLURM_SCRATCH_DIR:	
Allocated Resouces:	cpu - 2 / mem - 65536 MB / gpu - 
SLURM_GPU_INDEX:	
Running as omerpr from felner account with normal QOS
------------------------------------
Domain: Pancake Puzzle
[49] Running Pancake A*... done (0.153244s, 3338n)
[49] Running Pancake Rev-A*... done (0.137391s, 3317n)
[49] Skipping BAE*, NBS, IDA*, Rev-IDA*, and Parallel IDA*; use --full to run them
[49] Running Pancake MM... done (0.150345s, 6486n)
[49] Pancake BiHS-Bloom timeout limit: 120s
[49] Pancake IDTHSwTrans state bound baseline: 56872
[49] Running Pancake BiHS-Bloom(50%, optk, dynamic, size=215KiB, k=22, fp_est=2.7695e-07, limit=120s)...Bloom filter size: 215 KiB, k_hashes: 22, min_items: 28407
 done (0.736248s, 3567405n)
[49] Running Pancake IDTHSwTrans(50%, states=28436, limit=1800s)... done (0.156717s, 19995n)
[49] Running Pancake BiHS-Bloom(10%, optk, dynamic, size=43KiB, k=4, fp_est=0.049125, limit=120s)...Bloom filter size: 43 KiB, k_hashes: 4, min_items: 5681
 done (0.725081s, 3567405n)
[49] Running Pancake IDTHSwTrans(10%, states=5687, limit=1800s)... done (0.0720331s, 10003n)
[49] Running Pancake BiHS-Bloom(1%, optk, dynamic, size=4KiB, k=1, fp_est=0.819177, limit=120s)...Bloom filter size: 4 KiB, k_hashes: 1, min_items: 528
 done (0.98321s, 5237124n)
[49] Running Pancake IDTHSwTrans(1%, states=568, limit=1800s)... done (0.0849567s, 9358n)
[49] Running Pancake BiHS-Bloom(0.1%, optk, dynamic, size=1KiB, k=1, fp_est=0.998931, limit=120s)...Bloom filter size: 1 KiB, k_hashes: 1, min_items: 132
[TYPE] Splitting depth 14 into 2 hash types (Ff=7921, Fb=2563, min_items=132)
 done (1.02444s, 5237124n)
[49] Running Pancake IDTHSwTrans(0.1%, states=56, limit=1800s)... done (0.0908853s, 10326n)
Pancake #49 | A*: 0.153244s/3338n | Rev-A*: 0.137391s/3317n | BAE*: -3s/0n | NBS: -3s/0n | MM: 0.150345s/6486n | IDA*: -3s/0n | Parallel IDA*: -3s/0n | Rev-IDA*: -3s/0n | BiHS-Bloom(50%,optk,dynamic): 0.736248s/3567405n | IDTHSwTrans(50%): 0.156717s/19995n | BiHS-Bloom(10%,optk,dynamic): 0.725081s/3567405n | IDTHSwTrans(10%): 0.0720331s/10003n | BiHS-Bloom(1%,optk,dynamic): 0.98321s/5237124n | IDTHSwTrans(1%): 0.0849567s/9358n | BiHS-Bloom(0.1%,optk,dynamic): 1.02444s/5237124n | IDTHSwTrans(0.1%): 0.0908853s/10326n | Length: 14
Results written to results/stp_pancake/parts/benchmark_pancake_49.csv
