------------------------------------
Sun 28 Jun 2026 01:55:25 IDT
SLURM_JOBID:		18484630
SLURM_JOB_NODELIST:	ise-cpu-intl-15
SLURM_SCRATCH_DIR:	
Allocated Resouces:	cpu - 2 / mem - 65536 MB / gpu - 
SLURM_GPU_INDEX:	
Running as omerpr from felner account with normal QOS
------------------------------------
------------------------------------
Sun 28 Jun 2026 01:55:26 IDT
SLURM_JOBID:		18484630
SLURM_JOB_NODELIST:	ise-cpu-intl-15
SLURM_SCRATCH_DIR:	
Allocated Resouces:	cpu - 2 / mem - 65536 MB / gpu - 
SLURM_GPU_INDEX:	
Running as omerpr from felner account with normal QOS
------------------------------------
Domain: Sliding Tile Puzzle
Starting Korf's Puzzle #74

[74] Running A*... done (12.2001s, 3440530n)
[74] Running Rev-A*... done (9.36581s, 2486671n)
[74] Running BAE*... done (4.48875s, 1171811n)
[74] Running NBS... done (13.5004s, 2820544n)
[74] Running MM... done (10.0574s, 2775545n)
[74] Running IDA*... done (6.87159s, 21720710n)
[74] Running Rev-IDA*... done (7.20822s, 22928978n)
[74] Running Parallel IDA*...66 pieces of work generated
Starting iteration with bound 30.000000; 56 expanded, 176 generated
Starting iteration with bound 32.000000; 56 expanded, 176 generated
Starting iteration with bound 34.000000; 75 expanded, 235 generated
Starting iteration with bound 36.000000; 496 expanded, 1525 generated
Starting iteration with bound 38.000000; 3749 expanded, 11514 generated
Starting iteration with bound 40.000000; 24116 expanded, 73814 generated
Starting iteration with bound 42.000000; 138464 expanded, 423737 generated
Starting iteration with bound 44.000000; 753702 expanded, 2307717 generated
Starting iteration with bound 46.000000; 3945508 expanded, 12078575 generated
Starting iteration with bound 48.000000; 20106443 expanded, 61572418 generated
 done (4.6677s, 28174675n)
[74] BiHS-Bloom timeout limit: 270.008s
[74] IDTHSwTrans state bound baseline: 4627392
[74] Running BiHS-Bloom(50%, optk, dynamic, size=12710KiB, k=23, fp_est=1.45422e-07, limit=270.008s)...
Bloom filter size: 12710 KiB, k_hashes: 23, min_items: 2313784
 done (13.2018s, 196733384n)
[74] Running IDTHSwTrans(50%, states=2313696, limit=1800s)... done (17.4892s, 1108259n)
[74] Running BiHS-Bloom(10%, optk, dynamic, size=2542KiB, k=5, fp_est=0.0432941, limit=270.008s)...
Bloom filter size: 2542 KiB, k_hashes: 5, min_items: 462756
 done (13.1637s, 196733384n)
[74] Running IDTHSwTrans(10%, states=462739, limit=1800s)... done (17.5404s, 1108259n)
[74] Running BiHS-Bloom(1%, optk, dynamic, size=254KiB, k=1, fp_est=0.782812, limit=270.008s)...
Bloom filter size: 254 KiB, k_hashes: 1, min_items: 46239
 done (11.5962s, 197177503n)
[74] Running IDTHSwTrans(1%, states=46273, limit=1800s)... done (7.76221s, 643458n)
[74] Running BiHS-Bloom(0.1%, optk, dynamic, size=25KiB, k=1, fp_est=1, limit=270.008s)...
Bloom filter size: 25 KiB, k_hashes: 1, min_items: 4551
[TYPE] Splitting depth 48 into 2 hash types (Ff=105148, Fb=454007, min_items=4551)
 done (12.052s, 197378422n)
[74] Running IDTHSwTrans(0.1%, states=4627, limit=1800s)... done (7.52713s, 1235647n)
Puzzle #74 | A*: 12.2001s/3440530n | Rev-A*: 9.36581s/2486671n | BAE*: 4.48875s/1171811n | NBS: 13.5004s/2820544n | MM: 10.0574s/2775545n | IDA*: 6.87159s/21720710n | Parallel IDA*: 4.6677s/28174675n | Rev-IDA*: 7.20822s/22928978n | BiHS-Bloom(50%,optk,dynamic): 13.2018s/196733384n | IDTHSwTrans(50%): 17.4892s/1108259n | BiHS-Bloom(10%,optk,dynamic): 13.1637s/196733384n | IDTHSwTrans(10%): 17.5404s/1108259n | BiHS-Bloom(1%,optk,dynamic): 11.5962s/197177503n | IDTHSwTrans(1%): 7.76221s/643458n | BiHS-Bloom(0.1%,optk,dynamic): 12.052s/197378422n | IDTHSwTrans(0.1%): 7.52713s/1235647n | Length: 48
Results written to results/stp_pancake/parts/benchmark_stp_74.csv
