------------------------------------
Sat 27 Jun 2026 20:23:23 IDT
SLURM_JOBID:		18468383
SLURM_JOB_NODELIST:	ise-cpu128-08
SLURM_SCRATCH_DIR:	/scratch/omerpr/18468383
Allocated Resouces:	cpu - 2 / mem - 65536 MB / gpu - 
SLURM_GPU_INDEX:	
Running as omerpr from felner account with normal QOS
------------------------------------
------------------------------------
Sat 27 Jun 2026 20:23:23 IDT
SLURM_JOBID:		18468383
SLURM_JOB_NODELIST:	ise-cpu128-08
SLURM_SCRATCH_DIR:	/scratch/omerpr/18468383
Allocated Resouces:	cpu - 2 / mem - 65536 MB / gpu - 
SLURM_GPU_INDEX:	
Running as omerpr from felner account with normal QOS
------------------------------------
Domain: Sliding Tile Puzzle
Starting Korf's Puzzle #9

[9] Running A*... done (72.7369s, 17805851n)
[9] Running Rev-A*... done (30.9051s, 6950463n)
[9] Skipping BAE*, NBS, IDA*, Rev-IDA*, and Parallel IDA*; use --full to run them
[9] Running MM... done (56.5735s, 12399526n)
[9] BiHS-Bloom timeout limit: 1454.74s
[9] IDTHSwTrans state bound baseline: 12639297
[9] Running BiHS-Bloom(50%, optk, dynamic, size=34715KiB, k=13, fp_est=0.000149131, limit=1454.74s)...
Bloom filter size: 34715 KiB, k_hashes: 13, min_items: 6319672
 done (45.5686s, 755252532n)
[9] Running IDTHSwTrans(50%, states=6319648, limit=1800s)... done (28.6664s, 7945421n)
[9] Running BiHS-Bloom(10%, optk, dynamic, size=6943KiB, k=3, fp_est=0.174315, limit=1454.74s)...
Bloom filter size: 6943 KiB, k_hashes: 3, min_items: 1263934
 done (43.6775s, 755252532n)
[9] Running IDTHSwTrans(10%, states=1263929, limit=1800s)... done (23.9026s, 5939190n)
[9] Running BiHS-Bloom(1%, optk, dynamic, size=694KiB, k=1, fp_est=0.934604, limit=1454.74s)...
Bloom filter size: 694 KiB, k_hashes: 1, min_items: 126338
 done (43.2846s, 755252532n)
[9] Running IDTHSwTrans(1%, states=126392, limit=1800s)... done (25.2733s, 6689127n)
[9] Running BiHS-Bloom(0.1%, optk, dynamic, size=69KiB, k=1, fp_est=1, limit=1454.74s)...
Bloom filter size: 69 KiB, k_hashes: 1, min_items: 12561
 done (45.3634s, 755252532n)
[9] Running IDTHSwTrans(0.1%, states=12639, limit=1800s)... done (26.5209s, 8702302n)
Puzzle #9 | A*: 72.7369s/17805851n | Rev-A*: 30.9051s/6950463n | BAE*: -3s/0n | NBS: -3s/0n | MM: 56.5735s/12399526n | IDA*: -3s/0n | Parallel IDA*: -3s/0n | Rev-IDA*: -3s/0n | BiHS-Bloom(50%,optk,dynamic): 45.5686s/755252532n | IDTHSwTrans(50%): 28.6664s/7945421n | BiHS-Bloom(10%,optk,dynamic): 43.6775s/755252532n | IDTHSwTrans(10%): 23.9026s/5939190n | BiHS-Bloom(1%,optk,dynamic): 43.2846s/755252532n | IDTHSwTrans(1%): 25.2733s/6689127n | BiHS-Bloom(0.1%,optk,dynamic): 45.3634s/755252532n | IDTHSwTrans(0.1%): 26.5209s/8702302n | Length: 59
Results written to results/stp_pancake/parts/benchmark_stp_9.csv
