------------------------------------
Sat 27 Jun 2026 21:36:49 IDT
SLURM_JOBID:		18471745
SLURM_JOB_NODELIST:	cs-cpu-06
SLURM_SCRATCH_DIR:	
Allocated Resouces:	cpu - 2 / mem - 65536 MB / gpu - 
SLURM_GPU_INDEX:	
Running as omerpr from felner account with normal QOS
------------------------------------
------------------------------------
Sat 27 Jun 2026 21:36:49 IDT
SLURM_JOBID:		18471745
SLURM_JOB_NODELIST:	cs-cpu-06
SLURM_SCRATCH_DIR:	
Allocated Resouces:	cpu - 2 / mem - 65536 MB / gpu - 
SLURM_GPU_INDEX:	
Running as omerpr from felner account with normal QOS
------------------------------------
Domain: Pancake Puzzle
[40] Running Pancake A*... done (16.3419s, 432091n)
[40] Running Pancake Rev-A*... done (12.3858s, 331984n)
[40] Skipping BAE*, NBS, IDA*, Rev-IDA*, and Parallel IDA*; use --full to run them
[40] Running Pancake MM... done (18.1077s, 703237n)
[40] Pancake BiHS-Bloom timeout limit: 362.154s
[40] Pancake IDTHSwTrans state bound baseline: 5199714
[40] Running Pancake BiHS-Bloom(50%, optk, dynamic, size=19677KiB, k=18, fp_est=3.49899e-06, limit=362.154s)...Bloom filter size: 19677 KiB, k_hashes: 18, min_items: 2599902
 done (52.2386s, 324270357n)
[40] Running Pancake IDTHSwTrans(50%, states=2599857, limit=1800s)... done (4.12337s, 184880n)
[40] Running Pancake BiHS-Bloom(10%, optk, dynamic, size=3935KiB, k=4, fp_est=0.0817017, limit=362.154s)...Bloom filter size: 3935 KiB, k_hashes: 4, min_items: 519927
 done (50.207s, 324270357n)
[40] Running Pancake IDTHSwTrans(10%, states=519971, limit=1800s)... done (3.59681s, 174738n)
[40] Running Pancake BiHS-Bloom(1%, optk, dynamic, size=394KiB, k=1, fp_est=0.851906, limit=362.154s)...Bloom filter size: 394 KiB, k_hashes: 1, min_items: 52058
 done (38.8261s, 349346916n)
[40] Running Pancake IDTHSwTrans(1%, states=51997, limit=1800s)... done (3.47487s, 113416n)
[40] Running Pancake BiHS-Bloom(0.1%, optk, dynamic, size=39KiB, k=1, fp_est=1, limit=362.154s)...Bloom filter size: 39 KiB, k_hashes: 1, min_items: 5153
[TYPE] Splitting depth 16 into 7 hash types (Ff=1882384, Fb=398796, min_items=5153)
 done (46.1154s, 356879703n)
[40] Running Pancake IDTHSwTrans(0.1%, states=5199, limit=1800s)... done (3.81674s, 151727n)
Pancake #40 | A*: 16.3419s/432091n | Rev-A*: 12.3858s/331984n | BAE*: -3s/0n | NBS: -3s/0n | MM: 18.1077s/703237n | IDA*: -3s/0n | Parallel IDA*: -3s/0n | Rev-IDA*: -3s/0n | BiHS-Bloom(50%,optk,dynamic): 52.2386s/324270357n | IDTHSwTrans(50%): 4.12337s/184880n | BiHS-Bloom(10%,optk,dynamic): 50.207s/324270357n | IDTHSwTrans(10%): 3.59681s/174738n | BiHS-Bloom(1%,optk,dynamic): 38.8261s/349346916n | IDTHSwTrans(1%): 3.47487s/113416n | BiHS-Bloom(0.1%,optk,dynamic): 46.1154s/356879703n | IDTHSwTrans(0.1%): 3.81674s/151727n | Length: 16
Results written to results/stp_pancake/parts/benchmark_pancake_40.csv
