------------------------------------
Sun 28 Jun 2026 23:09:43 IDT
SLURM_JOBID:		18543545
SLURM_JOB_NODELIST:	cs-cpu-11
SLURM_SCRATCH_DIR:	/scratch/omerpr/18543545
Allocated Resouces:	cpu - 2 / mem - 102400 MB / gpu - 
SLURM_GPU_INDEX:	
Running as omerpr from felner account with normal QOS
------------------------------------
------------------------------------
Sun 28 Jun 2026 23:09:43 IDT
SLURM_JOBID:		18543545
SLURM_JOB_NODELIST:	cs-cpu-11
SLURM_SCRATCH_DIR:	/scratch/omerpr/18543545
Allocated Resouces:	cpu - 2 / mem - 102400 MB / gpu - 
SLURM_GPU_INDEX:	
Running as omerpr from felner account with normal QOS
------------------------------------
Domain: Sliding Tile Puzzle
Starting Korf's Puzzle #21

[21] Running A*... done (41.7643s, 13344795n)
[21] Running Rev-A*... done (46.0878s, 13480874n)
[21] Running BAE*... done (15.5191s, 2976315n)
[21] Running NBS... done (167.095s, 32119361n)
[21] Running MM... done (60.4188s, 12665107n)
[21] Running IDA*... done (41.4244s, 156770489n)
[21] Running Rev-IDA*... done (29.5073s, 120844607n)
[21] Running Parallel IDA*...54 pieces of work generated
Starting iteration with bound 41.000000; 41 expanded, 134 generated
Starting iteration with bound 43.000000; 41 expanded, 134 generated
Starting iteration with bound 45.000000; 58 expanded, 178 generated
Starting iteration with bound 47.000000; 382 expanded, 1113 generated
Starting iteration with bound 49.000000; 3795 expanded, 11175 generated
Starting iteration with bound 51.000000; 31550 expanded, 93764 generated
Starting iteration with bound 53.000000; 238990 expanded, 713622 generated
Starting iteration with bound 55.000000; 1691455 expanded, 5063614 generated
Starting iteration with bound 57.000000; 11383418 expanded, 34145859 generated
Starting iteration with bound 59.000000; 73751169 expanded, 221572163 generated
 done (57.7026s, 423811009n)
[21] BiHS-Bloom timeout limit: 3341.9s
[21] IDTHSwTrans state bound baseline: 23054869
[21] Running BiHS-Bloom(50%, k1, dynamic, size=63322KiB, k=1, fp_est=0.0265866, limit=3341.9s)...
Bloom filter size: 63322 KiB, k_hashes: 1, min_items: 11527418
 done (55.9234s, 846796462n)
[21] Running IDTHSwTrans(50%, states=11527434, limit=1800s)... done (32.2026s, 5217137n)
[21] Running BiHS-Bloom(50%, optk, dynamic, size=63322KiB, k=26, fp_est=1.80652e-08, limit=3341.9s)...
Bloom filter size: 63322 KiB, k_hashes: 26, min_items: 11527418
 done (55.8747s, 846796462n)
[21] Running IDTHSwTrans(50%, states=11527434, limit=1800s)... done (31.9924s, 5217137n)
[21] Running BiHS-Bloom(50%, rootk, dynamic, size=63322KiB, k=5, fp_est=3.18213e-05, limit=3341.9s)...
Bloom filter size: 63322 KiB, k_hashes: 5, min_items: 11527418
 done (55.9821s, 846796462n)
[21] Running IDTHSwTrans(50%, states=11527434, limit=1800s)... done (31.9021s, 5217137n)
[21] Running BiHS-Bloom(10%, k1, dynamic, size=12664KiB, k=1, fp_est=0.126054, limit=3341.9s)...
Bloom filter size: 12664 KiB, k_hashes: 1, min_items: 2305410
 done (55.5739s, 846796462n)
[21] Running IDTHSwTrans(10%, states=2305486, limit=1800s)... done (31.9076s, 5217137n)
[21] Running BiHS-Bloom(10%, optk, dynamic, size=12664KiB, k=5, fp_est=0.0282973, limit=3341.9s)...
Bloom filter size: 12664 KiB, k_hashes: 5, min_items: 2305410
 done (55.6517s, 846796462n)
[21] Running IDTHSwTrans(10%, states=2305486, limit=1800s)... done (31.9304s, 5217137n)
[21] Running BiHS-Bloom(10%, rootk, dynamic, size=12664KiB, k=2, fp_est=0.055799, limit=3341.9s)...
Bloom filter size: 12664 KiB, k_hashes: 2, min_items: 2305410
 done (55.7105s, 846796462n)
[21] Running IDTHSwTrans(10%, states=2305486, limit=1800s)... done (31.9484s, 5217137n)
[21] Running BiHS-Bloom(1%, k1, dynamic, size=1266KiB, k=1, fp_est=0.740187, limit=3341.9s)...
Bloom filter size: 1266 KiB, k_hashes: 1, min_items: 230468
 done (59.0029s, 846796462n)
[21] Running IDTHSwTrans(1%, states=230548, limit=1800s)... done (15.5439s, 3395487n)
[21] Running BiHS-Bloom(1%, optk, dynamic, size=1266KiB, k=1, fp_est=0.740187, limit=3341.9s)...
Bloom filter size: 1266 KiB, k_hashes: 1, min_items: 230468
 done (59.1488s, 846796462n)
[21] Running IDTHSwTrans(1%, states=230548, limit=1800s)... done (15.5552s, 3395487n)
[21] Running BiHS-Bloom(1%, rootk, dynamic, size=1266KiB, k=1, fp_est=0.740187, limit=3341.9s)...
Bloom filter size: 1266 KiB, k_hashes: 1, min_items: 230468
 done (58.9111s, 846796462n)
[21] Running IDTHSwTrans(1%, states=230548, limit=1800s)... done (15.6348s, 3395487n)
[21] Running BiHS-Bloom(0.1%, k1, dynamic, size=127KiB, k=1, fp_est=0.999999, limit=3341.9s)...
Bloom filter size: 127 KiB, k_hashes: 1, min_items: 23119
 done (58.721s, 846796462n)
[21] Running IDTHSwTrans(0.1%, states=23054, limit=1800s)... done (15.1792s, 4334272n)
[21] Running BiHS-Bloom(0.1%, optk, dynamic, size=127KiB, k=1, fp_est=0.999999, limit=3341.9s)...
Bloom filter size: 127 KiB, k_hashes: 1, min_items: 23119
 done (58.8493s, 846796462n)
[21] Running IDTHSwTrans(0.1%, states=23054, limit=1800s)... done (15.16s, 4334272n)
[21] Running BiHS-Bloom(0.1%, rootk, dynamic, size=127KiB, k=1, fp_est=0.999999, limit=3341.9s)...
Bloom filter size: 127 KiB, k_hashes: 1, min_items: 23119
 done (59.3212s, 846796462n)
[21] Running IDTHSwTrans(0.1%, states=23054, limit=1800s)... done (15.1174s, 4334272n)
Puzzle #21 | A*: 41.7643s/13344795n | Rev-A*: 46.0878s/13480874n | BAE*: 15.5191s/2976315n | NBS: 167.095s/32119361n | MM: 60.4188s/12665107n | IDA*: 41.4244s/156770489n | Parallel IDA*: 57.7026s/423811009n | Rev-IDA*: 29.5073s/120844607n | BiHS-Bloom(50%,k1,dynamic): 55.9234s/846796462n | IDTHSwTrans(50%): 32.2026s/5217137n | BiHS-Bloom(50%,optk,dynamic): 55.8747s/846796462n | IDTHSwTrans(50%): 31.9924s/5217137n | BiHS-Bloom(50%,rootk,dynamic): 55.9821s/846796462n | IDTHSwTrans(50%): 31.9021s/5217137n | BiHS-Bloom(10%,k1,dynamic): 55.5739s/846796462n | IDTHSwTrans(10%): 31.9076s/5217137n | BiHS-Bloom(10%,optk,dynamic): 55.6517s/846796462n | IDTHSwTrans(10%): 31.9304s/5217137n | BiHS-Bloom(10%,rootk,dynamic): 55.7105s/846796462n | IDTHSwTrans(10%): 31.9484s/5217137n | BiHS-Bloom(1%,k1,dynamic): 59.0029s/846796462n | IDTHSwTrans(1%): 15.5439s/3395487n | BiHS-Bloom(1%,optk,dynamic): 59.1488s/846796462n | IDTHSwTrans(1%): 15.5552s/3395487n | BiHS-Bloom(1%,rootk,dynamic): 58.9111s/846796462n | IDTHSwTrans(1%): 15.6348s/3395487n | BiHS-Bloom(0.1%,k1,dynamic): 58.721s/846796462n | IDTHSwTrans(0.1%): 15.1792s/4334272n | BiHS-Bloom(0.1%,optk,dynamic): 58.8493s/846796462n | IDTHSwTrans(0.1%): 15.16s/4334272n | BiHS-Bloom(0.1%,rootk,dynamic): 59.3212s/846796462n | IDTHSwTrans(0.1%): 15.1174s/4334272n | Length: 59
Results written to results/stp_pancake/parts/benchmark_stp_21.csv
