------------------------------------
Sat 27 Jun 2026 20:23:23 IDT
SLURM_JOBID:		18468379
SLURM_JOB_NODELIST:	ise-cpu128-13
SLURM_SCRATCH_DIR:	/scratch/omerpr/18468379
Allocated Resouces:	cpu - 2 / mem - 65536 MB / gpu - 
SLURM_GPU_INDEX:	
Running as omerpr from felner account with normal QOS
------------------------------------
------------------------------------
Sat 27 Jun 2026 20:23:23 IDT
SLURM_JOBID:		18468379
SLURM_JOB_NODELIST:	ise-cpu128-13
SLURM_SCRATCH_DIR:	/scratch/omerpr/18468379
Allocated Resouces:	cpu - 2 / mem - 65536 MB / gpu - 
SLURM_GPU_INDEX:	
Running as omerpr from felner account with normal QOS
------------------------------------
Domain: Sliding Tile Puzzle
Starting Korf's Puzzle #5

[5] Running A*... done (4.00034s, 970209n)
[5] Running Rev-A*... done (3.75067s, 1074100n)
[5] Skipping BAE*, NBS, IDA*, Rev-IDA*, and Parallel IDA*; use --full to run them
[5] Running MM... done (3.90643s, 1055016n)
[5] BiHS-Bloom timeout limit: 120s
[5] IDTHSwTrans state bound baseline: 1790509
[5] Running BiHS-Bloom(50%, optk, dynamic, size=4918KiB, k=21, fp_est=6.34035e-07, limit=120s)...
Bloom filter size: 4918 KiB, k_hashes: 21, min_items: 895294
 done (2.31649s, 40034239n)
[5] Running IDTHSwTrans(50%, states=895254, limit=1800s)... done (0.793827s, 863274n)
[5] Running BiHS-Bloom(10%, optk, dynamic, size=984KiB, k=4, fp_est=0.0575572, limit=120s)...
Bloom filter size: 984 KiB, k_hashes: 4, min_items: 179131
 done (2.29388s, 40034239n)
[5] Running IDTHSwTrans(10%, states=179050, limit=1800s)... done (0.609599s, 678704n)
[5] Running BiHS-Bloom(1%, optk, dynamic, size=98KiB, k=1, fp_est=0.815348, limit=120s)...
Bloom filter size: 98 KiB, k_hashes: 1, min_items: 17840
 done (2.41726s, 40034239n)
[5] Running IDTHSwTrans(1%, states=17905, limit=1800s)... done (0.415499s, 463307n)
[5] Running BiHS-Bloom(0.1%, optk, dynamic, size=10KiB, k=1, fp_est=1, limit=120s)...
Bloom filter size: 10 KiB, k_hashes: 1, min_items: 1820
[TYPE] Splitting depth 52 into 2 hash types (Ff=71948, Fb=45886, min_items=1820)
 done (1.90671s, 40395274n)
[5] Running IDTHSwTrans(0.1%, states=1790, limit=1800s)... done (0.400974s, 484678n)
Puzzle #5 | A*: 4.00034s/970209n | Rev-A*: 3.75067s/1074100n | BAE*: -3s/0n | NBS: -3s/0n | MM: 3.90643s/1055016n | IDA*: -3s/0n | Parallel IDA*: -3s/0n | Rev-IDA*: -3s/0n | BiHS-Bloom(50%,optk,dynamic): 2.31649s/40034239n | IDTHSwTrans(50%): 0.793827s/863274n | BiHS-Bloom(10%,optk,dynamic): 2.29388s/40034239n | IDTHSwTrans(10%): 0.609599s/678704n | BiHS-Bloom(1%,optk,dynamic): 2.41726s/40034239n | IDTHSwTrans(1%): 0.415499s/463307n | BiHS-Bloom(0.1%,optk,dynamic): 1.90671s/40395274n | IDTHSwTrans(0.1%): 0.400974s/484678n | Length: 52
Results written to results/stp_pancake/parts/benchmark_stp_5.csv
