------------------------------------
Sat 27 Jun 2026 21:26:22 IDT
SLURM_JOBID:		18471229
SLURM_JOB_NODELIST:	ise-cpu-intl-24
SLURM_SCRATCH_DIR:	
Allocated Resouces:	cpu - 2 / mem - 65536 MB / gpu - 
SLURM_GPU_INDEX:	
Running as omerpr from felner account with normal QOS
------------------------------------
------------------------------------
Sat 27 Jun 2026 21:26:22 IDT
SLURM_JOBID:		18471229
SLURM_JOB_NODELIST:	ise-cpu-intl-24
SLURM_SCRATCH_DIR:	
Allocated Resouces:	cpu - 2 / mem - 65536 MB / gpu - 
SLURM_GPU_INDEX:	
Running as omerpr from felner account with normal QOS
------------------------------------
Domain: Pancake Puzzle
[6] Running Pancake A*... done (0.0622499s, 1410n)
[6] Running Pancake Rev-A*... done (0.0400045s, 990n)
[6] Skipping BAE*, NBS, IDA*, Rev-IDA*, and Parallel IDA*; use --full to run them
[6] Running Pancake MM... done (0.0582359s, 2035n)
[6] Pancake BiHS-Bloom timeout limit: 120s
[6] Pancake IDTHSwTrans state bound baseline: 17433
[6] Running Pancake BiHS-Bloom(50%, optk, dynamic, size=66KiB, k=19, fp_est=2.49581e-06, limit=120s)...Bloom filter size: 66 KiB, k_hashes: 19, min_items: 8720
 done (0.182291s, 816567n)
[6] Running Pancake IDTHSwTrans(50%, states=8716, limit=1800s)... done (0.0587565s, 5488n)
[6] Running Pancake BiHS-Bloom(10%, optk, dynamic, size=13KiB, k=4, fp_est=0.079234, limit=120s)...Bloom filter size: 13 KiB, k_hashes: 4, min_items: 1717
 done (0.187151s, 816567n)
[6] Running Pancake IDTHSwTrans(10%, states=1743, limit=1800s)... done (0.0369085s, 4208n)
[6] Running Pancake BiHS-Bloom(1%, optk, dynamic, size=1KiB, k=1, fp_est=0.914363, limit=120s)...Bloom filter size: 1 KiB, k_hashes: 1, min_items: 132
 done (0.244327s, 1171170n)
[6] Running Pancake IDTHSwTrans(1%, states=174, limit=1800s)... done (0.0374545s, 4019n)
[6] Running Pancake BiHS-Bloom(0.1%, optk, dynamic, size=1KiB, k=1, fp_est=0.914363, limit=120s)...Bloom filter size: 1 KiB, k_hashes: 1, min_items: 132
 done (0.240935s, 1171170n)
[6] Running Pancake IDTHSwTrans(0.1%, states=17, limit=1800s)... done (0.0428937s, 4700n)
Pancake #6 | A*: 0.0622499s/1410n | Rev-A*: 0.0400045s/990n | BAE*: -3s/0n | NBS: -3s/0n | MM: 0.0582359s/2035n | IDA*: -3s/0n | Parallel IDA*: -3s/0n | Rev-IDA*: -3s/0n | BiHS-Bloom(50%,optk,dynamic): 0.182291s/816567n | IDTHSwTrans(50%): 0.0587565s/5488n | BiHS-Bloom(10%,optk,dynamic): 0.187151s/816567n | IDTHSwTrans(10%): 0.0369085s/4208n | BiHS-Bloom(1%,optk,dynamic): 0.244327s/1171170n | IDTHSwTrans(1%): 0.0374545s/4019n | BiHS-Bloom(0.1%,optk,dynamic): 0.240935s/1171170n | IDTHSwTrans(0.1%): 0.0428937s/4700n | Length: 14
Results written to results/stp_pancake/parts/benchmark_pancake_6.csv
