------------------------------------
Sat 27 Jun 2026 21:35:47 IDT
SLURM_JOBID:		18471703
SLURM_JOB_NODELIST:	cs-cpu-07
SLURM_SCRATCH_DIR:	
Allocated Resouces:	cpu - 2 / mem - 65536 MB / gpu - 
SLURM_GPU_INDEX:	
Running as omerpr from felner account with normal QOS
------------------------------------
------------------------------------
Sat 27 Jun 2026 21:35:48 IDT
SLURM_JOBID:		18471703
SLURM_JOB_NODELIST:	cs-cpu-07
SLURM_SCRATCH_DIR:	
Allocated Resouces:	cpu - 2 / mem - 65536 MB / gpu - 
SLURM_GPU_INDEX:	
Running as omerpr from felner account with normal QOS
------------------------------------
Domain: Pancake Puzzle
[37] Running Pancake A*... done (0.11084s, 3267n)
[37] Running Pancake Rev-A*... done (0.10509s, 3519n)
[37] Skipping BAE*, NBS, IDA*, Rev-IDA*, and Parallel IDA*; use --full to run them
[37] Running Pancake MM... done (0.139637s, 6513n)
[37] Pancake BiHS-Bloom timeout limit: 120s
[37] Pancake IDTHSwTrans state bound baseline: 56270
[37] Running Pancake BiHS-Bloom(50%, optk, dynamic, size=213KiB, k=22, fp_est=2.4377e-07, limit=120s)...Bloom filter size: 213 KiB, k_hashes: 22, min_items: 28143
 done (0.521795s, 3356409n)
[37] Running Pancake IDTHSwTrans(50%, states=28135, limit=1800s)... done (0.0795079s, 19738n)
[37] Running Pancake BiHS-Bloom(10%, optk, dynamic, size=43KiB, k=4, fp_est=0.0466873, limit=120s)...Bloom filter size: 43 KiB, k_hashes: 4, min_items: 5681
 done (0.514667s, 3356409n)
[37] Running Pancake IDTHSwTrans(10%, states=5627, limit=1800s)... done (0.0377868s, 9628n)
[37] Running Pancake BiHS-Bloom(1%, optk, dynamic, size=4KiB, k=1, fp_est=0.813659, limit=120s)...Bloom filter size: 4 KiB, k_hashes: 1, min_items: 528
 done (0.674971s, 4903296n)
[37] Running Pancake IDTHSwTrans(1%, states=562, limit=1800s)... done (0.0436648s, 7317n)
[37] Running Pancake BiHS-Bloom(0.1%, optk, dynamic, size=1KiB, k=1, fp_est=0.998794, limit=120s)...Bloom filter size: 1 KiB, k_hashes: 1, min_items: 132
[TYPE] Splitting depth 14 into 2 hash types (Ff=6194, Fb=2581, min_items=132)
 done (0.698081s, 4903296n)
[37] Running Pancake IDTHSwTrans(0.1%, states=56, limit=1800s)... done (0.0522211s, 8046n)
Pancake #37 | A*: 0.11084s/3267n | Rev-A*: 0.10509s/3519n | BAE*: -3s/0n | NBS: -3s/0n | MM: 0.139637s/6513n | IDA*: -3s/0n | Parallel IDA*: -3s/0n | Rev-IDA*: -3s/0n | BiHS-Bloom(50%,optk,dynamic): 0.521795s/3356409n | IDTHSwTrans(50%): 0.0795079s/19738n | BiHS-Bloom(10%,optk,dynamic): 0.514667s/3356409n | IDTHSwTrans(10%): 0.0377868s/9628n | BiHS-Bloom(1%,optk,dynamic): 0.674971s/4903296n | IDTHSwTrans(1%): 0.0436648s/7317n | BiHS-Bloom(0.1%,optk,dynamic): 0.698081s/4903296n | IDTHSwTrans(0.1%): 0.0522211s/8046n | Length: 14
Results written to results/stp_pancake/parts/benchmark_pancake_37.csv
