------------------------------------
Sat 27 Jun 2026 20:37:21 IDT
SLURM_JOBID:		18468875
SLURM_JOB_NODELIST:	ise-cpu128-13
SLURM_SCRATCH_DIR:	/scratch/omerpr/18468875
Allocated Resouces:	cpu - 2 / mem - 65536 MB / gpu - 
SLURM_GPU_INDEX:	
Running as omerpr from felner account with normal QOS
------------------------------------
------------------------------------
Sat 27 Jun 2026 20:37:21 IDT
SLURM_JOBID:		18468875
SLURM_JOB_NODELIST:	ise-cpu128-13
SLURM_SCRATCH_DIR:	/scratch/omerpr/18468875
Allocated Resouces:	cpu - 2 / mem - 65536 MB / gpu - 
SLURM_GPU_INDEX:	
Running as omerpr from felner account with normal QOS
------------------------------------
Domain: Sliding Tile Puzzle
Starting Korf's Puzzle #38

[38] Running A*... done (4.27339s, 1117803n)
[38] Running Rev-A*... done (4.50176s, 1330419n)
[38] Skipping BAE*, NBS, IDA*, Rev-IDA*, and Parallel IDA*; use --full to run them
[38] Running MM... done (5.45728s, 1460636n)
[38] BiHS-Bloom timeout limit: 120s
[38] IDTHSwTrans state bound baseline: 2031949
[38] Running BiHS-Bloom(50%, optk, dynamic, size=5581KiB, k=23, fp_est=1.36394e-07, limit=120s)...
Bloom filter size: 5581 KiB, k_hashes: 23, min_items: 1015990
 done (6.58055s, 113681001n)
[38] Running IDTHSwTrans(50%, states=1015974, limit=1800s)... done (5.04546s, 766714n)
[38] Running BiHS-Bloom(10%, optk, dynamic, size=1116KiB, k=5, fp_est=0.0427406, limit=120s)...
Bloom filter size: 1116 KiB, k_hashes: 5, min_items: 203161
 done (6.57195s, 113681001n)
[38] Running IDTHSwTrans(10%, states=203194, limit=1800s)... done (5.05172s, 766714n)
[38] Running BiHS-Bloom(1%, optk, dynamic, size=112KiB, k=1, fp_est=0.78008, limit=120s)...
Bloom filter size: 112 KiB, k_hashes: 1, min_items: 20388
 done (7.12805s, 113681001n)
[38] Running IDTHSwTrans(1%, states=20319, limit=1800s)... done (2.60929s, 526883n)
[38] Running BiHS-Bloom(0.1%, optk, dynamic, size=11KiB, k=1, fp_est=1, limit=120s)...
Bloom filter size: 11 KiB, k_hashes: 1, min_items: 2002
[TYPE] Splitting depth 49 into 2 hash types (Ff=42107, Fb=206177, min_items=2002)
 done (6.88787s, 113955171n)
[38] Running IDTHSwTrans(0.1%, states=2031, limit=1800s)... done (1.73413s, 633555n)
Puzzle #38 | A*: 4.27339s/1117803n | Rev-A*: 4.50176s/1330419n | BAE*: -3s/0n | NBS: -3s/0n | MM: 5.45728s/1460636n | IDA*: -3s/0n | Parallel IDA*: -3s/0n | Rev-IDA*: -3s/0n | BiHS-Bloom(50%,optk,dynamic): 6.58055s/113681001n | IDTHSwTrans(50%): 5.04546s/766714n | BiHS-Bloom(10%,optk,dynamic): 6.57195s/113681001n | IDTHSwTrans(10%): 5.05172s/766714n | BiHS-Bloom(1%,optk,dynamic): 7.12805s/113681001n | IDTHSwTrans(1%): 2.60929s/526883n | BiHS-Bloom(0.1%,optk,dynamic): 6.88787s/113955171n | IDTHSwTrans(0.1%): 1.73413s/633555n | Length: 49
Results written to results/stp_pancake/parts/benchmark_stp_38.csv
