------------------------------------
Sat 27 Jun 2026 21:23:19 IDT
SLURM_JOBID:		18471068
SLURM_JOB_NODELIST:	ise-cpu-intl-27
SLURM_SCRATCH_DIR:	
Allocated Resouces:	cpu - 2 / mem - 65536 MB / gpu - 
SLURM_GPU_INDEX:	
Running as omerpr from felner account with normal QOS
------------------------------------
------------------------------------
Sat 27 Jun 2026 21:23:20 IDT
SLURM_JOBID:		18471068
SLURM_JOB_NODELIST:	ise-cpu-intl-27
SLURM_SCRATCH_DIR:	
Allocated Resouces:	cpu - 2 / mem - 65536 MB / gpu - 
SLURM_GPU_INDEX:	
Running as omerpr from felner account with normal QOS
------------------------------------
Domain: Pancake Puzzle
[0] Running Pancake A*... done (3.7036s, 100448n)
[0] Running Pancake Rev-A*... done (2.53257s, 74480n)
[0] Skipping BAE*, NBS, IDA*, Rev-IDA*, and Parallel IDA*; use --full to run them
[0] Running Pancake MM... done (3.67968s, 159430n)
[0] Pancake BiHS-Bloom timeout limit: 120s
[0] Pancake IDTHSwTrans state bound baseline: 1215270
[0] Running Pancake BiHS-Bloom(50%, optk, dynamic, size=4599KiB, k=18, fp_est=4.3012e-06, limit=120s)...Bloom filter size: 4599 KiB, k_hashes: 18, min_items: 607661
 done (10.983s, 65300754n)
[0] Running Pancake IDTHSwTrans(50%, states=607635, limit=1800s)... done (1.42784s, 103751n)
[0] Running Pancake BiHS-Bloom(10%, optk, dynamic, size=920KiB, k=4, fp_est=0.0852987, limit=120s)...Bloom filter size: 920 KiB, k_hashes: 4, min_items: 121558
 done (10.932s, 65300754n)
[0] Running Pancake IDTHSwTrans(10%, states=121527, limit=1800s)... done (1.12989s, 70696n)
[0] Running Pancake BiHS-Bloom(1%, optk, dynamic, size=92KiB, k=1, fp_est=0.856817, limit=120s)...Bloom filter size: 92 KiB, k_hashes: 1, min_items: 12155
 done (11.2807s, 65300754n)
[0] Running Pancake IDTHSwTrans(1%, states=12152, limit=1800s)... done (0.694368s, 42514n)
[0] Running Pancake BiHS-Bloom(0.1%, optk, dynamic, size=9KiB, k=1, fp_est=1, limit=120s)...Bloom filter size: 9 KiB, k_hashes: 1, min_items: 1189
[TYPE] Splitting depth 16 into 4 hash types (Ff=238965, Fb=41718, min_items=1189)
 done (9.09129s, 67535385n)
[0] Running Pancake IDTHSwTrans(0.1%, states=1215, limit=1800s)... done (0.834438s, 54947n)
Pancake #0 | A*: 3.7036s/100448n | Rev-A*: 2.53257s/74480n | BAE*: -3s/0n | NBS: -3s/0n | MM: 3.67968s/159430n | IDA*: -3s/0n | Parallel IDA*: -3s/0n | Rev-IDA*: -3s/0n | BiHS-Bloom(50%,optk,dynamic): 10.983s/65300754n | IDTHSwTrans(50%): 1.42784s/103751n | BiHS-Bloom(10%,optk,dynamic): 10.932s/65300754n | IDTHSwTrans(10%): 1.12989s/70696n | BiHS-Bloom(1%,optk,dynamic): 11.2807s/65300754n | IDTHSwTrans(1%): 0.694368s/42514n | BiHS-Bloom(0.1%,optk,dynamic): 9.09129s/67535385n | IDTHSwTrans(0.1%): 0.834438s/54947n | Length: 16
Results written to results/stp_pancake/parts/benchmark_pancake_0.csv
