------------------------------------
Sat 27 Jun 2026 20:27:42 IDT
SLURM_JOBID:		18468531
SLURM_JOB_NODELIST:	ise-cpu128-06
SLURM_SCRATCH_DIR:	/scratch/omerpr/18468531
Allocated Resouces:	cpu - 2 / mem - 65536 MB / gpu - 
SLURM_GPU_INDEX:	
Running as omerpr from felner account with normal QOS
------------------------------------
------------------------------------
Sat 27 Jun 2026 20:27:42 IDT
SLURM_JOBID:		18468531
SLURM_JOB_NODELIST:	ise-cpu128-06
SLURM_SCRATCH_DIR:	/scratch/omerpr/18468531
Allocated Resouces:	cpu - 2 / mem - 65536 MB / gpu - 
SLURM_GPU_INDEX:	
Running as omerpr from felner account with normal QOS
------------------------------------
Domain: Sliding Tile Puzzle
Starting Korf's Puzzle #24

[24] Running A*... done (19.8291s, 6227145n)
[24] Running Rev-A*... done (11.7748s, 3417467n)
[24] Skipping BAE*, NBS, IDA*, Rev-IDA*, and Parallel IDA*; use --full to run them
[24] Running MM... done (19.9634s, 5451657n)
[24] BiHS-Bloom timeout limit: 399.269s
[24] IDTHSwTrans state bound baseline: 6239495
[24] Running BiHS-Bloom(50%, optk, dynamic, size=17137KiB, k=15, fp_est=2.27995e-05, limit=399.269s)...
Bloom filter size: 17137 KiB, k_hashes: 15, min_items: 3119695
 done (15.2574s, 270598141n)
[24] Running IDTHSwTrans(50%, states=3119747, limit=1800s)... done (10.3275s, 1845559n)
[24] Running BiHS-Bloom(10%, optk, dynamic, size=3427KiB, k=3, fp_est=0.117948, limit=399.269s)...
Bloom filter size: 3427 KiB, k_hashes: 3, min_items: 623866
 done (15.1782s, 270598141n)
[24] Running IDTHSwTrans(10%, states=623949, limit=1800s)... done (9.62589s, 1648870n)
[24] Running BiHS-Bloom(1%, optk, dynamic, size=343KiB, k=1, fp_est=0.894097, limit=399.269s)...
Bloom filter size: 343 KiB, k_hashes: 1, min_items: 62441
 done (11.6951s, 272787086n)
[24] Running IDTHSwTrans(1%, states=62394, limit=1800s)... done (14.6787s, 1791616n)
[24] Running BiHS-Bloom(0.1%, optk, dynamic, size=34KiB, k=1, fp_est=1, limit=399.269s)...
Bloom filter size: 34 KiB, k_hashes: 1, min_items: 6189
[TYPE] Splitting depth 52 into 5 hash types (Ff=454421, Fb=907148, min_items=6189)
 done (13.1846s, 316564168n)
[24] Running IDTHSwTrans(0.1%, states=6239, limit=1800s)... done (14.5753s, 2862340n)
Puzzle #24 | A*: 19.8291s/6227145n | Rev-A*: 11.7748s/3417467n | BAE*: -3s/0n | NBS: -3s/0n | MM: 19.9634s/5451657n | IDA*: -3s/0n | Parallel IDA*: -3s/0n | Rev-IDA*: -3s/0n | BiHS-Bloom(50%,optk,dynamic): 15.2574s/270598141n | IDTHSwTrans(50%): 10.3275s/1845559n | BiHS-Bloom(10%,optk,dynamic): 15.1782s/270598141n | IDTHSwTrans(10%): 9.62589s/1648870n | BiHS-Bloom(1%,optk,dynamic): 11.6951s/272787086n | IDTHSwTrans(1%): 14.6787s/1791616n | BiHS-Bloom(0.1%,optk,dynamic): 13.1846s/316564168n | IDTHSwTrans(0.1%): 14.5753s/2862340n | Length: 52
Results written to results/stp_pancake/parts/benchmark_stp_24.csv
