------------------------------------
Sat 27 Jun 2026 20:43:42 IDT
SLURM_JOBID:		18469097
SLURM_JOB_NODELIST:	ise-cpu-intl-05
SLURM_SCRATCH_DIR:	/scratch/omerpr/18469097
Allocated Resouces:	cpu - 2 / mem - 65536 MB / gpu - 
SLURM_GPU_INDEX:	
Running as omerpr from felner account with normal QOS
------------------------------------
------------------------------------
Sat 27 Jun 2026 20:43:42 IDT
SLURM_JOBID:		18469097
SLURM_JOB_NODELIST:	ise-cpu-intl-05
SLURM_SCRATCH_DIR:	/scratch/omerpr/18469097
Allocated Resouces:	cpu - 2 / mem - 65536 MB / gpu - 
SLURM_GPU_INDEX:	
Running as omerpr from felner account with normal QOS
------------------------------------
Domain: Sliding Tile Puzzle
Starting Korf's Puzzle #50

[50] Running A*... done (8.99044s, 3031917n)
[50] Running Rev-A*... done (7.03859s, 2178811n)
[50] Skipping BAE*, NBS, IDA*, Rev-IDA*, and Parallel IDA*; use --full to run them
[50] Running MM... done (9.72455s, 2987373n)
[50] BiHS-Bloom timeout limit: 194.491s
[50] IDTHSwTrans state bound baseline: 4051621
[50] Running BiHS-Bloom(50%, optk, dynamic, size=11128KiB, k=18, fp_est=4.2738e-06, limit=194.491s)...
Bloom filter size: 11128 KiB, k_hashes: 18, min_items: 2025790
 done (11.2421s, 184586561n)
[50] Running IDTHSwTrans(50%, states=2025810, limit=1800s)... done (8.57814s, 5687128n)
[50] Running BiHS-Bloom(10%, optk, dynamic, size=2226KiB, k=4, fp_est=0.0851913, limit=194.491s)...
Bloom filter size: 2226 KiB, k_hashes: 4, min_items: 405230
 done (11.0441s, 184586561n)
[50] Running IDTHSwTrans(10%, states=405162, limit=1800s)... done (6.95681s, 2990264n)
[50] Running BiHS-Bloom(1%, optk, dynamic, size=223KiB, k=1, fp_est=0.856184, limit=194.491s)...
Bloom filter size: 223 KiB, k_hashes: 1, min_items: 40595
 done (7.91623s, 186930594n)
[50] Running IDTHSwTrans(1%, states=40516, limit=1800s)... done (8.53337s, 2742619n)
[50] Running BiHS-Bloom(0.1%, optk, dynamic, size=22KiB, k=1, fp_est=1, limit=194.491s)...
Bloom filter size: 22 KiB, k_hashes: 1, min_items: 4004
[TYPE] Splitting depth 56 into 7 hash types (Ff=369793, Fb=1059060, min_items=4004)
 done (9.23768s, 211709404n)
[50] Running IDTHSwTrans(0.1%, states=4051, limit=1800s)... done (8.87955s, 3318011n)
Puzzle #50 | A*: 8.99044s/3031917n | Rev-A*: 7.03859s/2178811n | BAE*: -3s/0n | NBS: -3s/0n | MM: 9.72455s/2987373n | IDA*: -3s/0n | Parallel IDA*: -3s/0n | Rev-IDA*: -3s/0n | BiHS-Bloom(50%,optk,dynamic): 11.2421s/184586561n | IDTHSwTrans(50%): 8.57814s/5687128n | BiHS-Bloom(10%,optk,dynamic): 11.0441s/184586561n | IDTHSwTrans(10%): 6.95681s/2990264n | BiHS-Bloom(1%,optk,dynamic): 7.91623s/186930594n | IDTHSwTrans(1%): 8.53337s/2742619n | BiHS-Bloom(0.1%,optk,dynamic): 9.23768s/211709404n | IDTHSwTrans(0.1%): 8.87955s/3318011n | Length: 56
Results written to results/stp_pancake/parts/benchmark_stp_50.csv
