------------------------------------
Sat 27 Jun 2026 21:25:54 IDT
SLURM_JOBID:		18471203
SLURM_JOB_NODELIST:	ise-cpu-intl-27
SLURM_SCRATCH_DIR:	
Allocated Resouces:	cpu - 2 / mem - 65536 MB / gpu - 
SLURM_GPU_INDEX:	
Running as omerpr from felner account with normal QOS
------------------------------------
------------------------------------
Sat 27 Jun 2026 21:25:55 IDT
SLURM_JOBID:		18471203
SLURM_JOB_NODELIST:	ise-cpu-intl-27
SLURM_SCRATCH_DIR:	
Allocated Resouces:	cpu - 2 / mem - 65536 MB / gpu - 
SLURM_GPU_INDEX:	
Running as omerpr from felner account with normal QOS
------------------------------------
Domain: Pancake Puzzle
[5] Running Pancake A*... done (11.7585s, 268549n)
[5] Running Pancake Rev-A*... done (11.6822s, 268549n)
[5] Skipping BAE*, NBS, IDA*, Rev-IDA*, and Parallel IDA*; use --full to run them
[5] Running Pancake MM... done (14.896s, 514712n)
[5] Pancake BiHS-Bloom timeout limit: 297.921s
[5] Pancake IDTHSwTrans state bound baseline: 4238938
[5] Running Pancake BiHS-Bloom(50%, optk, dynamic, size=16041KiB, k=22, fp_est=1.78206e-07, limit=297.921s)...Bloom filter size: 16041 KiB, k_hashes: 22, min_items: 2119481
 done (44.379s, 287631069n)
[5] Running Pancake IDTHSwTrans(50%, states=2119469, limit=1800s)... done (5.08482s, 185262n)
[5] Running Pancake BiHS-Bloom(10%, optk, dynamic, size=3208KiB, k=4, fp_est=0.0452204, limit=297.921s)...Bloom filter size: 3208 KiB, k_hashes: 4, min_items: 423869
 done (43.1463s, 287631069n)
[5] Running Pancake IDTHSwTrans(10%, states=423893, limit=1800s)... done (4.62021s, 162110n)
[5] Running Pancake BiHS-Bloom(1%, optk, dynamic, size=321KiB, k=1, fp_est=0.786643, limit=297.921s)...Bloom filter size: 321 KiB, k_hashes: 1, min_items: 42413
 done (46.696s, 367595388n)
[5] Running Pancake IDTHSwTrans(1%, states=42389, limit=1800s)... done (4.97997s, 120567n)
[5] Running Pancake BiHS-Bloom(0.1%, optk, dynamic, size=32KiB, k=1, fp_est=1, limit=297.921s)...Bloom filter size: 32 KiB, k_hashes: 1, min_items: 4228
[TYPE] Splitting depth 16 into 8 hash types (Ff=1706393, Fb=461100, min_items=4228)
 done (46.7412s, 367595388n)
[5] Running Pancake IDTHSwTrans(0.1%, states=4238, limit=1800s)... done (5.264s, 161961n)
Pancake #5 | A*: 11.7585s/268549n | Rev-A*: 11.6822s/268549n | BAE*: -3s/0n | NBS: -3s/0n | MM: 14.896s/514712n | IDA*: -3s/0n | Parallel IDA*: -3s/0n | Rev-IDA*: -3s/0n | BiHS-Bloom(50%,optk,dynamic): 44.379s/287631069n | IDTHSwTrans(50%): 5.08482s/185262n | BiHS-Bloom(10%,optk,dynamic): 43.1463s/287631069n | IDTHSwTrans(10%): 4.62021s/162110n | BiHS-Bloom(1%,optk,dynamic): 46.696s/367595388n | IDTHSwTrans(1%): 4.97997s/120567n | BiHS-Bloom(0.1%,optk,dynamic): 46.7412s/367595388n | IDTHSwTrans(0.1%): 5.264s/161961n | Length: 16
Results written to results/stp_pancake/parts/benchmark_pancake_5.csv
