------------------------------------
Sun 28 Jun 2026 02:29:18 IDT
SLURM_JOBID:		18485740
SLURM_JOB_NODELIST:	ise-cpu-intl-18
SLURM_SCRATCH_DIR:	
Allocated Resouces:	cpu - 2 / mem - 65536 MB / gpu - 
SLURM_GPU_INDEX:	
Running as omerpr from felner account with normal QOS
------------------------------------
------------------------------------
Sun 28 Jun 2026 02:29:18 IDT
SLURM_JOBID:		18485740
SLURM_JOB_NODELIST:	ise-cpu-intl-18
SLURM_SCRATCH_DIR:	
Allocated Resouces:	cpu - 2 / mem - 65536 MB / gpu - 
SLURM_GPU_INDEX:	
Running as omerpr from felner account with normal QOS
------------------------------------
Domain: Pancake Puzzle
[27] Running Pancake A*... done (9.89694s, 284568n)
[27] Running Pancake Rev-A*... done (9.98331s, 284568n)
[27] Running Pancake BAE*... done (9.87811s, 375741n)
[27] Running Pancake NBS... done (25.9988s, 540000n)
[27] Running Pancake MM... done (13.2451s, 540000n)
[27] Running Pancake IDA*... done (2.55753s, 861250n)
[27] Running Pancake Rev-IDA*... done (1.91629s, 861250n)
[27] Running Pancake Parallel IDA*...1994544 pieces of work generated
Starting iteration with bound 10.000000; 117326 expanded, 2229194 generated
Starting iteration with bound 11.000000; 117326 expanded, 2229194 generated
Starting iteration with bound 12.000000; 117326 expanded, 2229194 generated
Starting iteration with bound 13.000000; 117326 expanded, 2229194 generated
Starting iteration with bound 14.000000; 117587 expanded, 2234153 generated
Starting iteration with bound 15.000000; 134193 expanded, 2549667 generated
Starting iteration with bound 16.000000; 532834 expanded, 10123846 generated
 done (9.57617s, 1438009n)
[27] Pancake BiHS-Bloom timeout limit: 519.976s
[27] Pancake IDTHSwTrans state bound baseline: 4471940
[27] Running Pancake BiHS-Bloom(50%, optk, dynamic, size=16923KiB, k=23, fp_est=1.5329e-07, limit=519.976s)...Bloom filter size: 16923 KiB, k_hashes: 23, min_items: 2236019
 done (43.3155s, 306878469n)
[27] Running Pancake IDTHSwTrans(50%, states=2235970, limit=1800s)... done (3.94158s, 179100n)
[27] Running Pancake BiHS-Bloom(10%, optk, dynamic, size=3385KiB, k=5, fp_est=0.0437588, limit=519.976s)...Bloom filter size: 3385 KiB, k_hashes: 5, min_items: 447256
 done (42.1869s, 306878469n)
[27] Running Pancake IDTHSwTrans(10%, states=447194, limit=1800s)... done (3.4757s, 160250n)
[27] Running Pancake BiHS-Bloom(1%, optk, dynamic, size=338KiB, k=1, fp_est=0.784103, limit=519.976s)...Bloom filter size: 338 KiB, k_hashes: 1, min_items: 44659
 done (44.3926s, 387722304n)
[27] Running Pancake IDTHSwTrans(1%, states=44719, limit=1800s)... done (4.89326s, 140738n)
[27] Running Pancake BiHS-Bloom(0.1%, optk, dynamic, size=34KiB, k=1, fp_est=1, limit=519.976s)...Bloom filter size: 34 KiB, k_hashes: 1, min_items: 4492
[TYPE] Splitting depth 16 into 8 hash types (Ff=1893893, Fb=617077, min_items=4492)
 done (44.3672s, 387722304n)
[27] Running Pancake IDTHSwTrans(0.1%, states=4471, limit=1800s)... done (3.76158s, 150467n)
Pancake #27 | A*: 9.89694s/284568n | Rev-A*: 9.98331s/284568n | BAE*: 9.87811s/375741n | NBS: 25.9988s/540000n | MM: 13.2451s/540000n | IDA*: 2.55753s/861250n | Parallel IDA*: 9.57617s/1438009n | Rev-IDA*: 1.91629s/861250n | BiHS-Bloom(50%,optk,dynamic): 43.3155s/306878469n | IDTHSwTrans(50%): 3.94158s/179100n | BiHS-Bloom(10%,optk,dynamic): 42.1869s/306878469n | IDTHSwTrans(10%): 3.4757s/160250n | BiHS-Bloom(1%,optk,dynamic): 44.3926s/387722304n | IDTHSwTrans(1%): 4.89326s/140738n | BiHS-Bloom(0.1%,optk,dynamic): 44.3672s/387722304n | IDTHSwTrans(0.1%): 3.76158s/150467n | Length: 16
Results written to results/stp_pancake/parts/benchmark_pancake_27.csv
