------------------------------------
Mon 29 Jun 2026 00:52:44 IDT
SLURM_JOBID:		18546219
SLURM_JOB_NODELIST:	ise-cpu-intl-24
SLURM_SCRATCH_DIR:	
Allocated Resouces:	cpu - 2 / mem - 102400 MB / gpu - 
SLURM_GPU_INDEX:	
Running as omerpr from felner account with normal QOS
------------------------------------
------------------------------------
Mon 29 Jun 2026 00:52:44 IDT
SLURM_JOBID:		18546219
SLURM_JOB_NODELIST:	ise-cpu-intl-24
SLURM_SCRATCH_DIR:	
Allocated Resouces:	cpu - 2 / mem - 102400 MB / gpu - 
SLURM_GPU_INDEX:	
Running as omerpr from felner account with normal QOS
------------------------------------
Domain: Sliding Tile Puzzle
Starting Korf's Puzzle #75

[75] Running A*... done (36.9967s, 7596156n)
[75] Running Rev-A*... done (26.6117s, 5231024n)
[75] Running BAE*... done (13.183s, 2016581n)
[75] Running NBS... done (55.2429s, 7486174n)
[75] Running MM... done (40.281s, 7870712n)
[75] Running IDA*... done (106.664s, 236331472n)
[75] Running Rev-IDA*... done (13.2602s, 29875640n)
[75] Running Parallel IDA*...66 pieces of work generated
Starting iteration with bound 41.000000; 56 expanded, 176 generated
Starting iteration with bound 43.000000; 56 expanded, 176 generated
Starting iteration with bound 45.000000; 208 expanded, 627 generated
Starting iteration with bound 47.000000; 2341 expanded, 6991 generated
Starting iteration with bound 49.000000; 21450 expanded, 64207 generated
Starting iteration with bound 51.000000; 160219 expanded, 480652 generated
Starting iteration with bound 53.000000; 1079823 expanded, 3246251 generated
Starting iteration with bound 55.000000; 6823609 expanded, 20542471 generated
Starting iteration with bound 57.000000; 41486604 expanded, 125044194 generated
 done (58.474s, 239623194n)
[75] BiHS-Bloom timeout limit: 2133.28s
[75] IDTHSwTrans state bound baseline: 9496381
[75] Running BiHS-Bloom(50%, k1, dynamic, size=26083KiB, k=1, fp_est=0.0378365, limit=2133.28s)...
Bloom filter size: 26083 KiB, k_hashes: 1, min_items: 4748265
 done (56.3361s, 476238860n)
[75] Running IDTHSwTrans(50%, states=4748190, limit=1800s)... done (31.0814s, 4502814n)
[75] Running BiHS-Bloom(50%, optk, dynamic, size=26083KiB, k=18, fp_est=3.8929e-06, limit=2133.28s)...
Bloom filter size: 26083 KiB, k_hashes: 18, min_items: 4748265
 done (53.2296s, 476238860n)
[75] Running IDTHSwTrans(50%, states=4748190, limit=1800s)... done (31.1087s, 4502814n)
[75] Running BiHS-Bloom(50%, rootk, dynamic, size=26083KiB, k=4, fp_est=0.000417822, limit=2133.28s)...
Bloom filter size: 26083 KiB, k_hashes: 4, min_items: 4748265
 done (52.5656s, 476238860n)
[75] Running IDTHSwTrans(50%, states=4748190, limit=1800s)... done (31.0278s, 4502814n)
[75] Running BiHS-Bloom(10%, k1, dynamic, size=5217KiB, k=1, fp_est=0.175386, limit=2133.28s)...
Bloom filter size: 5217 KiB, k_hashes: 1, min_items: 949725
 done (56.8752s, 476238860n)
[75] Running IDTHSwTrans(10%, states=949638, limit=1800s)... done (77.4721s, 5101880n)
[75] Running BiHS-Bloom(10%, optk, dynamic, size=5217KiB, k=4, fp_est=0.0835386, limit=2133.28s)...
Bloom filter size: 5217 KiB, k_hashes: 4, min_items: 949725
 done (52.3103s, 476238860n)
[75] Running IDTHSwTrans(10%, states=949638, limit=1800s)... done (77.5392s, 5101880n)
[75] Running BiHS-Bloom(10%, rootk, dynamic, size=5217KiB, k=2, fp_est=0.102407, limit=2133.28s)...
Bloom filter size: 5217 KiB, k_hashes: 2, min_items: 949725
 done (55.4906s, 476238860n)
[75] Running IDTHSwTrans(10%, states=949638, limit=1800s)... done (77.6123s, 5101880n)
[75] Running BiHS-Bloom(1%, k1, dynamic, size=522KiB, k=1, fp_est=0.854458, limit=2133.28s)...
Bloom filter size: 522 KiB, k_hashes: 1, min_items: 95027
 done (39.8329s, 481482141n)
[75] Running IDTHSwTrans(1%, states=94963, limit=1800s)... done (102.524s, 7080551n)
[75] Running BiHS-Bloom(1%, optk, dynamic, size=522KiB, k=1, fp_est=0.854458, limit=2133.28s)...
Bloom filter size: 522 KiB, k_hashes: 1, min_items: 95027
 done (39.8503s, 481482141n)
[75] Running IDTHSwTrans(1%, states=94963, limit=1800s)... done (102.615s, 7080551n)
[75] Running BiHS-Bloom(1%, rootk, dynamic, size=522KiB, k=1, fp_est=0.854458, limit=2133.28s)...
Bloom filter size: 522 KiB, k_hashes: 1, min_items: 95027
 done (39.95s, 481482141n)
[75] Running IDTHSwTrans(1%, states=94963, limit=1800s)... done (102.881s, 7080551n)
[75] Running BiHS-Bloom(0.1%, k1, dynamic, size=52KiB, k=1, fp_est=1, limit=2133.28s)...
Bloom filter size: 52 KiB, k_hashes: 1, min_items: 9466
[TYPE] Splitting depth 57 into 6 hash types (Ff=916874, Fb=1742842, min_items=9466)
 done (68.3214s, 488682915n)
[75] Running IDTHSwTrans(0.1%, states=9496, limit=1800s)... done (108.392s, 11504812n)
[75] Running BiHS-Bloom(0.1%, optk, dynamic, size=52KiB, k=1, fp_est=1, limit=2133.28s)...
Bloom filter size: 52 KiB, k_hashes: 1, min_items: 9466
[TYPE] Splitting depth 57 into 6 hash types (Ff=916874, Fb=1739885, min_items=9466)
 done (68.5171s, 488682915n)
[75] Running IDTHSwTrans(0.1%, states=9496, limit=1800s)... done (108.152s, 11504812n)
[75] Running BiHS-Bloom(0.1%, rootk, dynamic, size=52KiB, k=1, fp_est=1, limit=2133.28s)...
Bloom filter size: 52 KiB, k_hashes: 1, min_items: 9466
[TYPE] Splitting depth 57 into 6 hash types (Ff=916874, Fb=1750982, min_items=9466)
 done (68.7063s, 488682915n)
[75] Running IDTHSwTrans(0.1%, states=9496, limit=1800s)... done (108.222s, 11504812n)
Puzzle #75 | A*: 36.9967s/7596156n | Rev-A*: 26.6117s/5231024n | BAE*: 13.183s/2016581n | NBS: 55.2429s/7486174n | MM: 40.281s/7870712n | IDA*: 106.664s/236331472n | Parallel IDA*: 58.474s/239623194n | Rev-IDA*: 13.2602s/29875640n | BiHS-Bloom(50%,k1,dynamic): 56.3361s/476238860n | IDTHSwTrans(50%): 31.0814s/4502814n | BiHS-Bloom(50%,optk,dynamic): 53.2296s/476238860n | IDTHSwTrans(50%): 31.1087s/4502814n | BiHS-Bloom(50%,rootk,dynamic): 52.5656s/476238860n | IDTHSwTrans(50%): 31.0278s/4502814n | BiHS-Bloom(10%,k1,dynamic): 56.8752s/476238860n | IDTHSwTrans(10%): 77.4721s/5101880n | BiHS-Bloom(10%,optk,dynamic): 52.3103s/476238860n | IDTHSwTrans(10%): 77.5392s/5101880n | BiHS-Bloom(10%,rootk,dynamic): 55.4906s/476238860n | IDTHSwTrans(10%): 77.6123s/5101880n | BiHS-Bloom(1%,k1,dynamic): 39.8329s/481482141n | IDTHSwTrans(1%): 102.524s/7080551n | BiHS-Bloom(1%,optk,dynamic): 39.8503s/481482141n | IDTHSwTrans(1%): 102.615s/7080551n | BiHS-Bloom(1%,rootk,dynamic): 39.95s/481482141n | IDTHSwTrans(1%): 102.881s/7080551n | BiHS-Bloom(0.1%,k1,dynamic): 68.3214s/488682915n | IDTHSwTrans(0.1%): 108.392s/11504812n | BiHS-Bloom(0.1%,optk,dynamic): 68.5171s/488682915n | IDTHSwTrans(0.1%): 108.152s/11504812n | BiHS-Bloom(0.1%,rootk,dynamic): 68.7063s/488682915n | IDTHSwTrans(0.1%): 108.222s/11504812n | Length: 57
Results written to results/stp_pancake/parts/benchmark_stp_75.csv
