------------------------------------
Sat 27 Jun 2026 21:49:23 IDT
SLURM_JOBID:		18472365
SLURM_JOB_NODELIST:	ise-cpu-intl-24
SLURM_SCRATCH_DIR:	
Allocated Resouces:	cpu - 2 / mem - 65536 MB / gpu - 
SLURM_GPU_INDEX:	
Running as omerpr from felner account with normal QOS
------------------------------------
------------------------------------
Sat 27 Jun 2026 21:49:23 IDT
SLURM_JOBID:		18472365
SLURM_JOB_NODELIST:	ise-cpu-intl-24
SLURM_SCRATCH_DIR:	
Allocated Resouces:	cpu - 2 / mem - 65536 MB / gpu - 
SLURM_GPU_INDEX:	
Running as omerpr from felner account with normal QOS
------------------------------------
Domain: Pancake Puzzle
[63] Running Pancake A*... done (7.98274s, 166029n)
[63] Running Pancake Rev-A*... done (5.11802s, 104075n)
[63] Skipping BAE*, NBS, IDA*, Rev-IDA*, and Parallel IDA*; use --full to run them
[63] Running Pancake MM... done (9.32105s, 249660n)
[63] Pancake BiHS-Bloom timeout limit: 186.421s
[63] Pancake IDTHSwTrans state bound baseline: 1694718
[63] Running Pancake BiHS-Bloom(50%, optk, dynamic, size=6413KiB, k=14, fp_est=5.08901e-05, limit=186.421s)...Bloom filter size: 6413 KiB, k_hashes: 14, min_items: 847343
 done (27.2964s, 133194807n)
[63] Running Pancake IDTHSwTrans(50%, states=847359, limit=1800s)... done (7.18232s, 485217n)
[63] Running Pancake BiHS-Bloom(10%, optk, dynamic, size=1283KiB, k=3, fp_est=0.13856, limit=186.421s)...Bloom filter size: 1283 KiB, k_hashes: 3, min_items: 169521
 done (26.877s, 133194807n)
[63] Running Pancake IDTHSwTrans(10%, states=169471, limit=1800s)... done (3.81787s, 214078n)
[63] Running Pancake BiHS-Bloom(1%, optk, dynamic, size=128KiB, k=1, fp_est=0.912374, limit=186.421s)...Bloom filter size: 128 KiB, k_hashes: 1, min_items: 16912
 done (32.2761s, 173204886n)
[63] Running Pancake IDTHSwTrans(1%, states=16947, limit=1800s)... done (2.3387s, 157371n)
[63] Running Pancake BiHS-Bloom(0.1%, optk, dynamic, size=13KiB, k=1, fp_est=1, limit=186.421s)...Bloom filter size: 13 KiB, k_hashes: 1, min_items: 1717
[TYPE] Splitting depth 17 into 7 hash types (Ff=836113, Fb=107723, min_items=1717)
 done (34.5619s, 173204886n)
[63] Running Pancake IDTHSwTrans(0.1%, states=1694, limit=1800s)... done (2.29605s, 164717n)
Pancake #63 | A*: 7.98274s/166029n | Rev-A*: 5.11802s/104075n | BAE*: -3s/0n | NBS: -3s/0n | MM: 9.32105s/249660n | IDA*: -3s/0n | Parallel IDA*: -3s/0n | Rev-IDA*: -3s/0n | BiHS-Bloom(50%,optk,dynamic): 27.2964s/133194807n | IDTHSwTrans(50%): 7.18232s/485217n | BiHS-Bloom(10%,optk,dynamic): 26.877s/133194807n | IDTHSwTrans(10%): 3.81787s/214078n | BiHS-Bloom(1%,optk,dynamic): 32.2761s/173204886n | IDTHSwTrans(1%): 2.3387s/157371n | BiHS-Bloom(0.1%,optk,dynamic): 34.5619s/173204886n | IDTHSwTrans(0.1%): 2.29605s/164717n | Length: 17
Results written to results/stp_pancake/parts/benchmark_pancake_63.csv
