------------------------------------
Sat 27 Jun 2026 20:56:53 IDT
SLURM_JOBID:		18469722
SLURM_JOB_NODELIST:	ise-cpu-intl-24
SLURM_SCRATCH_DIR:	
Allocated Resouces:	cpu - 2 / mem - 65536 MB / gpu - 
SLURM_GPU_INDEX:	
Running as omerpr from felner account with normal QOS
------------------------------------
------------------------------------
Sat 27 Jun 2026 20:56:53 IDT
SLURM_JOBID:		18469722
SLURM_JOB_NODELIST:	ise-cpu-intl-24
SLURM_SCRATCH_DIR:	
Allocated Resouces:	cpu - 2 / mem - 65536 MB / gpu - 
SLURM_GPU_INDEX:	
Running as omerpr from felner account with normal QOS
------------------------------------
Domain: Sliding Tile Puzzle
Starting Korf's Puzzle #65

[65] Running A*... done (422.136s, 71594600n)
[65] Running Rev-A*... done (158.241s, 22052058n)
[65] Skipping BAE*, NBS, IDA*, Rev-IDA*, and Parallel IDA*; use --full to run them
[65] Running MM... done (285.717s, 46723169n)
[65] BiHS-Bloom timeout limit: 8442.73s
[65] IDTHSwTrans state bound baseline: 39207223
[65] Running BiHS-Bloom(50%, optk, dynamic, size=107686KiB, k=10, fp_est=0.00099636, limit=8442.73s)...
Bloom filter size: 107686 KiB, k_hashes: 10, min_items: 19603638
 done (328.116s, 2962784854n)
[65] Running IDTHSwTrans(50%, states=19603611, limit=1800s)... done (121.664s, 12966179n)
[65] Running BiHS-Bloom(10%, optk, dynamic, size=21537KiB, k=2, fp_est=0.251009, limit=8442.73s)...
Bloom filter size: 21537 KiB, k_hashes: 2, min_items: 3920691
 done (304.128s, 2962784854n)
[65] Running IDTHSwTrans(10%, states=3920722, limit=1800s)... done (121.223s, 12797384n)
[65] Running BiHS-Bloom(1%, optk, dynamic, size=2154KiB, k=1, fp_est=0.969049, limit=8442.73s)...
Bloom filter size: 2154 KiB, k_hashes: 1, min_items: 392123
 done (304.349s, 2962784854n)
[65] Running IDTHSwTrans(1%, states=392072, limit=1800s)... done (119.463s, 10101339n)
[65] Running BiHS-Bloom(0.1%, optk, dynamic, size=215KiB, k=1, fp_est=1, limit=8442.73s)...
Bloom filter size: 215 KiB, k_hashes: 1, min_items: 39139
 done (304.978s, 2962784854n)
[65] Running IDTHSwTrans(0.1%, states=39207, limit=1800s)... done (107.211s, 12340640n)
Puzzle #65 | A*: 422.136s/71594600n | Rev-A*: 158.241s/22052058n | BAE*: -3s/0n | NBS: -3s/0n | MM: 285.717s/46723169n | IDA*: -3s/0n | Parallel IDA*: -3s/0n | Rev-IDA*: -3s/0n | BiHS-Bloom(50%,optk,dynamic): 328.116s/2962784854n | IDTHSwTrans(50%): 121.664s/12966179n | BiHS-Bloom(10%,optk,dynamic): 304.128s/2962784854n | IDTHSwTrans(10%): 121.223s/12797384n | BiHS-Bloom(1%,optk,dynamic): 304.349s/2962784854n | IDTHSwTrans(1%): 119.463s/10101339n | BiHS-Bloom(0.1%,optk,dynamic): 304.978s/2962784854n | IDTHSwTrans(0.1%): 107.211s/12340640n | Length: 61
Results written to results/stp_pancake/parts/benchmark_stp_65.csv
