------------------------------------
Sat 27 Jun 2026 21:31:42 IDT
SLURM_JOBID:		18471499
SLURM_JOB_NODELIST:	cs-cpu-06
SLURM_SCRATCH_DIR:	
Allocated Resouces:	cpu - 2 / mem - 65536 MB / gpu - 
SLURM_GPU_INDEX:	
Running as omerpr from felner account with normal QOS
------------------------------------
------------------------------------
Sat 27 Jun 2026 21:31:43 IDT
SLURM_JOBID:		18471499
SLURM_JOB_NODELIST:	cs-cpu-06
SLURM_SCRATCH_DIR:	
Allocated Resouces:	cpu - 2 / mem - 65536 MB / gpu - 
SLURM_GPU_INDEX:	
Running as omerpr from felner account with normal QOS
------------------------------------
Domain: Pancake Puzzle
[20] Running Pancake A*... done (4.44729s, 108465n)
[20] Running Pancake Rev-A*... done (3.08352s, 91315n)
[20] Skipping BAE*, NBS, IDA*, Rev-IDA*, and Parallel IDA*; use --full to run them
[20] Running Pancake MM... done (4.41797s, 185070n)
[20] Pancake BiHS-Bloom timeout limit: 120s
[20] Pancake IDTHSwTrans state bound baseline: 1489705
[20] Running Pancake BiHS-Bloom(50%, optk, dynamic, size=5637KiB, k=20, fp_est=1.29106e-06, limit=120s)...Bloom filter size: 5637 KiB, k_hashes: 20, min_items: 744811
 done (12.1939s, 82517790n)
[20] Running Pancake IDTHSwTrans(50%, states=744852, limit=1800s)... done (1.05582s, 98118n)
[20] Running Pancake BiHS-Bloom(10%, optk, dynamic, size=1127KiB, k=4, fp_est=0.0664681, limit=120s)...Bloom filter size: 1127 KiB, k_hashes: 4, min_items: 148909
 done (12.0951s, 82517790n)
[20] Running Pancake IDTHSwTrans(10%, states=148970, limit=1800s)... done (0.899008s, 72692n)
[20] Running Pancake BiHS-Bloom(1%, optk, dynamic, size=113KiB, k=1, fp_est=0.829196, limit=120s)...Bloom filter size: 113 KiB, k_hashes: 1, min_items: 14930
 done (10.3544s, 93832197n)
[20] Running Pancake IDTHSwTrans(1%, states=14897, limit=1800s)... done (1.22746s, 54491n)
[20] Running Pancake BiHS-Bloom(0.1%, optk, dynamic, size=11KiB, k=1, fp_est=1, limit=120s)...Bloom filter size: 11 KiB, k_hashes: 1, min_items: 1453
[TYPE] Splitting depth 16 into 7 hash types (Ff=561252, Fb=96847, min_items=1453)
 done (10.4127s, 93832197n)
[20] Running Pancake IDTHSwTrans(0.1%, states=1489, limit=1800s)... done (1.27553s, 67016n)
Pancake #20 | A*: 4.44729s/108465n | Rev-A*: 3.08352s/91315n | BAE*: -3s/0n | NBS: -3s/0n | MM: 4.41797s/185070n | IDA*: -3s/0n | Parallel IDA*: -3s/0n | Rev-IDA*: -3s/0n | BiHS-Bloom(50%,optk,dynamic): 12.1939s/82517790n | IDTHSwTrans(50%): 1.05582s/98118n | BiHS-Bloom(10%,optk,dynamic): 12.0951s/82517790n | IDTHSwTrans(10%): 0.899008s/72692n | BiHS-Bloom(1%,optk,dynamic): 10.3544s/93832197n | IDTHSwTrans(1%): 1.22746s/54491n | BiHS-Bloom(0.1%,optk,dynamic): 10.4127s/93832197n | IDTHSwTrans(0.1%): 1.27553s/67016n | Length: 16
Results written to results/stp_pancake/parts/benchmark_pancake_20.csv
