------------------------------------
Mon 29 Jun 2026 01:10:51 IDT
SLURM_JOBID:		18546598
SLURM_JOB_NODELIST:	ise-cpu256-01
SLURM_SCRATCH_DIR:	/scratch/omerpr/18546598
Allocated Resouces:	cpu - 2 / mem - 102400 MB / gpu - 
SLURM_GPU_INDEX:	
Running as omerpr from felner account with normal QOS
------------------------------------
------------------------------------
Mon 29 Jun 2026 01:10:51 IDT
SLURM_JOBID:		18546598
SLURM_JOB_NODELIST:	ise-cpu256-01
SLURM_SCRATCH_DIR:	/scratch/omerpr/18546598
Allocated Resouces:	cpu - 2 / mem - 102400 MB / gpu - 
SLURM_GPU_INDEX:	
Running as omerpr from felner account with normal QOS
------------------------------------
Domain: Sliding Tile Puzzle
Starting Korf's Puzzle #85

[85] Running A*... done (0.372145s, 195559n)
[85] Running Rev-A*... done (0.416074s, 223537n)
[85] Running BAE*... done (0.31332s, 174312n)
[85] Running NBS... done (0.622626s, 232862n)
[85] Running MM... done (0.380257s, 224068n)
[85] Running IDA*... done (0.170192s, 771622n)
[85] Running Rev-IDA*... done (0.245958s, 1072609n)
[85] Running Parallel IDA*...66 pieces of work generated
Starting iteration with bound 35.000000; 56 expanded, 176 generated
Starting iteration with bound 37.000000; 56 expanded, 176 generated
Starting iteration with bound 39.000000; 769 expanded, 2329 generated
Starting iteration with bound 41.000000; 9550 expanded, 29058 generated
Starting iteration with bound 43.000000; 79599 expanded, 242317 generated
Starting iteration with bound 45.000000; 539817 expanded, 1644265 generated
 done (0.272006s, 1552224n)
[85] BiHS-Bloom timeout limit: 120s
[85] IDTHSwTrans state bound baseline: 369796
[85] Running BiHS-Bloom(50%, k1, dynamic, size=1016KiB, k=1, fp_est=0.0269948, limit=120s)...
Bloom filter size: 1016 KiB, k_hashes: 1, min_items: 184957
 done (0.448758s, 9352593n)
[85] Running IDTHSwTrans(50%, states=184898, limit=1800s)... done (0.317329s, 241616n)
[85] Running BiHS-Bloom(50%, optk, dynamic, size=1016KiB, k=25, fp_est=2.37486e-08, limit=120s)...
Bloom filter size: 1016 KiB, k_hashes: 25, min_items: 184957
 done (0.424786s, 9352593n)
[85] Running IDTHSwTrans(50%, states=184898, limit=1800s)... done (0.31368s, 241616n)
[85] Running BiHS-Bloom(50%, rootk, dynamic, size=1016KiB, k=5, fp_est=3.42002e-05, limit=120s)...
Bloom filter size: 1016 KiB, k_hashes: 5, min_items: 184957
 done (0.391033s, 9352593n)
[85] Running IDTHSwTrans(50%, states=184898, limit=1800s)... done (0.314355s, 241616n)
[85] Running BiHS-Bloom(10%, k1, dynamic, size=203KiB, k=1, fp_est=0.127998, limit=120s)...
Bloom filter size: 203 KiB, k_hashes: 1, min_items: 36955
 done (0.452993s, 9352593n)
[85] Running IDTHSwTrans(10%, states=36979, limit=1800s)... done (0.252938s, 173949n)
[85] Running BiHS-Bloom(10%, optk, dynamic, size=203KiB, k=5, fp_est=0.0299652, limit=120s)...
Bloom filter size: 203 KiB, k_hashes: 5, min_items: 36955
 done (0.393772s, 9352593n)
[85] Running IDTHSwTrans(10%, states=36979, limit=1800s)... done (0.256013s, 173949n)
[85] Running BiHS-Bloom(10%, rootk, dynamic, size=203KiB, k=2, fp_est=0.0574145, limit=120s)...
Bloom filter size: 203 KiB, k_hashes: 2, min_items: 36955
 done (0.387246s, 9352593n)
[85] Running IDTHSwTrans(10%, states=36979, limit=1800s)... done (0.252452s, 173949n)
[85] Running BiHS-Bloom(1%, k1, dynamic, size=20KiB, k=1, fp_est=0.750971, limit=120s)...
Bloom filter size: 20 KiB, k_hashes: 1, min_items: 3640
 done (0.73889s, 16806553n)
[85] Running IDTHSwTrans(1%, states=3697, limit=1800s)... done (0.229049s, 123817n)
[85] Running BiHS-Bloom(1%, optk, dynamic, size=20KiB, k=1, fp_est=0.750971, limit=120s)...
Bloom filter size: 20 KiB, k_hashes: 1, min_items: 3640
 done (0.743134s, 16806553n)
[85] Running IDTHSwTrans(1%, states=3697, limit=1800s)... done (0.226947s, 123817n)
[85] Running BiHS-Bloom(1%, rootk, dynamic, size=20KiB, k=1, fp_est=0.750971, limit=120s)...
Bloom filter size: 20 KiB, k_hashes: 1, min_items: 3640
 done (0.748609s, 16806553n)
[85] Running IDTHSwTrans(1%, states=3697, limit=1800s)... done (0.230268s, 123817n)
[85] Running BiHS-Bloom(0.1%, k1, dynamic, size=2KiB, k=1, fp_est=0.999999, limit=120s)...
Bloom filter size: 2 KiB, k_hashes: 1, min_items: 364
[TYPE] Splitting depth 43 into 2 hash types (Ff=21565, Fb=5031, min_items=364)
[TYPE] Splitting depth 45 into 8 hash types (Ff=174330, Fb=66978, min_items=364)
 done (1.01501s, 19133934n)
[85] Running IDTHSwTrans(0.1%, states=369, limit=1800s)... done (0.276062s, 178719n)
[85] Running BiHS-Bloom(0.1%, optk, dynamic, size=2KiB, k=1, fp_est=0.999999, limit=120s)...
Bloom filter size: 2 KiB, k_hashes: 1, min_items: 364
[TYPE] Splitting depth 43 into 2 hash types (Ff=21565, Fb=5134, min_items=364)
[TYPE] Splitting depth 45 into 8 hash types (Ff=174330, Fb=66796, min_items=364)
 done (1.0106s, 19133934n)
[85] Running IDTHSwTrans(0.1%, states=369, limit=1800s)... done (0.270975s, 178719n)
[85] Running BiHS-Bloom(0.1%, rootk, dynamic, size=2KiB, k=1, fp_est=0.999999, limit=120s)...
Bloom filter size: 2 KiB, k_hashes: 1, min_items: 364
[TYPE] Splitting depth 43 into 2 hash types (Ff=21565, Fb=5018, min_items=364)
[TYPE] Splitting depth 45 into 8 hash types (Ff=174330, Fb=66729, min_items=364)
 done (0.989932s, 19133934n)
[85] Running IDTHSwTrans(0.1%, states=369, limit=1800s)... done (0.27353s, 178719n)
Puzzle #85 | A*: 0.372145s/195559n | Rev-A*: 0.416074s/223537n | BAE*: 0.31332s/174312n | NBS: 0.622626s/232862n | MM: 0.380257s/224068n | IDA*: 0.170192s/771622n | Parallel IDA*: 0.272006s/1552224n | Rev-IDA*: 0.245958s/1072609n | BiHS-Bloom(50%,k1,dynamic): 0.448758s/9352593n | IDTHSwTrans(50%): 0.317329s/241616n | BiHS-Bloom(50%,optk,dynamic): 0.424786s/9352593n | IDTHSwTrans(50%): 0.31368s/241616n | BiHS-Bloom(50%,rootk,dynamic): 0.391033s/9352593n | IDTHSwTrans(50%): 0.314355s/241616n | BiHS-Bloom(10%,k1,dynamic): 0.452993s/9352593n | IDTHSwTrans(10%): 0.252938s/173949n | BiHS-Bloom(10%,optk,dynamic): 0.393772s/9352593n | IDTHSwTrans(10%): 0.256013s/173949n | BiHS-Bloom(10%,rootk,dynamic): 0.387246s/9352593n | IDTHSwTrans(10%): 0.252452s/173949n | BiHS-Bloom(1%,k1,dynamic): 0.73889s/16806553n | IDTHSwTrans(1%): 0.229049s/123817n | BiHS-Bloom(1%,optk,dynamic): 0.743134s/16806553n | IDTHSwTrans(1%): 0.226947s/123817n | BiHS-Bloom(1%,rootk,dynamic): 0.748609s/16806553n | IDTHSwTrans(1%): 0.230268s/123817n | BiHS-Bloom(0.1%,k1,dynamic): 1.01501s/19133934n | IDTHSwTrans(0.1%): 0.276062s/178719n | BiHS-Bloom(0.1%,optk,dynamic): 1.0106s/19133934n | IDTHSwTrans(0.1%): 0.270975s/178719n | BiHS-Bloom(0.1%,rootk,dynamic): 0.989932s/19133934n | IDTHSwTrans(0.1%): 0.27353s/178719n | Length: 45
Results written to results/stp_pancake/parts/benchmark_stp_85.csv
