------------------------------------
Mon 29 Jun 2026 03:20:44 IDT
SLURM_JOBID:		18548967
SLURM_JOB_NODELIST:	ise-cpu-intl-23
SLURM_SCRATCH_DIR:	/scratch/omerpr/18548967
Allocated Resouces:	cpu - 2 / mem - 102400 MB / gpu - 
SLURM_GPU_INDEX:	
Running as omerpr from felner account with normal QOS
------------------------------------
------------------------------------
Mon 29 Jun 2026 03:20:44 IDT
SLURM_JOBID:		18548967
SLURM_JOB_NODELIST:	ise-cpu-intl-23
SLURM_SCRATCH_DIR:	/scratch/omerpr/18548967
Allocated Resouces:	cpu - 2 / mem - 102400 MB / gpu - 
SLURM_GPU_INDEX:	
Running as omerpr from felner account with normal QOS
------------------------------------
Domain: Pancake Puzzle
[89] Running Pancake A*... done (1.61042s, 40650n)
[89] Running Pancake Rev-A*... done (1.67391s, 45440n)
[89] Running Pancake BAE*... done (1.49294s, 60403n)
[89] Running Pancake NBS... done (4.1024s, 80350n)
[89] Running Pancake MM... done (2.21183s, 81574n)
[89] Running Pancake IDA*... done (0.152317s, 63015n)
[89] Running Pancake Rev-IDA*... done (1.03516s, 426489n)
[89] Running Pancake Parallel IDA*...1994544 pieces of work generated
Starting iteration with bound 10.000000; 117326 expanded, 2229194 generated
Starting iteration with bound 11.000000; 117326 expanded, 2229194 generated
Starting iteration with bound 12.000000; 117326 expanded, 2229194 generated
Starting iteration with bound 13.000000; 117330 expanded, 2229270 generated
Starting iteration with bound 14.000000; 118174 expanded, 2245306 generated
Starting iteration with bound 15.000000; 152258 expanded, 2892902 generated
 done (7.3187s, 336231n)
[89] Pancake BiHS-Bloom timeout limit: 146.374s
[89] Pancake IDTHSwTrans state bound baseline: 671026
[89] Running Pancake BiHS-Bloom(50%, k1, dynamic, size=2539KiB, k=1, fp_est=0.0311727, limit=146.374s)...Bloom filter size: 2539 KiB, k_hashes: 1, min_items: 335475
 done (6.82897s, 43693623n)
[89] Running Pancake IDTHSwTrans(50%, states=335513, limit=1800s)... done (2.03425s, 81736n)
[89] Running Pancake BiHS-Bloom(50%, optk, dynamic, size=2539KiB, k=22, fp_est=2.57814e-07, limit=146.374s)...Bloom filter size: 2539 KiB, k_hashes: 22, min_items: 335475
 done (6.93377s, 43693623n)
[89] Running Pancake IDTHSwTrans(50%, states=335513, limit=1800s)... done (2.02895s, 81736n)
[89] Running Pancake BiHS-Bloom(50%, rootk, dynamic, size=2539KiB, k=5, fp_est=6.73535e-05, limit=146.374s)...Bloom filter size: 2539 KiB, k_hashes: 5, min_items: 335475
 done (6.82076s, 43693623n)
[89] Running Pancake IDTHSwTrans(50%, states=335513, limit=1800s)... done (1.9172s, 81736n)
[89] Running Pancake BiHS-Bloom(10%, k1, dynamic, size=508KiB, k=1, fp_est=0.146391, limit=146.374s)...Bloom filter size: 508 KiB, k_hashes: 1, min_items: 67121
 done (7.0853s, 43693623n)
[89] Running Pancake IDTHSwTrans(10%, states=67102, limit=1800s)... done (0.916051s, 50441n)
[89] Running Pancake BiHS-Bloom(10%, optk, dynamic, size=508KiB, k=4, fp_est=0.0484123, limit=146.374s)...Bloom filter size: 508 KiB, k_hashes: 4, min_items: 67121
 done (6.84565s, 43693623n)
[89] Running Pancake IDTHSwTrans(10%, states=67102, limit=1800s)... done (0.836949s, 50441n)
[89] Running Pancake BiHS-Bloom(10%, rootk, dynamic, size=508KiB, k=2, fp_est=0.0736317, limit=146.374s)...Bloom filter size: 508 KiB, k_hashes: 2, min_items: 67121
 done (6.83078s, 43693623n)
[89] Running Pancake IDTHSwTrans(10%, states=67102, limit=1800s)... done (0.831743s, 50441n)
[89] Running Pancake BiHS-Bloom(1%, k1, dynamic, size=51KiB, k=1, fp_est=0.793326, limit=146.374s)...Bloom filter size: 51 KiB, k_hashes: 1, min_items: 6738
 done (9.31125s, 59412522n)
[89] Running Pancake IDTHSwTrans(1%, states=6710, limit=1800s)... done (0.259843s, 24933n)
[89] Running Pancake BiHS-Bloom(1%, optk, dynamic, size=51KiB, k=1, fp_est=0.793326, limit=146.374s)...Bloom filter size: 51 KiB, k_hashes: 1, min_items: 6738
 done (9.19019s, 59412522n)
[89] Running Pancake IDTHSwTrans(1%, states=6710, limit=1800s)... done (0.258232s, 24933n)
[89] Running Pancake BiHS-Bloom(1%, rootk, dynamic, size=51KiB, k=1, fp_est=0.793326, limit=146.374s)...Bloom filter size: 51 KiB, k_hashes: 1, min_items: 6738
 done (9.31834s, 59412522n)
[89] Running Pancake IDTHSwTrans(1%, states=6710, limit=1800s)... done (0.260851s, 24933n)
[89] Running Pancake BiHS-Bloom(0.1%, k1, dynamic, size=5KiB, k=1, fp_est=1, limit=146.374s)...Bloom filter size: 5 KiB, k_hashes: 1, min_items: 660
[TYPE] Splitting depth 15 into 8 hash types (Ff=165191, Fb=89484, min_items=660)
 done (9.43804s, 59412522n)
[89] Running Pancake IDTHSwTrans(0.1%, states=671, limit=1800s)... done (0.276957s, 25919n)
[89] Running Pancake BiHS-Bloom(0.1%, optk, dynamic, size=5KiB, k=1, fp_est=1, limit=146.374s)...Bloom filter size: 5 KiB, k_hashes: 1, min_items: 660
[TYPE] Splitting depth 15 into 8 hash types (Ff=165191, Fb=89103, min_items=660)
 done (9.36691s, 59412522n)
[89] Running Pancake IDTHSwTrans(0.1%, states=671, limit=1800s)... done (0.269777s, 25919n)
[89] Running Pancake BiHS-Bloom(0.1%, rootk, dynamic, size=5KiB, k=1, fp_est=1, limit=146.374s)...Bloom filter size: 5 KiB, k_hashes: 1, min_items: 660
[TYPE] Splitting depth 15 into 8 hash types (Ff=165191, Fb=89398, min_items=660)
 done (9.3299s, 59412522n)
[89] Running Pancake IDTHSwTrans(0.1%, states=671, limit=1800s)... done (0.277776s, 25919n)
Pancake #89 | A*: 1.61042s/40650n | Rev-A*: 1.67391s/45440n | BAE*: 1.49294s/60403n | NBS: 4.1024s/80350n | MM: 2.21183s/81574n | IDA*: 0.152317s/63015n | Parallel IDA*: 7.3187s/336231n | Rev-IDA*: 1.03516s/426489n | BiHS-Bloom(50%,k1,dynamic): 6.82897s/43693623n | IDTHSwTrans(50%): 2.03425s/81736n | BiHS-Bloom(50%,optk,dynamic): 6.93377s/43693623n | IDTHSwTrans(50%): 2.02895s/81736n | BiHS-Bloom(50%,rootk,dynamic): 6.82076s/43693623n | IDTHSwTrans(50%): 1.9172s/81736n | BiHS-Bloom(10%,k1,dynamic): 7.0853s/43693623n | IDTHSwTrans(10%): 0.916051s/50441n | BiHS-Bloom(10%,optk,dynamic): 6.84565s/43693623n | IDTHSwTrans(10%): 0.836949s/50441n | BiHS-Bloom(10%,rootk,dynamic): 6.83078s/43693623n | IDTHSwTrans(10%): 0.831743s/50441n | BiHS-Bloom(1%,k1,dynamic): 9.31125s/59412522n | IDTHSwTrans(1%): 0.259843s/24933n | BiHS-Bloom(1%,optk,dynamic): 9.19019s/59412522n | IDTHSwTrans(1%): 0.258232s/24933n | BiHS-Bloom(1%,rootk,dynamic): 9.31834s/59412522n | IDTHSwTrans(1%): 0.260851s/24933n | BiHS-Bloom(0.1%,k1,dynamic): 9.43804s/59412522n | IDTHSwTrans(0.1%): 0.276957s/25919n | BiHS-Bloom(0.1%,optk,dynamic): 9.36691s/59412522n | IDTHSwTrans(0.1%): 0.269777s/25919n | BiHS-Bloom(0.1%,rootk,dynamic): 9.3299s/59412522n | IDTHSwTrans(0.1%): 0.277776s/25919n | Length: 15
Results written to results/stp_pancake/parts/benchmark_pancake_89.csv
