------------------------------------
Sun 28 Jun 2026 03:00:14 IDT
SLURM_JOBID:		18486754
SLURM_JOB_NODELIST:	cs-cpu-06
SLURM_SCRATCH_DIR:	
Allocated Resouces:	cpu - 2 / mem - 65536 MB / gpu - 
SLURM_GPU_INDEX:	
Running as omerpr from felner account with normal QOS
------------------------------------
------------------------------------
Sun 28 Jun 2026 03:00:14 IDT
SLURM_JOBID:		18486754
SLURM_JOB_NODELIST:	cs-cpu-06
SLURM_SCRATCH_DIR:	
Allocated Resouces:	cpu - 2 / mem - 65536 MB / gpu - 
SLURM_GPU_INDEX:	
Running as omerpr from felner account with normal QOS
------------------------------------
Domain: Pancake Puzzle
[91] Running Pancake A*... done (0.37137s, 4974n)
[91] Running Pancake Rev-A*... done (0.250378s, 4626n)
[91] Running Pancake BAE*... done (0.235429s, 7344n)
[91] Running Pancake NBS... done (0.528457s, 9172n)
[91] Running Pancake MM... done (0.242738s, 9563n)
[91] Running Pancake IDA*... done (0.0554797s, 21187n)
[91] Running Pancake Rev-IDA*... done (0.0531732s, 19719n)
[91] Running Pancake Parallel IDA*...1994544 pieces of work generated
Starting iteration with bound 11.000000; 117326 expanded, 2229194 generated
Starting iteration with bound 12.000000; 117326 expanded, 2229194 generated
Starting iteration with bound 13.000000; 117326 expanded, 2229194 generated
Starting iteration with bound 14.000000; 117356 expanded, 2229764 generated
Starting iteration with bound 15.000000; 120054 expanded, 2281026 generated
 done (5.89722s, 155015n)
[91] Pancake BiHS-Bloom timeout limit: 120s
[91] Pancake IDTHSwTrans state bound baseline: 79252
[91] Running Pancake BiHS-Bloom(50%, optk, dynamic, size=300KiB, k=20, fp_est=1.20001e-06, limit=120s)...Bloom filter size: 300 KiB, k_hashes: 20, min_items: 39638
 done (0.827016s, 5967165n)
[91] Running Pancake IDTHSwTrans(50%, states=39626, limit=1800s)... done (0.112456s, 26280n)
[91] Running Pancake BiHS-Bloom(10%, optk, dynamic, size=60KiB, k=4, fp_est=0.0654391, limit=120s)...Bloom filter size: 60 KiB, k_hashes: 4, min_items: 7927
 done (0.804482s, 5967165n)
[91] Running Pancake IDTHSwTrans(10%, states=7925, limit=1800s)... done (0.0485439s, 11881n)
[91] Running Pancake BiHS-Bloom(1%, optk, dynamic, size=6KiB, k=1, fp_est=0.828286, limit=120s)...Bloom filter size: 6 KiB, k_hashes: 1, min_items: 792
 done (1.06246s, 8576232n)
[91] Running Pancake IDTHSwTrans(1%, states=792, limit=1800s)... done (0.0694854s, 9096n)
[91] Running Pancake BiHS-Bloom(0.1%, optk, dynamic, size=1KiB, k=1, fp_est=0.999974, limit=120s)...Bloom filter size: 1 KiB, k_hashes: 1, min_items: 132
[TYPE] Splitting depth 15 into 3 hash types (Ff=16153, Fb=3904, min_items=132)
 done (1.06542s, 8576232n)
[91] Running Pancake IDTHSwTrans(0.1%, states=79, limit=1800s)... done (0.0783564s, 10451n)
Pancake #91 | A*: 0.37137s/4974n | Rev-A*: 0.250378s/4626n | BAE*: 0.235429s/7344n | NBS: 0.528457s/9172n | MM: 0.242738s/9563n | IDA*: 0.0554797s/21187n | Parallel IDA*: 5.89722s/155015n | Rev-IDA*: 0.0531732s/19719n | BiHS-Bloom(50%,optk,dynamic): 0.827016s/5967165n | IDTHSwTrans(50%): 0.112456s/26280n | BiHS-Bloom(10%,optk,dynamic): 0.804482s/5967165n | IDTHSwTrans(10%): 0.0485439s/11881n | BiHS-Bloom(1%,optk,dynamic): 1.06246s/8576232n | IDTHSwTrans(1%): 0.0694854s/9096n | BiHS-Bloom(0.1%,optk,dynamic): 1.06542s/8576232n | IDTHSwTrans(0.1%): 0.0783564s/10451n | Length: 15
Results written to results/stp_pancake/parts/benchmark_pancake_91.csv
