------------------------------------
Sun 28 Jun 2026 02:38:10 IDT
SLURM_JOBID:		18486031
SLURM_JOB_NODELIST:	ise-cpu-intl-25
SLURM_SCRATCH_DIR:	
Allocated Resouces:	cpu - 2 / mem - 65536 MB / gpu - 
SLURM_GPU_INDEX:	
Running as omerpr from felner account with normal QOS
------------------------------------
------------------------------------
Sun 28 Jun 2026 02:38:10 IDT
SLURM_JOBID:		18486031
SLURM_JOB_NODELIST:	ise-cpu-intl-25
SLURM_SCRATCH_DIR:	
Allocated Resouces:	cpu - 2 / mem - 65536 MB / gpu - 
SLURM_GPU_INDEX:	
Running as omerpr from felner account with normal QOS
------------------------------------
Domain: Pancake Puzzle
[47] Running Pancake A*... done (0.87255s, 23642n)
[47] Running Pancake Rev-A*... done (0.935335s, 28499n)
[47] Running Pancake BAE*... done (0.702496s, 34845n)
[47] Running Pancake NBS... done (17.3075s, 324104n)
[47] Running Pancake MM... done (1.40955s, 53741n)
[47] Running Pancake IDA*... done (0.215504s, 107102n)
[47] Running Pancake Rev-IDA*... done (0.448883s, 216544n)
[47] Running Pancake Parallel IDA*...1994544 pieces of work generated
Starting iteration with bound 10.000000; 117326 expanded, 2229194 generated
Starting iteration with bound 11.000000; 117326 expanded, 2229194 generated
Starting iteration with bound 12.000000; 117326 expanded, 2229194 generated
Starting iteration with bound 13.000000; 117326 expanded, 2229194 generated
Starting iteration with bound 14.000000; 117407 expanded, 2230733 generated
Starting iteration with bound 15.000000; 127693 expanded, 2426167 generated
 done (7.49423s, 309383n)
[47] Pancake BiHS-Bloom timeout limit: 346.151s
[47] Pancake IDTHSwTrans state bound baseline: 393959
[47] Running Pancake BiHS-Bloom(50%, optk, dynamic, size=1491KiB, k=19, fp_est=2.08644e-06, limit=346.151s)...Bloom filter size: 1491 KiB, k_hashes: 19, min_items: 197004
 done (3.19004s, 26151144n)
[47] Running Pancake IDTHSwTrans(50%, states=196979, limit=1800s)... done (0.801541s, 73545n)
[47] Running Pancake BiHS-Bloom(10%, optk, dynamic, size=298KiB, k=4, fp_est=0.0734264, limit=346.151s)...Bloom filter size: 298 KiB, k_hashes: 4, min_items: 39374
 done (3.17903s, 26151144n)
[47] Running Pancake IDTHSwTrans(10%, states=39395, limit=1800s)... done (0.31921s, 35696n)
[47] Running Pancake BiHS-Bloom(1%, optk, dynamic, size=30KiB, k=1, fp_est=0.83887, limit=346.151s)...Bloom filter size: 30 KiB, k_hashes: 1, min_items: 3963
 done (3.31698s, 26151144n)
[47] Running Pancake IDTHSwTrans(1%, states=3939, limit=1800s)... done (0.414078s, 34977n)
[47] Running Pancake BiHS-Bloom(0.1%, optk, dynamic, size=3KiB, k=1, fp_est=1, limit=346.151s)...Bloom filter size: 3 KiB, k_hashes: 1, min_items: 396
[TYPE] Splitting depth 15 into 2 hash types (Ff=14209, Fb=19503, min_items=396)
 done (4.657s, 38565963n)
[47] Running Pancake IDTHSwTrans(0.1%, states=393, limit=1800s)... done (0.439927s, 40046n)
Pancake #47 | A*: 0.87255s/23642n | Rev-A*: 0.935335s/28499n | BAE*: 0.702496s/34845n | NBS: 17.3075s/324104n | MM: 1.40955s/53741n | IDA*: 0.215504s/107102n | Parallel IDA*: 7.49423s/309383n | Rev-IDA*: 0.448883s/216544n | BiHS-Bloom(50%,optk,dynamic): 3.19004s/26151144n | IDTHSwTrans(50%): 0.801541s/73545n | BiHS-Bloom(10%,optk,dynamic): 3.17903s/26151144n | IDTHSwTrans(10%): 0.31921s/35696n | BiHS-Bloom(1%,optk,dynamic): 3.31698s/26151144n | IDTHSwTrans(1%): 0.414078s/34977n | BiHS-Bloom(0.1%,optk,dynamic): 4.657s/38565963n | IDTHSwTrans(0.1%): 0.439927s/40046n | Length: 15
Results written to results/stp_pancake/parts/benchmark_pancake_47.csv
