------------------------------------
Sun 28 Jun 2026 00:55:56 IDT
SLURM_JOBID:		18482214
SLURM_JOB_NODELIST:	ise-cpu-intl-24
SLURM_SCRATCH_DIR:	
Allocated Resouces:	cpu - 2 / mem - 65536 MB / gpu - 
SLURM_GPU_INDEX:	
Running as omerpr from felner account with normal QOS
------------------------------------
------------------------------------
Sun 28 Jun 2026 00:55:56 IDT
SLURM_JOBID:		18482214
SLURM_JOB_NODELIST:	ise-cpu-intl-24
SLURM_SCRATCH_DIR:	
Allocated Resouces:	cpu - 2 / mem - 65536 MB / gpu - 
SLURM_GPU_INDEX:	
Running as omerpr from felner account with normal QOS
------------------------------------
Domain: Sliding Tile Puzzle
Starting Korf's Puzzle #12

[12] Running A*... done (3.54149s, 817719n)
[12] Running Rev-A*... done (0.588365s, 169342n)
[12] Running BAE*... done (1.30802s, 303858n)
[12] Running NBS... done (1.59532s, 288918n)
[12] Running MM... done (1.51176s, 384933n)
[12] Running IDA*... done (1.51532s, 3330458n)
[12] Running Rev-IDA*... done (1.07998s, 2352911n)
[12] Running Parallel IDA*...80 pieces of work generated
Starting iteration with bound 36.000000; 73 expanded, 224 generated
Starting iteration with bound 38.000000; 453 expanded, 1338 generated
Starting iteration with bound 40.000000; 6349 expanded, 18858 generated
Starting iteration with bound 42.000000; 54989 expanded, 163781 generated
Starting iteration with bound 44.000000; 370578 expanded, 1105908 generated
Starting iteration with bound 46.000000; 2195686 expanded, 6564753 generated
 done (2.21497s, 9443968n)
[12] BiHS-Bloom timeout limit: 120s
[12] IDTHSwTrans state bound baseline: 320887
[12] Running BiHS-Bloom(50%, optk, dynamic, size=881KiB, k=9, fp_est=0.00154618, limit=120s)...
Bloom filter size: 881 KiB, k_hashes: 9, min_items: 160381
 done (0.992054s, 9896102n)
[12] Running IDTHSwTrans(50%, states=160443, limit=1800s)... done (3.32279s, 595362n)
[12] Running BiHS-Bloom(10%, optk, dynamic, size=176KiB, k=2, fp_est=0.274853, limit=120s)...
Bloom filter size: 176 KiB, k_hashes: 2, min_items: 32039
 done (0.997944s, 9896102n)
[12] Running IDTHSwTrans(10%, states=32088, limit=1800s)... done (1.44273s, 340069n)
[12] Running BiHS-Bloom(1%, optk, dynamic, size=18KiB, k=1, fp_est=0.973535, limit=120s)...
Bloom filter size: 18 KiB, k_hashes: 1, min_items: 3276
 done (1.06186s, 9896102n)
[12] Running IDTHSwTrans(1%, states=3208, limit=1800s)... done (1.02979s, 342979n)
[12] Running BiHS-Bloom(0.1%, optk, dynamic, size=2KiB, k=1, fp_est=1, limit=120s)...
Bloom filter size: 2 KiB, k_hashes: 1, min_items: 364
[TYPE] Splitting depth 46 into 2 hash types (Ff=19177, Fb=12689, min_items=364)
 done (1.72129s, 10125455n)
[12] Running IDTHSwTrans(0.1%, states=320, limit=1800s)... done (1.01373s, 433111n)
Puzzle #12 | A*: 3.54149s/817719n | Rev-A*: 0.588365s/169342n | BAE*: 1.30802s/303858n | NBS: 1.59532s/288918n | MM: 1.51176s/384933n | IDA*: 1.51532s/3330458n | Parallel IDA*: 2.21497s/9443968n | Rev-IDA*: 1.07998s/2352911n | BiHS-Bloom(50%,optk,dynamic): 0.992054s/9896102n | IDTHSwTrans(50%): 3.32279s/595362n | BiHS-Bloom(10%,optk,dynamic): 0.997944s/9896102n | IDTHSwTrans(10%): 1.44273s/340069n | BiHS-Bloom(1%,optk,dynamic): 1.06186s/9896102n | IDTHSwTrans(1%): 1.02979s/342979n | BiHS-Bloom(0.1%,optk,dynamic): 1.72129s/10125455n | IDTHSwTrans(0.1%): 1.01373s/433111n | Length: 46
Results written to results/stp_pancake/parts/benchmark_stp_12.csv
