------------------------------------
Sun 28 Jun 2026 02:53:49 IDT
SLURM_JOBID:		18486545
SLURM_JOB_NODELIST:	ise-cpu-intl-27
SLURM_SCRATCH_DIR:	
Allocated Resouces:	cpu - 2 / mem - 65536 MB / gpu - 
SLURM_GPU_INDEX:	
Running as omerpr from felner account with normal QOS
------------------------------------
------------------------------------
Sun 28 Jun 2026 02:53:49 IDT
SLURM_JOBID:		18486545
SLURM_JOB_NODELIST:	ise-cpu-intl-27
SLURM_SCRATCH_DIR:	
Allocated Resouces:	cpu - 2 / mem - 65536 MB / gpu - 
SLURM_GPU_INDEX:	
Running as omerpr from felner account with normal QOS
------------------------------------
Domain: Pancake Puzzle
[72] Running Pancake A*... done (1.91787s, 43304n)
[72] Running Pancake Rev-A*... done (1.83304s, 42823n)
[72] Running Pancake BAE*... done (1.32664s, 48006n)
[72] Running Pancake NBS... done (21.9717s, 361533n)
[72] Running Pancake MM... done (3.06988s, 79427n)
[72] Running Pancake IDA*... done (0.619703s, 257219n)
[72] Running Pancake Rev-IDA*... done (0.163159s, 64508n)
[72] Running Pancake Parallel IDA*...1994544 pieces of work generated
Starting iteration with bound 10.000000; 117326 expanded, 2229194 generated
Starting iteration with bound 11.000000; 117326 expanded, 2229194 generated
Starting iteration with bound 12.000000; 117326 expanded, 2229194 generated
Starting iteration with bound 13.000000; 117331 expanded, 2229289 generated
Starting iteration with bound 14.000000; 118502 expanded, 2251538 generated
Starting iteration with bound 15.000000; 159532 expanded, 3031108 generated
 done (8.01486s, 490461n)
[72] Pancake BiHS-Bloom timeout limit: 439.435s
[72] Pancake IDTHSwTrans state bound baseline: 708350
[72] Running Pancake BiHS-Bloom(50%, optk, dynamic, size=2681KiB, k=19, fp_est=1.70802e-06, limit=439.435s)...Bloom filter size: 2681 KiB, k_hashes: 19, min_items: 354237
 done (4.2913s, 24564447n)
[72] Running Pancake IDTHSwTrans(50%, states=354175, limit=1800s)... done (0.554649s, 74862n)
[72] Running Pancake BiHS-Bloom(10%, optk, dynamic, size=536KiB, k=4, fp_est=0.0704006, limit=439.435s)...Bloom filter size: 536 KiB, k_hashes: 4, min_items: 70821
 done (4.25545s, 24564447n)
[72] Running Pancake IDTHSwTrans(10%, states=70835, limit=1800s)... done (0.386328s, 41237n)
[72] Running Pancake BiHS-Bloom(1%, optk, dynamic, size=54KiB, k=1, fp_est=0.834062, limit=439.435s)...Bloom filter size: 54 KiB, k_hashes: 1, min_items: 7134
 done (4.39419s, 24564447n)
[72] Running Pancake IDTHSwTrans(1%, states=7083, limit=1800s)... done (1.03233s, 42247n)
[72] Running Pancake BiHS-Bloom(0.1%, optk, dynamic, size=5KiB, k=1, fp_est=1, limit=439.435s)...Bloom filter size: 5 KiB, k_hashes: 1, min_items: 660
[TYPE] Splitting depth 15 into 2 hash types (Ff=159589, Fb=6087, min_items=660)
 done (3.3182s, 26454126n)
[72] Running Pancake IDTHSwTrans(0.1%, states=708, limit=1800s)... done (1.16804s, 56838n)
Pancake #72 | A*: 1.91787s/43304n | Rev-A*: 1.83304s/42823n | BAE*: 1.32664s/48006n | NBS: 21.9717s/361533n | MM: 3.06988s/79427n | IDA*: 0.619703s/257219n | Parallel IDA*: 8.01486s/490461n | Rev-IDA*: 0.163159s/64508n | BiHS-Bloom(50%,optk,dynamic): 4.2913s/24564447n | IDTHSwTrans(50%): 0.554649s/74862n | BiHS-Bloom(10%,optk,dynamic): 4.25545s/24564447n | IDTHSwTrans(10%): 0.386328s/41237n | BiHS-Bloom(1%,optk,dynamic): 4.39419s/24564447n | IDTHSwTrans(1%): 1.03233s/42247n | BiHS-Bloom(0.1%,optk,dynamic): 3.3182s/26454126n | IDTHSwTrans(0.1%): 1.16804s/56838n | Length: 15
Results written to results/stp_pancake/parts/benchmark_pancake_72.csv
