------------------------------------
Sat 27 Jun 2026 20:42:24 IDT
SLURM_JOBID:		18469049
SLURM_JOB_NODELIST:	cs-cpu-06
SLURM_SCRATCH_DIR:	
Allocated Resouces:	cpu - 2 / mem - 65536 MB / gpu - 
SLURM_GPU_INDEX:	
Running as omerpr from felner account with normal QOS
------------------------------------
------------------------------------
Sat 27 Jun 2026 20:42:25 IDT
SLURM_JOBID:		18469049
SLURM_JOB_NODELIST:	cs-cpu-06
SLURM_SCRATCH_DIR:	
Allocated Resouces:	cpu - 2 / mem - 65536 MB / gpu - 
SLURM_GPU_INDEX:	
Running as omerpr from felner account with normal QOS
------------------------------------
Domain: Sliding Tile Puzzle
Starting Korf's Puzzle #48

[48] Running A*... done (314.69s, 73083858n)
[48] Running Rev-A*... done (435.369s, 78504984n)
[48] Skipping BAE*, NBS, IDA*, Rev-IDA*, and Parallel IDA*; use --full to run them
[48] Running MM... done (454.035s, 77574968n)
[48] BiHS-Bloom timeout limit: 9080.7s
[48] IDTHSwTrans state bound baseline: 124891578
[48] Running BiHS-Bloom(50%, optk, dynamic, size=343025KiB, k=28, fp_est=4.33321e-09, limit=9080.7s)...
Bloom filter size: 343025 KiB, k_hashes: 28, min_items: 62445795
 done (719.805s, 7292511855n)
[48] Running IDTHSwTrans(50%, states=62445789, limit=1800s)... done (591.058s, 15564474n)
[48] Running BiHS-Bloom(10%, optk, dynamic, size=68605KiB, k=6, fp_est=0.0214007, limit=9080.7s)...
Bloom filter size: 68605 KiB, k_hashes: 6, min_items: 12489159
 done (552.432s, 7292511855n)
[48] Running IDTHSwTrans(10%, states=12489157, limit=1800s)... done (589.556s, 15564474n)
[48] Running BiHS-Bloom(1%, optk, dynamic, size=6860KiB, k=1, fp_est=0.712791, limit=9080.7s)...
Bloom filter size: 6860 KiB, k_hashes: 1, min_items: 1248824
[TYPE] Splitting depth 59 into 5 hash types (Ff=231417903, Fb=94992447, min_items=1248824)
 done (753.847s, 11401632879n)
[48] Running IDTHSwTrans(1%, states=1248915, limit=1800s)... done (616.618s, 16542072n)
[48] Running BiHS-Bloom(0.1%, optk, dynamic, size=686KiB, k=1, fp_est=0.999996, limit=9080.7s)...
Bloom filter size: 686 KiB, k_hashes: 1, min_items: 124882
[TYPE] Splitting depth 55 into 2 hash types (Ff=8743433, Fb=2740781, min_items=124882)
[TYPE] Splitting depth 57 into 8 hash types (Ff=52996774, Fb=38453771, min_items=124882)
[TYPE] Splitting depth 59 into 8 hash types (Ff=231417903, Fb=228632841, min_items=124882)
 done (1426.66s, 19401916950n)
[48] Running IDTHSwTrans(0.1%, states=124891, limit=1800s)... done (704.603s, 30083039n)
Puzzle #48 | A*: 314.69s/73083858n | Rev-A*: 435.369s/78504984n | BAE*: -3s/0n | NBS: -3s/0n | MM: 454.035s/77574968n | IDA*: -3s/0n | Parallel IDA*: -3s/0n | Rev-IDA*: -3s/0n | BiHS-Bloom(50%,optk,dynamic): 719.805s/7292511855n | IDTHSwTrans(50%): 591.058s/15564474n | BiHS-Bloom(10%,optk,dynamic): 552.432s/7292511855n | IDTHSwTrans(10%): 589.556s/15564474n | BiHS-Bloom(1%,optk,dynamic): 753.847s/11401632879n | IDTHSwTrans(1%): 616.618s/16542072n | BiHS-Bloom(0.1%,optk,dynamic): 1426.66s/19401916950n | IDTHSwTrans(0.1%): 704.603s/30083039n | Length: 59
Results written to results/stp_pancake/parts/benchmark_stp_48.csv
