------------------------------------
Sat 27 Jun 2026 21:55:25 IDT
SLURM_JOBID:		18472663
SLURM_JOB_NODELIST:	ise-cpu-intl-11
SLURM_SCRATCH_DIR:	
Allocated Resouces:	cpu - 2 / mem - 65536 MB / gpu - 
SLURM_GPU_INDEX:	
Running as omerpr from felner account with normal QOS
------------------------------------
------------------------------------
Sat 27 Jun 2026 21:55:25 IDT
SLURM_JOBID:		18472663
SLURM_JOB_NODELIST:	ise-cpu-intl-11
SLURM_SCRATCH_DIR:	
Allocated Resouces:	cpu - 2 / mem - 65536 MB / gpu - 
SLURM_GPU_INDEX:	
Running as omerpr from felner account with normal QOS
------------------------------------
Domain: Pancake Puzzle
[77] Running Pancake A*... done (0.104423s, 3495n)
[77] Running Pancake Rev-A*... done (0.0949105s, 3473n)
[77] Skipping BAE*, NBS, IDA*, Rev-IDA*, and Parallel IDA*; use --full to run them
[77] Running Pancake MM... done (0.123349s, 6591n)
[77] Pancake BiHS-Bloom timeout limit: 120s
[77] Pancake IDTHSwTrans state bound baseline: 59821
[77] Running Pancake BiHS-Bloom(50%, optk, dynamic, size=226KiB, k=22, fp_est=1.72954e-07, limit=120s)...Bloom filter size: 226 KiB, k_hashes: 22, min_items: 29861
 done (0.528184s, 3222312n)
[77] Running Pancake IDTHSwTrans(50%, states=29910, limit=1800s)... done (0.158469s, 20620n)
[77] Running Pancake BiHS-Bloom(10%, optk, dynamic, size=45KiB, k=4, fp_est=0.0455384, limit=120s)...Bloom filter size: 45 KiB, k_hashes: 4, min_items: 5945
 done (0.52813s, 3222312n)
[77] Running Pancake IDTHSwTrans(10%, states=5982, limit=1800s)... done (0.12854s, 16279n)
[77] Running Pancake BiHS-Bloom(1%, optk, dynamic, size=5KiB, k=1, fp_est=0.752057, limit=120s)...Bloom filter size: 5 KiB, k_hashes: 1, min_items: 660
 done (0.5377s, 3222312n)
[77] Running Pancake IDTHSwTrans(1%, states=598, limit=1800s)... done (0.0893949s, 12289n)
[77] Running Pancake BiHS-Bloom(0.1%, optk, dynamic, size=1KiB, k=1, fp_est=0.999063, limit=120s)...Bloom filter size: 1 KiB, k_hashes: 1, min_items: 132
[TYPE] Splitting depth 14 into 2 hash types (Ff=11950, Fb=2108, min_items=132)
 done (1.11537s, 5588454n)
[77] Running Pancake IDTHSwTrans(0.1%, states=59, limit=1800s)... done (0.104595s, 14212n)
Pancake #77 | A*: 0.104423s/3495n | Rev-A*: 0.0949105s/3473n | BAE*: -3s/0n | NBS: -3s/0n | MM: 0.123349s/6591n | IDA*: -3s/0n | Parallel IDA*: -3s/0n | Rev-IDA*: -3s/0n | BiHS-Bloom(50%,optk,dynamic): 0.528184s/3222312n | IDTHSwTrans(50%): 0.158469s/20620n | BiHS-Bloom(10%,optk,dynamic): 0.52813s/3222312n | IDTHSwTrans(10%): 0.12854s/16279n | BiHS-Bloom(1%,optk,dynamic): 0.5377s/3222312n | IDTHSwTrans(1%): 0.0893949s/12289n | BiHS-Bloom(0.1%,optk,dynamic): 1.11537s/5588454n | IDTHSwTrans(0.1%): 0.104595s/14212n | Length: 14
Results written to results/stp_pancake/parts/benchmark_pancake_77.csv
