------------------------------------
Sat 27 Jun 2026 21:55:17 IDT
SLURM_JOBID:		18472652
SLURM_JOB_NODELIST:	ise-cpu-intl-08
SLURM_SCRATCH_DIR:	
Allocated Resouces:	cpu - 2 / mem - 65536 MB / gpu - 
SLURM_GPU_INDEX:	
Running as omerpr from felner account with normal QOS
------------------------------------
------------------------------------
Sat 27 Jun 2026 21:55:17 IDT
SLURM_JOBID:		18472652
SLURM_JOB_NODELIST:	ise-cpu-intl-08
SLURM_SCRATCH_DIR:	
Allocated Resouces:	cpu - 2 / mem - 65536 MB / gpu - 
SLURM_GPU_INDEX:	
Running as omerpr from felner account with normal QOS
------------------------------------
Domain: Pancake Puzzle
[75] Running Pancake A*... done (10.3948s, 284382n)
[75] Running Pancake Rev-A*... done (10.66s, 284382n)
[75] Skipping BAE*, NBS, IDA*, Rev-IDA*, and Parallel IDA*; use --full to run them
[75] Running Pancake MM... done (13.54s, 539548n)
[75] Pancake BiHS-Bloom timeout limit: 270.801s
[75] Pancake IDTHSwTrans state bound baseline: 4498664
[75] Running Pancake BiHS-Bloom(50%, optk, dynamic, size=17024KiB, k=23, fp_est=1.53135e-07, limit=270.801s)...Bloom filter size: 17024 KiB, k_hashes: 23, min_items: 2249364
 done (39.0819s, 293343801n)
[75] Running Pancake IDTHSwTrans(50%, states=2249332, limit=1800s)... done (3.90113s, 176267n)
[75] Running Pancake BiHS-Bloom(10%, optk, dynamic, size=3405KiB, k=5, fp_est=0.0437581, limit=270.801s)...Bloom filter size: 3405 KiB, k_hashes: 5, min_items: 449899
 done (38.5363s, 293343801n)
[75] Running Pancake IDTHSwTrans(10%, states=449866, limit=1800s)... done (3.4201s, 155961n)
[75] Running Pancake BiHS-Bloom(1%, optk, dynamic, size=340KiB, k=1, fp_est=0.784099, limit=270.801s)...Bloom filter size: 340 KiB, k_hashes: 1, min_items: 44923
 done (41.0797s, 373642488n)
[75] Running Pancake IDTHSwTrans(1%, states=44986, limit=1800s)... done (3.69949s, 108466n)
[75] Running Pancake BiHS-Bloom(0.1%, optk, dynamic, size=34KiB, k=1, fp_est=1, limit=270.801s)...Bloom filter size: 34 KiB, k_hashes: 1, min_items: 4492
[TYPE] Splitting depth 16 into 8 hash types (Ff=1734383, Fb=545868, min_items=4492)
 done (79.602s, 453941175n)
[75] Running Pancake IDTHSwTrans(0.1%, states=4498, limit=1800s)... done (3.35072s, 127772n)
Pancake #75 | A*: 10.3948s/284382n | Rev-A*: 10.66s/284382n | BAE*: -3s/0n | NBS: -3s/0n | MM: 13.54s/539548n | IDA*: -3s/0n | Parallel IDA*: -3s/0n | Rev-IDA*: -3s/0n | BiHS-Bloom(50%,optk,dynamic): 39.0819s/293343801n | IDTHSwTrans(50%): 3.90113s/176267n | BiHS-Bloom(10%,optk,dynamic): 38.5363s/293343801n | IDTHSwTrans(10%): 3.4201s/155961n | BiHS-Bloom(1%,optk,dynamic): 41.0797s/373642488n | IDTHSwTrans(1%): 3.69949s/108466n | BiHS-Bloom(0.1%,optk,dynamic): 79.602s/453941175n | IDTHSwTrans(0.1%): 3.35072s/127772n | Length: 16
Results written to results/stp_pancake/parts/benchmark_pancake_75.csv
