------------------------------------
Mon 29 Jun 2026 01:57:23 IDT
SLURM_JOBID:		18547954
SLURM_JOB_NODELIST:	cs-cpu-10
SLURM_SCRATCH_DIR:	/scratch/omerpr/18547954
Allocated Resouces:	cpu - 2 / mem - 102400 MB / gpu - 
SLURM_GPU_INDEX:	
Running as omerpr from felner account with normal QOS
------------------------------------
------------------------------------
Mon 29 Jun 2026 01:57:23 IDT
SLURM_JOBID:		18547954
SLURM_JOB_NODELIST:	cs-cpu-10
SLURM_SCRATCH_DIR:	/scratch/omerpr/18547954
Allocated Resouces:	cpu - 2 / mem - 102400 MB / gpu - 
SLURM_GPU_INDEX:	
Running as omerpr from felner account with normal QOS
------------------------------------
Domain: Pancake Puzzle
[29] Running Pancake A*... done (0.924028s, 30816n)
[29] Running Pancake Rev-A*... done (0.911957s, 32861n)
[29] Running Pancake BAE*... done (1.13462s, 44335n)
[29] Running Pancake NBS... done (2.62038s, 58802n)
[29] Running Pancake MM... done (1.40794s, 61264n)
[29] Running Pancake IDA*... done (0.640496s, 332453n)
[29] Running Pancake Rev-IDA*... done (0.47207s, 243623n)
[29] Running Pancake Parallel IDA*...1994544 pieces of work generated
Starting iteration with bound 10.000000; 117326 expanded, 2229194 generated
Starting iteration with bound 11.000000; 117326 expanded, 2229194 generated
Starting iteration with bound 12.000000; 117326 expanded, 2229194 generated
Starting iteration with bound 13.000000; 117326 expanded, 2229194 generated
Starting iteration with bound 14.000000; 117687 expanded, 2236053 generated
Starting iteration with bound 15.000000; 138491 expanded, 2631329 generated
 done (6.16875s, 468009n)
[29] Pancake BiHS-Bloom timeout limit: 123.375s
[29] Pancake IDTHSwTrans state bound baseline: 509613
[29] Running Pancake BiHS-Bloom(50%, k1, dynamic, size=1928KiB, k=1, fp_est=0.0330177, limit=123.375s)...Bloom filter size: 1928 KiB, k_hashes: 1, min_items: 254744
 done (4.437s, 32437323n)
[29] Running Pancake IDTHSwTrans(50%, states=254806, limit=1800s)... done (0.795698s, 77013n)
[29] Running Pancake BiHS-Bloom(50%, optk, dynamic, size=1928KiB, k=21, fp_est=6.10787e-07, limit=123.375s)...Bloom filter size: 1928 KiB, k_hashes: 21, min_items: 254744
 done (4.4656s, 32437323n)
[29] Running Pancake IDTHSwTrans(50%, states=254806, limit=1800s)... done (0.794947s, 77013n)
[29] Running Pancake BiHS-Bloom(50%, rootk, dynamic, size=1928KiB, k=5, fp_est=8.8149e-05, limit=123.375s)...Bloom filter size: 1928 KiB, k_hashes: 5, min_items: 254744
 done (4.44361s, 32437323n)
[29] Running Pancake IDTHSwTrans(50%, states=254806, limit=1800s)... done (0.797188s, 77013n)
[29] Running Pancake BiHS-Bloom(10%, k1, dynamic, size=386KiB, k=1, fp_est=0.154394, limit=123.375s)...Bloom filter size: 386 KiB, k_hashes: 1, min_items: 51001
 done (4.43926s, 32437323n)
[29] Running Pancake IDTHSwTrans(10%, states=50961, limit=1800s)... done (0.849997s, 64912n)
[29] Running Pancake BiHS-Bloom(10%, optk, dynamic, size=386KiB, k=4, fp_est=0.0570404, limit=123.375s)...Bloom filter size: 386 KiB, k_hashes: 4, min_items: 51001
 done (4.44543s, 32437323n)
[29] Running Pancake IDTHSwTrans(10%, states=50961, limit=1800s)... done (0.84822s, 64912n)
[29] Running Pancake BiHS-Bloom(10%, rootk, dynamic, size=386KiB, k=2, fp_est=0.0811966, limit=123.375s)...Bloom filter size: 386 KiB, k_hashes: 2, min_items: 51001
 done (4.44804s, 32437323n)
[29] Running Pancake IDTHSwTrans(10%, states=50961, limit=1800s)... done (0.850402s, 64912n)
[29] Running Pancake BiHS-Bloom(1%, k1, dynamic, size=39KiB, k=1, fp_est=0.809826, limit=123.375s)...Bloom filter size: 39 KiB, k_hashes: 1, min_items: 5153
 done (5.4368s, 45603786n)
[29] Running Pancake IDTHSwTrans(1%, states=5096, limit=1800s)... done (0.914137s, 70405n)
[29] Running Pancake BiHS-Bloom(1%, optk, dynamic, size=39KiB, k=1, fp_est=0.809826, limit=123.375s)...Bloom filter size: 39 KiB, k_hashes: 1, min_items: 5153
 done (5.41709s, 45603786n)
[29] Running Pancake IDTHSwTrans(1%, states=5096, limit=1800s)... done (0.91045s, 70405n)
[29] Running Pancake BiHS-Bloom(1%, rootk, dynamic, size=39KiB, k=1, fp_est=0.809826, limit=123.375s)...Bloom filter size: 39 KiB, k_hashes: 1, min_items: 5153
 done (5.41766s, 45603786n)
[29] Running Pancake IDTHSwTrans(1%, states=5096, limit=1800s)... done (0.912599s, 70405n)
[29] Running Pancake BiHS-Bloom(0.1%, k1, dynamic, size=4KiB, k=1, fp_est=1, limit=123.375s)...Bloom filter size: 4 KiB, k_hashes: 1, min_items: 528
[TYPE] Splitting depth 15 into 5 hash types (Ff=104213, Fb=40122, min_items=528)
 done (5.42842s, 45603786n)
[29] Running Pancake IDTHSwTrans(0.1%, states=509, limit=1800s)... done (0.98923s, 88551n)
[29] Running Pancake BiHS-Bloom(0.1%, optk, dynamic, size=4KiB, k=1, fp_est=1, limit=123.375s)...Bloom filter size: 4 KiB, k_hashes: 1, min_items: 528
[TYPE] Splitting depth 15 into 5 hash types (Ff=104213, Fb=39859, min_items=528)
 done (5.42556s, 45603786n)
[29] Running Pancake IDTHSwTrans(0.1%, states=509, limit=1800s)... done (0.987925s, 88551n)
[29] Running Pancake BiHS-Bloom(0.1%, rootk, dynamic, size=4KiB, k=1, fp_est=1, limit=123.375s)...Bloom filter size: 4 KiB, k_hashes: 1, min_items: 528
[TYPE] Splitting depth 15 into 5 hash types (Ff=104213, Fb=40013, min_items=528)
 done (5.41917s, 45603786n)
[29] Running Pancake IDTHSwTrans(0.1%, states=509, limit=1800s)... done (0.9876s, 88551n)
Pancake #29 | A*: 0.924028s/30816n | Rev-A*: 0.911957s/32861n | BAE*: 1.13462s/44335n | NBS: 2.62038s/58802n | MM: 1.40794s/61264n | IDA*: 0.640496s/332453n | Parallel IDA*: 6.16875s/468009n | Rev-IDA*: 0.47207s/243623n | BiHS-Bloom(50%,k1,dynamic): 4.437s/32437323n | IDTHSwTrans(50%): 0.795698s/77013n | BiHS-Bloom(50%,optk,dynamic): 4.4656s/32437323n | IDTHSwTrans(50%): 0.794947s/77013n | BiHS-Bloom(50%,rootk,dynamic): 4.44361s/32437323n | IDTHSwTrans(50%): 0.797188s/77013n | BiHS-Bloom(10%,k1,dynamic): 4.43926s/32437323n | IDTHSwTrans(10%): 0.849997s/64912n | BiHS-Bloom(10%,optk,dynamic): 4.44543s/32437323n | IDTHSwTrans(10%): 0.84822s/64912n | BiHS-Bloom(10%,rootk,dynamic): 4.44804s/32437323n | IDTHSwTrans(10%): 0.850402s/64912n | BiHS-Bloom(1%,k1,dynamic): 5.4368s/45603786n | IDTHSwTrans(1%): 0.914137s/70405n | BiHS-Bloom(1%,optk,dynamic): 5.41709s/45603786n | IDTHSwTrans(1%): 0.91045s/70405n | BiHS-Bloom(1%,rootk,dynamic): 5.41766s/45603786n | IDTHSwTrans(1%): 0.912599s/70405n | BiHS-Bloom(0.1%,k1,dynamic): 5.42842s/45603786n | IDTHSwTrans(0.1%): 0.98923s/88551n | BiHS-Bloom(0.1%,optk,dynamic): 5.42556s/45603786n | IDTHSwTrans(0.1%): 0.987925s/88551n | BiHS-Bloom(0.1%,rootk,dynamic): 5.41917s/45603786n | IDTHSwTrans(0.1%): 0.9876s/88551n | Length: 15
Results written to results/stp_pancake/parts/benchmark_pancake_29.csv
