------------------------------------
Sun 28 Jun 2026 02:55:49 IDT
SLURM_JOBID:		18486602
SLURM_JOB_NODELIST:	ise-cpu-intl-10
SLURM_SCRATCH_DIR:	
Allocated Resouces:	cpu - 2 / mem - 65536 MB / gpu - 
SLURM_GPU_INDEX:	
Running as omerpr from felner account with normal QOS
------------------------------------
------------------------------------
Sun 28 Jun 2026 02:55:49 IDT
SLURM_JOBID:		18486602
SLURM_JOB_NODELIST:	ise-cpu-intl-10
SLURM_SCRATCH_DIR:	
Allocated Resouces:	cpu - 2 / mem - 65536 MB / gpu - 
SLURM_GPU_INDEX:	
Running as omerpr from felner account with normal QOS
------------------------------------
Domain: Pancake Puzzle
[76] Running Pancake A*... done (0.166405s, 5922n)
[76] Running Pancake Rev-A*... done (0.101556s, 4108n)
[76] Running Pancake BAE*... done (0.0960032s, 6314n)
[76] Running Pancake NBS... done (0.339227s, 8164n)
[76] Running Pancake MM... done (0.15294s, 9585n)
[76] Running Pancake IDA*... done (0.0582298s, 24978n)
[76] Running Pancake Rev-IDA*... done (0.0484868s, 21099n)
[76] Running Pancake Parallel IDA*...1994544 pieces of work generated
Starting iteration with bound 10.000000; 117326 expanded, 2229194 generated
Starting iteration with bound 11.000000; 117326 expanded, 2229194 generated
Starting iteration with bound 12.000000; 117326 expanded, 2229194 generated
Starting iteration with bound 13.000000; 117446 expanded, 2231474 generated
Starting iteration with bound 14.000000; 121842 expanded, 2314998 generated
 done (5.60127s, 160171n)
[76] Pancake BiHS-Bloom timeout limit: 120s
[76] Pancake IDTHSwTrans state bound baseline: 70358
[76] Running Pancake BiHS-Bloom(50%, optk, dynamic, size=266KiB, k=16, fp_est=1.67706e-05, limit=120s)...Bloom filter size: 266 KiB, k_hashes: 16, min_items: 35146
 done (0.553051s, 3680520n)
[76] Running Pancake IDTHSwTrans(50%, states=35179, limit=1800s)... done (0.145999s, 23161n)
[76] Running Pancake BiHS-Bloom(10%, optk, dynamic, size=53KiB, k=3, fp_est=0.112012, limit=120s)...Bloom filter size: 53 KiB, k_hashes: 3, min_items: 7002
 done (0.546163s, 3680520n)
[76] Running Pancake IDTHSwTrans(10%, states=7035, limit=1800s)... done (0.0607959s, 8838n)
[76] Running Pancake BiHS-Bloom(1%, optk, dynamic, size=5KiB, k=1, fp_est=0.902164, limit=120s)...Bloom filter size: 5 KiB, k_hashes: 1, min_items: 660
 done (0.519964s, 4325823n)
[76] Running Pancake IDTHSwTrans(1%, states=703, limit=1800s)... done (0.0835595s, 9095n)
[76] Running Pancake BiHS-Bloom(0.1%, optk, dynamic, size=1KiB, k=1, fp_est=0.999991, limit=120s)...Bloom filter size: 1 KiB, k_hashes: 1, min_items: 132
[TYPE] Splitting depth 14 into 3 hash types (Ff=25887, Fb=2656, min_items=132)
 done (0.542431s, 4325823n)
[76] Running Pancake IDTHSwTrans(0.1%, states=70, limit=1800s)... done (0.0934316s, 11324n)
Pancake #76 | A*: 0.166405s/5922n | Rev-A*: 0.101556s/4108n | BAE*: 0.0960032s/6314n | NBS: 0.339227s/8164n | MM: 0.15294s/9585n | IDA*: 0.0582298s/24978n | Parallel IDA*: 5.60127s/160171n | Rev-IDA*: 0.0484868s/21099n | BiHS-Bloom(50%,optk,dynamic): 0.553051s/3680520n | IDTHSwTrans(50%): 0.145999s/23161n | BiHS-Bloom(10%,optk,dynamic): 0.546163s/3680520n | IDTHSwTrans(10%): 0.0607959s/8838n | BiHS-Bloom(1%,optk,dynamic): 0.519964s/4325823n | IDTHSwTrans(1%): 0.0835595s/9095n | BiHS-Bloom(0.1%,optk,dynamic): 0.542431s/4325823n | IDTHSwTrans(0.1%): 0.0934316s/11324n | Length: 14
Results written to results/stp_pancake/parts/benchmark_pancake_76.csv
