------------------------------------
Sun 28 Jun 2026 00:57:45 IDT
SLURM_JOBID:		18482310
SLURM_JOB_NODELIST:	ise-cpu-intl-18
SLURM_SCRATCH_DIR:	
Allocated Resouces:	cpu - 2 / mem - 65536 MB / gpu - 
SLURM_GPU_INDEX:	
Running as omerpr from felner account with normal QOS
------------------------------------
------------------------------------
Sun 28 Jun 2026 00:57:45 IDT
SLURM_JOBID:		18482310
SLURM_JOB_NODELIST:	ise-cpu-intl-18
SLURM_SCRATCH_DIR:	
Allocated Resouces:	cpu - 2 / mem - 65536 MB / gpu - 
SLURM_GPU_INDEX:	
Running as omerpr from felner account with normal QOS
------------------------------------
Domain: Sliding Tile Puzzle
Starting Korf's Puzzle #21

[21] Running A*... done (44.0697s, 13344795n)
[21] Running Rev-A*... done (48.414s, 13480874n)
[21] Running BAE*... done (16.2886s, 2976315n)
[21] Running NBS... done (176.425s, 32119361n)
[21] Running MM... done (66.3033s, 12665107n)
[21] Running IDA*... done (50.97s, 156770489n)
[21] Running Rev-IDA*... done (36.8431s, 120844607n)
[21] Running Parallel IDA*...54 pieces of work generated
Starting iteration with bound 41.000000; 41 expanded, 134 generated
Starting iteration with bound 43.000000; 41 expanded, 134 generated
Starting iteration with bound 45.000000; 58 expanded, 178 generated
Starting iteration with bound 47.000000; 382 expanded, 1113 generated
Starting iteration with bound 49.000000; 3795 expanded, 11175 generated
Starting iteration with bound 51.000000; 31550 expanded, 93764 generated
Starting iteration with bound 53.000000; 238990 expanded, 713622 generated
Starting iteration with bound 55.000000; 1691455 expanded, 5063614 generated
Starting iteration with bound 57.000000; 11383418 expanded, 34145859 generated
Starting iteration with bound 59.000000; 73751169 expanded, 221572163 generated
 done (73.9382s, 423445605n)
[21] BiHS-Bloom timeout limit: 3528.5s
[21] IDTHSwTrans state bound baseline: 23054869
[21] Running BiHS-Bloom(50%, optk, dynamic, size=63322KiB, k=26, fp_est=1.80652e-08, limit=3528.5s)...
Bloom filter size: 63322 KiB, k_hashes: 26, min_items: 11527418
 done (55.3892s, 846796462n)
[21] Running IDTHSwTrans(50%, states=11527434, limit=1800s)... done (38.0185s, 5217137n)
[21] Running BiHS-Bloom(10%, optk, dynamic, size=12664KiB, k=5, fp_est=0.0282973, limit=3528.5s)...
Bloom filter size: 12664 KiB, k_hashes: 5, min_items: 2305410
 done (54.8501s, 846796462n)
[21] Running IDTHSwTrans(10%, states=2305486, limit=1800s)... done (37.9632s, 5217137n)
[21] Running BiHS-Bloom(1%, optk, dynamic, size=1266KiB, k=1, fp_est=0.740187, limit=3528.5s)...
Bloom filter size: 1266 KiB, k_hashes: 1, min_items: 230468
 done (58.1421s, 846796462n)
[21] Running IDTHSwTrans(1%, states=230548, limit=1800s)... done (18.7048s, 3395487n)
[21] Running BiHS-Bloom(0.1%, optk, dynamic, size=127KiB, k=1, fp_est=0.999999, limit=3528.5s)...
Bloom filter size: 127 KiB, k_hashes: 1, min_items: 23119
 done (58.2613s, 846796462n)
[21] Running IDTHSwTrans(0.1%, states=23054, limit=1800s)... done (18.361s, 4334272n)
Puzzle #21 | A*: 44.0697s/13344795n | Rev-A*: 48.414s/13480874n | BAE*: 16.2886s/2976315n | NBS: 176.425s/32119361n | MM: 66.3033s/12665107n | IDA*: 50.97s/156770489n | Parallel IDA*: 73.9382s/423445605n | Rev-IDA*: 36.8431s/120844607n | BiHS-Bloom(50%,optk,dynamic): 55.3892s/846796462n | IDTHSwTrans(50%): 38.0185s/5217137n | BiHS-Bloom(10%,optk,dynamic): 54.8501s/846796462n | IDTHSwTrans(10%): 37.9632s/5217137n | BiHS-Bloom(1%,optk,dynamic): 58.1421s/846796462n | IDTHSwTrans(1%): 18.7048s/3395487n | BiHS-Bloom(0.1%,optk,dynamic): 58.2613s/846796462n | IDTHSwTrans(0.1%): 18.361s/4334272n | Length: 59
Results written to results/stp_pancake/parts/benchmark_stp_21.csv
