------------------------------------
Mon 29 Jun 2026 00:59:39 IDT
SLURM_JOBID:		18546416
SLURM_JOB_NODELIST:	cs-cpu-09
SLURM_SCRATCH_DIR:	/scratch/omerpr/18546416
Allocated Resouces:	cpu - 2 / mem - 102400 MB / gpu - 
SLURM_GPU_INDEX:	
Running as omerpr from felner account with normal QOS
------------------------------------
------------------------------------
Mon 29 Jun 2026 00:59:39 IDT
SLURM_JOBID:		18546416
SLURM_JOB_NODELIST:	cs-cpu-09
SLURM_SCRATCH_DIR:	/scratch/omerpr/18546416
Allocated Resouces:	cpu - 2 / mem - 102400 MB / gpu - 
SLURM_GPU_INDEX:	
Running as omerpr from felner account with normal QOS
------------------------------------
Domain: Sliding Tile Puzzle
Starting Korf's Puzzle #80

[80] Running A*... done (1.89734s, 746317n)
[80] Running Rev-A*... done (0.269422s, 141103n)
[80] Running BAE*... done (0.650117s, 223712n)
[80] Running NBS... done (0.961619s, 275338n)
[80] Running MM... done (1.97053s, 725750n)
[80] Running IDA*... done (0.990812s, 4245290n)
[80] Running Rev-IDA*... done (0.295485s, 1265329n)
[80] Running Parallel IDA*...66 pieces of work generated
Starting iteration with bound 39.000000; 56 expanded, 176 generated
Starting iteration with bound 41.000000; 61 expanded, 188 generated
Starting iteration with bound 43.000000; 162 expanded, 472 generated
Starting iteration with bound 45.000000; 919 expanded, 2660 generated
Starting iteration with bound 47.000000; 7184 expanded, 20914 generated
Starting iteration with bound 49.000000; 51458 expanded, 150658 generated
Starting iteration with bound 51.000000; 335559 expanded, 986202 generated
Starting iteration with bound 53.000000; 2096863 expanded, 6185647 generated
 done (1.57793s, 11994699n)
[80] BiHS-Bloom timeout limit: 120s
[80] IDTHSwTrans state bound baseline: 257284
[80] Running BiHS-Bloom(50%, k1, dynamic, size=707KiB, k=1, fp_est=0.175019, limit=120s)...
Bloom filter size: 707 KiB, k_hashes: 1, min_items: 128705
 done (0.467716s, 7195275n)
[80] Running IDTHSwTrans(50%, states=128642, limit=1800s)... done (0.870165s, 665422n)
[80] Running BiHS-Bloom(50%, optk, dynamic, size=707KiB, k=4, fp_est=0.0830277, limit=120s)...
Bloom filter size: 707 KiB, k_hashes: 4, min_items: 128705
 done (0.462335s, 7195275n)
[80] Running IDTHSwTrans(50%, states=128642, limit=1800s)... done (0.872744s, 665422n)
[80] Running BiHS-Bloom(50%, rootk, dynamic, size=707KiB, k=2, fp_est=0.10202, limit=120s)...
Bloom filter size: 707 KiB, k_hashes: 2, min_items: 128705
 done (0.464908s, 7195275n)
[80] Running IDTHSwTrans(50%, states=128642, limit=1800s)... done (0.878311s, 665422n)
[80] Running BiHS-Bloom(10%, k1, dynamic, size=141KiB, k=1, fp_est=0.618903, limit=120s)...
Bloom filter size: 141 KiB, k_hashes: 1, min_items: 25668
 done (0.461555s, 7195275n)
[80] Running IDTHSwTrans(10%, states=25728, limit=1800s)... done (0.653908s, 548824n)
[80] Running BiHS-Bloom(10%, optk, dynamic, size=141KiB, k=1, fp_est=0.618903, limit=120s)...
Bloom filter size: 141 KiB, k_hashes: 1, min_items: 25668
 done (0.461199s, 7195275n)
[80] Running IDTHSwTrans(10%, states=25728, limit=1800s)... done (0.652455s, 548824n)
[80] Running BiHS-Bloom(10%, rootk, dynamic, size=141KiB, k=1, fp_est=0.618903, limit=120s)...
Bloom filter size: 141 KiB, k_hashes: 1, min_items: 25668
 done (0.46082s, 7195275n)
[80] Running IDTHSwTrans(10%, states=25728, limit=1800s)... done (0.65434s, 548824n)
[80] Running BiHS-Bloom(1%, k1, dynamic, size=14KiB, k=1, fp_est=0.99994, limit=120s)...
Bloom filter size: 14 KiB, k_hashes: 1, min_items: 2548
 done (0.460731s, 7195275n)
[80] Running IDTHSwTrans(1%, states=2572, limit=1800s)... done (0.583054s, 546523n)
[80] Running BiHS-Bloom(1%, optk, dynamic, size=14KiB, k=1, fp_est=0.99994, limit=120s)...
Bloom filter size: 14 KiB, k_hashes: 1, min_items: 2548
 done (0.462579s, 7195275n)
[80] Running IDTHSwTrans(1%, states=2572, limit=1800s)... done (0.581831s, 546523n)
[80] Running BiHS-Bloom(1%, rootk, dynamic, size=14KiB, k=1, fp_est=0.99994, limit=120s)...
Bloom filter size: 14 KiB, k_hashes: 1, min_items: 2548
 done (0.460583s, 7195275n)
[80] Running IDTHSwTrans(1%, states=2572, limit=1800s)... done (0.582685s, 546523n)
[80] Running BiHS-Bloom(0.1%, k1, dynamic, size=1KiB, k=1, fp_est=1, limit=120s)...
Bloom filter size: 1 KiB, k_hashes: 1, min_items: 182
 done (0.46254s, 7195275n)
[80] Running IDTHSwTrans(0.1%, states=257, limit=1800s)... done (0.60044s, 640355n)
[80] Running BiHS-Bloom(0.1%, optk, dynamic, size=1KiB, k=1, fp_est=1, limit=120s)...
Bloom filter size: 1 KiB, k_hashes: 1, min_items: 182
 done (0.462339s, 7195275n)
[80] Running IDTHSwTrans(0.1%, states=257, limit=1800s)... done (0.600744s, 640355n)
[80] Running BiHS-Bloom(0.1%, rootk, dynamic, size=1KiB, k=1, fp_est=1, limit=120s)...
Bloom filter size: 1 KiB, k_hashes: 1, min_items: 182
 done (0.46147s, 7195275n)
[80] Running IDTHSwTrans(0.1%, states=257, limit=1800s)... done (0.600517s, 640355n)
Puzzle #80 | A*: 1.89734s/746317n | Rev-A*: 0.269422s/141103n | BAE*: 0.650117s/223712n | NBS: 0.961619s/275338n | MM: 1.97053s/725750n | IDA*: 0.990812s/4245290n | Parallel IDA*: 1.57793s/11994699n | Rev-IDA*: 0.295485s/1265329n | BiHS-Bloom(50%,k1,dynamic): 0.467716s/7195275n | IDTHSwTrans(50%): 0.870165s/665422n | BiHS-Bloom(50%,optk,dynamic): 0.462335s/7195275n | IDTHSwTrans(50%): 0.872744s/665422n | BiHS-Bloom(50%,rootk,dynamic): 0.464908s/7195275n | IDTHSwTrans(50%): 0.878311s/665422n | BiHS-Bloom(10%,k1,dynamic): 0.461555s/7195275n | IDTHSwTrans(10%): 0.653908s/548824n | BiHS-Bloom(10%,optk,dynamic): 0.461199s/7195275n | IDTHSwTrans(10%): 0.652455s/548824n | BiHS-Bloom(10%,rootk,dynamic): 0.46082s/7195275n | IDTHSwTrans(10%): 0.65434s/548824n | BiHS-Bloom(1%,k1,dynamic): 0.460731s/7195275n | IDTHSwTrans(1%): 0.583054s/546523n | BiHS-Bloom(1%,optk,dynamic): 0.462579s/7195275n | IDTHSwTrans(1%): 0.581831s/546523n | BiHS-Bloom(1%,rootk,dynamic): 0.460583s/7195275n | IDTHSwTrans(1%): 0.582685s/546523n | BiHS-Bloom(0.1%,k1,dynamic): 0.46254s/7195275n | IDTHSwTrans(0.1%): 0.60044s/640355n | BiHS-Bloom(0.1%,optk,dynamic): 0.462339s/7195275n | IDTHSwTrans(0.1%): 0.600744s/640355n | BiHS-Bloom(0.1%,rootk,dynamic): 0.46147s/7195275n | IDTHSwTrans(0.1%): 0.600517s/640355n | Length: 53
Results written to results/stp_pancake/parts/benchmark_stp_80.csv
