------------------------------------
Sun 28 Jun 2026 02:26:11 IDT
SLURM_JOBID:		18485627
SLURM_JOB_NODELIST:	ise-cpu-intl-24
SLURM_SCRATCH_DIR:	
Allocated Resouces:	cpu - 2 / mem - 65536 MB / gpu - 
SLURM_GPU_INDEX:	
Running as omerpr from felner account with normal QOS
------------------------------------
------------------------------------
Sun 28 Jun 2026 02:26:12 IDT
SLURM_JOBID:		18485627
SLURM_JOB_NODELIST:	ise-cpu-intl-24
SLURM_SCRATCH_DIR:	
Allocated Resouces:	cpu - 2 / mem - 65536 MB / gpu - 
SLURM_GPU_INDEX:	
Running as omerpr from felner account with normal QOS
------------------------------------
Domain: Pancake Puzzle
[18] Running Pancake A*... done (0.400957s, 8525n)
[18] Running Pancake Rev-A*... done (0.222863s, 5490n)
[18] Running Pancake BAE*... done (0.301786s, 9738n)
[18] Running Pancake NBS... done (0.711644s, 10944n)
[18] Running Pancake MM... done (0.47584s, 14873n)
[18] Running Pancake IDA*... done (0.0740701s, 22166n)
[18] Running Pancake Rev-IDA*... done (0.0984543s, 30496n)
[18] Running Pancake Parallel IDA*...1994544 pieces of work generated
Starting iteration with bound 11.000000; 117326 expanded, 2229194 generated
Starting iteration with bound 12.000000; 117326 expanded, 2229194 generated
Starting iteration with bound 13.000000; 117326 expanded, 2229194 generated
Starting iteration with bound 14.000000; 117426 expanded, 2231094 generated
Starting iteration with bound 15.000000; 122906 expanded, 2335214 generated
 done (8.15947s, 171702n)
[18] Pancake BiHS-Bloom timeout limit: 163.189s
[18] Pancake IDTHSwTrans state bound baseline: 93797
[18] Running Pancake BiHS-Bloom(50%, optk, dynamic, size=355KiB, k=12, fp_est=0.000193029, limit=163.189s)...Bloom filter size: 355 KiB, k_hashes: 12, min_items: 46905
 done (1.04325s, 4872228n)
[18] Running Pancake IDTHSwTrans(50%, states=46898, limit=1800s)... done (0.326861s, 29733n)
[18] Running Pancake BiHS-Bloom(10%, optk, dynamic, size=71KiB, k=2, fp_est=0.184657, limit=163.189s)...Bloom filter size: 71 KiB, k_hashes: 2, min_items: 9381
 done (1.03215s, 4872228n)
[18] Running Pancake IDTHSwTrans(10%, states=9379, limit=1800s)... done (0.12712s, 10646n)
[18] Running Pancake BiHS-Bloom(1%, optk, dynamic, size=7KiB, k=1, fp_est=0.942053, limit=163.189s)...Bloom filter size: 7 KiB, k_hashes: 1, min_items: 924
 done (1.03603s, 4872228n)
[18] Running Pancake IDTHSwTrans(1%, states=937, limit=1800s)... done (0.090657s, 8793n)
[18] Running Pancake BiHS-Bloom(0.1%, optk, dynamic, size=1KiB, k=1, fp_est=1, limit=163.189s)...Bloom filter size: 1 KiB, k_hashes: 1, min_items: 132
[TYPE] Splitting depth 15 into 2 hash types (Ff=37030, Fb=964, min_items=132)
 done (1.0833s, 5700483n)
[18] Running Pancake IDTHSwTrans(0.1%, states=93, limit=1800s)... done (0.10453s, 10217n)
Pancake #18 | A*: 0.400957s/8525n | Rev-A*: 0.222863s/5490n | BAE*: 0.301786s/9738n | NBS: 0.711644s/10944n | MM: 0.47584s/14873n | IDA*: 0.0740701s/22166n | Parallel IDA*: 8.15947s/171702n | Rev-IDA*: 0.0984543s/30496n | BiHS-Bloom(50%,optk,dynamic): 1.04325s/4872228n | IDTHSwTrans(50%): 0.326861s/29733n | BiHS-Bloom(10%,optk,dynamic): 1.03215s/4872228n | IDTHSwTrans(10%): 0.12712s/10646n | BiHS-Bloom(1%,optk,dynamic): 1.03603s/4872228n | IDTHSwTrans(1%): 0.090657s/8793n | BiHS-Bloom(0.1%,optk,dynamic): 1.0833s/5700483n | IDTHSwTrans(0.1%): 0.10453s/10217n | Length: 15
Results written to results/stp_pancake/parts/benchmark_pancake_18.csv
