------------------------------------
Sat 27 Jun 2026 21:53:45 IDT
SLURM_JOBID:		18472567
SLURM_JOB_NODELIST:	ise-cpu-intl-24
SLURM_SCRATCH_DIR:	
Allocated Resouces:	cpu - 2 / mem - 65536 MB / gpu - 
SLURM_GPU_INDEX:	
Running as omerpr from felner account with normal QOS
------------------------------------
------------------------------------
Sat 27 Jun 2026 21:53:45 IDT
SLURM_JOBID:		18472567
SLURM_JOB_NODELIST:	ise-cpu-intl-24
SLURM_SCRATCH_DIR:	
Allocated Resouces:	cpu - 2 / mem - 65536 MB / gpu - 
SLURM_GPU_INDEX:	
Running as omerpr from felner account with normal QOS
------------------------------------
Domain: Pancake Puzzle
[72] Running Pancake A*... done (2.01514s, 43304n)
[72] Running Pancake Rev-A*... done (1.8558s, 42823n)
[72] Skipping BAE*, NBS, IDA*, Rev-IDA*, and Parallel IDA*; use --full to run them
[72] Running Pancake MM... done (2.82966s, 79427n)
[72] Pancake BiHS-Bloom timeout limit: 120s
[72] Pancake IDTHSwTrans state bound baseline: 708350
[72] Running Pancake BiHS-Bloom(50%, optk, dynamic, size=2681KiB, k=19, fp_est=1.70802e-06, limit=120s)...Bloom filter size: 2681 KiB, k_hashes: 19, min_items: 354237
 done (5.5461s, 24564447n)
[72] Running Pancake IDTHSwTrans(50%, states=354175, limit=1800s)... done (0.664825s, 74862n)
[72] Running Pancake BiHS-Bloom(10%, optk, dynamic, size=536KiB, k=4, fp_est=0.0704006, limit=120s)...Bloom filter size: 536 KiB, k_hashes: 4, min_items: 70821
 done (5.45763s, 24564447n)
[72] Running Pancake IDTHSwTrans(10%, states=70835, limit=1800s)... done (0.457221s, 41237n)
[72] Running Pancake BiHS-Bloom(1%, optk, dynamic, size=54KiB, k=1, fp_est=0.834062, limit=120s)...Bloom filter size: 54 KiB, k_hashes: 1, min_items: 7134
 done (5.66559s, 24564447n)
[72] Running Pancake IDTHSwTrans(1%, states=7083, limit=1800s)... done (1.25311s, 42247n)
[72] Running Pancake BiHS-Bloom(0.1%, optk, dynamic, size=5KiB, k=1, fp_est=1, limit=120s)...Bloom filter size: 5 KiB, k_hashes: 1, min_items: 660
[TYPE] Splitting depth 15 into 2 hash types (Ff=159589, Fb=6162, min_items=660)
 done (4.3116s, 26454126n)
[72] Running Pancake IDTHSwTrans(0.1%, states=708, limit=1800s)... done (1.51423s, 56838n)
Pancake #72 | A*: 2.01514s/43304n | Rev-A*: 1.8558s/42823n | BAE*: -3s/0n | NBS: -3s/0n | MM: 2.82966s/79427n | IDA*: -3s/0n | Parallel IDA*: -3s/0n | Rev-IDA*: -3s/0n | BiHS-Bloom(50%,optk,dynamic): 5.5461s/24564447n | IDTHSwTrans(50%): 0.664825s/74862n | BiHS-Bloom(10%,optk,dynamic): 5.45763s/24564447n | IDTHSwTrans(10%): 0.457221s/41237n | BiHS-Bloom(1%,optk,dynamic): 5.66559s/24564447n | IDTHSwTrans(1%): 1.25311s/42247n | BiHS-Bloom(0.1%,optk,dynamic): 4.3116s/26454126n | IDTHSwTrans(0.1%): 1.51423s/56838n | Length: 15
Results written to results/stp_pancake/parts/benchmark_pancake_72.csv
