------------------------------------
Sun 28 Jun 2026 02:10:58 IDT
SLURM_JOBID:		18485130
SLURM_JOB_NODELIST:	ise-cpu-intl-10
SLURM_SCRATCH_DIR:	
Allocated Resouces:	cpu - 2 / mem - 65536 MB / gpu - 
SLURM_GPU_INDEX:	
Running as omerpr from felner account with normal QOS
------------------------------------
------------------------------------
Sun 28 Jun 2026 02:10:58 IDT
SLURM_JOBID:		18485130
SLURM_JOB_NODELIST:	ise-cpu-intl-10
SLURM_SCRATCH_DIR:	
Allocated Resouces:	cpu - 2 / mem - 65536 MB / gpu - 
SLURM_GPU_INDEX:	
Running as omerpr from felner account with normal QOS
------------------------------------
Domain: Sliding Tile Puzzle
Starting Korf's Puzzle #91

[91] Running A*... done (190.168s, 45112048n)
[91] Running Rev-A*... done (83.6936s, 16315379n)
[91] Running BAE*... done (37.0857s, 6690930n)
[91] Running NBS... done (113.497s, 22376162n)
[91] Running MM... done (106.423s, 26211446n)
[91] Running IDA*... done (163.6s, 517713487n)
[91] Running Rev-IDA*... done (44.1024s, 140937114n)
[91] Running Parallel IDA*...66 pieces of work generated
Starting iteration with bound 37.000000; 56 expanded, 176 generated
Starting iteration with bound 39.000000; 56 expanded, 176 generated
Starting iteration with bound 41.000000; 171 expanded, 494 generated
Starting iteration with bound 43.000000; 1358 expanded, 3895 generated
Starting iteration with bound 45.000000; 10087 expanded, 29134 generated
Starting iteration with bound 47.000000; 68822 expanded, 200641 generated
Starting iteration with bound 49.000000; 439051 expanded, 1288191 generated
Starting iteration with bound 51.000000; 2658986 expanded, 7839256 generated
Starting iteration with bound 53.000000; 15449405 expanded, 45722923 generated
Starting iteration with bound 55.000000; 87044496 expanded, 258432653 generated
Starting iteration with bound 57.000000; 479023923 expanded, 1425898627 generated
 done (84.3758s, 536996717n)
[91] BiHS-Bloom timeout limit: 3803.36s
[91] IDTHSwTrans state bound baseline: 29491336
[91] Running BiHS-Bloom(50%, optk, dynamic, size=81000KiB, k=14, fp_est=7.08771e-05, limit=3803.36s)...
Bloom filter size: 81000 KiB, k_hashes: 14, min_items: 14745600
 done (154.062s, 2189111131n)
[91] Running IDTHSwTrans(50%, states=14745668, limit=1800s)... done (90.1802s, 4183213n)
[91] Running BiHS-Bloom(10%, optk, dynamic, size=16200KiB, k=3, fp_est=0.14856, limit=3803.36s)...
Bloom filter size: 16200 KiB, k_hashes: 3, min_items: 2949120
 done (156.175s, 2189111131n)
[91] Running IDTHSwTrans(10%, states=2949133, limit=1800s)... done (90.8526s, 4183213n)
[91] Running BiHS-Bloom(1%, optk, dynamic, size=1620KiB, k=1, fp_est=0.919062, limit=3803.36s)...
Bloom filter size: 1620 KiB, k_hashes: 1, min_items: 294912
 done (154.803s, 2189111131n)
[91] Running IDTHSwTrans(1%, states=294913, limit=1800s)... done (70.7554s, 3954000n)
[91] Running BiHS-Bloom(0.1%, optk, dynamic, size=162KiB, k=1, fp_est=1, limit=3803.36s)...
Bloom filter size: 162 KiB, k_hashes: 1, min_items: 29491
 done (165.776s, 2189111131n)
[91] Running IDTHSwTrans(0.1%, states=29491, limit=1800s)... done (67.1726s, 6252441n)
Puzzle #91 | A*: 190.168s/45112048n | Rev-A*: 83.6936s/16315379n | BAE*: 37.0857s/6690930n | NBS: 113.497s/22376162n | MM: 106.423s/26211446n | IDA*: 163.6s/517713487n | Parallel IDA*: 84.3758s/536996717n | Rev-IDA*: 44.1024s/140937114n | BiHS-Bloom(50%,optk,dynamic): 154.062s/2189111131n | IDTHSwTrans(50%): 90.1802s/4183213n | BiHS-Bloom(10%,optk,dynamic): 156.175s/2189111131n | IDTHSwTrans(10%): 90.8526s/4183213n | BiHS-Bloom(1%,optk,dynamic): 154.803s/2189111131n | IDTHSwTrans(1%): 70.7554s/3954000n | BiHS-Bloom(0.1%,optk,dynamic): 165.776s/2189111131n | IDTHSwTrans(0.1%): 67.1726s/6252441n | Length: 57
Results written to results/stp_pancake/parts/benchmark_stp_91.csv
