------------------------------------
Sat 27 Jun 2026 21:36:49 IDT
SLURM_JOBID:		18471744
SLURM_JOB_NODELIST:	cs-cpu-07
SLURM_SCRATCH_DIR:	
Allocated Resouces:	cpu - 2 / mem - 65536 MB / gpu - 
SLURM_GPU_INDEX:	
Running as omerpr from felner account with normal QOS
------------------------------------
------------------------------------
Sat 27 Jun 2026 21:36:49 IDT
SLURM_JOBID:		18471744
SLURM_JOB_NODELIST:	cs-cpu-07
SLURM_SCRATCH_DIR:	
Allocated Resouces:	cpu - 2 / mem - 65536 MB / gpu - 
SLURM_GPU_INDEX:	
Running as omerpr from felner account with normal QOS
------------------------------------
Domain: Pancake Puzzle
[39] Running Pancake A*... done (2.14496s, 57213n)
[39] Running Pancake Rev-A*... done (1.42275s, 41304n)
[39] Skipping BAE*, NBS, IDA*, Rev-IDA*, and Parallel IDA*; use --full to run them
[39] Running Pancake MM... done (2.93628s, 98421n)
[39] Pancake BiHS-Bloom timeout limit: 120s
[39] Pancake IDTHSwTrans state bound baseline: 674548
[39] Running Pancake BiHS-Bloom(50%, optk, dynamic, size=2553KiB, k=14, fp_est=4.89744e-05, limit=120s)...Bloom filter size: 2553 KiB, k_hashes: 14, min_items: 337325
 done (6.3708s, 36080706n)
[39] Running Pancake IDTHSwTrans(50%, states=337274, limit=1800s)... done (0.766757s, 77512n)
[39] Running Pancake BiHS-Bloom(10%, optk, dynamic, size=511KiB, k=3, fp_est=0.137323, limit=120s)...Bloom filter size: 511 KiB, k_hashes: 3, min_items: 67517
 done (6.29096s, 36080706n)
[39] Running Pancake IDTHSwTrans(10%, states=67454, limit=1800s)... done (1.01531s, 53085n)
[39] Running Pancake BiHS-Bloom(1%, optk, dynamic, size=51KiB, k=1, fp_est=0.911352, limit=120s)...Bloom filter size: 51 KiB, k_hashes: 1, min_items: 6738
 done (6.5023s, 36080706n)
[39] Running Pancake IDTHSwTrans(1%, states=6745, limit=1800s)... done (0.572286s, 34831n)
[39] Running Pancake BiHS-Bloom(0.1%, optk, dynamic, size=5KiB, k=1, fp_est=1, limit=120s)...Bloom filter size: 5 KiB, k_hashes: 1, min_items: 660
[TYPE] Splitting depth 15 into 4 hash types (Ff=163029, Fb=18920, min_items=660)
 done (4.68508s, 37972005n)
[39] Running Pancake IDTHSwTrans(0.1%, states=674, limit=1800s)... done (0.550787s, 40012n)
Pancake #39 | A*: 2.14496s/57213n | Rev-A*: 1.42275s/41304n | BAE*: -3s/0n | NBS: -3s/0n | MM: 2.93628s/98421n | IDA*: -3s/0n | Parallel IDA*: -3s/0n | Rev-IDA*: -3s/0n | BiHS-Bloom(50%,optk,dynamic): 6.3708s/36080706n | IDTHSwTrans(50%): 0.766757s/77512n | BiHS-Bloom(10%,optk,dynamic): 6.29096s/36080706n | IDTHSwTrans(10%): 1.01531s/53085n | BiHS-Bloom(1%,optk,dynamic): 6.5023s/36080706n | IDTHSwTrans(1%): 0.572286s/34831n | BiHS-Bloom(0.1%,optk,dynamic): 4.68508s/37972005n | IDTHSwTrans(0.1%): 0.550787s/40012n | Length: 15
Results written to results/stp_pancake/parts/benchmark_pancake_39.csv
