------------------------------------
Sun 28 Jun 2026 02:51:19 IDT
SLURM_JOBID:		18486454
SLURM_JOB_NODELIST:	ise-cpu-intl-09
SLURM_SCRATCH_DIR:	
Allocated Resouces:	cpu - 2 / mem - 65536 MB / gpu - 
SLURM_GPU_INDEX:	
Running as omerpr from felner account with normal QOS
------------------------------------
------------------------------------
Sun 28 Jun 2026 02:51:19 IDT
SLURM_JOBID:		18486454
SLURM_JOB_NODELIST:	ise-cpu-intl-09
SLURM_SCRATCH_DIR:	
Allocated Resouces:	cpu - 2 / mem - 65536 MB / gpu - 
SLURM_GPU_INDEX:	
Running as omerpr from felner account with normal QOS
------------------------------------
Domain: Pancake Puzzle
[64] Running Pancake A*... done (21.2609s, 564407n)
[64] Running Pancake Rev-A*... done (22.0472s, 564407n)
[64] Running Pancake BAE*... done (14.3185s, 687459n)
[64] Running Pancake NBS... done (515.346s, 8521824n)
[64] Running Pancake MM... done (71.1479s, 1020400n)
[64] Running Pancake IDA*... done (2.98292s, 1334351n)
[64] Running Pancake Rev-IDA*... done (2.99677s, 1334351n)
[64] Running Pancake Parallel IDA*...1994544 pieces of work generated
Starting iteration with bound 11.000000; 117326 expanded, 2229194 generated
Starting iteration with bound 12.000000; 117326 expanded, 2229194 generated
Starting iteration with bound 13.000000; 117326 expanded, 2229194 generated
Starting iteration with bound 14.000000; 117335 expanded, 2229365 generated
Starting iteration with bound 15.000000; 118177 expanded, 2245363 generated
Starting iteration with bound 16.000000; 157144 expanded, 2985736 generated
Starting iteration with bound 17.000000; 1042583 expanded, 19809077 generated
 done (10.6919s, 2372706n)
[64] Pancake BiHS-Bloom timeout limit: 10306.9s
[64] Pancake IDTHSwTrans state bound baseline: 8811173
[64] Running Pancake BiHS-Bloom(50%, optk, dynamic, size=33343KiB, k=24, fp_est=7.26984e-08, limit=10306.9s)...Bloom filter size: 33343 KiB, k_hashes: 24, min_items: 4405578
 done (100.922s, 737962089n)
[64] Running Pancake IDTHSwTrans(50%, states=4405586, limit=1800s)... done (6.26034s, 223023n)
[64] Running Pancake BiHS-Bloom(10%, optk, dynamic, size=6669KiB, k=5, fp_est=0.037445, limit=10306.9s)...Bloom filter size: 6669 KiB, k_hashes: 5, min_items: 881168
 done (99.5091s, 737962089n)
[64] Running Pancake IDTHSwTrans(10%, states=881117, limit=1800s)... done (6.24016s, 223023n)
[64] Running Pancake BiHS-Bloom(1%, optk, dynamic, size=667KiB, k=1, fp_est=0.768026, limit=10306.9s)...Bloom filter size: 667 KiB, k_hashes: 1, min_items: 88130
 done (123.007s, 1013788296n)
[64] Running Pancake IDTHSwTrans(1%, states=88111, limit=1800s)... done (4.52999s, 140019n)
[64] Running Pancake BiHS-Bloom(0.1%, optk, dynamic, size=67KiB, k=1, fp_est=1, limit=10306.9s)...Bloom filter size: 67 KiB, k_hashes: 1, min_items: 8852
[TYPE] Splitting depth 17 into 8 hash types (Ff=3507776, Fb=2026791, min_items=8852)
 done (120.826s, 1041630555n)
[64] Running Pancake IDTHSwTrans(0.1%, states=8811, limit=1800s)... done (5.49727s, 204034n)
Pancake #64 | A*: 21.2609s/564407n | Rev-A*: 22.0472s/564407n | BAE*: 14.3185s/687459n | NBS: 515.346s/8521824n | MM: 71.1479s/1020400n | IDA*: 2.98292s/1334351n | Parallel IDA*: 10.6919s/2372706n | Rev-IDA*: 2.99677s/1334351n | BiHS-Bloom(50%,optk,dynamic): 100.922s/737962089n | IDTHSwTrans(50%): 6.26034s/223023n | BiHS-Bloom(10%,optk,dynamic): 99.5091s/737962089n | IDTHSwTrans(10%): 6.24016s/223023n | BiHS-Bloom(1%,optk,dynamic): 123.007s/1013788296n | IDTHSwTrans(1%): 4.52999s/140019n | BiHS-Bloom(0.1%,optk,dynamic): 120.826s/1041630555n | IDTHSwTrans(0.1%): 5.49727s/204034n | Length: 17
Results written to results/stp_pancake/parts/benchmark_pancake_64.csv
