------------------------------------
Sat 27 Jun 2026 21:21:48 IDT
SLURM_JOBID:		18470984
SLURM_JOB_NODELIST:	ise-cpu-intl-23
SLURM_SCRATCH_DIR:	/scratch/omerpr/18470984
Allocated Resouces:	cpu - 2 / mem - 65536 MB / gpu - 
SLURM_GPU_INDEX:	
Running as omerpr from felner account with normal QOS
------------------------------------
------------------------------------
Sat 27 Jun 2026 21:21:48 IDT
SLURM_JOBID:		18470984
SLURM_JOB_NODELIST:	ise-cpu-intl-23
SLURM_SCRATCH_DIR:	/scratch/omerpr/18470984
Allocated Resouces:	cpu - 2 / mem - 65536 MB / gpu - 
SLURM_GPU_INDEX:	
Running as omerpr from felner account with normal QOS
------------------------------------
Domain: Sliding Tile Puzzle
Starting Korf's Puzzle #95

[95] Running A*... done (4.20687s, 1262205n)
[95] Running Rev-A*... done (2.62134s, 798519n)
[95] Skipping BAE*, NBS, IDA*, Rev-IDA*, and Parallel IDA*; use --full to run them
[95] Running MM... done (3.8024s, 1119720n)
[95] BiHS-Bloom timeout limit: 120s
[95] IDTHSwTrans state bound baseline: 1501117
[95] Running BiHS-Bloom(50%, optk, dynamic, size=4123KiB, k=18, fp_est=4.95e-06, limit=120s)...
Bloom filter size: 4123 KiB, k_hashes: 18, min_items: 750569
 done (4.09924s, 55038937n)
[95] Running IDTHSwTrans(50%, states=750558, limit=1800s)... done (1.70122s, 493435n)
[95] Running BiHS-Bloom(10%, optk, dynamic, size=825KiB, k=4, fp_est=0.0878243, limit=120s)...
Bloom filter size: 825 KiB, k_hashes: 4, min_items: 150186
 done (4.06639s, 55038937n)
[95] Running IDTHSwTrans(10%, states=150111, limit=1800s)... done (1.67751s, 478393n)
[95] Running BiHS-Bloom(1%, optk, dynamic, size=82KiB, k=1, fp_est=0.861548, limit=120s)...
Bloom filter size: 82 KiB, k_hashes: 1, min_items: 14927
 done (4.34971s, 55038937n)
[95] Running IDTHSwTrans(1%, states=15011, limit=1800s)... done (0.945275s, 303955n)
[95] Running BiHS-Bloom(0.1%, optk, dynamic, size=8KiB, k=1, fp_est=1, limit=120s)...
Bloom filter size: 8 KiB, k_hashes: 1, min_items: 1456
 done (3.18812s, 55075204n)
[95] Running IDTHSwTrans(0.1%, states=1501, limit=1800s)... done (1.14655s, 415049n)
Puzzle #95 | A*: 4.20687s/1262205n | Rev-A*: 2.62134s/798519n | BAE*: -3s/0n | NBS: -3s/0n | MM: 3.8024s/1119720n | IDA*: -3s/0n | Parallel IDA*: -3s/0n | Rev-IDA*: -3s/0n | BiHS-Bloom(50%,optk,dynamic): 4.09924s/55038937n | IDTHSwTrans(50%): 1.70122s/493435n | BiHS-Bloom(10%,optk,dynamic): 4.06639s/55038937n | IDTHSwTrans(10%): 1.67751s/478393n | BiHS-Bloom(1%,optk,dynamic): 4.34971s/55038937n | IDTHSwTrans(1%): 0.945275s/303955n | BiHS-Bloom(0.1%,optk,dynamic): 3.18812s/55075204n | IDTHSwTrans(0.1%): 1.14655s/415049n | Length: 49
Results written to results/stp_pancake/parts/benchmark_stp_95.csv
