------------------------------------
Sat 27 Jun 2026 21:40:39 IDT
SLURM_JOBID:		18471911
SLURM_JOB_NODELIST:	ise-cpu-intl-24
SLURM_SCRATCH_DIR:	
Allocated Resouces:	cpu - 2 / mem - 65536 MB / gpu - 
SLURM_GPU_INDEX:	
Running as omerpr from felner account with normal QOS
------------------------------------
------------------------------------
Sat 27 Jun 2026 21:40:39 IDT
SLURM_JOBID:		18471911
SLURM_JOB_NODELIST:	ise-cpu-intl-24
SLURM_SCRATCH_DIR:	
Allocated Resouces:	cpu - 2 / mem - 65536 MB / gpu - 
SLURM_GPU_INDEX:	
Running as omerpr from felner account with normal QOS
------------------------------------
Domain: Pancake Puzzle
[45] Running Pancake A*... done (0.444344s, 9579n)
[45] Running Pancake Rev-A*... done (0.374416s, 8637n)
[45] Skipping BAE*, NBS, IDA*, Rev-IDA*, and Parallel IDA*; use --full to run them
[45] Running Pancake MM... done (0.553224s, 16406n)
[45] Pancake BiHS-Bloom timeout limit: 120s
[45] Pancake IDTHSwTrans state bound baseline: 146631
[45] Running Pancake BiHS-Bloom(50%, optk, dynamic, size=555KiB, k=22, fp_est=3.06694e-07, limit=120s)...Bloom filter size: 555 KiB, k_hashes: 22, min_items: 73331
 done (1.87849s, 9614112n)
[45] Running Pancake IDTHSwTrans(50%, states=73315, limit=1800s)... done (0.233826s, 28895n)
[45] Running Pancake BiHS-Bloom(10%, optk, dynamic, size=111KiB, k=4, fp_est=0.0500782, limit=120s)...Bloom filter size: 111 KiB, k_hashes: 4, min_items: 14666
 done (1.85611s, 9614112n)
[45] Running Pancake IDTHSwTrans(10%, states=14663, limit=1800s)... done (0.130629s, 15762n)
[45] Running Pancake BiHS-Bloom(1%, optk, dynamic, size=11KiB, k=1, fp_est=0.80135, limit=120s)...Bloom filter size: 11 KiB, k_hashes: 1, min_items: 1453
 done (2.37375s, 13516551n)
[45] Running Pancake IDTHSwTrans(1%, states=1466, limit=1800s)... done (0.141318s, 10227n)
[45] Running Pancake BiHS-Bloom(0.1%, optk, dynamic, size=1KiB, k=1, fp_est=1, limit=120s)...Bloom filter size: 1 KiB, k_hashes: 1, min_items: 132
[TYPE] Splitting depth 15 into 8 hash types (Ff=34524, Fb=17708, min_items=132)
 done (2.36084s, 13516551n)
[45] Running Pancake IDTHSwTrans(0.1%, states=146, limit=1800s)... done (0.173735s, 12556n)
Pancake #45 | A*: 0.444344s/9579n | Rev-A*: 0.374416s/8637n | BAE*: -3s/0n | NBS: -3s/0n | MM: 0.553224s/16406n | IDA*: -3s/0n | Parallel IDA*: -3s/0n | Rev-IDA*: -3s/0n | BiHS-Bloom(50%,optk,dynamic): 1.87849s/9614112n | IDTHSwTrans(50%): 0.233826s/28895n | BiHS-Bloom(10%,optk,dynamic): 1.85611s/9614112n | IDTHSwTrans(10%): 0.130629s/15762n | BiHS-Bloom(1%,optk,dynamic): 2.37375s/13516551n | IDTHSwTrans(1%): 0.141318s/10227n | BiHS-Bloom(0.1%,optk,dynamic): 2.36084s/13516551n | IDTHSwTrans(0.1%): 0.173735s/12556n | Length: 15
Results written to results/stp_pancake/parts/benchmark_pancake_45.csv
