------------------------------------
Sat 27 Jun 2026 21:30:41 IDT
SLURM_JOBID:		18471441
SLURM_JOB_NODELIST:	ise-cpu-intl-23
SLURM_SCRATCH_DIR:	/scratch/omerpr/18471441
Allocated Resouces:	cpu - 2 / mem - 65536 MB / gpu - 
SLURM_GPU_INDEX:	
Running as omerpr from felner account with normal QOS
------------------------------------
------------------------------------
Sat 27 Jun 2026 21:30:41 IDT
SLURM_JOBID:		18471441
SLURM_JOB_NODELIST:	ise-cpu-intl-23
SLURM_SCRATCH_DIR:	/scratch/omerpr/18471441
Allocated Resouces:	cpu - 2 / mem - 65536 MB / gpu - 
SLURM_GPU_INDEX:	
Running as omerpr from felner account with normal QOS
------------------------------------
Domain: Pancake Puzzle
[12] Running Pancake A*... done (1.69646s, 46483n)
[12] Running Pancake Rev-A*... done (0.977682s, 31127n)
[12] Skipping BAE*, NBS, IDA*, Rev-IDA*, and Parallel IDA*; use --full to run them
[12] Running Pancake MM... done (3.47387s, 122835n)
[12] Pancake BiHS-Bloom timeout limit: 120s
[12] Pancake IDTHSwTrans state bound baseline: 511587
[12] Running Pancake BiHS-Bloom(50%, optk, dynamic, size=1936KiB, k=7, fp_est=0.00688654, limit=120s)...Bloom filter size: 1936 KiB, k_hashes: 7, min_items: 255801
 done (4.43004s, 24741066n)
[12] Running Pancake IDTHSwTrans(50%, states=255793, limit=1800s)... done (1.91498s, 84946n)
[12] Running Pancake BiHS-Bloom(10%, optk, dynamic, size=387KiB, k=1, fp_est=0.382891, limit=120s)...Bloom filter size: 387 KiB, k_hashes: 1, min_items: 51133
 done (4.40172s, 24741066n)
[12] Running Pancake IDTHSwTrans(10%, states=51158, limit=1800s)... done (0.614142s, 42415n)
[12] Running Pancake BiHS-Bloom(1%, optk, dynamic, size=39KiB, k=1, fp_est=0.991687, limit=120s)...Bloom filter size: 39 KiB, k_hashes: 1, min_items: 5153
 done (4.57435s, 24741066n)
[12] Running Pancake IDTHSwTrans(1%, states=5115, limit=1800s)... done (0.564392s, 37526n)
[12] Running Pancake BiHS-Bloom(0.1%, optk, dynamic, size=4KiB, k=1, fp_est=1, limit=120s)...Bloom filter size: 4 KiB, k_hashes: 1, min_items: 528
[TYPE] Splitting depth 15 into 3 hash types (Ff=157822, Fb=4895, min_items=528)
 done (7.1524s, 28535184n)
[12] Running Pancake IDTHSwTrans(0.1%, states=511, limit=1800s)... done (0.674437s, 49252n)
Pancake #12 | A*: 1.69646s/46483n | Rev-A*: 0.977682s/31127n | BAE*: -3s/0n | NBS: -3s/0n | MM: 3.47387s/122835n | IDA*: -3s/0n | Parallel IDA*: -3s/0n | Rev-IDA*: -3s/0n | BiHS-Bloom(50%,optk,dynamic): 4.43004s/24741066n | IDTHSwTrans(50%): 1.91498s/84946n | BiHS-Bloom(10%,optk,dynamic): 4.40172s/24741066n | IDTHSwTrans(10%): 0.614142s/42415n | BiHS-Bloom(1%,optk,dynamic): 4.57435s/24741066n | IDTHSwTrans(1%): 0.564392s/37526n | BiHS-Bloom(0.1%,optk,dynamic): 7.1524s/28535184n | IDTHSwTrans(0.1%): 0.674437s/49252n | Length: 15
Results written to results/stp_pancake/parts/benchmark_pancake_12.csv
