------------------------------------
Sat 27 Jun 2026 21:57:04 IDT
SLURM_JOBID:		18472743
SLURM_JOB_NODELIST:	ise-cpu-intl-24
SLURM_SCRATCH_DIR:	
Allocated Resouces:	cpu - 2 / mem - 65536 MB / gpu - 
SLURM_GPU_INDEX:	
Running as omerpr from felner account with normal QOS
------------------------------------
------------------------------------
Sat 27 Jun 2026 21:57:04 IDT
SLURM_JOBID:		18472743
SLURM_JOB_NODELIST:	ise-cpu-intl-24
SLURM_SCRATCH_DIR:	
Allocated Resouces:	cpu - 2 / mem - 65536 MB / gpu - 
SLURM_GPU_INDEX:	
Running as omerpr from felner account with normal QOS
------------------------------------
Domain: Pancake Puzzle
[85] Running Pancake A*... done (4.49322s, 91024n)
[85] Running Pancake Rev-A*... done (2.69116s, 61400n)
[85] Skipping BAE*, NBS, IDA*, Rev-IDA*, and Parallel IDA*; use --full to run them
[85] Running Pancake MM... done (4.27146s, 142551n)
[85] Pancake BiHS-Bloom timeout limit: 120s
[85] Pancake IDTHSwTrans state bound baseline: 1003142
[85] Running Pancake BiHS-Bloom(50%, optk, dynamic, size=3796KiB, k=16, fp_est=1.93237e-05, limit=120s)...Bloom filter size: 3796 KiB, k_hashes: 16, min_items: 501561
 done (12.5762s, 55409646n)
[85] Running Pancake IDTHSwTrans(50%, states=501571, limit=1800s)... done (2.90643s, 101515n)
[85] Running Pancake BiHS-Bloom(10%, optk, dynamic, size=759KiB, k=3, fp_est=0.114251, limit=120s)...Bloom filter size: 759 KiB, k_hashes: 3, min_items: 100285
 done (12.5246s, 55409646n)
[85] Running Pancake IDTHSwTrans(10%, states=100314, limit=1800s)... done (2.49832s, 68978n)
[85] Running Pancake BiHS-Bloom(1%, optk, dynamic, size=76KiB, k=1, fp_est=0.890362, limit=120s)...Bloom filter size: 76 KiB, k_hashes: 1, min_items: 10041
 done (12.9006s, 55409646n)
[85] Running Pancake IDTHSwTrans(1%, states=10031, limit=1800s)... done (3.15898s, 89385n)
[85] Running Pancake BiHS-Bloom(0.1%, optk, dynamic, size=8KiB, k=1, fp_est=1, limit=120s)...Bloom filter size: 8 KiB, k_hashes: 1, min_items: 1057
[TYPE] Splitting depth 16 into 3 hash types (Ff=232658, Fb=18873, min_items=1057)
 done (13.0198s, 57646149n)
[85] Running Pancake IDTHSwTrans(0.1%, states=1003, limit=1800s)... done (3.31376s, 124901n)
Pancake #85 | A*: 4.49322s/91024n | Rev-A*: 2.69116s/61400n | BAE*: -3s/0n | NBS: -3s/0n | MM: 4.27146s/142551n | IDA*: -3s/0n | Parallel IDA*: -3s/0n | Rev-IDA*: -3s/0n | BiHS-Bloom(50%,optk,dynamic): 12.5762s/55409646n | IDTHSwTrans(50%): 2.90643s/101515n | BiHS-Bloom(10%,optk,dynamic): 12.5246s/55409646n | IDTHSwTrans(10%): 2.49832s/68978n | BiHS-Bloom(1%,optk,dynamic): 12.9006s/55409646n | IDTHSwTrans(1%): 3.15898s/89385n | BiHS-Bloom(0.1%,optk,dynamic): 13.0198s/57646149n | IDTHSwTrans(0.1%): 3.31376s/124901n | Length: 16
Results written to results/stp_pancake/parts/benchmark_pancake_85.csv
