------------------------------------
Mon 29 Jun 2026 01:44:02 IDT
SLURM_JOBID:		18547369
SLURM_JOB_NODELIST:	ise-cpu256-01
SLURM_SCRATCH_DIR:	/scratch/omerpr/18547369
Allocated Resouces:	cpu - 2 / mem - 102400 MB / gpu - 
SLURM_GPU_INDEX:	
Running as omerpr from felner account with normal QOS
------------------------------------
------------------------------------
Mon 29 Jun 2026 01:44:02 IDT
SLURM_JOBID:		18547369
SLURM_JOB_NODELIST:	ise-cpu256-01
SLURM_SCRATCH_DIR:	/scratch/omerpr/18547369
Allocated Resouces:	cpu - 2 / mem - 102400 MB / gpu - 
SLURM_GPU_INDEX:	
Running as omerpr from felner account with normal QOS
------------------------------------
Domain: Pancake Puzzle
[11] Running Pancake A*... done (0.0488655s, 2190n)
[11] Running Pancake Rev-A*... done (0.0501668s, 2675n)
[11] Running Pancake BAE*... done (0.0397077s, 3113n)
[11] Running Pancake NBS... done (1.05908s, 34397n)
[11] Running Pancake MM... done (0.0645185s, 4832n)
[11] Running Pancake IDA*... done (0.0347352s, 18910n)
[11] Running Pancake Rev-IDA*... done (0.0317972s, 16831n)
[11] Running Pancake Parallel IDA*...1994544 pieces of work generated
Starting iteration with bound 9.000000; 117326 expanded, 2229194 generated
Starting iteration with bound 10.000000; 117326 expanded, 2229194 generated
Starting iteration with bound 11.000000; 117326 expanded, 2229194 generated
Starting iteration with bound 12.000000; 117326 expanded, 2229194 generated
Starting iteration with bound 13.000000; 117561 expanded, 2233659 generated
 done (3.95356s, 127778n)
[11] Pancake BiHS-Bloom timeout limit: 120s
[11] Pancake IDTHSwTrans state bound baseline: 38056
[11] Running Pancake BiHS-Bloom(50%, k1, dynamic, size=144KiB, k=1, fp_est=0.033621, limit=120s)...Bloom filter size: 144 KiB, k_hashes: 1, min_items: 19026
 done (0.200659s, 1505181n)
[11] Running Pancake IDTHSwTrans(50%, states=19028, limit=1800s)... done (0.0462067s, 5350n)
[11] Running Pancake BiHS-Bloom(50%, optk, dynamic, size=144KiB, k=20, fp_est=7.92631e-07, limit=120s)...Bloom filter size: 144 KiB, k_hashes: 20, min_items: 19026
 done (0.199888s, 1505181n)
[11] Running Pancake IDTHSwTrans(50%, states=19028, limit=1800s)... done (0.0476216s, 5350n)
[11] Running Pancake BiHS-Bloom(50%, rootk, dynamic, size=144KiB, k=4, fp_est=0.0002672, limit=120s)...Bloom filter size: 144 KiB, k_hashes: 4, min_items: 19026
 done (0.199225s, 1505181n)
[11] Running Pancake IDTHSwTrans(50%, states=19028, limit=1800s)... done (0.0469331s, 5350n)
[11] Running Pancake BiHS-Bloom(10%, k1, dynamic, size=29KiB, k=1, fp_est=0.15618, limit=120s)...Bloom filter size: 29 KiB, k_hashes: 1, min_items: 3831
 done (0.199686s, 1505181n)
[11] Running Pancake IDTHSwTrans(10%, states=3805, limit=1800s)... done (0.0617392s, 5508n)
[11] Running Pancake BiHS-Bloom(10%, optk, dynamic, size=29KiB, k=4, fp_est=0.0590782, limit=120s)...Bloom filter size: 29 KiB, k_hashes: 4, min_items: 3831
 done (0.200551s, 1505181n)
[11] Running Pancake IDTHSwTrans(10%, states=3805, limit=1800s)... done (0.0622825s, 5508n)
[11] Running Pancake BiHS-Bloom(10%, rootk, dynamic, size=29KiB, k=2, fp_est=0.0829259, limit=120s)...Bloom filter size: 29 KiB, k_hashes: 2, min_items: 3831
 done (0.196342s, 1505181n)
[11] Running Pancake IDTHSwTrans(10%, states=3805, limit=1800s)... done (0.0606165s, 5508n)
[11] Running Pancake BiHS-Bloom(1%, k1, dynamic, size=3KiB, k=1, fp_est=0.806322, limit=120s)...Bloom filter size: 3 KiB, k_hashes: 1, min_items: 396
 done (0.1943s, 1505181n)
[11] Running Pancake IDTHSwTrans(1%, states=380, limit=1800s)... done (0.0733904s, 6567n)
[11] Running Pancake BiHS-Bloom(1%, optk, dynamic, size=3KiB, k=1, fp_est=0.806322, limit=120s)...Bloom filter size: 3 KiB, k_hashes: 1, min_items: 396
 done (0.190499s, 1505181n)
[11] Running Pancake IDTHSwTrans(1%, states=380, limit=1800s)... done (0.071428s, 6567n)
[11] Running Pancake BiHS-Bloom(1%, rootk, dynamic, size=3KiB, k=1, fp_est=0.806322, limit=120s)...Bloom filter size: 3 KiB, k_hashes: 1, min_items: 396
 done (0.193776s, 1505181n)
[11] Running Pancake IDTHSwTrans(1%, states=380, limit=1800s)... done (0.0739844s, 6567n)
[11] Running Pancake BiHS-Bloom(0.1%, k1, dynamic, size=1KiB, k=1, fp_est=0.992735, limit=120s)...Bloom filter size: 1 KiB, k_hashes: 1, min_items: 132
 done (0.248535s, 2368680n)
[11] Running Pancake IDTHSwTrans(0.1%, states=38, limit=1800s)... done (0.0852689s, 9553n)
[11] Running Pancake BiHS-Bloom(0.1%, optk, dynamic, size=1KiB, k=1, fp_est=0.992735, limit=120s)...Bloom filter size: 1 KiB, k_hashes: 1, min_items: 132
 done (0.259585s, 2368680n)
[11] Running Pancake IDTHSwTrans(0.1%, states=38, limit=1800s)... done (0.0866817s, 9553n)
[11] Running Pancake BiHS-Bloom(0.1%, rootk, dynamic, size=1KiB, k=1, fp_est=0.992735, limit=120s)...Bloom filter size: 1 KiB, k_hashes: 1, min_items: 132
 done (0.259169s, 2368680n)
[11] Running Pancake IDTHSwTrans(0.1%, states=38, limit=1800s)... done (0.0894721s, 9553n)
Pancake #11 | A*: 0.0488655s/2190n | Rev-A*: 0.0501668s/2675n | BAE*: 0.0397077s/3113n | NBS: 1.05908s/34397n | MM: 0.0645185s/4832n | IDA*: 0.0347352s/18910n | Parallel IDA*: 3.95356s/127778n | Rev-IDA*: 0.0317972s/16831n | BiHS-Bloom(50%,k1,dynamic): 0.200659s/1505181n | IDTHSwTrans(50%): 0.0462067s/5350n | BiHS-Bloom(50%,optk,dynamic): 0.199888s/1505181n | IDTHSwTrans(50%): 0.0476216s/5350n | BiHS-Bloom(50%,rootk,dynamic): 0.199225s/1505181n | IDTHSwTrans(50%): 0.0469331s/5350n | BiHS-Bloom(10%,k1,dynamic): 0.199686s/1505181n | IDTHSwTrans(10%): 0.0617392s/5508n | BiHS-Bloom(10%,optk,dynamic): 0.200551s/1505181n | IDTHSwTrans(10%): 0.0622825s/5508n | BiHS-Bloom(10%,rootk,dynamic): 0.196342s/1505181n | IDTHSwTrans(10%): 0.0606165s/5508n | BiHS-Bloom(1%,k1,dynamic): 0.1943s/1505181n | IDTHSwTrans(1%): 0.0733904s/6567n | BiHS-Bloom(1%,optk,dynamic): 0.190499s/1505181n | IDTHSwTrans(1%): 0.071428s/6567n | BiHS-Bloom(1%,rootk,dynamic): 0.193776s/1505181n | IDTHSwTrans(1%): 0.0739844s/6567n | BiHS-Bloom(0.1%,k1,dynamic): 0.248535s/2368680n | IDTHSwTrans(0.1%): 0.0852689s/9553n | BiHS-Bloom(0.1%,optk,dynamic): 0.259585s/2368680n | IDTHSwTrans(0.1%): 0.0866817s/9553n | BiHS-Bloom(0.1%,rootk,dynamic): 0.259169s/2368680n | IDTHSwTrans(0.1%): 0.0894721s/9553n | Length: 13
Results written to results/stp_pancake/parts/benchmark_pancake_11.csv
