------------------------------------
Sat 27 Jun 2026 21:12:41 IDT
SLURM_JOBID:		18470514
SLURM_JOB_NODELIST:	ise-cpu-intl-24
SLURM_SCRATCH_DIR:	
Allocated Resouces:	cpu - 2 / mem - 65536 MB / gpu - 
SLURM_GPU_INDEX:	
Running as omerpr from felner account with normal QOS
------------------------------------
------------------------------------
Sat 27 Jun 2026 21:12:41 IDT
SLURM_JOBID:		18470514
SLURM_JOB_NODELIST:	ise-cpu-intl-24
SLURM_SCRATCH_DIR:	
Allocated Resouces:	cpu - 2 / mem - 65536 MB / gpu - 
SLURM_GPU_INDEX:	
Running as omerpr from felner account with normal QOS
------------------------------------
Domain: Sliding Tile Puzzle
Starting Korf's Puzzle #77

[77] Running A*... done (2.65123s, 619121n)
[77] Running Rev-A*... done (1.19373s, 301936n)
[77] Skipping BAE*, NBS, IDA*, Rev-IDA*, and Parallel IDA*; use --full to run them
[77] Running MM... done (2.58111s, 603070n)
[77] BiHS-Bloom timeout limit: 120s
[77] IDTHSwTrans state bound baseline: 575501
[77] Running BiHS-Bloom(50%, optk, dynamic, size=1581KiB, k=12, fp_est=0.000287014, limit=120s)...
Bloom filter size: 1581 KiB, k_hashes: 12, min_items: 287812
 done (1.90908s, 18585476n)
[77] Running IDTHSwTrans(50%, states=287750, limit=1800s)... done (2.61518s, 1047937n)
[77] Running BiHS-Bloom(10%, optk, dynamic, size=316KiB, k=2, fp_est=0.19832, limit=120s)...
Bloom filter size: 316 KiB, k_hashes: 2, min_items: 57526
 done (1.91398s, 18585476n)
[77] Running IDTHSwTrans(10%, states=57550, limit=1800s)... done (2.75021s, 625962n)
[77] Running BiHS-Bloom(1%, optk, dynamic, size=32KiB, k=1, fp_est=0.945529, limit=120s)...
Bloom filter size: 32 KiB, k_hashes: 1, min_items: 5825
 done (1.49513s, 18872465n)
[77] Running IDTHSwTrans(1%, states=5755, limit=1800s)... done (3.23754s, 774711n)
[77] Running BiHS-Bloom(0.1%, optk, dynamic, size=3KiB, k=1, fp_est=1, limit=120s)...
Bloom filter size: 3 KiB, k_hashes: 1, min_items: 546
[TYPE] Splitting depth 53 into 4 hash types (Ff=49353, Fb=43508, min_items=546)
 done (4.03731s, 21772533n)
[77] Running IDTHSwTrans(0.1%, states=575, limit=1800s)... done (3.44494s, 1076534n)
Puzzle #77 | A*: 2.65123s/619121n | Rev-A*: 1.19373s/301936n | BAE*: -3s/0n | NBS: -3s/0n | MM: 2.58111s/603070n | IDA*: -3s/0n | Parallel IDA*: -3s/0n | Rev-IDA*: -3s/0n | BiHS-Bloom(50%,optk,dynamic): 1.90908s/18585476n | IDTHSwTrans(50%): 2.61518s/1047937n | BiHS-Bloom(10%,optk,dynamic): 1.91398s/18585476n | IDTHSwTrans(10%): 2.75021s/625962n | BiHS-Bloom(1%,optk,dynamic): 1.49513s/18872465n | IDTHSwTrans(1%): 3.23754s/774711n | BiHS-Bloom(0.1%,optk,dynamic): 4.03731s/21772533n | IDTHSwTrans(0.1%): 3.44494s/1076534n | Length: 53
Results written to results/stp_pancake/parts/benchmark_stp_77.csv
