------------------------------------
Sun 28 Jun 2026 23:08:53 IDT
SLURM_JOBID:		18543532
SLURM_JOB_NODELIST:	ise-cpu256-01
SLURM_SCRATCH_DIR:	/scratch/omerpr/18543532
Allocated Resouces:	cpu - 2 / mem - 102400 MB / gpu - 
SLURM_GPU_INDEX:	
Running as omerpr from felner account with normal QOS
------------------------------------
------------------------------------
Sun 28 Jun 2026 23:08:53 IDT
SLURM_JOBID:		18543532
SLURM_JOB_NODELIST:	ise-cpu256-01
SLURM_SCRATCH_DIR:	/scratch/omerpr/18543532
Allocated Resouces:	cpu - 2 / mem - 102400 MB / gpu - 
SLURM_GPU_INDEX:	
Running as omerpr from felner account with normal QOS
------------------------------------
Domain: Sliding Tile Puzzle
Starting Korf's Puzzle #19

[19] Running A*... done (5.27995s, 2053071n)
[19] Running Rev-A*... done (9.57086s, 3577230n)
[19] Running BAE*... done (4.05433s, 1135288n)
[19] Running NBS... done (9.86593s, 2465910n)
[19] Running MM... done (7.46081s, 2640926n)
[19] Running IDA*... done (3.25361s, 14866300n)
[19] Running Rev-IDA*... done (6.9768s, 30897908n)
[19] Running Parallel IDA*...54 pieces of work generated
Starting iteration with bound 36.000000; 41 expanded, 134 generated
Starting iteration with bound 38.000000; 41 expanded, 134 generated
Starting iteration with bound 40.000000; 41 expanded, 134 generated
Starting iteration with bound 42.000000; 218 expanded, 646 generated
Starting iteration with bound 44.000000; 2218 expanded, 6531 generated
Starting iteration with bound 46.000000; 19338 expanded, 57491 generated
Starting iteration with bound 48.000000; 139942 expanded, 417601 generated
Starting iteration with bound 50.000000; 941858 expanded, 2821861 generated
Starting iteration with bound 52.000000; 5984449 expanded, 17983106 generated
 done (2.64976s, 21363153n)
[19] BiHS-Bloom timeout limit: 197.319s
[19] IDTHSwTrans state bound baseline: 3803678
[19] Running BiHS-Bloom(50%, k1, dynamic, size=10447KiB, k=1, fp_est=0.0233565, limit=197.319s)...
Bloom filter size: 10447 KiB, k_hashes: 1, min_items: 1901818
 done (7.5171s, 113743263n)
[19] Running IDTHSwTrans(50%, states=1901839, limit=1800s)... done (3.21834s, 964583n)
[19] Running BiHS-Bloom(50%, optk, dynamic, size=10447KiB, k=29, fp_est=1.48405e-09, limit=197.319s)...
Bloom filter size: 10447 KiB, k_hashes: 29, min_items: 1901818
 done (6.82867s, 113743263n)
[19] Running IDTHSwTrans(50%, states=1901839, limit=1800s)... done (3.21227s, 964583n)
[19] Running BiHS-Bloom(50%, rootk, dynamic, size=10447KiB, k=5, fp_est=1.71972e-05, limit=197.319s)...
Bloom filter size: 10447 KiB, k_hashes: 5, min_items: 1901818
 done (6.73769s, 113743263n)
[19] Running IDTHSwTrans(50%, states=1901839, limit=1800s)... done (3.17796s, 964583n)
[19] Running BiHS-Bloom(10%, k1, dynamic, size=2089KiB, k=1, fp_est=0.111473, limit=197.319s)...
Bloom filter size: 2089 KiB, k_hashes: 1, min_items: 380290
 done (7.33901s, 113743263n)
[19] Running IDTHSwTrans(10%, states=380367, limit=1800s)... done (3.22279s, 964583n)
[19] Running BiHS-Bloom(10%, optk, dynamic, size=2089KiB, k=6, fp_est=0.0171729, limit=197.319s)...
Bloom filter size: 2089 KiB, k_hashes: 6, min_items: 380290
 done (6.24739s, 113743263n)
[19] Running IDTHSwTrans(10%, states=380367, limit=1800s)... done (3.20773s, 964583n)
[19] Running BiHS-Bloom(10%, rootk, dynamic, size=2089KiB, k=2, fp_est=0.0443186, limit=197.319s)...
Bloom filter size: 2089 KiB, k_hashes: 2, min_items: 380290
 done (7.07856s, 113743263n)
[19] Running IDTHSwTrans(10%, states=380367, limit=1800s)... done (3.20035s, 964583n)
[19] Running BiHS-Bloom(1%, k1, dynamic, size=209KiB, k=1, fp_est=0.693132, limit=197.319s)...
Bloom filter size: 209 KiB, k_hashes: 1, min_items: 38047
[TYPE] Splitting depth 52 into 2 hash types (Ff=2156267, Fb=1621012, min_items=38047)
 done (8.15462s, 155512331n)
[19] Running IDTHSwTrans(1%, states=38036, limit=1800s)... done (3.06524s, 843385n)
[19] Running BiHS-Bloom(1%, optk, dynamic, size=209KiB, k=1, fp_est=0.693132, limit=197.319s)...
Bloom filter size: 209 KiB, k_hashes: 1, min_items: 38047
[TYPE] Splitting depth 52 into 2 hash types (Ff=2156267, Fb=1624124, min_items=38047)
 done (8.10805s, 155512331n)
[19] Running IDTHSwTrans(1%, states=38036, limit=1800s)... done (3.04212s, 843385n)
[19] Running BiHS-Bloom(1%, rootk, dynamic, size=209KiB, k=1, fp_est=0.693132, limit=197.319s)...
Bloom filter size: 209 KiB, k_hashes: 1, min_items: 38047
[TYPE] Splitting depth 52 into 2 hash types (Ff=2156267, Fb=1622963, min_items=38047)
 done (8.1967s, 155512331n)
[19] Running IDTHSwTrans(1%, states=38036, limit=1800s)... done (3.06766s, 843385n)
[19] Running BiHS-Bloom(0.1%, k1, dynamic, size=21KiB, k=1, fp_est=0.999992, limit=197.319s)...
Bloom filter size: 21 KiB, k_hashes: 1, min_items: 3822
[TYPE] Splitting depth 50 into 5 hash types (Ff=355408, Fb=542144, min_items=3822)
[TYPE] Splitting depth 52 into 8 hash types (Ff=2156267, Fb=4166009, min_items=3822)
 done (12.4657s, 191678507n)
[19] Running IDTHSwTrans(0.1%, states=3803, limit=1800s)... done (3.11708s, 1166559n)
[19] Running BiHS-Bloom(0.1%, optk, dynamic, size=21KiB, k=1, fp_est=0.999992, limit=197.319s)...
Bloom filter size: 21 KiB, k_hashes: 1, min_items: 3822
[TYPE] Splitting depth 50 into 5 hash types (Ff=355408, Fb=542989, min_items=3822)
[TYPE] Splitting depth 52 into 8 hash types (Ff=2156267, Fb=4166303, min_items=3822)
 done (12.4766s, 191678507n)
[19] Running IDTHSwTrans(0.1%, states=3803, limit=1800s)... done (3.08533s, 1166559n)
[19] Running BiHS-Bloom(0.1%, rootk, dynamic, size=21KiB, k=1, fp_est=0.999992, limit=197.319s)...
Bloom filter size: 21 KiB, k_hashes: 1, min_items: 3822
[TYPE] Splitting depth 50 into 5 hash types (Ff=355408, Fb=541657, min_items=3822)
[TYPE] Splitting depth 52 into 8 hash types (Ff=2156267, Fb=4163836, min_items=3822)
 done (12.4874s, 191678507n)
[19] Running IDTHSwTrans(0.1%, states=3803, limit=1800s)... done (3.07689s, 1166559n)
Puzzle #19 | A*: 5.27995s/2053071n | Rev-A*: 9.57086s/3577230n | BAE*: 4.05433s/1135288n | NBS: 9.86593s/2465910n | MM: 7.46081s/2640926n | IDA*: 3.25361s/14866300n | Parallel IDA*: 2.64976s/21363153n | Rev-IDA*: 6.9768s/30897908n | BiHS-Bloom(50%,k1,dynamic): 7.5171s/113743263n | IDTHSwTrans(50%): 3.21834s/964583n | BiHS-Bloom(50%,optk,dynamic): 6.82867s/113743263n | IDTHSwTrans(50%): 3.21227s/964583n | BiHS-Bloom(50%,rootk,dynamic): 6.73769s/113743263n | IDTHSwTrans(50%): 3.17796s/964583n | BiHS-Bloom(10%,k1,dynamic): 7.33901s/113743263n | IDTHSwTrans(10%): 3.22279s/964583n | BiHS-Bloom(10%,optk,dynamic): 6.24739s/113743263n | IDTHSwTrans(10%): 3.20773s/964583n | BiHS-Bloom(10%,rootk,dynamic): 7.07856s/113743263n | IDTHSwTrans(10%): 3.20035s/964583n | BiHS-Bloom(1%,k1,dynamic): 8.15462s/155512331n | IDTHSwTrans(1%): 3.06524s/843385n | BiHS-Bloom(1%,optk,dynamic): 8.10805s/155512331n | IDTHSwTrans(1%): 3.04212s/843385n | BiHS-Bloom(1%,rootk,dynamic): 8.1967s/155512331n | IDTHSwTrans(1%): 3.06766s/843385n | BiHS-Bloom(0.1%,k1,dynamic): 12.4657s/191678507n | IDTHSwTrans(0.1%): 3.11708s/1166559n | BiHS-Bloom(0.1%,optk,dynamic): 12.4766s/191678507n | IDTHSwTrans(0.1%): 3.08533s/1166559n | BiHS-Bloom(0.1%,rootk,dynamic): 12.4874s/191678507n | IDTHSwTrans(0.1%): 3.07689s/1166559n | Length: 52
Results written to results/stp_pancake/parts/benchmark_stp_19.csv
