------------------------------------
Sat 27 Jun 2026 21:44:25 IDT
SLURM_JOBID:		18472108
SLURM_JOB_NODELIST:	cs-cpu-07
SLURM_SCRATCH_DIR:	
Allocated Resouces:	cpu - 2 / mem - 65536 MB / gpu - 
SLURM_GPU_INDEX:	
Running as omerpr from felner account with normal QOS
------------------------------------
------------------------------------
Sat 27 Jun 2026 21:44:25 IDT
SLURM_JOBID:		18472108
SLURM_JOB_NODELIST:	cs-cpu-07
SLURM_SCRATCH_DIR:	
Allocated Resouces:	cpu - 2 / mem - 65536 MB / gpu - 
SLURM_GPU_INDEX:	
Running as omerpr from felner account with normal QOS
------------------------------------
Domain: Pancake Puzzle
[56] Running Pancake A*... done (2.18583s, 57160n)
[56] Running Pancake Rev-A*... done (1.97613s, 56172n)
[56] Skipping BAE*, NBS, IDA*, Rev-IDA*, and Parallel IDA*; use --full to run them
[56] Running Pancake MM... done (2.65403s, 110902n)
[56] Pancake BiHS-Bloom timeout limit: 120s
[56] Pancake IDTHSwTrans state bound baseline: 922238
[56] Running Pancake BiHS-Bloom(50%, optk, dynamic, size=3490KiB, k=22, fp_est=3.11444e-07, limit=120s)...Bloom filter size: 3490 KiB, k_hashes: 22, min_items: 461130
 done (9.41269s, 63201303n)
[56] Running Pancake IDTHSwTrans(50%, states=461119, limit=1800s)... done (1.35781s, 94749n)
[56] Running Pancake BiHS-Bloom(10%, optk, dynamic, size=698KiB, k=4, fp_est=0.0502234, limit=120s)...Bloom filter size: 698 KiB, k_hashes: 4, min_items: 92226
 done (9.22577s, 63201303n)
[56] Running Pancake IDTHSwTrans(10%, states=92223, limit=1800s)... done (1.24219s, 60735n)
[56] Running Pancake BiHS-Bloom(1%, optk, dynamic, size=70KiB, k=1, fp_est=0.79784, limit=120s)...Bloom filter size: 70 KiB, k_hashes: 1, min_items: 9249
 done (11.1139s, 84605574n)
[56] Running Pancake IDTHSwTrans(1%, states=9222, limit=1800s)... done (1.05773s, 60460n)
[56] Running Pancake BiHS-Bloom(0.1%, optk, dynamic, size=7KiB, k=1, fp_est=1, limit=120s)...Bloom filter size: 7 KiB, k_hashes: 1, min_items: 924
[TYPE] Splitting depth 16 into 5 hash types (Ff=276241, Fb=46102, min_items=924)
 done (18.2186s, 106009845n)
[56] Running Pancake IDTHSwTrans(0.1%, states=922, limit=1800s)... done (1.0949s, 72910n)
Pancake #56 | A*: 2.18583s/57160n | Rev-A*: 1.97613s/56172n | BAE*: -3s/0n | NBS: -3s/0n | MM: 2.65403s/110902n | IDA*: -3s/0n | Parallel IDA*: -3s/0n | Rev-IDA*: -3s/0n | BiHS-Bloom(50%,optk,dynamic): 9.41269s/63201303n | IDTHSwTrans(50%): 1.35781s/94749n | BiHS-Bloom(10%,optk,dynamic): 9.22577s/63201303n | IDTHSwTrans(10%): 1.24219s/60735n | BiHS-Bloom(1%,optk,dynamic): 11.1139s/84605574n | IDTHSwTrans(1%): 1.05773s/60460n | BiHS-Bloom(0.1%,optk,dynamic): 18.2186s/106009845n | IDTHSwTrans(0.1%): 1.0949s/72910n | Length: 16
Results written to results/stp_pancake/parts/benchmark_pancake_56.csv
