------------------------------------
Sun 28 Jun 2026 02:32:14 IDT
SLURM_JOBID:		18485846
SLURM_JOB_NODELIST:	ise-cpu-intl-27
SLURM_SCRATCH_DIR:	
Allocated Resouces:	cpu - 2 / mem - 65536 MB / gpu - 
SLURM_GPU_INDEX:	
Running as omerpr from felner account with normal QOS
------------------------------------
------------------------------------
Sun 28 Jun 2026 02:32:15 IDT
SLURM_JOBID:		18485846
SLURM_JOB_NODELIST:	ise-cpu-intl-27
SLURM_SCRATCH_DIR:	
Allocated Resouces:	cpu - 2 / mem - 65536 MB / gpu - 
SLURM_GPU_INDEX:	
Running as omerpr from felner account with normal QOS
------------------------------------
Domain: Pancake Puzzle
[36] Running Pancake A*... done (3.24218s, 73962n)
[36] Running Pancake Rev-A*... done (3.41399s, 88638n)
[36] Running Pancake BAE*... done (2.64579s, 104537n)
[36] Running Pancake NBS... done (7.51915s, 140712n)
[36] Running Pancake MM... done (4.24416s, 152219n)
[36] Running Pancake IDA*... done (0.610054s, 248361n)
[36] Running Pancake Rev-IDA*... done (0.616047s, 250169n)
[36] Running Pancake Parallel IDA*...1994544 pieces of work generated
Starting iteration with bound 11.000000; 117326 expanded, 2229194 generated
Starting iteration with bound 12.000000; 117326 expanded, 2229194 generated
Starting iteration with bound 13.000000; 117326 expanded, 2229194 generated
Starting iteration with bound 14.000000; 117387 expanded, 2230353 generated
Starting iteration with bound 15.000000; 120053 expanded, 2281007 generated
Starting iteration with bound 16.000000; 198209 expanded, 3765971 generated
 done (7.94722s, 555146n)
[36] Pancake BiHS-Bloom timeout limit: 158.944s
[36] Pancake IDTHSwTrans state bound baseline: 1208714
[36] Running Pancake BiHS-Bloom(50%, optk, dynamic, size=4574KiB, k=23, fp_est=1.40616e-07, limit=158.944s)...Bloom filter size: 4574 KiB, k_hashes: 23, min_items: 604358
 done (13.4735s, 89734350n)
[36] Running Pancake IDTHSwTrans(50%, states=604357, limit=1800s)... done (1.52083s, 96316n)
[36] Running Pancake BiHS-Bloom(10%, optk, dynamic, size=915KiB, k=5, fp_est=0.0429581, limit=158.944s)...Bloom filter size: 915 KiB, k_hashes: 5, min_items: 120898
 done (13.1233s, 89734350n)
[36] Running Pancake IDTHSwTrans(10%, states=120871, limit=1800s)... done (1.52227s, 73377n)
[36] Running Pancake BiHS-Bloom(1%, optk, dynamic, size=91KiB, k=1, fp_est=0.783593, limit=158.944s)...Bloom filter size: 91 KiB, k_hashes: 1, min_items: 12023
 done (17.0494s, 128013009n)
[36] Running Pancake IDTHSwTrans(1%, states=12087, limit=1800s)... done (1.51468s, 53007n)
[36] Running Pancake BiHS-Bloom(0.1%, optk, dynamic, size=9KiB, k=1, fp_est=1, limit=158.944s)...Bloom filter size: 9 KiB, k_hashes: 1, min_items: 1189
[TYPE] Splitting depth 16 into 8 hash types (Ff=269182, Fb=290075, min_items=1189)
 done (19.6001s, 128013009n)
[36] Running Pancake IDTHSwTrans(0.1%, states=1208, limit=1800s)... done (1.54216s, 69298n)
Pancake #36 | A*: 3.24218s/73962n | Rev-A*: 3.41399s/88638n | BAE*: 2.64579s/104537n | NBS: 7.51915s/140712n | MM: 4.24416s/152219n | IDA*: 0.610054s/248361n | Parallel IDA*: 7.94722s/555146n | Rev-IDA*: 0.616047s/250169n | BiHS-Bloom(50%,optk,dynamic): 13.4735s/89734350n | IDTHSwTrans(50%): 1.52083s/96316n | BiHS-Bloom(10%,optk,dynamic): 13.1233s/89734350n | IDTHSwTrans(10%): 1.52227s/73377n | BiHS-Bloom(1%,optk,dynamic): 17.0494s/128013009n | IDTHSwTrans(1%): 1.51468s/53007n | BiHS-Bloom(0.1%,optk,dynamic): 19.6001s/128013009n | IDTHSwTrans(0.1%): 1.54216s/69298n | Length: 16
Results written to results/stp_pancake/parts/benchmark_pancake_36.csv
