------------------------------------
Sat 27 Jun 2026 21:15:43 IDT
SLURM_JOBID:		18470670
SLURM_JOB_NODELIST:	ise-cpu-intl-23
SLURM_SCRATCH_DIR:	/scratch/omerpr/18470670
Allocated Resouces:	cpu - 2 / mem - 65536 MB / gpu - 
SLURM_GPU_INDEX:	
Running as omerpr from felner account with normal QOS
------------------------------------
------------------------------------
Sat 27 Jun 2026 21:15:44 IDT
SLURM_JOBID:		18470670
SLURM_JOB_NODELIST:	ise-cpu-intl-23
SLURM_SCRATCH_DIR:	/scratch/omerpr/18470670
Allocated Resouces:	cpu - 2 / mem - 65536 MB / gpu - 
SLURM_GPU_INDEX:	
Running as omerpr from felner account with normal QOS
------------------------------------
Domain: Sliding Tile Puzzle
Starting Korf's Puzzle #83

[83] Running A*... done (39.7138s, 10967723n)
[83] Running Rev-A*... done (13.3667s, 3079039n)
[83] Skipping BAE*, NBS, IDA*, Rev-IDA*, and Parallel IDA*; use --full to run them
[83] Running MM... done (32.5694s, 8285043n)
[83] BiHS-Bloom timeout limit: 794.275s
[83] IDTHSwTrans state bound baseline: 5628896
[83] Running BiHS-Bloom(50%, optk, dynamic, size=15460KiB, k=7, fp_est=0.00585491, limit=794.275s)...
Bloom filter size: 15460 KiB, k_hashes: 7, min_items: 2814407
 done (21.2328s, 260689795n)
[83] Running IDTHSwTrans(50%, states=2814448, limit=1800s)... done (12.9109s, 2582088n)
[83] Running BiHS-Bloom(10%, optk, dynamic, size=3092KiB, k=1, fp_est=0.373018, limit=794.275s)...
Bloom filter size: 3092 KiB, k_hashes: 1, min_items: 562881
 done (20.5745s, 260689795n)
[83] Running IDTHSwTrans(10%, states=562889, limit=1800s)... done (33.8169s, 3116570n)
[83] Running BiHS-Bloom(1%, optk, dynamic, size=309KiB, k=1, fp_est=0.990641, limit=794.275s)...
Bloom filter size: 309 KiB, k_hashes: 1, min_items: 56251
 done (20.6571s, 260689795n)
[83] Running IDTHSwTrans(1%, states=56288, limit=1800s)... done (32.4692s, 3993677n)
[83] Running BiHS-Bloom(0.1%, optk, dynamic, size=31KiB, k=1, fp_est=1, limit=794.275s)...
Bloom filter size: 31 KiB, k_hashes: 1, min_items: 5643
 done (14.6183s, 260738306n)
[83] Running IDTHSwTrans(0.1%, states=5628, limit=1800s)... done (34.7643s, 8016061n)
Puzzle #83 | A*: 39.7138s/10967723n | Rev-A*: 13.3667s/3079039n | BAE*: -3s/0n | NBS: -3s/0n | MM: 32.5694s/8285043n | IDA*: -3s/0n | Parallel IDA*: -3s/0n | Rev-IDA*: -3s/0n | BiHS-Bloom(50%,optk,dynamic): 21.2328s/260689795n | IDTHSwTrans(50%): 12.9109s/2582088n | BiHS-Bloom(10%,optk,dynamic): 20.5745s/260689795n | IDTHSwTrans(10%): 33.8169s/3116570n | BiHS-Bloom(1%,optk,dynamic): 20.6571s/260689795n | IDTHSwTrans(1%): 32.4692s/3993677n | BiHS-Bloom(0.1%,optk,dynamic): 14.6183s/260738306n | IDTHSwTrans(0.1%): 34.7643s/8016061n | Length: 55
Results written to results/stp_pancake/parts/benchmark_stp_83.csv
