------------------------------------
Sun 28 Jun 2026 01:05:25 IDT
SLURM_JOBID:		18482644
SLURM_JOB_NODELIST:	ise-cpu-intl-24
SLURM_SCRATCH_DIR:	
Allocated Resouces:	cpu - 2 / mem - 65536 MB / gpu - 
SLURM_GPU_INDEX:	
Running as omerpr from felner account with normal QOS
------------------------------------
------------------------------------
Sun 28 Jun 2026 01:05:25 IDT
SLURM_JOBID:		18482644
SLURM_JOB_NODELIST:	ise-cpu-intl-24
SLURM_SCRATCH_DIR:	
Allocated Resouces:	cpu - 2 / mem - 65536 MB / gpu - 
SLURM_GPU_INDEX:	
Running as omerpr from felner account with normal QOS
------------------------------------
Domain: Sliding Tile Puzzle
Starting Korf's Puzzle #26

[26] Running A*... done (58.3569s, 11281106n)
[26] Running Rev-A*... done (34.7618s, 6478155n)
[26] Running BAE*... done (18.3798s, 2892765n)
[26] Running NBS... done (62.5016s, 8655246n)
[26] Running MM... done (51.2585s, 9832370n)
[26] Running IDA*... done (41.4376s, 86984780n)
[26] Running Rev-IDA*... done (29.1052s, 64059009n)
[26] Running Parallel IDA*...80 pieces of work generated
Starting iteration with bound 33.000000; 73 expanded, 224 generated
Starting iteration with bound 35.000000; 73 expanded, 224 generated
Starting iteration with bound 37.000000; 106 expanded, 326 generated
Starting iteration with bound 39.000000; 399 expanded, 1206 generated
Starting iteration with bound 41.000000; 2418 expanded, 7285 generated
Starting iteration with bound 43.000000; 14247 expanded, 42954 generated
Starting iteration with bound 45.000000; 82966 expanded, 250651 generated
Starting iteration with bound 47.000000; 476702 expanded, 1443018 generated
Starting iteration with bound 49.000000; 2682184 expanded, 8131619 generated
Starting iteration with bound 51.000000; 14771375 expanded, 44828212 generated
Starting iteration with bound 53.000000; 79876185 expanded, 242603457 generated
 done (38.3002s, 160207213n)
[26] BiHS-Bloom timeout limit: 1250.03s
[26] IDTHSwTrans state bound baseline: 11753305
[26] Running BiHS-Bloom(50%, optk, dynamic, size=32281KiB, k=15, fp_est=2.40645e-05, limit=1250.03s)...
Bloom filter size: 32281 KiB, k_hashes: 15, min_items: 5876576
 done (74.2056s, 736219592n)
[26] Running IDTHSwTrans(50%, states=5876652, limit=1800s)... done (64.2623s, 2863542n)
[26] Running BiHS-Bloom(10%, optk, dynamic, size=6456KiB, k=3, fp_est=0.119207, limit=1250.03s)...
Bloom filter size: 6456 KiB, k_hashes: 3, min_items: 1175278
 done (73.792s, 736219592n)
[26] Running IDTHSwTrans(10%, states=1175330, limit=1800s)... done (64.3321s, 2863542n)
[26] Running BiHS-Bloom(1%, optk, dynamic, size=646KiB, k=1, fp_est=0.895356, limit=1250.03s)...
Bloom filter size: 646 KiB, k_hashes: 1, min_items: 117600
 done (58.9338s, 737453859n)
[26] Running IDTHSwTrans(1%, states=117533, limit=1800s)... done (37.8681s, 1929638n)
[26] Running BiHS-Bloom(0.1%, optk, dynamic, size=65KiB, k=1, fp_est=1, limit=1250.03s)...
Bloom filter size: 65 KiB, k_hashes: 1, min_items: 11832
[TYPE] Splitting depth 53 into 3 hash types (Ff=295950, Fb=1637714, min_items=11832)
 done (60.8985s, 738009926n)
[26] Running IDTHSwTrans(0.1%, states=11753, limit=1800s)... done (37.2603s, 3797085n)
Puzzle #26 | A*: 58.3569s/11281106n | Rev-A*: 34.7618s/6478155n | BAE*: 18.3798s/2892765n | NBS: 62.5016s/8655246n | MM: 51.2585s/9832370n | IDA*: 41.4376s/86984780n | Parallel IDA*: 38.3002s/160207213n | Rev-IDA*: 29.1052s/64059009n | BiHS-Bloom(50%,optk,dynamic): 74.2056s/736219592n | IDTHSwTrans(50%): 64.2623s/2863542n | BiHS-Bloom(10%,optk,dynamic): 73.792s/736219592n | IDTHSwTrans(10%): 64.3321s/2863542n | BiHS-Bloom(1%,optk,dynamic): 58.9338s/737453859n | IDTHSwTrans(1%): 37.8681s/1929638n | BiHS-Bloom(0.1%,optk,dynamic): 60.8985s/738009926n | IDTHSwTrans(0.1%): 37.2603s/3797085n | Length: 53
Results written to results/stp_pancake/parts/benchmark_stp_26.csv
