------------------------------------
Sat 27 Jun 2026 21:53:55 IDT
SLURM_JOBID:		18472580
SLURM_JOB_NODELIST:	ise-cpu-intl-24
SLURM_SCRATCH_DIR:	
Allocated Resouces:	cpu - 2 / mem - 65536 MB / gpu - 
SLURM_GPU_INDEX:	
Running as omerpr from felner account with normal QOS
------------------------------------
------------------------------------
Sat 27 Jun 2026 21:53:55 IDT
SLURM_JOBID:		18472580
SLURM_JOB_NODELIST:	ise-cpu-intl-24
SLURM_SCRATCH_DIR:	
Allocated Resouces:	cpu - 2 / mem - 65536 MB / gpu - 
SLURM_GPU_INDEX:	
Running as omerpr from felner account with normal QOS
------------------------------------
Domain: Pancake Puzzle
[73] Running Pancake A*... done (14.4882s, 307241n)
[73] Running Pancake Rev-A*... done (14.7344s, 307241n)
[73] Skipping BAE*, NBS, IDA*, Rev-IDA*, and Parallel IDA*; use --full to run them
[73] Running Pancake MM... done (19.0312s, 583924n)
[73] Pancake BiHS-Bloom timeout limit: 380.624s
[73] Pancake IDTHSwTrans state bound baseline: 4851053
[73] Running Pancake BiHS-Bloom(50%, optk, dynamic, size=18357KiB, k=23, fp_est=1.576e-07, limit=380.624s)...Bloom filter size: 18357 KiB, k_hashes: 23, min_items: 2425492
 done (64.2585s, 320766909n)
[73] Running Pancake IDTHSwTrans(50%, states=2425526, limit=1800s)... done (3.44317s, 172961n)
[73] Running Pancake BiHS-Bloom(10%, optk, dynamic, size=3671KiB, k=5, fp_est=0.0440476, limit=380.624s)...Bloom filter size: 3671 KiB, k_hashes: 5, min_items: 485045
 done (61.7084s, 320766909n)
[73] Running Pancake IDTHSwTrans(10%, states=485105, limit=1800s)... done (3.32722s, 158371n)
[73] Running Pancake BiHS-Bloom(1%, optk, dynamic, size=367KiB, k=1, fp_est=0.784359, limit=380.624s)...Bloom filter size: 367 KiB, k_hashes: 1, min_items: 48491
 done (65.2927s, 406089432n)
[73] Running Pancake IDTHSwTrans(1%, states=48510, limit=1800s)... done (2.63958s, 88816n)
[73] Running Pancake BiHS-Bloom(0.1%, optk, dynamic, size=37KiB, k=1, fp_est=1, limit=380.624s)...Bloom filter size: 37 KiB, k_hashes: 1, min_items: 4888
[TYPE] Splitting depth 16 into 8 hash types (Ff=1964133, Fb=626617, min_items=4888)
 done (65.2576s, 406089432n)
[73] Running Pancake IDTHSwTrans(0.1%, states=4851, limit=1800s)... done (2.94577s, 101162n)
Pancake #73 | A*: 14.4882s/307241n | Rev-A*: 14.7344s/307241n | BAE*: -3s/0n | NBS: -3s/0n | MM: 19.0312s/583924n | IDA*: -3s/0n | Parallel IDA*: -3s/0n | Rev-IDA*: -3s/0n | BiHS-Bloom(50%,optk,dynamic): 64.2585s/320766909n | IDTHSwTrans(50%): 3.44317s/172961n | BiHS-Bloom(10%,optk,dynamic): 61.7084s/320766909n | IDTHSwTrans(10%): 3.32722s/158371n | BiHS-Bloom(1%,optk,dynamic): 65.2927s/406089432n | IDTHSwTrans(1%): 2.63958s/88816n | BiHS-Bloom(0.1%,optk,dynamic): 65.2576s/406089432n | IDTHSwTrans(0.1%): 2.94577s/101162n | Length: 16
Results written to results/stp_pancake/parts/benchmark_pancake_73.csv
