------------------------------------
Mon 29 Jun 2026 01:59:02 IDT
SLURM_JOBID:		18547990
SLURM_JOB_NODELIST:	cs-cpu-10
SLURM_SCRATCH_DIR:	/scratch/omerpr/18547990
Allocated Resouces:	cpu - 2 / mem - 102400 MB / gpu - 
SLURM_GPU_INDEX:	
Running as omerpr from felner account with normal QOS
------------------------------------
------------------------------------
Mon 29 Jun 2026 01:59:02 IDT
SLURM_JOBID:		18547990
SLURM_JOB_NODELIST:	cs-cpu-10
SLURM_SCRATCH_DIR:	/scratch/omerpr/18547990
Allocated Resouces:	cpu - 2 / mem - 102400 MB / gpu - 
SLURM_GPU_INDEX:	
Running as omerpr from felner account with normal QOS
------------------------------------
Domain: Pancake Puzzle
[32] Running Pancake A*... done (0.326072s, 10676n)
[32] Running Pancake Rev-A*... done (0.25333s, 9815n)
[32] Running Pancake BAE*... done (0.220903s, 15322n)
[32] Running Pancake NBS... done (0.746511s, 18672n)
[32] Running Pancake MM... done (0.377495s, 18167n)
[32] Running Pancake IDA*... done (0.0517395s, 24669n)
[32] Running Pancake Rev-IDA*... done (0.061307s, 28627n)
[32] Running Pancake Parallel IDA*...1994544 pieces of work generated
Starting iteration with bound 11.000000; 117326 expanded, 2229194 generated
Starting iteration with bound 12.000000; 117326 expanded, 2229194 generated
Starting iteration with bound 13.000000; 117332 expanded, 2229308 generated
Starting iteration with bound 14.000000; 117666 expanded, 2235654 generated
Starting iteration with bound 15.000000; 128550 expanded, 2442450 generated
 done (4.81952s, 180889n)
[32] Pancake BiHS-Bloom timeout limit: 120s
[32] Pancake IDTHSwTrans state bound baseline: 166307
[32] Running Pancake BiHS-Bloom(50%, k1, dynamic, size=629KiB, k=1, fp_est=0.0307086, limit=120s)...Bloom filter size: 629 KiB, k_hashes: 1, min_items: 83109
 done (1.40243s, 9886164n)
[32] Running Pancake IDTHSwTrans(50%, states=83153, limit=1800s)... done (0.177371s, 30275n)
[32] Running Pancake BiHS-Bloom(50%, optk, dynamic, size=629KiB, k=22, fp_est=2.04321e-07, limit=120s)...Bloom filter size: 629 KiB, k_hashes: 22, min_items: 83109
 done (1.40896s, 9886164n)
[32] Running Pancake IDTHSwTrans(50%, states=83153, limit=1800s)... done (0.177164s, 30275n)
[32] Running Pancake BiHS-Bloom(50%, rootk, dynamic, size=629KiB, k=5, fp_est=6.27781e-05, limit=120s)...Bloom filter size: 629 KiB, k_hashes: 5, min_items: 83109
 done (1.40701s, 9886164n)
[32] Running Pancake IDTHSwTrans(50%, states=83153, limit=1800s)... done (0.176628s, 30275n)
[32] Running Pancake BiHS-Bloom(10%, k1, dynamic, size=126KiB, k=1, fp_est=0.144186, limit=120s)...Bloom filter size: 126 KiB, k_hashes: 1, min_items: 16648
 done (1.39768s, 9886164n)
[32] Running Pancake IDTHSwTrans(10%, states=16630, limit=1800s)... done (0.108831s, 15421n)
[32] Running Pancake BiHS-Bloom(10%, optk, dynamic, size=126KiB, k=4, fp_est=0.0461789, limit=120s)...Bloom filter size: 126 KiB, k_hashes: 4, min_items: 16648
 done (1.39923s, 9886164n)
[32] Running Pancake IDTHSwTrans(10%, states=16630, limit=1800s)... done (0.108951s, 15421n)
[32] Running Pancake BiHS-Bloom(10%, rootk, dynamic, size=126KiB, k=2, fp_est=0.0716007, limit=120s)...Bloom filter size: 126 KiB, k_hashes: 2, min_items: 16648
 done (1.39771s, 9886164n)
[32] Running Pancake IDTHSwTrans(10%, states=16630, limit=1800s)... done (0.108744s, 15421n)
[32] Running Pancake BiHS-Bloom(1%, k1, dynamic, size=13KiB, k=1, fp_est=0.778895, limit=120s)...Bloom filter size: 13 KiB, k_hashes: 1, min_items: 1717
 done (1.39342s, 12225735n)
[32] Running Pancake IDTHSwTrans(1%, states=1663, limit=1800s)... done (0.0637459s, 8063n)
[32] Running Pancake BiHS-Bloom(1%, optk, dynamic, size=13KiB, k=1, fp_est=0.778895, limit=120s)...Bloom filter size: 13 KiB, k_hashes: 1, min_items: 1717
 done (1.39308s, 12225735n)
[32] Running Pancake IDTHSwTrans(1%, states=1663, limit=1800s)... done (0.0636107s, 8063n)
[32] Running Pancake BiHS-Bloom(1%, rootk, dynamic, size=13KiB, k=1, fp_est=0.778895, limit=120s)...Bloom filter size: 13 KiB, k_hashes: 1, min_items: 1717
 done (1.39466s, 12225735n)
[32] Running Pancake IDTHSwTrans(1%, states=1663, limit=1800s)... done (0.0634811s, 8063n)
[32] Running Pancake BiHS-Bloom(0.1%, k1, dynamic, size=1KiB, k=1, fp_est=1, limit=120s)...Bloom filter size: 1 KiB, k_hashes: 1, min_items: 132
[TYPE] Splitting depth 15 into 8 hash types (Ff=57330, Fb=20222, min_items=132)
 done (1.47739s, 12540774n)
[32] Running Pancake IDTHSwTrans(0.1%, states=166, limit=1800s)... done (0.0949032s, 11081n)
[32] Running Pancake BiHS-Bloom(0.1%, optk, dynamic, size=1KiB, k=1, fp_est=1, limit=120s)...Bloom filter size: 1 KiB, k_hashes: 1, min_items: 132
[TYPE] Splitting depth 15 into 8 hash types (Ff=57330, Fb=20353, min_items=132)
 done (1.47786s, 12540774n)
[32] Running Pancake IDTHSwTrans(0.1%, states=166, limit=1800s)... done (0.0953625s, 11081n)
[32] Running Pancake BiHS-Bloom(0.1%, rootk, dynamic, size=1KiB, k=1, fp_est=1, limit=120s)...Bloom filter size: 1 KiB, k_hashes: 1, min_items: 132
[TYPE] Splitting depth 15 into 8 hash types (Ff=57330, Fb=20356, min_items=132)
 done (1.47776s, 12540774n)
[32] Running Pancake IDTHSwTrans(0.1%, states=166, limit=1800s)... done (0.0952439s, 11081n)
Pancake #32 | A*: 0.326072s/10676n | Rev-A*: 0.25333s/9815n | BAE*: 0.220903s/15322n | NBS: 0.746511s/18672n | MM: 0.377495s/18167n | IDA*: 0.0517395s/24669n | Parallel IDA*: 4.81952s/180889n | Rev-IDA*: 0.061307s/28627n | BiHS-Bloom(50%,k1,dynamic): 1.40243s/9886164n | IDTHSwTrans(50%): 0.177371s/30275n | BiHS-Bloom(50%,optk,dynamic): 1.40896s/9886164n | IDTHSwTrans(50%): 0.177164s/30275n | BiHS-Bloom(50%,rootk,dynamic): 1.40701s/9886164n | IDTHSwTrans(50%): 0.176628s/30275n | BiHS-Bloom(10%,k1,dynamic): 1.39768s/9886164n | IDTHSwTrans(10%): 0.108831s/15421n | BiHS-Bloom(10%,optk,dynamic): 1.39923s/9886164n | IDTHSwTrans(10%): 0.108951s/15421n | BiHS-Bloom(10%,rootk,dynamic): 1.39771s/9886164n | IDTHSwTrans(10%): 0.108744s/15421n | BiHS-Bloom(1%,k1,dynamic): 1.39342s/12225735n | IDTHSwTrans(1%): 0.0637459s/8063n | BiHS-Bloom(1%,optk,dynamic): 1.39308s/12225735n | IDTHSwTrans(1%): 0.0636107s/8063n | BiHS-Bloom(1%,rootk,dynamic): 1.39466s/12225735n | IDTHSwTrans(1%): 0.0634811s/8063n | BiHS-Bloom(0.1%,k1,dynamic): 1.47739s/12540774n | IDTHSwTrans(0.1%): 0.0949032s/11081n | BiHS-Bloom(0.1%,optk,dynamic): 1.47786s/12540774n | IDTHSwTrans(0.1%): 0.0953625s/11081n | BiHS-Bloom(0.1%,rootk,dynamic): 1.47776s/12540774n | IDTHSwTrans(0.1%): 0.0952439s/11081n | Length: 15
Results written to results/stp_pancake/parts/benchmark_pancake_32.csv
