------------------------------------
Sat 27 Jun 2026 21:51:41 IDT
SLURM_JOBID:		18472469
SLURM_JOB_NODELIST:	ise-cpu-intl-24
SLURM_SCRATCH_DIR:	
Allocated Resouces:	cpu - 2 / mem - 65536 MB / gpu - 
SLURM_GPU_INDEX:	
Running as omerpr from felner account with normal QOS
------------------------------------
------------------------------------
Sat 27 Jun 2026 21:51:42 IDT
SLURM_JOBID:		18472469
SLURM_JOB_NODELIST:	ise-cpu-intl-24
SLURM_SCRATCH_DIR:	
Allocated Resouces:	cpu - 2 / mem - 65536 MB / gpu - 
SLURM_GPU_INDEX:	
Running as omerpr from felner account with normal QOS
------------------------------------
Domain: Pancake Puzzle
[65] Running Pancake A*... done (4.57429s, 94579n)
[65] Running Pancake Rev-A*... done (2.66668s, 61410n)
[65] Skipping BAE*, NBS, IDA*, Rev-IDA*, and Parallel IDA*; use --full to run them
[65] Running Pancake MM... done (4.38026s, 142305n)
[65] Pancake BiHS-Bloom timeout limit: 120s
[65] Pancake IDTHSwTrans state bound baseline: 1003925
[65] Running Pancake BiHS-Bloom(50%, optk, dynamic, size=3799KiB, k=16, fp_est=1.83336e-05, limit=120s)...Bloom filter size: 3799 KiB, k_hashes: 16, min_items: 501958
 done (12.7514s, 55194834n)
[65] Running Pancake IDTHSwTrans(50%, states=501962, limit=1800s)... done (1.52723s, 96735n)
[65] Running Pancake BiHS-Bloom(10%, optk, dynamic, size=760KiB, k=3, fp_est=0.112976, limit=120s)...Bloom filter size: 760 KiB, k_hashes: 3, min_items: 100418
 done (12.69s, 55194834n)
[65] Running Pancake IDTHSwTrans(10%, states=100392, limit=1800s)... done (7.06767s, 137269n)
[65] Running Pancake BiHS-Bloom(1%, optk, dynamic, size=76KiB, k=1, fp_est=0.889394, limit=120s)...Bloom filter size: 76 KiB, k_hashes: 1, min_items: 10041
 done (13.0837s, 55194834n)
[65] Running Pancake IDTHSwTrans(1%, states=10039, limit=1800s)... done (9.53089s, 216168n)
[65] Running Pancake BiHS-Bloom(0.1%, optk, dynamic, size=8KiB, k=1, fp_est=1, limit=120s)...Bloom filter size: 8 KiB, k_hashes: 1, min_items: 1057
[TYPE] Splitting depth 16 into 3 hash types (Ff=237634, Fb=17108, min_items=1057)
 done (16.6708s, 59672664n)
[65] Running Pancake IDTHSwTrans(0.1%, states=1003, limit=1800s)... done (10.5131s, 358033n)
Pancake #65 | A*: 4.57429s/94579n | Rev-A*: 2.66668s/61410n | BAE*: -3s/0n | NBS: -3s/0n | MM: 4.38026s/142305n | IDA*: -3s/0n | Parallel IDA*: -3s/0n | Rev-IDA*: -3s/0n | BiHS-Bloom(50%,optk,dynamic): 12.7514s/55194834n | IDTHSwTrans(50%): 1.52723s/96735n | BiHS-Bloom(10%,optk,dynamic): 12.69s/55194834n | IDTHSwTrans(10%): 7.06767s/137269n | BiHS-Bloom(1%,optk,dynamic): 13.0837s/55194834n | IDTHSwTrans(1%): 9.53089s/216168n | BiHS-Bloom(0.1%,optk,dynamic): 16.6708s/59672664n | IDTHSwTrans(0.1%): 10.5131s/358033n | Length: 16
Results written to results/stp_pancake/parts/benchmark_pancake_65.csv
