------------------------------------
Sun 28 Jun 2026 02:26:50 IDT
SLURM_JOBID:		18485665
SLURM_JOB_NODELIST:	ise-cpu-intl-15
SLURM_SCRATCH_DIR:	
Allocated Resouces:	cpu - 2 / mem - 65536 MB / gpu - 
SLURM_GPU_INDEX:	
Running as omerpr from felner account with normal QOS
------------------------------------
------------------------------------
Sun 28 Jun 2026 02:26:50 IDT
SLURM_JOBID:		18485665
SLURM_JOB_NODELIST:	ise-cpu-intl-15
SLURM_SCRATCH_DIR:	
Allocated Resouces:	cpu - 2 / mem - 65536 MB / gpu - 
SLURM_GPU_INDEX:	
Running as omerpr from felner account with normal QOS
------------------------------------
Domain: Pancake Puzzle
[20] Running Pancake A*... done (3.72057s, 108465n)
[20] Running Pancake Rev-A*... done (2.94802s, 91315n)
[20] Running Pancake BAE*... done (1.88289s, 127576n)
[20] Running Pancake NBS... done (7.1808s, 173418n)
[20] Running Pancake MM... done (3.75752s, 185070n)
[20] Running Pancake IDA*... done (0.603665s, 295183n)
[20] Running Pancake Rev-IDA*... done (0.340614s, 159214n)
[20] Running Pancake Parallel IDA*...1994544 pieces of work generated
Starting iteration with bound 11.000000; 117326 expanded, 2229194 generated
Starting iteration with bound 12.000000; 117326 expanded, 2229194 generated
Starting iteration with bound 13.000000; 117326 expanded, 2229194 generated
Starting iteration with bound 14.000000; 117404 expanded, 2230676 generated
Starting iteration with bound 15.000000; 121930 expanded, 2316670 generated
Starting iteration with bound 16.000000; 247825 expanded, 4708675 generated
 done (7.18946s, 657099n)
[20] Pancake BiHS-Bloom timeout limit: 143.789s
[20] Pancake IDTHSwTrans state bound baseline: 1489705
[20] Running Pancake BiHS-Bloom(50%, optk, dynamic, size=5637KiB, k=20, fp_est=1.29106e-06, limit=143.789s)...Bloom filter size: 5637 KiB, k_hashes: 20, min_items: 744811
 done (11.7573s, 82517790n)
[20] Running Pancake IDTHSwTrans(50%, states=744852, limit=1800s)... done (1.09418s, 98118n)
[20] Running Pancake BiHS-Bloom(10%, optk, dynamic, size=1127KiB, k=4, fp_est=0.0664681, limit=143.789s)...Bloom filter size: 1127 KiB, k_hashes: 4, min_items: 148909
 done (12.1596s, 82517790n)
[20] Running Pancake IDTHSwTrans(10%, states=148970, limit=1800s)... done (1.03806s, 72692n)
[20] Running Pancake BiHS-Bloom(1%, optk, dynamic, size=113KiB, k=1, fp_est=0.829196, limit=143.789s)...Bloom filter size: 113 KiB, k_hashes: 1, min_items: 14930
 done (10.7775s, 93832197n)
[20] Running Pancake IDTHSwTrans(1%, states=14897, limit=1800s)... done (1.37695s, 54491n)
[20] Running Pancake BiHS-Bloom(0.1%, optk, dynamic, size=11KiB, k=1, fp_est=1, limit=143.789s)...Bloom filter size: 11 KiB, k_hashes: 1, min_items: 1453
[TYPE] Splitting depth 16 into 7 hash types (Ff=561252, Fb=96510, min_items=1453)
 done (10.7056s, 93832197n)
[20] Running Pancake IDTHSwTrans(0.1%, states=1489, limit=1800s)... done (1.40792s, 67016n)
Pancake #20 | A*: 3.72057s/108465n | Rev-A*: 2.94802s/91315n | BAE*: 1.88289s/127576n | NBS: 7.1808s/173418n | MM: 3.75752s/185070n | IDA*: 0.603665s/295183n | Parallel IDA*: 7.18946s/657099n | Rev-IDA*: 0.340614s/159214n | BiHS-Bloom(50%,optk,dynamic): 11.7573s/82517790n | IDTHSwTrans(50%): 1.09418s/98118n | BiHS-Bloom(10%,optk,dynamic): 12.1596s/82517790n | IDTHSwTrans(10%): 1.03806s/72692n | BiHS-Bloom(1%,optk,dynamic): 10.7775s/93832197n | IDTHSwTrans(1%): 1.37695s/54491n | BiHS-Bloom(0.1%,optk,dynamic): 10.7056s/93832197n | IDTHSwTrans(0.1%): 1.40792s/67016n | Length: 16
Results written to results/stp_pancake/parts/benchmark_pancake_20.csv
