------------------------------------
Mon 29 Jun 2026 03:17:39 IDT
SLURM_JOBID:		18548905
SLURM_JOB_NODELIST:	ise-cpu-intl-23
SLURM_SCRATCH_DIR:	/scratch/omerpr/18548905
Allocated Resouces:	cpu - 2 / mem - 102400 MB / gpu - 
SLURM_GPU_INDEX:	
Running as omerpr from felner account with normal QOS
------------------------------------
------------------------------------
Mon 29 Jun 2026 03:17:39 IDT
SLURM_JOBID:		18548905
SLURM_JOB_NODELIST:	ise-cpu-intl-23
SLURM_SCRATCH_DIR:	/scratch/omerpr/18548905
Allocated Resouces:	cpu - 2 / mem - 102400 MB / gpu - 
SLURM_GPU_INDEX:	
Running as omerpr from felner account with normal QOS
------------------------------------
Domain: Pancake Puzzle
[85] Running Pancake A*... done (3.71193s, 91024n)
[85] Running Pancake Rev-A*... done (2.17779s, 61400n)
[85] Running Pancake BAE*... done (3.68551s, 99514n)
[85] Running Pancake NBS... done (6.96534s, 121142n)
[85] Running Pancake MM... done (3.86825s, 142551n)
[85] Running Pancake IDA*... done (1.76568s, 697864n)
[85] Running Pancake Rev-IDA*... done (1.00176s, 393182n)
[85] Running Pancake Parallel IDA*...1994544 pieces of work generated
Starting iteration with bound 11.000000; 117326 expanded, 2229194 generated
Starting iteration with bound 12.000000; 117326 expanded, 2229194 generated
Starting iteration with bound 13.000000; 117326 expanded, 2229194 generated
Starting iteration with bound 14.000000; 117404 expanded, 2230676 generated
Starting iteration with bound 15.000000; 121527 expanded, 2309013 generated
Starting iteration with bound 16.000000; 229732 expanded, 4364908 generated
 done (8.57478s, 963741n)
[85] Pancake BiHS-Bloom timeout limit: 171.496s
[85] Pancake IDTHSwTrans state bound baseline: 1003142
[85] Running Pancake BiHS-Bloom(50%, k1, dynamic, size=3796KiB, k=1, fp_est=0.043293, limit=171.496s)...Bloom filter size: 3796 KiB, k_hashes: 1, min_items: 501561
 done (10.0383s, 55409646n)
[85] Running Pancake IDTHSwTrans(50%, states=501571, limit=1800s)... done (2.01888s, 101515n)
[85] Running Pancake BiHS-Bloom(50%, optk, dynamic, size=3796KiB, k=16, fp_est=1.93237e-05, limit=171.496s)...Bloom filter size: 3796 KiB, k_hashes: 16, min_items: 501561
 done (10.3382s, 55409646n)
[85] Running Pancake IDTHSwTrans(50%, states=501571, limit=1800s)... done (2.05838s, 101515n)
[85] Running Pancake BiHS-Bloom(50%, rootk, dynamic, size=3796KiB, k=4, fp_est=0.000692963, limit=171.496s)...Bloom filter size: 3796 KiB, k_hashes: 4, min_items: 501561
 done (10.3103s, 55409646n)
[85] Running Pancake IDTHSwTrans(50%, states=501571, limit=1800s)... done (2.04932s, 101515n)
[85] Running Pancake BiHS-Bloom(10%, k1, dynamic, size=759KiB, k=1, fp_est=0.198563, limit=171.496s)...Bloom filter size: 759 KiB, k_hashes: 1, min_items: 100285
 done (10.5336s, 55409646n)
[85] Running Pancake IDTHSwTrans(10%, states=100314, limit=1800s)... done (1.73213s, 68978n)
[85] Running Pancake BiHS-Bloom(10%, optk, dynamic, size=759KiB, k=3, fp_est=0.114251, limit=171.496s)...Bloom filter size: 759 KiB, k_hashes: 3, min_items: 100285
 done (10.2599s, 55409646n)
[85] Running Pancake IDTHSwTrans(10%, states=100314, limit=1800s)... done (1.77005s, 68978n)
[85] Running Pancake BiHS-Bloom(10%, rootk, dynamic, size=759KiB, k=2, fp_est=0.127948, limit=171.496s)...Bloom filter size: 759 KiB, k_hashes: 2, min_items: 100285
 done (10.2923s, 55409646n)
[85] Running Pancake IDTHSwTrans(10%, states=100314, limit=1800s)... done (1.77873s, 68978n)
[85] Running Pancake BiHS-Bloom(1%, k1, dynamic, size=76KiB, k=1, fp_est=0.890362, limit=171.496s)...Bloom filter size: 76 KiB, k_hashes: 1, min_items: 10041
 done (10.5102s, 55409646n)
[85] Running Pancake IDTHSwTrans(1%, states=10031, limit=1800s)... done (2.11064s, 89385n)
[85] Running Pancake BiHS-Bloom(1%, optk, dynamic, size=76KiB, k=1, fp_est=0.890362, limit=171.496s)...Bloom filter size: 76 KiB, k_hashes: 1, min_items: 10041
 done (10.3674s, 55409646n)
[85] Running Pancake IDTHSwTrans(1%, states=10031, limit=1800s)... done (2.16323s, 89385n)
[85] Running Pancake BiHS-Bloom(1%, rootk, dynamic, size=76KiB, k=1, fp_est=0.890362, limit=171.496s)...Bloom filter size: 76 KiB, k_hashes: 1, min_items: 10041
 done (10.4601s, 55409646n)
[85] Running Pancake IDTHSwTrans(1%, states=10031, limit=1800s)... done (2.15054s, 89385n)
[85] Running Pancake BiHS-Bloom(0.1%, k1, dynamic, size=8KiB, k=1, fp_est=1, limit=171.496s)...Bloom filter size: 8 KiB, k_hashes: 1, min_items: 1057
[TYPE] Splitting depth 16 into 3 hash types (Ff=232658, Fb=18349, min_items=1057)
 done (10.2376s, 57646149n)
[85] Running Pancake IDTHSwTrans(0.1%, states=1003, limit=1800s)... done (2.33476s, 124901n)
[85] Running Pancake BiHS-Bloom(0.1%, optk, dynamic, size=8KiB, k=1, fp_est=1, limit=171.496s)...Bloom filter size: 8 KiB, k_hashes: 1, min_items: 1057
[TYPE] Splitting depth 16 into 3 hash types (Ff=232658, Fb=18863, min_items=1057)
 done (10.375s, 57646149n)
[85] Running Pancake IDTHSwTrans(0.1%, states=1003, limit=1800s)... done (2.33905s, 124901n)
[85] Running Pancake BiHS-Bloom(0.1%, rootk, dynamic, size=8KiB, k=1, fp_est=1, limit=171.496s)...Bloom filter size: 8 KiB, k_hashes: 1, min_items: 1057
[TYPE] Splitting depth 16 into 3 hash types (Ff=232658, Fb=19112, min_items=1057)
 done (10.2066s, 57646149n)
[85] Running Pancake IDTHSwTrans(0.1%, states=1003, limit=1800s)... done (2.35248s, 124901n)
Pancake #85 | A*: 3.71193s/91024n | Rev-A*: 2.17779s/61400n | BAE*: 3.68551s/99514n | NBS: 6.96534s/121142n | MM: 3.86825s/142551n | IDA*: 1.76568s/697864n | Parallel IDA*: 8.57478s/963741n | Rev-IDA*: 1.00176s/393182n | BiHS-Bloom(50%,k1,dynamic): 10.0383s/55409646n | IDTHSwTrans(50%): 2.01888s/101515n | BiHS-Bloom(50%,optk,dynamic): 10.3382s/55409646n | IDTHSwTrans(50%): 2.05838s/101515n | BiHS-Bloom(50%,rootk,dynamic): 10.3103s/55409646n | IDTHSwTrans(50%): 2.04932s/101515n | BiHS-Bloom(10%,k1,dynamic): 10.5336s/55409646n | IDTHSwTrans(10%): 1.73213s/68978n | BiHS-Bloom(10%,optk,dynamic): 10.2599s/55409646n | IDTHSwTrans(10%): 1.77005s/68978n | BiHS-Bloom(10%,rootk,dynamic): 10.2923s/55409646n | IDTHSwTrans(10%): 1.77873s/68978n | BiHS-Bloom(1%,k1,dynamic): 10.5102s/55409646n | IDTHSwTrans(1%): 2.11064s/89385n | BiHS-Bloom(1%,optk,dynamic): 10.3674s/55409646n | IDTHSwTrans(1%): 2.16323s/89385n | BiHS-Bloom(1%,rootk,dynamic): 10.4601s/55409646n | IDTHSwTrans(1%): 2.15054s/89385n | BiHS-Bloom(0.1%,k1,dynamic): 10.2376s/57646149n | IDTHSwTrans(0.1%): 2.33476s/124901n | BiHS-Bloom(0.1%,optk,dynamic): 10.375s/57646149n | IDTHSwTrans(0.1%): 2.33905s/124901n | BiHS-Bloom(0.1%,rootk,dynamic): 10.2066s/57646149n | IDTHSwTrans(0.1%): 2.35248s/124901n | Length: 16
Results written to results/stp_pancake/parts/benchmark_pancake_85.csv
