------------------------------------
Sat 27 Jun 2026 21:24:55 IDT
SLURM_JOBID:		18471152
SLURM_JOB_NODELIST:	ise-cpu-intl-27
SLURM_SCRATCH_DIR:	
Allocated Resouces:	cpu - 2 / mem - 65536 MB / gpu - 
SLURM_GPU_INDEX:	
Running as omerpr from felner account with normal QOS
------------------------------------
------------------------------------
Sat 27 Jun 2026 21:24:55 IDT
SLURM_JOBID:		18471152
SLURM_JOB_NODELIST:	ise-cpu-intl-27
SLURM_SCRATCH_DIR:	
Allocated Resouces:	cpu - 2 / mem - 65536 MB / gpu - 
SLURM_GPU_INDEX:	
Running as omerpr from felner account with normal QOS
------------------------------------
Domain: Pancake Puzzle
[3] Running Pancake A*... done (0.229407s, 5751n)
[3] Running Pancake Rev-A*... done (0.384265s, 9323n)
[3] Skipping BAE*, NBS, IDA*, Rev-IDA*, and Parallel IDA*; use --full to run them
[3] Running Pancake MM... done (2.72129s, 73258n)
[3] Pancake BiHS-Bloom timeout limit: 120s
[3] Pancake IDTHSwTrans state bound baseline: 98343
[3] Running Pancake BiHS-Bloom(50%, optk, dynamic, size=372KiB, k=2, fp_est=0.256405, limit=120s)...Bloom filter size: 372 KiB, k_hashes: 2, min_items: 49152
 done (0.838169s, 5371908n)
[3] Running Pancake IDTHSwTrans(50%, states=49171, limit=1800s)... done (0.194996s, 27214n)
[3] Running Pancake BiHS-Bloom(10%, optk, dynamic, size=74KiB, k=1, fp_est=0.830421, limit=120s)...Bloom filter size: 74 KiB, k_hashes: 1, min_items: 9777
 done (0.833379s, 5371908n)
[3] Running Pancake IDTHSwTrans(10%, states=9834, limit=1800s)... done (0.0852755s, 13052n)
[3] Running Pancake BiHS-Bloom(1%, optk, dynamic, size=7KiB, k=1, fp_est=1, limit=120s)...Bloom filter size: 7 KiB, k_hashes: 1, min_items: 924
 done (0.864992s, 5371908n)
[3] Running Pancake IDTHSwTrans(1%, states=983, limit=1800s)... done (0.0710314s, 8628n)
[3] Running Pancake BiHS-Bloom(0.1%, optk, dynamic, size=1KiB, k=1, fp_est=1, limit=120s)...Bloom filter size: 1 KiB, k_hashes: 1, min_items: 132
[TYPE] Splitting depth 15 into 2 hash types (Ff=25813, Fb=1443, min_items=132)
 done (0.981871s, 7049187n)
[3] Running Pancake IDTHSwTrans(0.1%, states=98, limit=1800s)... done (0.0711785s, 9348n)
Pancake #3 | A*: 0.229407s/5751n | Rev-A*: 0.384265s/9323n | BAE*: -3s/0n | NBS: -3s/0n | MM: 2.72129s/73258n | IDA*: -3s/0n | Parallel IDA*: -3s/0n | Rev-IDA*: -3s/0n | BiHS-Bloom(50%,optk,dynamic): 0.838169s/5371908n | IDTHSwTrans(50%): 0.194996s/27214n | BiHS-Bloom(10%,optk,dynamic): 0.833379s/5371908n | IDTHSwTrans(10%): 0.0852755s/13052n | BiHS-Bloom(1%,optk,dynamic): 0.864992s/5371908n | IDTHSwTrans(1%): 0.0710314s/8628n | BiHS-Bloom(0.1%,optk,dynamic): 0.981871s/7049187n | IDTHSwTrans(0.1%): 0.0711785s/9348n | Length: 15
Results written to results/stp_pancake/parts/benchmark_pancake_3.csv
