------------------------------------
Sat 27 Jun 2026 21:39:55 IDT
SLURM_JOBID:		18471866
SLURM_JOB_NODELIST:	ise-cpu-intl-23
SLURM_SCRATCH_DIR:	/scratch/omerpr/18471866
Allocated Resouces:	cpu - 2 / mem - 65536 MB / gpu - 
SLURM_GPU_INDEX:	
Running as omerpr from felner account with normal QOS
------------------------------------
------------------------------------
Sat 27 Jun 2026 21:39:55 IDT
SLURM_JOBID:		18471866
SLURM_JOB_NODELIST:	ise-cpu-intl-23
SLURM_SCRATCH_DIR:	/scratch/omerpr/18471866
Allocated Resouces:	cpu - 2 / mem - 65536 MB / gpu - 
SLURM_GPU_INDEX:	
Running as omerpr from felner account with normal QOS
------------------------------------
Domain: Pancake Puzzle
[44] Running Pancake A*... done (2.54803s, 71523n)
[44] Running Pancake Rev-A*... done (3.15053s, 91161n)
[44] Skipping BAE*, NBS, IDA*, Rev-IDA*, and Parallel IDA*; use --full to run them
[44] Running Pancake MM... done (3.12817s, 147346n)
[44] Pancake BiHS-Bloom timeout limit: 120s
[44] Pancake IDTHSwTrans state bound baseline: 1165237
[44] Running Pancake BiHS-Bloom(50%, optk, dynamic, size=4409KiB, k=24, fp_est=7.10763e-08, limit=120s)...Bloom filter size: 4409 KiB, k_hashes: 24, min_items: 582556
 done (14.29s, 91013397n)
[44] Running Pancake IDTHSwTrans(50%, states=582618, limit=1800s)... done (1.05345s, 97312n)
[44] Running Pancake BiHS-Bloom(10%, optk, dynamic, size=882KiB, k=5, fp_est=0.0372511, limit=120s)...Bloom filter size: 882 KiB, k_hashes: 5, min_items: 116537
 done (14.1576s, 91013397n)
[44] Running Pancake IDTHSwTrans(10%, states=116523, limit=1800s)... done (0.797464s, 69855n)
[44] Running Pancake BiHS-Bloom(1%, optk, dynamic, size=88KiB, k=1, fp_est=0.768328, limit=120s)...Bloom filter size: 88 KiB, k_hashes: 1, min_items: 11627
 done (18.5216s, 129015000n)
[44] Running Pancake IDTHSwTrans(1%, states=11652, limit=1800s)... done (0.682989s, 39602n)
[44] Running Pancake BiHS-Bloom(0.1%, optk, dynamic, size=9KiB, k=1, fp_est=0.999999, limit=120s)...Bloom filter size: 9 KiB, k_hashes: 1, min_items: 1189
[TYPE] Splitting depth 16 into 8 hash types (Ff=340600, Fb=374765, min_items=1189)
 done (19.7118s, 132391839n)
[44] Running Pancake IDTHSwTrans(0.1%, states=1165, limit=1800s)... done (0.980114s, 60062n)
Pancake #44 | A*: 2.54803s/71523n | Rev-A*: 3.15053s/91161n | BAE*: -3s/0n | NBS: -3s/0n | MM: 3.12817s/147346n | IDA*: -3s/0n | Parallel IDA*: -3s/0n | Rev-IDA*: -3s/0n | BiHS-Bloom(50%,optk,dynamic): 14.29s/91013397n | IDTHSwTrans(50%): 1.05345s/97312n | BiHS-Bloom(10%,optk,dynamic): 14.1576s/91013397n | IDTHSwTrans(10%): 0.797464s/69855n | BiHS-Bloom(1%,optk,dynamic): 18.5216s/129015000n | IDTHSwTrans(1%): 0.682989s/39602n | BiHS-Bloom(0.1%,optk,dynamic): 19.7118s/132391839n | IDTHSwTrans(0.1%): 0.980114s/60062n | Length: 16
Results written to results/stp_pancake/parts/benchmark_pancake_44.csv
