------------------------------------
Sat 27 Jun 2026 21:59:37 IDT
SLURM_JOBID:		18472878
SLURM_JOB_NODELIST:	ise-cpu-intl-15
SLURM_SCRATCH_DIR:	
Allocated Resouces:	cpu - 2 / mem - 65536 MB / gpu - 
SLURM_GPU_INDEX:	
Running as omerpr from felner account with normal QOS
------------------------------------
------------------------------------
Sat 27 Jun 2026 21:59:38 IDT
SLURM_JOBID:		18472878
SLURM_JOB_NODELIST:	ise-cpu-intl-15
SLURM_SCRATCH_DIR:	
Allocated Resouces:	cpu - 2 / mem - 65536 MB / gpu - 
SLURM_GPU_INDEX:	
Running as omerpr from felner account with normal QOS
------------------------------------
Domain: Pancake Puzzle
[93] Running Pancake A*... done (13.6751s, 364122n)
[93] Running Pancake Rev-A*... done (14.0688s, 364122n)
[93] Skipping BAE*, NBS, IDA*, Rev-IDA*, and Parallel IDA*; use --full to run them
[93] Running Pancake MM... done (16.81s, 660126n)
[93] Pancake BiHS-Bloom timeout limit: 336.2s
[93] Pancake IDTHSwTrans state bound baseline: 5680927
[93] Running Pancake BiHS-Bloom(50%, optk, dynamic, size=21498KiB, k=24, fp_est=7.51842e-08, limit=336.2s)...Bloom filter size: 21498 KiB, k_hashes: 24, min_items: 2840509
 done (63.2191s, 383928981n)
[93] Running Pancake IDTHSwTrans(50%, states=2840463, limit=1800s)... done (4.53661s, 186558n)
[93] Running Pancake BiHS-Bloom(10%, optk, dynamic, size=4300KiB, k=5, fp_est=0.0376997, limit=336.2s)...Bloom filter size: 4300 KiB, k_hashes: 5, min_items: 568154
 done (60.6393s, 383928981n)
[93] Running Pancake IDTHSwTrans(10%, states=568092, limit=1800s)... done (4.54831s, 184995n)
[93] Running Pancake BiHS-Bloom(1%, optk, dynamic, size=430KiB, k=1, fp_est=0.768754, limit=336.2s)...Bloom filter size: 430 KiB, k_hashes: 1, min_items: 56815
 done (60.0909s, 468349560n)
[93] Running Pancake IDTHSwTrans(1%, states=56809, limit=1800s)... done (5.51356s, 136931n)
[93] Running Pancake BiHS-Bloom(0.1%, optk, dynamic, size=43KiB, k=1, fp_est=1, limit=336.2s)...Bloom filter size: 43 KiB, k_hashes: 1, min_items: 5681
[TYPE] Splitting depth 16 into 8 hash types (Ff=2517260, Fb=1614288, min_items=5681)
 done (60.7808s, 481976931n)
[93] Running Pancake IDTHSwTrans(0.1%, states=5680, limit=1800s)... done (3.80967s, 144348n)
Pancake #93 | A*: 13.6751s/364122n | Rev-A*: 14.0688s/364122n | BAE*: -3s/0n | NBS: -3s/0n | MM: 16.81s/660126n | IDA*: -3s/0n | Parallel IDA*: -3s/0n | Rev-IDA*: -3s/0n | BiHS-Bloom(50%,optk,dynamic): 63.2191s/383928981n | IDTHSwTrans(50%): 4.53661s/186558n | BiHS-Bloom(10%,optk,dynamic): 60.6393s/383928981n | IDTHSwTrans(10%): 4.54831s/184995n | BiHS-Bloom(1%,optk,dynamic): 60.0909s/468349560n | IDTHSwTrans(1%): 5.51356s/136931n | BiHS-Bloom(0.1%,optk,dynamic): 60.7808s/481976931n | IDTHSwTrans(0.1%): 3.80967s/144348n | Length: 16
Results written to results/stp_pancake/parts/benchmark_pancake_93.csv
