------------------------------------
Sat 27 Jun 2026 21:54:26 IDT
SLURM_JOBID:		18472611
SLURM_JOB_NODELIST:	ise-cpu-intl-24
SLURM_SCRATCH_DIR:	
Allocated Resouces:	cpu - 2 / mem - 65536 MB / gpu - 
SLURM_GPU_INDEX:	
Running as omerpr from felner account with normal QOS
------------------------------------
------------------------------------
Sat 27 Jun 2026 21:54:26 IDT
SLURM_JOBID:		18472611
SLURM_JOB_NODELIST:	ise-cpu-intl-24
SLURM_SCRATCH_DIR:	
Allocated Resouces:	cpu - 2 / mem - 65536 MB / gpu - 
SLURM_GPU_INDEX:	
Running as omerpr from felner account with normal QOS
------------------------------------
Domain: Pancake Puzzle
[74] Running Pancake A*... done (2.25183s, 46803n)
[74] Running Pancake Rev-A*... done (2.69236s, 60509n)
[74] Skipping BAE*, NBS, IDA*, Rev-IDA*, and Parallel IDA*; use --full to run them
[74] Running Pancake MM... done (3.3357s, 91399n)
[74] Pancake BiHS-Bloom timeout limit: 120s
[74] Pancake IDTHSwTrans state bound baseline: 762387
[74] Running Pancake BiHS-Bloom(50%, optk, dynamic, size=2885KiB, k=24, fp_est=6.16939e-08, limit=120s)...Bloom filter size: 2885 KiB, k_hashes: 24, min_items: 381192
 done (9.22573s, 49063386n)
[74] Running Pancake IDTHSwTrans(50%, states=381193, limit=1800s)... done (0.95544s, 77166n)
[74] Running Pancake BiHS-Bloom(10%, optk, dynamic, size=577KiB, k=5, fp_est=0.0362136, limit=120s)...Bloom filter size: 577 KiB, k_hashes: 5, min_items: 76238
 done (9.0726s, 49063386n)
[74] Running Pancake IDTHSwTrans(10%, states=76238, limit=1800s)... done (0.738606s, 53491n)
[74] Running Pancake BiHS-Bloom(1%, optk, dynamic, size=58KiB, k=1, fp_est=0.76297, limit=120s)...Bloom filter size: 58 KiB, k_hashes: 1, min_items: 7663
 done (14.112s, 75264549n)
[74] Running Pancake IDTHSwTrans(1%, states=7623, limit=1800s)... done (0.692478s, 30418n)
[74] Running Pancake BiHS-Bloom(0.1%, optk, dynamic, size=6KiB, k=1, fp_est=0.999999, limit=120s)...Bloom filter size: 6 KiB, k_hashes: 1, min_items: 792
[TYPE] Splitting depth 15 into 8 hash types (Ff=211329, Fb=238872, min_items=792)
 done (14.6859s, 77704596n)
[74] Running Pancake IDTHSwTrans(0.1%, states=762, limit=1800s)... done (0.763469s, 37616n)
Pancake #74 | A*: 2.25183s/46803n | Rev-A*: 2.69236s/60509n | BAE*: -3s/0n | NBS: -3s/0n | MM: 3.3357s/91399n | IDA*: -3s/0n | Parallel IDA*: -3s/0n | Rev-IDA*: -3s/0n | BiHS-Bloom(50%,optk,dynamic): 9.22573s/49063386n | IDTHSwTrans(50%): 0.95544s/77166n | BiHS-Bloom(10%,optk,dynamic): 9.0726s/49063386n | IDTHSwTrans(10%): 0.738606s/53491n | BiHS-Bloom(1%,optk,dynamic): 14.112s/75264549n | IDTHSwTrans(1%): 0.692478s/30418n | BiHS-Bloom(0.1%,optk,dynamic): 14.6859s/77704596n | IDTHSwTrans(0.1%): 0.763469s/37616n | Length: 15
Results written to results/stp_pancake/parts/benchmark_pancake_74.csv
