------------------------------------
Mon 29 Jun 2026 01:55:02 IDT
SLURM_JOBID:		18547921
SLURM_JOB_NODELIST:	cs-cpu-09
SLURM_SCRATCH_DIR:	/scratch/omerpr/18547921
Allocated Resouces:	cpu - 2 / mem - 102400 MB / gpu - 
SLURM_GPU_INDEX:	
Running as omerpr from felner account with normal QOS
------------------------------------
------------------------------------
Mon 29 Jun 2026 01:55:02 IDT
SLURM_JOBID:		18547921
SLURM_JOB_NODELIST:	cs-cpu-09
SLURM_SCRATCH_DIR:	/scratch/omerpr/18547921
Allocated Resouces:	cpu - 2 / mem - 102400 MB / gpu - 
SLURM_GPU_INDEX:	
Running as omerpr from felner account with normal QOS
------------------------------------
Domain: Pancake Puzzle
[27] Running Pancake A*... done (8.51599s, 284568n)
[27] Running Pancake Rev-A*... done (8.54661s, 284568n)
[27] Running Pancake BAE*... done (8.78321s, 375741n)
[27] Running Pancake NBS... done (22.7868s, 540000n)
[27] Running Pancake MM... done (10.8952s, 540000n)
[27] Running Pancake IDA*... done (2.11763s, 861250n)
[27] Running Pancake Rev-IDA*... done (1.58774s, 861250n)
[27] Running Pancake Parallel IDA*...1994544 pieces of work generated
Starting iteration with bound 10.000000; 117326 expanded, 2229194 generated
Starting iteration with bound 11.000000; 117326 expanded, 2229194 generated
Starting iteration with bound 12.000000; 117326 expanded, 2229194 generated
Starting iteration with bound 13.000000; 117326 expanded, 2229194 generated
Starting iteration with bound 14.000000; 117587 expanded, 2234153 generated
Starting iteration with bound 15.000000; 134193 expanded, 2549667 generated
Starting iteration with bound 16.000000; 532834 expanded, 10123846 generated
 done (7.21905s, 1437972n)
[27] Pancake BiHS-Bloom timeout limit: 455.737s
[27] Pancake IDTHSwTrans state bound baseline: 4471940
[27] Running Pancake BiHS-Bloom(50%, k1, dynamic, size=16923KiB, k=1, fp_est=0.0301535, limit=455.737s)...Bloom filter size: 16923 KiB, k_hashes: 1, min_items: 2236019
 done (39.2322s, 306878469n)
[27] Running Pancake IDTHSwTrans(50%, states=2235970, limit=1800s)... done (3.1961s, 179100n)
[27] Running Pancake BiHS-Bloom(50%, optk, dynamic, size=16923KiB, k=23, fp_est=1.5329e-07, limit=455.737s)...Bloom filter size: 16923 KiB, k_hashes: 23, min_items: 2236019
 done (38.2332s, 306878469n)
[27] Running Pancake IDTHSwTrans(50%, states=2235970, limit=1800s)... done (3.19578s, 179100n)
[27] Running Pancake BiHS-Bloom(50%, rootk, dynamic, size=16923KiB, k=5, fp_est=5.76237e-05, limit=455.737s)...Bloom filter size: 16923 KiB, k_hashes: 5, min_items: 2236019
 done (37.5517s, 306878469n)
[27] Running Pancake IDTHSwTrans(50%, states=2235970, limit=1800s)... done (3.21512s, 179100n)
[27] Running Pancake BiHS-Bloom(10%, k1, dynamic, size=3385KiB, k=1, fp_est=0.14193, limit=455.737s)...Bloom filter size: 3385 KiB, k_hashes: 1, min_items: 447256
 done (39.1615s, 306878469n)
[27] Running Pancake IDTHSwTrans(10%, states=447194, limit=1800s)... done (2.83149s, 160250n)
[27] Running Pancake BiHS-Bloom(10%, optk, dynamic, size=3385KiB, k=5, fp_est=0.0437588, limit=455.737s)...Bloom filter size: 3385 KiB, k_hashes: 5, min_items: 447256
 done (37.424s, 306878469n)
[27] Running Pancake IDTHSwTrans(10%, states=447194, limit=1800s)... done (2.82619s, 160250n)
[27] Running Pancake BiHS-Bloom(10%, rootk, dynamic, size=3385KiB, k=2, fp_est=0.0695456, limit=455.737s)...Bloom filter size: 3385 KiB, k_hashes: 2, min_items: 447256
 done (37.3901s, 306878469n)
[27] Running Pancake IDTHSwTrans(10%, states=447194, limit=1800s)... done (2.82174s, 160250n)
[27] Running Pancake BiHS-Bloom(1%, k1, dynamic, size=338KiB, k=1, fp_est=0.784103, limit=455.737s)...Bloom filter size: 338 KiB, k_hashes: 1, min_items: 44659
 done (39.2228s, 387722304n)
[27] Running Pancake IDTHSwTrans(1%, states=44719, limit=1800s)... done (3.93207s, 140738n)
[27] Running Pancake BiHS-Bloom(1%, optk, dynamic, size=338KiB, k=1, fp_est=0.784103, limit=455.737s)...Bloom filter size: 338 KiB, k_hashes: 1, min_items: 44659
 done (39.2203s, 387722304n)
[27] Running Pancake IDTHSwTrans(1%, states=44719, limit=1800s)... done (3.94281s, 140738n)
[27] Running Pancake BiHS-Bloom(1%, rootk, dynamic, size=338KiB, k=1, fp_est=0.784103, limit=455.737s)...Bloom filter size: 338 KiB, k_hashes: 1, min_items: 44659
 done (39.38s, 387722304n)
[27] Running Pancake IDTHSwTrans(1%, states=44719, limit=1800s)... done (3.94335s, 140738n)
[27] Running Pancake BiHS-Bloom(0.1%, k1, dynamic, size=34KiB, k=1, fp_est=1, limit=455.737s)...Bloom filter size: 34 KiB, k_hashes: 1, min_items: 4492
[TYPE] Splitting depth 16 into 8 hash types (Ff=1893893, Fb=616147, min_items=4492)
 done (40.3789s, 399382779n)
[27] Running Pancake IDTHSwTrans(0.1%, states=4471, limit=1800s)... done (3.0582s, 150467n)
[27] Running Pancake BiHS-Bloom(0.1%, optk, dynamic, size=34KiB, k=1, fp_est=1, limit=455.737s)...Bloom filter size: 34 KiB, k_hashes: 1, min_items: 4492
[TYPE] Splitting depth 16 into 8 hash types (Ff=1893893, Fb=618687, min_items=4492)
 done (39.3631s, 387722304n)
[27] Running Pancake IDTHSwTrans(0.1%, states=4471, limit=1800s)... done (3.05682s, 150467n)
[27] Running Pancake BiHS-Bloom(0.1%, rootk, dynamic, size=34KiB, k=1, fp_est=1, limit=455.737s)...Bloom filter size: 34 KiB, k_hashes: 1, min_items: 4492
[TYPE] Splitting depth 16 into 8 hash types (Ff=1893893, Fb=620117, min_items=4492)
 done (39.1986s, 387722304n)
[27] Running Pancake IDTHSwTrans(0.1%, states=4471, limit=1800s)... done (3.05408s, 150467n)
Pancake #27 | A*: 8.51599s/284568n | Rev-A*: 8.54661s/284568n | BAE*: 8.78321s/375741n | NBS: 22.7868s/540000n | MM: 10.8952s/540000n | IDA*: 2.11763s/861250n | Parallel IDA*: 7.21905s/1437972n | Rev-IDA*: 1.58774s/861250n | BiHS-Bloom(50%,k1,dynamic): 39.2322s/306878469n | IDTHSwTrans(50%): 3.1961s/179100n | BiHS-Bloom(50%,optk,dynamic): 38.2332s/306878469n | IDTHSwTrans(50%): 3.19578s/179100n | BiHS-Bloom(50%,rootk,dynamic): 37.5517s/306878469n | IDTHSwTrans(50%): 3.21512s/179100n | BiHS-Bloom(10%,k1,dynamic): 39.1615s/306878469n | IDTHSwTrans(10%): 2.83149s/160250n | BiHS-Bloom(10%,optk,dynamic): 37.424s/306878469n | IDTHSwTrans(10%): 2.82619s/160250n | BiHS-Bloom(10%,rootk,dynamic): 37.3901s/306878469n | IDTHSwTrans(10%): 2.82174s/160250n | BiHS-Bloom(1%,k1,dynamic): 39.2228s/387722304n | IDTHSwTrans(1%): 3.93207s/140738n | BiHS-Bloom(1%,optk,dynamic): 39.2203s/387722304n | IDTHSwTrans(1%): 3.94281s/140738n | BiHS-Bloom(1%,rootk,dynamic): 39.38s/387722304n | IDTHSwTrans(1%): 3.94335s/140738n | BiHS-Bloom(0.1%,k1,dynamic): 40.3789s/399382779n | IDTHSwTrans(0.1%): 3.0582s/150467n | BiHS-Bloom(0.1%,optk,dynamic): 39.3631s/387722304n | IDTHSwTrans(0.1%): 3.05682s/150467n | BiHS-Bloom(0.1%,rootk,dynamic): 39.1986s/387722304n | IDTHSwTrans(0.1%): 3.05408s/150467n | Length: 16
Results written to results/stp_pancake/parts/benchmark_pancake_27.csv
