------------------------------------
Sat 27 Jun 2026 20:23:23 IDT
SLURM_JOBID:		18468381
SLURM_JOB_NODELIST:	ise-cpu128-07
SLURM_SCRATCH_DIR:	/scratch/omerpr/18468381
Allocated Resouces:	cpu - 2 / mem - 65536 MB / gpu - 
SLURM_GPU_INDEX:	
Running as omerpr from felner account with normal QOS
------------------------------------
------------------------------------
Sat 27 Jun 2026 20:23:23 IDT
SLURM_JOBID:		18468381
SLURM_JOB_NODELIST:	ise-cpu128-07
SLURM_SCRATCH_DIR:	/scratch/omerpr/18468381
Allocated Resouces:	cpu - 2 / mem - 65536 MB / gpu - 
SLURM_GPU_INDEX:	
Running as omerpr from felner account with normal QOS
------------------------------------
Domain: Sliding Tile Puzzle
Starting Korf's Puzzle #7

[7] Running A*... done (9.60424s, 2667826n)
[7] Running Rev-A*... done (3.50994s, 972737n)
[7] Skipping BAE*, NBS, IDA*, Rev-IDA*, and Parallel IDA*; use --full to run them
[7] Running MM... done (8.22435s, 2259375n)
[7] BiHS-Bloom timeout limit: 192.085s
[7] IDTHSwTrans state bound baseline: 1816570
[7] Running BiHS-Bloom(50%, optk, dynamic, size=4989KiB, k=9, fp_est=0.00144267, limit=192.085s)...
Bloom filter size: 4989 KiB, k_hashes: 9, min_items: 908219
 done (3.70323s, 61058303n)
[7] Running IDTHSwTrans(50%, states=908285, limit=1800s)... done (7.61216s, 960841n)
[7] Running BiHS-Bloom(10%, optk, dynamic, size=998KiB, k=2, fp_est=0.270333, limit=192.085s)...
Bloom filter size: 998 KiB, k_hashes: 2, min_items: 181680
 done (3.42445s, 61058303n)
[7] Running IDTHSwTrans(10%, states=181657, limit=1800s)... done (6.39528s, 873088n)
[7] Running BiHS-Bloom(1%, optk, dynamic, size=100KiB, k=1, fp_est=0.974315, limit=192.085s)...
Bloom filter size: 100 KiB, k_hashes: 1, min_items: 18204
 done (3.65858s, 61058303n)
[7] Running IDTHSwTrans(1%, states=18165, limit=1800s)... done (5.16547s, 1000783n)
[7] Running BiHS-Bloom(0.1%, optk, dynamic, size=10KiB, k=1, fp_est=1, limit=192.085s)...
Bloom filter size: 10 KiB, k_hashes: 1, min_items: 1820
 done (4.09144s, 61121376n)
[7] Running IDTHSwTrans(0.1%, states=1816, limit=1800s)... done (4.73s, 1713646n)
Puzzle #7 | A*: 9.60424s/2667826n | Rev-A*: 3.50994s/972737n | BAE*: -3s/0n | NBS: -3s/0n | MM: 8.22435s/2259375n | IDA*: -3s/0n | Parallel IDA*: -3s/0n | Rev-IDA*: -3s/0n | BiHS-Bloom(50%,optk,dynamic): 3.70323s/61058303n | IDTHSwTrans(50%): 7.61216s/960841n | BiHS-Bloom(10%,optk,dynamic): 3.42445s/61058303n | IDTHSwTrans(10%): 6.39528s/873088n | BiHS-Bloom(1%,optk,dynamic): 3.65858s/61058303n | IDTHSwTrans(1%): 5.16547s/1000783n | BiHS-Bloom(0.1%,optk,dynamic): 4.09144s/61121376n | IDTHSwTrans(0.1%): 4.73s/1713646n | Length: 50
Results written to results/stp_pancake/parts/benchmark_stp_7.csv
