------------------------------------
Sun 28 Jun 2026 23:21:33 IDT
SLURM_JOBID:		18543778
SLURM_JOB_NODELIST:	ise-cpu128-02
SLURM_SCRATCH_DIR:	/scratch/omerpr/18543778
Allocated Resouces:	cpu - 2 / mem - 102400 MB / gpu - 
SLURM_GPU_INDEX:	
Running as omerpr from felner account with normal QOS
------------------------------------
------------------------------------
Sun 28 Jun 2026 23:21:34 IDT
SLURM_JOBID:		18543778
SLURM_JOB_NODELIST:	ise-cpu128-02
SLURM_SCRATCH_DIR:	/scratch/omerpr/18543778
Allocated Resouces:	cpu - 2 / mem - 102400 MB / gpu - 
SLURM_GPU_INDEX:	
Running as omerpr from felner account with normal QOS
------------------------------------
Domain: Sliding Tile Puzzle
Starting Korf's Puzzle #26

[26] Running A*... done (42.7351s, 11281106n)
[26] Running Rev-A*... done (26.6147s, 6478155n)
[26] Running BAE*... done (15.5599s, 2892765n)
[26] Running NBS... done (50.9195s, 8655246n)
[26] Running MM... done (43.2035s, 9832370n)
[26] Running IDA*... done (25.6275s, 86984780n)
[26] Running Rev-IDA*... done (17.8521s, 64059009n)
[26] Running Parallel IDA*...80 pieces of work generated
Starting iteration with bound 33.000000; 73 expanded, 224 generated
Starting iteration with bound 35.000000; 73 expanded, 224 generated
Starting iteration with bound 37.000000; 106 expanded, 326 generated
Starting iteration with bound 39.000000; 399 expanded, 1206 generated
Starting iteration with bound 41.000000; 2418 expanded, 7285 generated
Starting iteration with bound 43.000000; 14247 expanded, 42954 generated
Starting iteration with bound 45.000000; 82966 expanded, 250651 generated
Starting iteration with bound 47.000000; 476702 expanded, 1443018 generated
Starting iteration with bound 49.000000; 2682184 expanded, 8131619 generated
Starting iteration with bound 51.000000; 14771375 expanded, 44828212 generated
Starting iteration with bound 53.000000; 79876185 expanded, 242603457 generated
 done (27.6093s, 217819937n)
[26] BiHS-Bloom timeout limit: 1018.39s
[26] IDTHSwTrans state bound baseline: 11753305
[26] Running BiHS-Bloom(50%, k1, dynamic, size=32281KiB, k=1, fp_est=0.0441654, limit=1018.39s)...
Bloom filter size: 32281 KiB, k_hashes: 1, min_items: 5876576
 done (55.8323s, 736219592n)
[26] Running IDTHSwTrans(50%, states=5876652, limit=1800s)... done (35.3119s, 2863542n)
[26] Running BiHS-Bloom(50%, optk, dynamic, size=32281KiB, k=15, fp_est=2.40645e-05, limit=1018.39s)...
Bloom filter size: 32281 KiB, k_hashes: 15, min_items: 5876576
 done (51.7434s, 736219592n)
[26] Running IDTHSwTrans(50%, states=5876652, limit=1800s)... done (35.3725s, 2863542n)
[26] Running BiHS-Bloom(50%, rootk, dynamic, size=32281KiB, k=4, fp_est=0.000746588, limit=1018.39s)...
Bloom filter size: 32281 KiB, k_hashes: 4, min_items: 5876576
 done (51.8058s, 736219592n)
[26] Running IDTHSwTrans(50%, states=5876652, limit=1800s)... done (35.2716s, 2863542n)
[26] Running BiHS-Bloom(10%, k1, dynamic, size=6456KiB, k=1, fp_est=0.202169, limit=1018.39s)...
Bloom filter size: 6456 KiB, k_hashes: 1, min_items: 1175278
 done (55.4599s, 736219592n)
[26] Running IDTHSwTrans(10%, states=1175330, limit=1800s)... done (35.3101s, 2863542n)
[26] Running BiHS-Bloom(10%, optk, dynamic, size=6456KiB, k=3, fp_est=0.119207, limit=1018.39s)...
Bloom filter size: 6456 KiB, k_hashes: 3, min_items: 1175278
 done (52.2683s, 736219592n)
[26] Running IDTHSwTrans(10%, states=1175330, limit=1800s)... done (36.0613s, 2863542n)
[26] Running BiHS-Bloom(10%, rootk, dynamic, size=6456KiB, k=2, fp_est=0.132108, limit=1018.39s)...
Bloom filter size: 6456 KiB, k_hashes: 2, min_items: 1175278
 done (55.8406s, 736219592n)
[26] Running IDTHSwTrans(10%, states=1175330, limit=1800s)... done (36.7295s, 2863542n)
[26] Running BiHS-Bloom(1%, k1, dynamic, size=646KiB, k=1, fp_est=0.895356, limit=1018.39s)...
Bloom filter size: 646 KiB, k_hashes: 1, min_items: 117600
 done (43.4412s, 737453859n)
[26] Running IDTHSwTrans(1%, states=117533, limit=1800s)... done (21.2105s, 1929638n)
[26] Running BiHS-Bloom(1%, optk, dynamic, size=646KiB, k=1, fp_est=0.895356, limit=1018.39s)...
Bloom filter size: 646 KiB, k_hashes: 1, min_items: 117600
 done (42.5615s, 737453859n)
[26] Running IDTHSwTrans(1%, states=117533, limit=1800s)... done (21.5392s, 1929638n)
[26] Running BiHS-Bloom(1%, rootk, dynamic, size=646KiB, k=1, fp_est=0.895356, limit=1018.39s)...
Bloom filter size: 646 KiB, k_hashes: 1, min_items: 117600
 done (42.2638s, 737453859n)
[26] Running IDTHSwTrans(1%, states=117533, limit=1800s)... done (21.4894s, 1929638n)
[26] Running BiHS-Bloom(0.1%, k1, dynamic, size=65KiB, k=1, fp_est=1, limit=1018.39s)...
Bloom filter size: 65 KiB, k_hashes: 1, min_items: 11832
[TYPE] Splitting depth 53 into 3 hash types (Ff=295950, Fb=1641346, min_items=11832)
 done (44.2092s, 738009926n)
[26] Running IDTHSwTrans(0.1%, states=11753, limit=1800s)... done (21.4224s, 3797085n)
[26] Running BiHS-Bloom(0.1%, optk, dynamic, size=65KiB, k=1, fp_est=1, limit=1018.39s)...
Bloom filter size: 65 KiB, k_hashes: 1, min_items: 11832
[TYPE] Splitting depth 53 into 3 hash types (Ff=295950, Fb=1650077, min_items=11832)
 done (44.0182s, 738009926n)
[26] Running IDTHSwTrans(0.1%, states=11753, limit=1800s)... done (21.3655s, 3797085n)
[26] Running BiHS-Bloom(0.1%, rootk, dynamic, size=65KiB, k=1, fp_est=1, limit=1018.39s)...
Bloom filter size: 65 KiB, k_hashes: 1, min_items: 11832
[TYPE] Splitting depth 53 into 3 hash types (Ff=295950, Fb=1665348, min_items=11832)
 done (43.4711s, 738009926n)
[26] Running IDTHSwTrans(0.1%, states=11753, limit=1800s)... done (21.0326s, 3797085n)
Puzzle #26 | A*: 42.7351s/11281106n | Rev-A*: 26.6147s/6478155n | BAE*: 15.5599s/2892765n | NBS: 50.9195s/8655246n | MM: 43.2035s/9832370n | IDA*: 25.6275s/86984780n | Parallel IDA*: 27.6093s/217819937n | Rev-IDA*: 17.8521s/64059009n | BiHS-Bloom(50%,k1,dynamic): 55.8323s/736219592n | IDTHSwTrans(50%): 35.3119s/2863542n | BiHS-Bloom(50%,optk,dynamic): 51.7434s/736219592n | IDTHSwTrans(50%): 35.3725s/2863542n | BiHS-Bloom(50%,rootk,dynamic): 51.8058s/736219592n | IDTHSwTrans(50%): 35.2716s/2863542n | BiHS-Bloom(10%,k1,dynamic): 55.4599s/736219592n | IDTHSwTrans(10%): 35.3101s/2863542n | BiHS-Bloom(10%,optk,dynamic): 52.2683s/736219592n | IDTHSwTrans(10%): 36.0613s/2863542n | BiHS-Bloom(10%,rootk,dynamic): 55.8406s/736219592n | IDTHSwTrans(10%): 36.7295s/2863542n | BiHS-Bloom(1%,k1,dynamic): 43.4412s/737453859n | IDTHSwTrans(1%): 21.2105s/1929638n | BiHS-Bloom(1%,optk,dynamic): 42.5615s/737453859n | IDTHSwTrans(1%): 21.5392s/1929638n | BiHS-Bloom(1%,rootk,dynamic): 42.2638s/737453859n | IDTHSwTrans(1%): 21.4894s/1929638n | BiHS-Bloom(0.1%,k1,dynamic): 44.2092s/738009926n | IDTHSwTrans(0.1%): 21.4224s/3797085n | BiHS-Bloom(0.1%,optk,dynamic): 44.0182s/738009926n | IDTHSwTrans(0.1%): 21.3655s/3797085n | BiHS-Bloom(0.1%,rootk,dynamic): 43.4711s/738009926n | IDTHSwTrans(0.1%): 21.0326s/3797085n | Length: 53
Results written to results/stp_pancake/parts/benchmark_stp_26.csv
