------------------------------------
Sun 28 Jun 2026 02:14:57 IDT
SLURM_JOBID:		18485274
SLURM_JOB_NODELIST:	ise-cpu-intl-15
SLURM_SCRATCH_DIR:	
Allocated Resouces:	cpu - 2 / mem - 65536 MB / gpu - 
SLURM_GPU_INDEX:	
Running as omerpr from felner account with normal QOS
------------------------------------
------------------------------------
Sun 28 Jun 2026 02:14:57 IDT
SLURM_JOBID:		18485274
SLURM_JOB_NODELIST:	ise-cpu-intl-15
SLURM_SCRATCH_DIR:	
Allocated Resouces:	cpu - 2 / mem - 65536 MB / gpu - 
SLURM_GPU_INDEX:	
Running as omerpr from felner account with normal QOS
------------------------------------
Domain: Sliding Tile Puzzle
Starting Korf's Puzzle #96

[96] Running A*... done (0.504863s, 190101n)
[96] Running Rev-A*... done (0.387759s, 163967n)
[96] Running BAE*... done (0.407284s, 146021n)
[96] Running NBS... done (0.700019s, 199348n)
[96] Running MM... done (0.474527s, 201805n)
[96] Running IDA*... done (0.587488s, 1910562n)
[96] Running Rev-IDA*... done (0.315273s, 992103n)
[96] Running Parallel IDA*...66 pieces of work generated
Starting iteration with bound 32.000000; 56 expanded, 176 generated
Starting iteration with bound 34.000000; 56 expanded, 176 generated
Starting iteration with bound 36.000000; 122 expanded, 377 generated
Starting iteration with bound 38.000000; 1271 expanded, 3816 generated
Starting iteration with bound 40.000000; 10882 expanded, 32751 generated
Starting iteration with bound 42.000000; 71438 expanded, 215685 generated
Starting iteration with bound 44.000000; 420121 expanded, 1270434 generated
 done (0.3318s, 1950728n)
[96] BiHS-Bloom timeout limit: 120s
[96] IDTHSwTrans state bound baseline: 317328
[96] Running BiHS-Bloom(50%, optk, dynamic, size=872KiB, k=23, fp_est=1.45046e-07, limit=120s)...
Bloom filter size: 872 KiB, k_hashes: 23, min_items: 158742
 done (0.473583s, 6194245n)
[96] Running IDTHSwTrans(50%, states=158664, limit=1800s)... done (0.317563s, 169160n)
[96] Running BiHS-Bloom(10%, optk, dynamic, size=174KiB, k=5, fp_est=0.0436029, limit=120s)...
Bloom filter size: 174 KiB, k_hashes: 5, min_items: 31675
 done (0.437835s, 6194245n)
[96] Running IDTHSwTrans(10%, states=31732, limit=1800s)... done (0.446217s, 178437n)
[96] Running BiHS-Bloom(1%, optk, dynamic, size=17KiB, k=1, fp_est=0.790918, limit=120s)...
Bloom filter size: 17 KiB, k_hashes: 1, min_items: 3094
[TYPE] Splitting depth 44 into 2 hash types (Ff=127628, Fb=50797, min_items=3094)
 done (0.551734s, 8809173n)
[96] Running IDTHSwTrans(1%, states=3173, limit=1800s)... done (0.495981s, 209393n)
[96] Running BiHS-Bloom(0.1%, optk, dynamic, size=2KiB, k=1, fp_est=0.999998, limit=120s)...
Bloom filter size: 2 KiB, k_hashes: 1, min_items: 364
[TYPE] Splitting depth 42 into 3 hash types (Ff=28220, Fb=17943, min_items=364)
[TYPE] Splitting depth 44 into 8 hash types (Ff=127628, Fb=122926, min_items=364)
 done (0.684527s, 9974990n)
[96] Running IDTHSwTrans(0.1%, states=317, limit=1800s)... done (0.505503s, 276258n)
Puzzle #96 | A*: 0.504863s/190101n | Rev-A*: 0.387759s/163967n | BAE*: 0.407284s/146021n | NBS: 0.700019s/199348n | MM: 0.474527s/201805n | IDA*: 0.587488s/1910562n | Parallel IDA*: 0.3318s/1950728n | Rev-IDA*: 0.315273s/992103n | BiHS-Bloom(50%,optk,dynamic): 0.473583s/6194245n | IDTHSwTrans(50%): 0.317563s/169160n | BiHS-Bloom(10%,optk,dynamic): 0.437835s/6194245n | IDTHSwTrans(10%): 0.446217s/178437n | BiHS-Bloom(1%,optk,dynamic): 0.551734s/8809173n | IDTHSwTrans(1%): 0.495981s/209393n | BiHS-Bloom(0.1%,optk,dynamic): 0.684527s/9974990n | IDTHSwTrans(0.1%): 0.505503s/276258n | Length: 44
Results written to results/stp_pancake/parts/benchmark_stp_96.csv
