------------------------------------
Mon 29 Jun 2026 01:31:41 IDT
SLURM_JOBID:		18547079
SLURM_JOB_NODELIST:	cs-cpu-10
SLURM_SCRATCH_DIR:	/scratch/omerpr/18547079
Allocated Resouces:	cpu - 2 / mem - 102400 MB / gpu - 
SLURM_GPU_INDEX:	
Running as omerpr from felner account with normal QOS
------------------------------------
------------------------------------
Mon 29 Jun 2026 01:31:41 IDT
SLURM_JOBID:		18547079
SLURM_JOB_NODELIST:	cs-cpu-10
SLURM_SCRATCH_DIR:	/scratch/omerpr/18547079
Allocated Resouces:	cpu - 2 / mem - 102400 MB / gpu - 
SLURM_GPU_INDEX:	
Running as omerpr from felner account with normal QOS
------------------------------------
Domain: Pancake Puzzle
[4] Running Pancake A*... done (1.64717s, 50350n)
[4] Running Pancake Rev-A*... done (2.3641s, 81119n)
[4] Running Pancake BAE*... done (1.26827s, 70817n)
[4] Running Pancake NBS... done (3.6868s, 100124n)
[4] Running Pancake MM... done (2.32067s, 126097n)
[4] Running Pancake IDA*... done (0.335066s, 166843n)
[4] Running Pancake Rev-IDA*... done (0.292734s, 143854n)
[4] Running Pancake Parallel IDA*...1994544 pieces of work generated
Starting iteration with bound 11.000000; 117326 expanded, 2229194 generated
Starting iteration with bound 12.000000; 117326 expanded, 2229194 generated
Starting iteration with bound 13.000000; 117326 expanded, 2229194 generated
Starting iteration with bound 14.000000; 117334 expanded, 2229346 generated
Starting iteration with bound 15.000000; 118336 expanded, 2248384 generated
Starting iteration with bound 16.000000; 162032 expanded, 3078608 generated
 done (6.01231s, 470920n)
[4] Pancake BiHS-Bloom timeout limit: 120.246s
[4] Pancake IDTHSwTrans state bound baseline: 823317
[4] Running Pancake BiHS-Bloom(50%, k1, dynamic, size=3116KiB, k=1, fp_est=0.0309304, limit=120.246s)...Bloom filter size: 3116 KiB, k_hashes: 1, min_items: 411714
 done (5.61585s, 50933223n)
[4] Running Pancake IDTHSwTrans(50%, states=411658, limit=1800s)... done (0.501181s, 90217n)
[4] Running Pancake BiHS-Bloom(50%, optk, dynamic, size=3116KiB, k=22, fp_est=2.28475e-07, limit=120.246s)...Bloom filter size: 3116 KiB, k_hashes: 22, min_items: 411714
 done (5.62252s, 50933223n)
[4] Running Pancake IDTHSwTrans(50%, states=411658, limit=1800s)... done (0.501328s, 90217n)
[4] Running Pancake BiHS-Bloom(50%, rootk, dynamic, size=3116KiB, k=5, fp_est=6.49338e-05, limit=120.246s)...Bloom filter size: 3116 KiB, k_hashes: 5, min_items: 411714
 done (5.60909s, 50933223n)
[4] Running Pancake IDTHSwTrans(50%, states=411658, limit=1800s)... done (0.500684s, 90217n)
[4] Running Pancake BiHS-Bloom(10%, k1, dynamic, size=623KiB, k=1, fp_est=0.14542, limit=120.246s)...Bloom filter size: 623 KiB, k_hashes: 1, min_items: 82316
 done (5.56905s, 50933223n)
[4] Running Pancake IDTHSwTrans(10%, states=82331, limit=1800s)... done (0.8944s, 56851n)
[4] Running Pancake BiHS-Bloom(10%, optk, dynamic, size=623KiB, k=4, fp_est=0.0474207, limit=120.246s)...Bloom filter size: 623 KiB, k_hashes: 4, min_items: 82316
 done (5.57733s, 50933223n)
[4] Running Pancake IDTHSwTrans(10%, states=82331, limit=1800s)... done (0.89447s, 56851n)
[4] Running Pancake BiHS-Bloom(10%, rootk, dynamic, size=623KiB, k=2, fp_est=0.0727339, limit=120.246s)...Bloom filter size: 623 KiB, k_hashes: 2, min_items: 82316
 done (5.58458s, 50933223n)
[4] Running Pancake IDTHSwTrans(10%, states=82331, limit=1800s)... done (0.895261s, 56851n)
[4] Running Pancake BiHS-Bloom(1%, k1, dynamic, size=62KiB, k=1, fp_est=0.793829, limit=120.246s)...Bloom filter size: 62 KiB, k_hashes: 1, min_items: 8192
 done (5.8554s, 50933223n)
[4] Running Pancake IDTHSwTrans(1%, states=8233, limit=1800s)... done (0.584235s, 41458n)
[4] Running Pancake BiHS-Bloom(1%, optk, dynamic, size=62KiB, k=1, fp_est=0.793829, limit=120.246s)...Bloom filter size: 62 KiB, k_hashes: 1, min_items: 8192
 done (5.57443s, 50933223n)
[4] Running Pancake IDTHSwTrans(1%, states=8233, limit=1800s)... done (0.584512s, 41458n)
[4] Running Pancake BiHS-Bloom(1%, rootk, dynamic, size=62KiB, k=1, fp_est=0.793829, limit=120.246s)...Bloom filter size: 62 KiB, k_hashes: 1, min_items: 8192
 done (5.84977s, 50933223n)
[4] Running Pancake IDTHSwTrans(1%, states=8233, limit=1800s)... done (0.586714s, 41458n)
[4] Running Pancake BiHS-Bloom(0.1%, k1, dynamic, size=6KiB, k=1, fp_est=1, limit=120.246s)...Bloom filter size: 6 KiB, k_hashes: 1, min_items: 792
[TYPE] Splitting depth 16 into 2 hash types (Ff=24667, Fb=42153, min_items=792)
 done (10.5983s, 87756690n)
[4] Running Pancake IDTHSwTrans(0.1%, states=823, limit=1800s)... done (0.710004s, 54453n)
[4] Running Pancake BiHS-Bloom(0.1%, optk, dynamic, size=6KiB, k=1, fp_est=1, limit=120.246s)...Bloom filter size: 6 KiB, k_hashes: 1, min_items: 792
[TYPE] Splitting depth 16 into 2 hash types (Ff=24667, Fb=43236, min_items=792)
 done (10.6094s, 87756690n)
[4] Running Pancake IDTHSwTrans(0.1%, states=823, limit=1800s)... done (0.706541s, 54453n)
[4] Running Pancake BiHS-Bloom(0.1%, rootk, dynamic, size=6KiB, k=1, fp_est=1, limit=120.246s)...Bloom filter size: 6 KiB, k_hashes: 1, min_items: 792
[TYPE] Splitting depth 16 into 2 hash types (Ff=24667, Fb=42320, min_items=792)
 done (10.6035s, 87756690n)
[4] Running Pancake IDTHSwTrans(0.1%, states=823, limit=1800s)... done (0.70739s, 54453n)
Pancake #4 | A*: 1.64717s/50350n | Rev-A*: 2.3641s/81119n | BAE*: 1.26827s/70817n | NBS: 3.6868s/100124n | MM: 2.32067s/126097n | IDA*: 0.335066s/166843n | Parallel IDA*: 6.01231s/470920n | Rev-IDA*: 0.292734s/143854n | BiHS-Bloom(50%,k1,dynamic): 5.61585s/50933223n | IDTHSwTrans(50%): 0.501181s/90217n | BiHS-Bloom(50%,optk,dynamic): 5.62252s/50933223n | IDTHSwTrans(50%): 0.501328s/90217n | BiHS-Bloom(50%,rootk,dynamic): 5.60909s/50933223n | IDTHSwTrans(50%): 0.500684s/90217n | BiHS-Bloom(10%,k1,dynamic): 5.56905s/50933223n | IDTHSwTrans(10%): 0.8944s/56851n | BiHS-Bloom(10%,optk,dynamic): 5.57733s/50933223n | IDTHSwTrans(10%): 0.89447s/56851n | BiHS-Bloom(10%,rootk,dynamic): 5.58458s/50933223n | IDTHSwTrans(10%): 0.895261s/56851n | BiHS-Bloom(1%,k1,dynamic): 5.8554s/50933223n | IDTHSwTrans(1%): 0.584235s/41458n | BiHS-Bloom(1%,optk,dynamic): 5.57443s/50933223n | IDTHSwTrans(1%): 0.584512s/41458n | BiHS-Bloom(1%,rootk,dynamic): 5.84977s/50933223n | IDTHSwTrans(1%): 0.586714s/41458n | BiHS-Bloom(0.1%,k1,dynamic): 10.5983s/87756690n | IDTHSwTrans(0.1%): 0.710004s/54453n | BiHS-Bloom(0.1%,optk,dynamic): 10.6094s/87756690n | IDTHSwTrans(0.1%): 0.706541s/54453n | BiHS-Bloom(0.1%,rootk,dynamic): 10.6035s/87756690n | IDTHSwTrans(0.1%): 0.70739s/54453n | Length: 16
Results written to results/stp_pancake/parts/benchmark_pancake_4.csv
