------------------------------------
Sat 27 Jun 2026 21:57:50 IDT
SLURM_JOBID:		18472784
SLURM_JOB_NODELIST:	ise-cpu-intl-08
SLURM_SCRATCH_DIR:	
Allocated Resouces:	cpu - 2 / mem - 65536 MB / gpu - 
SLURM_GPU_INDEX:	
Running as omerpr from felner account with normal QOS
------------------------------------
------------------------------------
Sat 27 Jun 2026 21:57:50 IDT
SLURM_JOBID:		18472784
SLURM_JOB_NODELIST:	ise-cpu-intl-08
SLURM_SCRATCH_DIR:	
Allocated Resouces:	cpu - 2 / mem - 65536 MB / gpu - 
SLURM_GPU_INDEX:	
Running as omerpr from felner account with normal QOS
------------------------------------
Domain: Pancake Puzzle
[87] Running Pancake A*... done (255.41s, 6450392n)
[87] Running Pancake Rev-A*... done (244.843s, 5371091n)
[87] Skipping BAE*, NBS, IDA*, Rev-IDA*, and Parallel IDA*; use --full to run them
[87] Running Pancake MM... done (289.003s, 10768588n)
[87] Pancake BiHS-Bloom timeout limit: 5780.07s
[87] Pancake IDTHSwTrans state bound baseline: 79834676
[87] Running Pancake BiHS-Bloom(50%, optk, dynamic, size=302109KiB, k=20, fp_est=1.14251e-06, limit=5780.07s)...Bloom filter size: 302109 KiB, k_hashes: 20, min_items: 39917369
 done (1167.34s, 6993020955n)
[87] Running Pancake IDTHSwTrans(50%, states=39917338, limit=1800s)... done (90.7449s, 2012506n)
[87] Running Pancake BiHS-Bloom(10%, optk, dynamic, size=60422KiB, k=4, fp_est=0.0647989, limit=5780.07s)...Bloom filter size: 60422 KiB, k_hashes: 4, min_items: 7983500
 done (1137.82s, 6993020955n)
[87] Running Pancake IDTHSwTrans(10%, states=7983467, limit=1800s)... done (86.478s, 1622788n)
[87] Running Pancake BiHS-Bloom(1%, optk, dynamic, size=6042KiB, k=1, fp_est=0.827215, limit=5780.07s)...Bloom filter size: 6042 KiB, k_hashes: 1, min_items: 798323
 done (1152.34s, 6993020955n)
[87] Running Pancake IDTHSwTrans(1%, states=798346, limit=1800s)... done (90.1272s, 644429n)
[87] Running Pancake BiHS-Bloom(0.1%, optk, dynamic, size=604KiB, k=1, fp_est=1, limit=5780.07s)...Bloom filter size: 604 KiB, k_hashes: 1, min_items: 79805
[TYPE] Splitting depth 18 into 3 hash types (Ff=10249725, Fb=2912978, min_items=79805)
 done (753.79s, 7049050494n)
[87] Running Pancake IDTHSwTrans(0.1%, states=79834, limit=1800s)... done (65.0036s, 730975n)
Pancake #87 | A*: 255.41s/6450392n | Rev-A*: 244.843s/5371091n | BAE*: -3s/0n | NBS: -3s/0n | MM: 289.003s/10768588n | IDA*: -3s/0n | Parallel IDA*: -3s/0n | Rev-IDA*: -3s/0n | BiHS-Bloom(50%,optk,dynamic): 1167.34s/6993020955n | IDTHSwTrans(50%): 90.7449s/2012506n | BiHS-Bloom(10%,optk,dynamic): 1137.82s/6993020955n | IDTHSwTrans(10%): 86.478s/1622788n | BiHS-Bloom(1%,optk,dynamic): 1152.34s/6993020955n | IDTHSwTrans(1%): 90.1272s/644429n | BiHS-Bloom(0.1%,optk,dynamic): 753.79s/7049050494n | IDTHSwTrans(0.1%): 65.0036s/730975n | Length: 18
Results written to results/stp_pancake/parts/benchmark_pancake_87.csv
