------------------------------------
Sat 27 Jun 2026 21:08:07 IDT
SLURM_JOBID:		18470300
SLURM_JOB_NODELIST:	ise-cpu-intl-23
SLURM_SCRATCH_DIR:	/scratch/omerpr/18470300
Allocated Resouces:	cpu - 2 / mem - 65536 MB / gpu - 
SLURM_GPU_INDEX:	
Running as omerpr from felner account with normal QOS
------------------------------------
------------------------------------
Sat 27 Jun 2026 21:08:07 IDT
SLURM_JOBID:		18470300
SLURM_JOB_NODELIST:	ise-cpu-intl-23
SLURM_SCRATCH_DIR:	/scratch/omerpr/18470300
Allocated Resouces:	cpu - 2 / mem - 65536 MB / gpu - 
SLURM_GPU_INDEX:	
Running as omerpr from felner account with normal QOS
------------------------------------
Domain: Sliding Tile Puzzle
Starting Korf's Puzzle #73

[73] Running A*... done (4.31847s, 1348055n)
[73] Running Rev-A*... done (0.156934s, 71121n)
[73] Skipping BAE*, NBS, IDA*, Rev-IDA*, and Parallel IDA*; use --full to run them
[73] Running MM... done (2.56832s, 810284n)
[73] BiHS-Bloom timeout limit: 120s
[73] IDTHSwTrans state bound baseline: 133624
[73] Running BiHS-Bloom(50%, optk, dynamic, size=367KiB, k=1, fp_est=0.373517, limit=120s)...
Bloom filter size: 367 KiB, k_hashes: 1, min_items: 66810
 done (0.369922s, 4836242n)
[73] Running IDTHSwTrans(50%, states=66812, limit=1800s)... done (1.16108s, 1198223n)
[73] Running BiHS-Bloom(10%, optk, dynamic, size=73KiB, k=1, fp_est=0.904724, limit=120s)...
Bloom filter size: 73 KiB, k_hashes: 1, min_items: 13289
 done (0.37395s, 4836242n)
[73] Running IDTHSwTrans(10%, states=13362, limit=1800s)... done (1.13987s, 1179920n)
[73] Running BiHS-Bloom(1%, optk, dynamic, size=7KiB, k=1, fp_est=1, limit=120s)...
Bloom filter size: 7 KiB, k_hashes: 1, min_items: 1274
 done (0.378875s, 4836242n)
[73] Running IDTHSwTrans(1%, states=1336, limit=1800s)... done (1.13958s, 1227448n)
[73] Running BiHS-Bloom(0.1%, optk, dynamic, size=1KiB, k=1, fp_est=1, limit=120s)...
Bloom filter size: 1 KiB, k_hashes: 1, min_items: 182
 done (0.376865s, 4836242n)
[73] Running IDTHSwTrans(0.1%, states=133, limit=1800s)... done (1.2299s, 1403557n)
Puzzle #73 | A*: 4.31847s/1348055n | Rev-A*: 0.156934s/71121n | BAE*: -3s/0n | NBS: -3s/0n | MM: 2.56832s/810284n | IDA*: -3s/0n | Parallel IDA*: -3s/0n | Rev-IDA*: -3s/0n | BiHS-Bloom(50%,optk,dynamic): 0.369922s/4836242n | IDTHSwTrans(50%): 1.16108s/1198223n | BiHS-Bloom(10%,optk,dynamic): 0.37395s/4836242n | IDTHSwTrans(10%): 1.13987s/1179920n | BiHS-Bloom(1%,optk,dynamic): 0.378875s/4836242n | IDTHSwTrans(1%): 1.13958s/1227448n | BiHS-Bloom(0.1%,optk,dynamic): 0.376865s/4836242n | IDTHSwTrans(0.1%): 1.2299s/1403557n | Length: 56
Results written to results/stp_pancake/parts/benchmark_stp_73.csv
