------------------------------------
Sat 27 Jun 2026 20:36:50 IDT
SLURM_JOBID:		18468854
SLURM_JOB_NODELIST:	ise-cpu-intl-06
SLURM_SCRATCH_DIR:	/scratch/omerpr/18468854
Allocated Resouces:	cpu - 2 / mem - 65536 MB / gpu - 
SLURM_GPU_INDEX:	
Running as omerpr from felner account with normal QOS
------------------------------------
------------------------------------
Sat 27 Jun 2026 20:36:50 IDT
SLURM_JOBID:		18468854
SLURM_JOB_NODELIST:	ise-cpu-intl-06
SLURM_SCRATCH_DIR:	/scratch/omerpr/18468854
Allocated Resouces:	cpu - 2 / mem - 65536 MB / gpu - 
SLURM_GPU_INDEX:	
Running as omerpr from felner account with normal QOS
------------------------------------
Domain: Sliding Tile Puzzle
Starting Korf's Puzzle #36

[36] Running A*... done (72.0759s, 20890078n)
[36] Running Rev-A*... done (22.8967s, 5319727n)
[36] Skipping BAE*, NBS, IDA*, Rev-IDA*, and Parallel IDA*; use --full to run them
[36] Running MM... done (55.6695s, 14349755n)
[36] BiHS-Bloom timeout limit: 1441.52s
[36] IDTHSwTrans state bound baseline: 9619772
[36] Running BiHS-Bloom(50%, optk, dynamic, size=26421KiB, k=7, fp_est=0.00592478, limit=1441.52s)...
Bloom filter size: 26421 KiB, k_hashes: 7, min_items: 4809796
 done (38.6811s, 574325585n)
[36] Running IDTHSwTrans(50%, states=4809886, limit=1800s)... done (32.42s, 7698727n)
[36] Running BiHS-Bloom(10%, optk, dynamic, size=5284KiB, k=1, fp_est=0.37373, limit=1441.52s)...
Bloom filter size: 5284 KiB, k_hashes: 1, min_items: 961922
 done (34.8668s, 574325585n)
[36] Running IDTHSwTrans(10%, states=961977, limit=1800s)... done (26.049s, 5432644n)
[36] Running BiHS-Bloom(1%, optk, dynamic, size=528KiB, k=1, fp_est=0.990751, limit=1441.52s)...
Bloom filter size: 528 KiB, k_hashes: 1, min_items: 96119
 done (34.9834s, 574325585n)
[36] Running IDTHSwTrans(1%, states=96197, limit=1800s)... done (25.2145s, 5148080n)
[36] Running BiHS-Bloom(0.1%, optk, dynamic, size=53KiB, k=1, fp_est=1, limit=1441.52s)...
Bloom filter size: 53 KiB, k_hashes: 1, min_items: 9648
 done (37.4072s, 574325585n)
[36] Running IDTHSwTrans(0.1%, states=9619, limit=1800s)... done (24.2474s, 6311863n)
Puzzle #36 | A*: 72.0759s/20890078n | Rev-A*: 22.8967s/5319727n | BAE*: -3s/0n | NBS: -3s/0n | MM: 55.6695s/14349755n | IDA*: -3s/0n | Parallel IDA*: -3s/0n | Rev-IDA*: -3s/0n | BiHS-Bloom(50%,optk,dynamic): 38.6811s/574325585n | IDTHSwTrans(50%): 32.42s/7698727n | BiHS-Bloom(10%,optk,dynamic): 34.8668s/574325585n | IDTHSwTrans(10%): 26.049s/5432644n | BiHS-Bloom(1%,optk,dynamic): 34.9834s/574325585n | IDTHSwTrans(1%): 25.2145s/5148080n | BiHS-Bloom(0.1%,optk,dynamic): 37.4072s/574325585n | IDTHSwTrans(0.1%): 24.2474s/6311863n | Length: 58
Results written to results/stp_pancake/parts/benchmark_stp_36.csv
