------------------------------------
Sat 27 Jun 2026 21:26:37 IDT
SLURM_JOBID:		18471235
SLURM_JOB_NODELIST:	ise-cpu-intl-24
SLURM_SCRATCH_DIR:	
Allocated Resouces:	cpu - 2 / mem - 65536 MB / gpu - 
SLURM_GPU_INDEX:	
Running as omerpr from felner account with normal QOS
------------------------------------
------------------------------------
Sat 27 Jun 2026 21:26:37 IDT
SLURM_JOBID:		18471235
SLURM_JOB_NODELIST:	ise-cpu-intl-24
SLURM_SCRATCH_DIR:	
Allocated Resouces:	cpu - 2 / mem - 65536 MB / gpu - 
SLURM_GPU_INDEX:	
Running as omerpr from felner account with normal QOS
------------------------------------
Domain: Pancake Puzzle
[7] Running Pancake A*... done (2.44229s, 50626n)
[7] Running Pancake Rev-A*... done (1.62658s, 36929n)
[7] Skipping BAE*, NBS, IDA*, Rev-IDA*, and Parallel IDA*; use --full to run them
[7] Running Pancake MM... done (2.84566s, 79087n)
[7] Pancake BiHS-Bloom timeout limit: 120s
[7] Pancake IDTHSwTrans state bound baseline: 608976
[7] Running Pancake BiHS-Bloom(50%, optk, dynamic, size=2304KiB, k=18, fp_est=4.75858e-06, limit=120s)...Bloom filter size: 2304 KiB, k_hashes: 18, min_items: 304425
 done (6.32029s, 28137738n)
[7] Running Pancake IDTHSwTrans(50%, states=304488, limit=1800s)... done (0.922607s, 77487n)
[7] Running Pancake BiHS-Bloom(10%, optk, dynamic, size=461KiB, k=4, fp_est=0.0871024, limit=120s)...Bloom filter size: 461 KiB, k_hashes: 4, min_items: 60911
 done (6.23658s, 28137738n)
[7] Running Pancake IDTHSwTrans(10%, states=60897, limit=1800s)... done (0.607476s, 39569n)
[7] Running Pancake BiHS-Bloom(1%, optk, dynamic, size=46KiB, k=1, fp_est=0.859614, limit=120s)...Bloom filter size: 46 KiB, k_hashes: 1, min_items: 6077
 done (6.50364s, 28137738n)
[7] Running Pancake IDTHSwTrans(1%, states=6089, limit=1800s)... done (0.521722s, 29992n)
[7] Running Pancake BiHS-Bloom(0.1%, optk, dynamic, size=5KiB, k=1, fp_est=1, limit=120s)...Bloom filter size: 5 KiB, k_hashes: 1, min_items: 660
[TYPE] Splitting depth 15 into 3 hash types (Ff=163948, Fb=11029, min_items=660)
 done (4.98867s, 30027597n)
[7] Running Pancake IDTHSwTrans(0.1%, states=608, limit=1800s)... done (0.528181s, 33281n)
Pancake #7 | A*: 2.44229s/50626n | Rev-A*: 1.62658s/36929n | BAE*: -3s/0n | NBS: -3s/0n | MM: 2.84566s/79087n | IDA*: -3s/0n | Parallel IDA*: -3s/0n | Rev-IDA*: -3s/0n | BiHS-Bloom(50%,optk,dynamic): 6.32029s/28137738n | IDTHSwTrans(50%): 0.922607s/77487n | BiHS-Bloom(10%,optk,dynamic): 6.23658s/28137738n | IDTHSwTrans(10%): 0.607476s/39569n | BiHS-Bloom(1%,optk,dynamic): 6.50364s/28137738n | IDTHSwTrans(1%): 0.521722s/29992n | BiHS-Bloom(0.1%,optk,dynamic): 4.98867s/30027597n | IDTHSwTrans(0.1%): 0.528181s/33281n | Length: 15
Results written to results/stp_pancake/parts/benchmark_pancake_7.csv
