------------------------------------
Sun 28 Jun 2026 01:57:57 IDT
SLURM_JOBID:		18484703
SLURM_JOB_NODELIST:	ise-cpu-intl-10
SLURM_SCRATCH_DIR:	
Allocated Resouces:	cpu - 2 / mem - 65536 MB / gpu - 
SLURM_GPU_INDEX:	
Running as omerpr from felner account with normal QOS
------------------------------------
------------------------------------
Sun 28 Jun 2026 01:57:57 IDT
SLURM_JOBID:		18484703
SLURM_JOB_NODELIST:	ise-cpu-intl-10
SLURM_SCRATCH_DIR:	
Allocated Resouces:	cpu - 2 / mem - 65536 MB / gpu - 
SLURM_GPU_INDEX:	
Running as omerpr from felner account with normal QOS
------------------------------------
Domain: Sliding Tile Puzzle
Starting Korf's Puzzle #77

[77] Running A*... done (1.92359s, 619121n)
[77] Running Rev-A*... done (0.870108s, 301936n)
[77] Running BAE*... done (1.11369s, 300753n)
[77] Running NBS... done (2.26478s, 503014n)
[77] Running MM... done (2.04464s, 603070n)
[77] Running IDA*... done (1.85202s, 5882727n)
[77] Running Rev-IDA*... done (0.438506s, 1340622n)
[77] Running Parallel IDA*...66 pieces of work generated
Starting iteration with bound 41.000000; 56 expanded, 176 generated
Starting iteration with bound 43.000000; 56 expanded, 176 generated
Starting iteration with bound 45.000000; 184 expanded, 533 generated
Starting iteration with bound 47.000000; 2439 expanded, 7047 generated
Starting iteration with bound 49.000000; 23444 expanded, 68353 generated
Starting iteration with bound 51.000000; 198232 expanded, 582190 generated
Starting iteration with bound 53.000000; 1475097 expanded, 4355593 generated
 done (1.55072s, 9296370n)
[77] BiHS-Bloom timeout limit: 120s
[77] IDTHSwTrans state bound baseline: 575501
[77] Running BiHS-Bloom(50%, optk, dynamic, size=1581KiB, k=12, fp_est=0.000287014, limit=120s)...
Bloom filter size: 1581 KiB, k_hashes: 12, min_items: 287812
 done (1.36559s, 18585476n)
[77] Running IDTHSwTrans(50%, states=287750, limit=1800s)... done (1.89299s, 1047937n)
[77] Running BiHS-Bloom(10%, optk, dynamic, size=316KiB, k=2, fp_est=0.19832, limit=120s)...
Bloom filter size: 316 KiB, k_hashes: 2, min_items: 57526
 done (1.44193s, 18585476n)
[77] Running IDTHSwTrans(10%, states=57550, limit=1800s)... done (1.94378s, 625962n)
[77] Running BiHS-Bloom(1%, optk, dynamic, size=32KiB, k=1, fp_est=0.945529, limit=120s)...
Bloom filter size: 32 KiB, k_hashes: 1, min_items: 5825
 done (1.07596s, 18872465n)
[77] Running IDTHSwTrans(1%, states=5755, limit=1800s)... done (2.30346s, 774711n)
[77] Running BiHS-Bloom(0.1%, optk, dynamic, size=3KiB, k=1, fp_est=1, limit=120s)...
Bloom filter size: 3 KiB, k_hashes: 1, min_items: 546
[TYPE] Splitting depth 53 into 4 hash types (Ff=49353, Fb=43496, min_items=546)
 done (2.8628s, 21772533n)
[77] Running IDTHSwTrans(0.1%, states=575, limit=1800s)... done (2.47353s, 1076534n)
Puzzle #77 | A*: 1.92359s/619121n | Rev-A*: 0.870108s/301936n | BAE*: 1.11369s/300753n | NBS: 2.26478s/503014n | MM: 2.04464s/603070n | IDA*: 1.85202s/5882727n | Parallel IDA*: 1.55072s/9296370n | Rev-IDA*: 0.438506s/1340622n | BiHS-Bloom(50%,optk,dynamic): 1.36559s/18585476n | IDTHSwTrans(50%): 1.89299s/1047937n | BiHS-Bloom(10%,optk,dynamic): 1.44193s/18585476n | IDTHSwTrans(10%): 1.94378s/625962n | BiHS-Bloom(1%,optk,dynamic): 1.07596s/18872465n | IDTHSwTrans(1%): 2.30346s/774711n | BiHS-Bloom(0.1%,optk,dynamic): 2.8628s/21772533n | IDTHSwTrans(0.1%): 2.47353s/1076534n | Length: 53
Results written to results/stp_pancake/parts/benchmark_stp_77.csv
