------------------------------------
Sat 27 Jun 2026 20:23:23 IDT
SLURM_JOBID:		18468377
SLURM_JOB_NODELIST:	ise-cpu-intl-06
SLURM_SCRATCH_DIR:	/scratch/omerpr/18468377
Allocated Resouces:	cpu - 2 / mem - 65536 MB / gpu - 
SLURM_GPU_INDEX:	
Running as omerpr from felner account with normal QOS
------------------------------------
------------------------------------
Sat 27 Jun 2026 20:23:23 IDT
SLURM_JOBID:		18468377
SLURM_JOB_NODELIST:	ise-cpu-intl-06
SLURM_SCRATCH_DIR:	/scratch/omerpr/18468377
Allocated Resouces:	cpu - 2 / mem - 65536 MB / gpu - 
SLURM_GPU_INDEX:	
Running as omerpr from felner account with normal QOS
------------------------------------
Domain: Sliding Tile Puzzle
Starting Korf's Puzzle #3

[3] Running A*... done (16.5484s, 5253694n)
[3] Running Rev-A*... done (7.36782s, 1982253n)
[3] Skipping BAE*, NBS, IDA*, Rev-IDA*, and Parallel IDA*; use --full to run them
[3] Running MM... done (13.3s, 3804237n)
[3] BiHS-Bloom timeout limit: 330.967s
[3] IDTHSwTrans state bound baseline: 3670322
[3] Running BiHS-Bloom(50%, optk, dynamic, size=10081KiB, k=11, fp_est=0.000397696, limit=330.967s)...
Bloom filter size: 10081 KiB, k_hashes: 11, min_items: 1835190
 done (10.2898s, 166454862n)
[3] Running IDTHSwTrans(50%, states=1835161, limit=1800s)... done (3.3224s, 4202441n)
[3] Running BiHS-Bloom(10%, optk, dynamic, size=2016KiB, k=2, fp_est=0.210289, limit=330.967s)...
Bloom filter size: 2016 KiB, k_hashes: 2, min_items: 367001
 done (10.7613s, 166454862n)
[3] Running IDTHSwTrans(10%, states=367032, limit=1800s)... done (2.2871s, 2254600n)
[3] Running BiHS-Bloom(1%, optk, dynamic, size=202KiB, k=1, fp_est=0.95319, limit=330.967s)...
Bloom filter size: 202 KiB, k_hashes: 1, min_items: 36772
 done (7.42892s, 170406303n)
[3] Running IDTHSwTrans(1%, states=36703, limit=1800s)... done (4.62653s, 2297448n)
[3] Running BiHS-Bloom(0.1%, optk, dynamic, size=20KiB, k=1, fp_est=1, limit=330.967s)...
Bloom filter size: 20 KiB, k_hashes: 1, min_items: 3640
[TYPE] Splitting depth 54 into 2 hash types (Ff=183906, Fb=93684, min_items=3640)
[TYPE] Splitting depth 56 into 8 hash types (Ff=621419, Fb=1580325, min_items=3640)
 done (8.75527s, 173067193n)
[3] Running IDTHSwTrans(0.1%, states=3670, limit=1800s)... done (4.94083s, 2745615n)
Puzzle #3 | A*: 16.5484s/5253694n | Rev-A*: 7.36782s/1982253n | BAE*: -3s/0n | NBS: -3s/0n | MM: 13.3s/3804237n | IDA*: -3s/0n | Parallel IDA*: -3s/0n | Rev-IDA*: -3s/0n | BiHS-Bloom(50%,optk,dynamic): 10.2898s/166454862n | IDTHSwTrans(50%): 3.3224s/4202441n | BiHS-Bloom(10%,optk,dynamic): 10.7613s/166454862n | IDTHSwTrans(10%): 2.2871s/2254600n | BiHS-Bloom(1%,optk,dynamic): 7.42892s/170406303n | IDTHSwTrans(1%): 4.62653s/2297448n | BiHS-Bloom(0.1%,optk,dynamic): 8.75527s/173067193n | IDTHSwTrans(0.1%): 4.94083s/2745615n | Length: 56
Results written to results/stp_pancake/parts/benchmark_stp_3.csv
