------------------------------------
Sun 28 Jun 2026 01:53:55 IDT
SLURM_JOBID:		18484588
SLURM_JOB_NODELIST:	ise-cpu-intl-09
SLURM_SCRATCH_DIR:	
Allocated Resouces:	cpu - 2 / mem - 65536 MB / gpu - 
SLURM_GPU_INDEX:	
Running as omerpr from felner account with normal QOS
------------------------------------
------------------------------------
Sun 28 Jun 2026 01:53:55 IDT
SLURM_JOBID:		18484588
SLURM_JOB_NODELIST:	ise-cpu-intl-09
SLURM_SCRATCH_DIR:	
Allocated Resouces:	cpu - 2 / mem - 65536 MB / gpu - 
SLURM_GPU_INDEX:	
Running as omerpr from felner account with normal QOS
------------------------------------
Domain: Sliding Tile Puzzle
Starting Korf's Puzzle #70

[70] Running A*... done (1.96884s, 557142n)
[70] Running Rev-A*... done (0.547895s, 177335n)
[70] Running BAE*... done (0.797669s, 224756n)
[70] Running NBS... done (1.41786s, 309928n)
[70] Running MM... done (1.52893s, 430736n)
[70] Running IDA*... done (1.90909s, 6074831n)
[70] Running Rev-IDA*... done (0.210785s, 637659n)
[70] Running Parallel IDA*...66 pieces of work generated
Starting iteration with bound 30.000000; 56 expanded, 176 generated
Starting iteration with bound 32.000000; 82 expanded, 250 generated
Starting iteration with bound 34.000000; 352 expanded, 1063 generated
Starting iteration with bound 36.000000; 2144 expanded, 6450 generated
Starting iteration with bound 38.000000; 12565 expanded, 38047 generated
Starting iteration with bound 40.000000; 68462 expanded, 207007 generated
Starting iteration with bound 42.000000; 354472 expanded, 1072509 generated
Starting iteration with bound 44.000000; 1770942 expanded, 5362644 generated
 done (1.41111s, 8287465n)
[70] BiHS-Bloom timeout limit: 120s
[70] IDTHSwTrans state bound baseline: 340324
[70] Running BiHS-Bloom(50%, optk, dynamic, size=935KiB, k=9, fp_est=0.0019599, limit=120s)...
Bloom filter size: 935 KiB, k_hashes: 9, min_items: 170211
 done (0.641117s, 9179699n)
[70] Running IDTHSwTrans(50%, states=170162, limit=1800s)... done (0.857405s, 202533n)
[70] Running BiHS-Bloom(10%, optk, dynamic, size=187KiB, k=2, fp_est=0.288649, limit=120s)...
Bloom filter size: 187 KiB, k_hashes: 2, min_items: 34042
 done (0.638135s, 9179699n)
[70] Running IDTHSwTrans(10%, states=34032, limit=1800s)... done (0.78681s, 169216n)
[70] Running BiHS-Bloom(1%, optk, dynamic, size=19KiB, k=1, fp_est=0.977452, limit=120s)...
Bloom filter size: 19 KiB, k_hashes: 1, min_items: 3458
 done (0.697822s, 9179699n)
[70] Running IDTHSwTrans(1%, states=3403, limit=1800s)... done (1.48011s, 255817n)
[70] Running BiHS-Bloom(0.1%, optk, dynamic, size=2KiB, k=1, fp_est=1, limit=120s)...
Bloom filter size: 2 KiB, k_hashes: 1, min_items: 364
 done (0.499919s, 9201506n)
[70] Running IDTHSwTrans(0.1%, states=340, limit=1800s)... done (1.93034s, 586493n)
Puzzle #70 | A*: 1.96884s/557142n | Rev-A*: 0.547895s/177335n | BAE*: 0.797669s/224756n | NBS: 1.41786s/309928n | MM: 1.52893s/430736n | IDA*: 1.90909s/6074831n | Parallel IDA*: 1.41111s/8287465n | Rev-IDA*: 0.210785s/637659n | BiHS-Bloom(50%,optk,dynamic): 0.641117s/9179699n | IDTHSwTrans(50%): 0.857405s/202533n | BiHS-Bloom(10%,optk,dynamic): 0.638135s/9179699n | IDTHSwTrans(10%): 0.78681s/169216n | BiHS-Bloom(1%,optk,dynamic): 0.697822s/9179699n | IDTHSwTrans(1%): 1.48011s/255817n | BiHS-Bloom(0.1%,optk,dynamic): 0.499919s/9201506n | IDTHSwTrans(0.1%): 1.93034s/586493n | Length: 44
Results written to results/stp_pancake/parts/benchmark_stp_70.csv
