------------------------------------
Sat 27 Jun 2026 20:50:19 IDT
SLURM_JOBID:		18469397
SLURM_JOB_NODELIST:	ise-cpu-intl-24
SLURM_SCRATCH_DIR:	
Allocated Resouces:	cpu - 2 / mem - 65536 MB / gpu - 
SLURM_GPU_INDEX:	
Running as omerpr from felner account with normal QOS
------------------------------------
------------------------------------
Sat 27 Jun 2026 20:50:19 IDT
SLURM_JOBID:		18469397
SLURM_JOB_NODELIST:	ise-cpu-intl-24
SLURM_SCRATCH_DIR:	
Allocated Resouces:	cpu - 2 / mem - 65536 MB / gpu - 
SLURM_GPU_INDEX:	
Running as omerpr from felner account with normal QOS
------------------------------------
Domain: Sliding Tile Puzzle
Starting Korf's Puzzle #60

[60] Running A*... done (2.32077s, 508041n)
[60] Running Rev-A*... done (1.22176s, 280627n)
[60] Skipping BAE*, NBS, IDA*, Rev-IDA*, and Parallel IDA*; use --full to run them
[60] Running MM... done (1.99421s, 440448n)
[60] BiHS-Bloom timeout limit: 120s
[60] IDTHSwTrans state bound baseline: 542602
[60] Running BiHS-Bloom(50%, optk, dynamic, size=1490KiB, k=16, fp_est=2.0004e-05, limit=120s)...
Bloom filter size: 1490 KiB, k_hashes: 16, min_items: 271246
 done (1.618s, 16020870n)
[60] Running IDTHSwTrans(50%, states=271301, limit=1800s)... done (2.17387s, 230742n)
[60] Running BiHS-Bloom(10%, optk, dynamic, size=298KiB, k=3, fp_est=0.114949, limit=120s)...
Bloom filter size: 298 KiB, k_hashes: 3, min_items: 54249
 done (1.58396s, 16020870n)
[60] Running IDTHSwTrans(10%, states=54260, limit=1800s)... done (2.09335s, 222723n)
[60] Running BiHS-Bloom(1%, optk, dynamic, size=30KiB, k=1, fp_est=0.889759, limit=120s)...
Bloom filter size: 30 KiB, k_hashes: 1, min_items: 5461
 done (1.48226s, 16346631n)
[60] Running IDTHSwTrans(1%, states=5426, limit=1800s)... done (1.7065s, 257864n)
[60] Running BiHS-Bloom(0.1%, optk, dynamic, size=3KiB, k=1, fp_est=1, limit=120s)...
Bloom filter size: 3 KiB, k_hashes: 1, min_items: 546
[TYPE] Splitting depth 45 into 6 hash types (Ff=60247, Fb=105229, min_items=546)
 done (2.62714s, 19438655n)
[60] Running IDTHSwTrans(0.1%, states=542, limit=1800s)... done (1.66882s, 449851n)
Puzzle #60 | A*: 2.32077s/508041n | Rev-A*: 1.22176s/280627n | BAE*: -3s/0n | NBS: -3s/0n | MM: 1.99421s/440448n | IDA*: -3s/0n | Parallel IDA*: -3s/0n | Rev-IDA*: -3s/0n | BiHS-Bloom(50%,optk,dynamic): 1.618s/16020870n | IDTHSwTrans(50%): 2.17387s/230742n | BiHS-Bloom(10%,optk,dynamic): 1.58396s/16020870n | IDTHSwTrans(10%): 2.09335s/222723n | BiHS-Bloom(1%,optk,dynamic): 1.48226s/16346631n | IDTHSwTrans(1%): 1.7065s/257864n | BiHS-Bloom(0.1%,optk,dynamic): 2.62714s/19438655n | IDTHSwTrans(0.1%): 1.66882s/449851n | Length: 45
Results written to results/stp_pancake/parts/benchmark_stp_60.csv
