------------------------------------
Sat 27 Jun 2026 21:04:48 IDT
SLURM_JOBID:		18470153
SLURM_JOB_NODELIST:	cs-cpu-07
SLURM_SCRATCH_DIR:	
Allocated Resouces:	cpu - 2 / mem - 65536 MB / gpu - 
SLURM_GPU_INDEX:	
Running as omerpr from felner account with normal QOS
------------------------------------
------------------------------------
Sat 27 Jun 2026 21:04:48 IDT
SLURM_JOBID:		18470153
SLURM_JOB_NODELIST:	cs-cpu-07
SLURM_SCRATCH_DIR:	
Allocated Resouces:	cpu - 2 / mem - 65536 MB / gpu - 
SLURM_GPU_INDEX:	
Running as omerpr from felner account with normal QOS
------------------------------------
Domain: Sliding Tile Puzzle
Starting Korf's Puzzle #70

[70] Running A*... done (1.97037s, 557142n)
[70] Running Rev-A*... done (0.54212s, 177335n)
[70] Skipping BAE*, NBS, IDA*, Rev-IDA*, and Parallel IDA*; use --full to run them
[70] Running MM... done (1.5365s, 430736n)
[70] BiHS-Bloom timeout limit: 120s
[70] IDTHSwTrans state bound baseline: 340324
[70] Running BiHS-Bloom(50%, optk, dynamic, size=935KiB, k=9, fp_est=0.0019599, limit=120s)...
Bloom filter size: 935 KiB, k_hashes: 9, min_items: 170211
 done (0.671522s, 9179699n)
[70] Running IDTHSwTrans(50%, states=170162, limit=1800s)... done (0.917144s, 202533n)
[70] Running BiHS-Bloom(10%, optk, dynamic, size=187KiB, k=2, fp_est=0.288649, limit=120s)...
Bloom filter size: 187 KiB, k_hashes: 2, min_items: 34042
 done (0.671024s, 9179699n)
[70] Running IDTHSwTrans(10%, states=34032, limit=1800s)... done (0.841388s, 169216n)
[70] Running BiHS-Bloom(1%, optk, dynamic, size=19KiB, k=1, fp_est=0.977452, limit=120s)...
Bloom filter size: 19 KiB, k_hashes: 1, min_items: 3458
 done (0.737385s, 9179699n)
[70] Running IDTHSwTrans(1%, states=3403, limit=1800s)... done (1.64273s, 255817n)
[70] Running BiHS-Bloom(0.1%, optk, dynamic, size=2KiB, k=1, fp_est=1, limit=120s)...
Bloom filter size: 2 KiB, k_hashes: 1, min_items: 364
 done (0.526914s, 9201506n)
[70] Running IDTHSwTrans(0.1%, states=340, limit=1800s)... done (2.1123s, 586493n)
Puzzle #70 | A*: 1.97037s/557142n | Rev-A*: 0.54212s/177335n | BAE*: -3s/0n | NBS: -3s/0n | MM: 1.5365s/430736n | IDA*: -3s/0n | Parallel IDA*: -3s/0n | Rev-IDA*: -3s/0n | BiHS-Bloom(50%,optk,dynamic): 0.671522s/9179699n | IDTHSwTrans(50%): 0.917144s/202533n | BiHS-Bloom(10%,optk,dynamic): 0.671024s/9179699n | IDTHSwTrans(10%): 0.841388s/169216n | BiHS-Bloom(1%,optk,dynamic): 0.737385s/9179699n | IDTHSwTrans(1%): 1.64273s/255817n | BiHS-Bloom(0.1%,optk,dynamic): 0.526914s/9201506n | IDTHSwTrans(0.1%): 2.1123s/586493n | Length: 44
Results written to results/stp_pancake/parts/benchmark_stp_70.csv
