------------------------------------
Sat 27 Jun 2026 20:23:23 IDT
SLURM_JOBID:		18468376
SLURM_JOB_NODELIST:	ise-cpu-intl-05
SLURM_SCRATCH_DIR:	/scratch/omerpr/18468376
Allocated Resouces:	cpu - 2 / mem - 65536 MB / gpu - 
SLURM_GPU_INDEX:	
Running as omerpr from felner account with normal QOS
------------------------------------
------------------------------------
Sat 27 Jun 2026 20:23:23 IDT
SLURM_JOBID:		18468376
SLURM_JOB_NODELIST:	ise-cpu-intl-05
SLURM_SCRATCH_DIR:	/scratch/omerpr/18468376
Allocated Resouces:	cpu - 2 / mem - 65536 MB / gpu - 
SLURM_GPU_INDEX:	
Running as omerpr from felner account with normal QOS
------------------------------------
Domain: Sliding Tile Puzzle
Starting Korf's Puzzle #2

[2] Running A*... done (108.226s, 30005923n)
[2] Running Rev-A*... done (119.983s, 29650660n)
[2] Skipping BAE*, NBS, IDA*, Rev-IDA*, and Parallel IDA*; use --full to run them
[2] Running MM... done (114.343s, 26534791n)
[2] BiHS-Bloom timeout limit: 2399.67s
[2] IDTHSwTrans state bound baseline: 48181625
[2] Running BiHS-Bloom(50%, optk, dynamic, size=132335KiB, k=29, fp_est=2.57602e-09, limit=2399.67s)...
Bloom filter size: 132335 KiB, k_hashes: 29, min_items: 24090851
 done (149.815s, 1804954900n)
[2] Running IDTHSwTrans(50%, states=24090812, limit=1800s)... done (28.8198s, 7924133n)
[2] Running BiHS-Bloom(10%, optk, dynamic, size=26467KiB, k=6, fp_est=0.0192041, limit=2399.67s)...
Bloom filter size: 26467 KiB, k_hashes: 6, min_items: 4818170
 done (117.334s, 1804954900n)
[2] Running IDTHSwTrans(10%, states=4818162, limit=1800s)... done (28.7773s, 7924133n)
[2] Running BiHS-Bloom(1%, optk, dynamic, size=2647KiB, k=1, fp_est=0.703124, limit=2399.67s)...
Bloom filter size: 2647 KiB, k_hashes: 1, min_items: 481871
[TYPE] Splitting depth 59 into 3 hash types (Ff=47808853, Fb=21365307, min_items=481871)
 done (141.575s, 2621929238n)
[2] Running IDTHSwTrans(1%, states=481816, limit=1800s)... done (25.8684s, 5507102n)
[2] Running BiHS-Bloom(0.1%, optk, dynamic, size=265KiB, k=1, fp_est=0.999995, limit=2399.67s)...
Bloom filter size: 265 KiB, k_hashes: 1, min_items: 48241
[TYPE] Splitting depth 57 into 8 hash types (Ff=9711168, Fb=8368617, min_items=48241)
[TYPE] Splitting depth 59 into 8 hash types (Ff=47808853, Fb=53561791, min_items=48241)
 done (258.644s, 3803551621n)
[2] Running IDTHSwTrans(0.1%, states=48181, limit=1800s)... done (30.3161s, 6693046n)
Puzzle #2 | A*: 108.226s/30005923n | Rev-A*: 119.983s/29650660n | BAE*: -3s/0n | NBS: -3s/0n | MM: 114.343s/26534791n | IDA*: -3s/0n | Parallel IDA*: -3s/0n | Rev-IDA*: -3s/0n | BiHS-Bloom(50%,optk,dynamic): 149.815s/1804954900n | IDTHSwTrans(50%): 28.8198s/7924133n | BiHS-Bloom(10%,optk,dynamic): 117.334s/1804954900n | IDTHSwTrans(10%): 28.7773s/7924133n | BiHS-Bloom(1%,optk,dynamic): 141.575s/2621929238n | IDTHSwTrans(1%): 25.8684s/5507102n | BiHS-Bloom(0.1%,optk,dynamic): 258.644s/3803551621n | IDTHSwTrans(0.1%): 30.3161s/6693046n | Length: 59
Results written to results/stp_pancake/parts/benchmark_stp_2.csv
