------------------------------------
Sat 27 Jun 2026 20:31:30 IDT
SLURM_JOBID:		18468682
SLURM_JOB_NODELIST:	ise-cpu-intl-24
SLURM_SCRATCH_DIR:	
Allocated Resouces:	cpu - 2 / mem - 65536 MB / gpu - 
SLURM_GPU_INDEX:	
Running as omerpr from felner account with normal QOS
------------------------------------
------------------------------------
Sat 27 Jun 2026 20:31:31 IDT
SLURM_JOBID:		18468682
SLURM_JOB_NODELIST:	ise-cpu-intl-24
SLURM_SCRATCH_DIR:	
Allocated Resouces:	cpu - 2 / mem - 65536 MB / gpu - 
SLURM_GPU_INDEX:	
Running as omerpr from felner account with normal QOS
------------------------------------
Domain: Sliding Tile Puzzle
Starting Korf's Puzzle #31

[31] Running A*... done (91.6491s, 17025065n)
[31] Running Rev-A*... done (173.401s, 28470530n)
[31] Skipping BAE*, NBS, IDA*, Rev-IDA*, and Parallel IDA*; use --full to run them
[31] Running MM... done (158.834s, 24180119n)
[31] BiHS-Bloom timeout limit: 3468.02s
[31] IDTHSwTrans state bound baseline: 30307111
[31] Running BiHS-Bloom(50%, optk, dynamic, size=83241KiB, k=26, fp_est=1.73756e-08, limit=3468.02s)...
Bloom filter size: 83241 KiB, k_hashes: 26, min_items: 15153561
 done (186.76s, 1474744512n)
[31] Running IDTHSwTrans(50%, states=15153555, limit=1800s)... done (99.8086s, 11415699n)
[31] Running BiHS-Bloom(10%, optk, dynamic, size=16648KiB, k=5, fp_est=0.0280812, limit=3468.02s)...
Bloom filter size: 16648 KiB, k_hashes: 5, min_items: 3030675
 done (148.146s, 1474744512n)
[31] Running IDTHSwTrans(10%, states=3030711, limit=1800s)... done (97.6916s, 10373061n)
[31] Running BiHS-Bloom(1%, optk, dynamic, size=1665KiB, k=1, fp_est=0.739268, limit=3468.02s)...
Bloom filter size: 1665 KiB, k_hashes: 1, min_items: 303104
[TYPE] Splitting depth 59 into 4 hash types (Ff=29980874, Fb=18539088, min_items=303104)
 done (193.308s, 2154884040n)
[31] Running IDTHSwTrans(1%, states=303071, limit=1800s)... done (167.78s, 9748042n)
[31] Running BiHS-Bloom(0.1%, optk, dynamic, size=166KiB, k=1, fp_est=0.999999, limit=3468.02s)...
Bloom filter size: 166 KiB, k_hashes: 1, min_items: 30219
[TYPE] Splitting depth 57 into 7 hash types (Ff=4674759, Fb=4910783, min_items=30219)
[TYPE] Splitting depth 59 into 8 hash types (Ff=29980874, Fb=44251778, min_items=30219)
 done (320.346s, 2919709636n)
[31] Running IDTHSwTrans(0.1%, states=30307, limit=1800s)... done (212.284s, 16173900n)
Puzzle #31 | A*: 91.6491s/17025065n | Rev-A*: 173.401s/28470530n | BAE*: -3s/0n | NBS: -3s/0n | MM: 158.834s/24180119n | IDA*: -3s/0n | Parallel IDA*: -3s/0n | Rev-IDA*: -3s/0n | BiHS-Bloom(50%,optk,dynamic): 186.76s/1474744512n | IDTHSwTrans(50%): 99.8086s/11415699n | BiHS-Bloom(10%,optk,dynamic): 148.146s/1474744512n | IDTHSwTrans(10%): 97.6916s/10373061n | BiHS-Bloom(1%,optk,dynamic): 193.308s/2154884040n | IDTHSwTrans(1%): 167.78s/9748042n | BiHS-Bloom(0.1%,optk,dynamic): 320.346s/2919709636n | IDTHSwTrans(0.1%): 212.284s/16173900n | Length: 59
Results written to results/stp_pancake/parts/benchmark_stp_31.csv
