------------------------------------
Sat 27 Jun 2026 21:16:44 IDT
SLURM_JOBID:		18470725
SLURM_JOB_NODELIST:	ise-cpu-intl-08
SLURM_SCRATCH_DIR:	
Allocated Resouces:	cpu - 2 / mem - 65536 MB / gpu - 
SLURM_GPU_INDEX:	
Running as omerpr from felner account with normal QOS
------------------------------------
------------------------------------
Sat 27 Jun 2026 21:16:44 IDT
SLURM_JOBID:		18470725
SLURM_JOB_NODELIST:	ise-cpu-intl-08
SLURM_SCRATCH_DIR:	
Allocated Resouces:	cpu - 2 / mem - 65536 MB / gpu - 
SLURM_GPU_INDEX:	
Running as omerpr from felner account with normal QOS
------------------------------------
Domain: Sliding Tile Puzzle
Starting Korf's Puzzle #86

[86] Running A*... done (17.8282s, 4681600n)
[86] Running Rev-A*... done (15.0551s, 3537720n)
[86] Skipping BAE*, NBS, IDA*, Rev-IDA*, and Parallel IDA*; use --full to run them
[86] Running MM... done (20.1254s, 4911982n)
[86] BiHS-Bloom timeout limit: 402.507s
[86] IDTHSwTrans state bound baseline: 6466814
[86] Running BiHS-Bloom(50%, optk, dynamic, size=17762KiB, k=18, fp_est=4.43092e-06, limit=402.507s)...
Bloom filter size: 17762 KiB, k_hashes: 18, min_items: 3233473
 done (23.1259s, 291090855n)
[86] Running IDTHSwTrans(50%, states=3233407, limit=1800s)... done (8.46576s, 1590272n)
[86] Running BiHS-Bloom(10%, optk, dynamic, size=3552KiB, k=4, fp_est=0.0859145, limit=402.507s)...
Bloom filter size: 3552 KiB, k_hashes: 4, min_items: 646621
 done (21.0046s, 291090855n)
[86] Running IDTHSwTrans(10%, states=646681, limit=1800s)... done (8.42446s, 1590272n)
[86] Running BiHS-Bloom(1%, optk, dynamic, size=355KiB, k=1, fp_est=0.85773, limit=402.507s)...
Bloom filter size: 355 KiB, k_hashes: 1, min_items: 64625
[TYPE] Splitting depth 52 into 2 hash types (Ff=3220090, Fb=2181112, min_items=64625)
 done (19.3099s, 322453553n)
[86] Running IDTHSwTrans(1%, states=64668, limit=1800s)... done (7.20755s, 1190791n)
[86] Running BiHS-Bloom(0.1%, optk, dynamic, size=36KiB, k=1, fp_est=1, limit=402.507s)...
Bloom filter size: 36 KiB, k_hashes: 1, min_items: 6553
[TYPE] Splitting depth 50 into 5 hash types (Ff=927148, Fb=661788, min_items=6553)
[TYPE] Splitting depth 52 into 8 hash types (Ff=3220090, Fb=6066411, min_items=6553)
 done (44.9436s, 389153918n)
[86] Running IDTHSwTrans(0.1%, states=6466, limit=1800s)... done (10.0857s, 1867595n)
Puzzle #86 | A*: 17.8282s/4681600n | Rev-A*: 15.0551s/3537720n | BAE*: -3s/0n | NBS: -3s/0n | MM: 20.1254s/4911982n | IDA*: -3s/0n | Parallel IDA*: -3s/0n | Rev-IDA*: -3s/0n | BiHS-Bloom(50%,optk,dynamic): 23.1259s/291090855n | IDTHSwTrans(50%): 8.46576s/1590272n | BiHS-Bloom(10%,optk,dynamic): 21.0046s/291090855n | IDTHSwTrans(10%): 8.42446s/1590272n | BiHS-Bloom(1%,optk,dynamic): 19.3099s/322453553n | IDTHSwTrans(1%): 7.20755s/1190791n | BiHS-Bloom(0.1%,optk,dynamic): 44.9436s/389153918n | IDTHSwTrans(0.1%): 10.0857s/1867595n | Length: 52
Results written to results/stp_pancake/parts/benchmark_stp_86.csv
