------------------------------------
Sun 28 Jun 2026 01:40:12 IDT
SLURM_JOBID:		18484131
SLURM_JOB_NODELIST:	ise-cpu-intl-09
SLURM_SCRATCH_DIR:	
Allocated Resouces:	cpu - 2 / mem - 65536 MB / gpu - 
SLURM_GPU_INDEX:	
Running as omerpr from felner account with normal QOS
------------------------------------
------------------------------------
Sun 28 Jun 2026 01:40:12 IDT
SLURM_JOBID:		18484131
SLURM_JOB_NODELIST:	ise-cpu-intl-09
SLURM_SCRATCH_DIR:	
Allocated Resouces:	cpu - 2 / mem - 65536 MB / gpu - 
SLURM_GPU_INDEX:	
Running as omerpr from felner account with normal QOS
------------------------------------
Domain: Sliding Tile Puzzle
Starting Korf's Puzzle #63

[63] Running A*... done (22.029s, 5630312n)
[63] Running Rev-A*... done (18.6754s, 4469879n)
[63] Running BAE*... done (6.90368s, 1447409n)
[63] Running NBS... done (29.1735s, 5296598n)
[63] Running MM... done (20.9424s, 5164425n)
[63] Running IDA*... done (29.207s, 93057850n)
[63] Running Rev-IDA*... done (16.6708s, 53579367n)
[63] Running Parallel IDA*...54 pieces of work generated
Starting iteration with bound 31.000000; 41 expanded, 134 generated
Starting iteration with bound 33.000000; 41 expanded, 134 generated
Starting iteration with bound 35.000000; 42 expanded, 136 generated
Starting iteration with bound 37.000000; 118 expanded, 357 generated
Starting iteration with bound 39.000000; 1113 expanded, 3302 generated
Starting iteration with bound 41.000000; 7193 expanded, 21338 generated
Starting iteration with bound 43.000000; 42178 expanded, 125720 generated
Starting iteration with bound 45.000000; 233694 expanded, 699983 generated
Starting iteration with bound 47.000000; 1252099 expanded, 3764574 generated
Starting iteration with bound 49.000000; 6526271 expanded, 19669906 generated
Starting iteration with bound 51.000000; 33336781 expanded, 100686080 generated
 done (17.5396s, 108296160n)
[63] BiHS-Bloom timeout limit: 584.139s
[63] IDTHSwTrans state bound baseline: 8034345
[63] Running BiHS-Bloom(50%, optk, dynamic, size=22067KiB, k=26, fp_est=1.98785e-08, limit=584.139s)...
Bloom filter size: 22067 KiB, k_hashes: 26, min_items: 4017174
 done (24.233s, 306109813n)
[63] Running IDTHSwTrans(50%, states=4017172, limit=1800s)... done (12.9286s, 869443n)
[63] Running BiHS-Bloom(10%, optk, dynamic, size=4413KiB, k=5, fp_est=0.0288366, limit=584.139s)...
Bloom filter size: 4413 KiB, k_hashes: 5, min_items: 803362
 done (21.6355s, 306109813n)
[63] Running IDTHSwTrans(10%, states=803434, limit=1800s)... done (12.894s, 869443n)
[63] Running BiHS-Bloom(1%, optk, dynamic, size=441KiB, k=1, fp_est=0.742201, limit=584.139s)...
Bloom filter size: 441 KiB, k_hashes: 1, min_items: 80281
 done (31.9066s, 559637445n)
[63] Running IDTHSwTrans(1%, states=80343, limit=1800s)... done (15.5354s, 1081347n)
[63] Running BiHS-Bloom(0.1%, optk, dynamic, size=44KiB, k=1, fp_est=0.999999, limit=584.139s)...
Bloom filter size: 44 KiB, k_hashes: 1, min_items: 8009
[TYPE] Splitting depth 49 into 4 hash types (Ff=753203, Fb=656289, min_items=8009)
[TYPE] Splitting depth 51 into 8 hash types (Ff=2340860, Fb=5940676, min_items=8009)
 done (30.5591s, 356272476n)
[63] Running IDTHSwTrans(0.1%, states=8034, limit=1800s)... done (15.7217s, 1952822n)
Puzzle #63 | A*: 22.029s/5630312n | Rev-A*: 18.6754s/4469879n | BAE*: 6.90368s/1447409n | NBS: 29.1735s/5296598n | MM: 20.9424s/5164425n | IDA*: 29.207s/93057850n | Parallel IDA*: 17.5396s/108296160n | Rev-IDA*: 16.6708s/53579367n | BiHS-Bloom(50%,optk,dynamic): 24.233s/306109813n | IDTHSwTrans(50%): 12.9286s/869443n | BiHS-Bloom(10%,optk,dynamic): 21.6355s/306109813n | IDTHSwTrans(10%): 12.894s/869443n | BiHS-Bloom(1%,optk,dynamic): 31.9066s/559637445n | IDTHSwTrans(1%): 15.5354s/1081347n | BiHS-Bloom(0.1%,optk,dynamic): 30.5591s/356272476n | IDTHSwTrans(0.1%): 15.7217s/1952822n | Length: 51
Results written to results/stp_pancake/parts/benchmark_stp_63.csv
