------------------------------------
Sun 28 Jun 2026 00:57:25 IDT
SLURM_JOBID:		18482295
SLURM_JOB_NODELIST:	ise-cpu-intl-09
SLURM_SCRATCH_DIR:	
Allocated Resouces:	cpu - 2 / mem - 65536 MB / gpu - 
SLURM_GPU_INDEX:	
Running as omerpr from felner account with normal QOS
------------------------------------
------------------------------------
Sun 28 Jun 2026 00:57:25 IDT
SLURM_JOBID:		18482295
SLURM_JOB_NODELIST:	ise-cpu-intl-09
SLURM_SCRATCH_DIR:	
Allocated Resouces:	cpu - 2 / mem - 65536 MB / gpu - 
SLURM_GPU_INDEX:	
Running as omerpr from felner account with normal QOS
------------------------------------
Domain: Sliding Tile Puzzle
Starting Korf's Puzzle #20

[20] Running A*... done (26.2134s, 5601901n)
[20] Running Rev-A*... done (25.0144s, 5174073n)
[20] Running BAE*... done (7.76358s, 1501003n)
[20] Running NBS... done (42.0705s, 6386504n)
[20] Running MM... done (33.0078s, 6437736n)
[20] Running IDA*... done (35.4428s, 119812991n)
[20] Running Rev-IDA*... done (35.8371s, 122053847n)
[20] Running Parallel IDA*...66 pieces of work generated
Starting iteration with bound 34.000000; 56 expanded, 176 generated
Starting iteration with bound 36.000000; 56 expanded, 176 generated
Starting iteration with bound 38.000000; 72 expanded, 221 generated
Starting iteration with bound 40.000000; 216 expanded, 631 generated
Starting iteration with bound 42.000000; 1117 expanded, 3240 generated
Starting iteration with bound 44.000000; 6082 expanded, 17684 generated
Starting iteration with bound 46.000000; 31693 expanded, 92533 generated
Starting iteration with bound 48.000000; 167648 expanded, 491284 generated
Starting iteration with bound 50.000000; 888055 expanded, 2610231 generated
Starting iteration with bound 52.000000; 4709197 expanded, 13880152 generated
Starting iteration with bound 54.000000; 25010069 expanded, 73912435 generated
 done (18.9342s, 125358157n)
[20] BiHS-Bloom timeout limit: 841.411s
[20] IDTHSwTrans state bound baseline: 9224597
[20] Running BiHS-Bloom(50%, optk, dynamic, size=25336KiB, k=23, fp_est=1.6486e-07, limit=841.411s)...
Bloom filter size: 25336 KiB, k_hashes: 23, min_items: 4612278
 done (33.5259s, 511989699n)
[20] Running IDTHSwTrans(50%, states=4612298, limit=1800s)... done (31.5386s, 2231065n)
[20] Running BiHS-Bloom(10%, optk, dynamic, size=5067KiB, k=5, fp_est=0.044456, limit=841.411s)...
Bloom filter size: 5067 KiB, k_hashes: 5, min_items: 922419
 done (33.1736s, 511989699n)
[20] Running IDTHSwTrans(10%, states=922459, limit=1800s)... done (33.2225s, 2231065n)
[20] Running BiHS-Bloom(1%, optk, dynamic, size=507KiB, k=1, fp_est=0.784991, limit=841.411s)...
Bloom filter size: 507 KiB, k_hashes: 1, min_items: 92296
 done (41.5755s, 515509424n)
[20] Running IDTHSwTrans(1%, states=92245, limit=1800s)... done (37.0262s, 3171572n)
[20] Running BiHS-Bloom(0.1%, optk, dynamic, size=51KiB, k=1, fp_est=1, limit=841.411s)...
Bloom filter size: 51 KiB, k_hashes: 1, min_items: 9284
[TYPE] Splitting depth 54 into 7 hash types (Ff=704312, Fb=2875158, min_items=9284)
 done (45.219s, 596672131n)
[20] Running IDTHSwTrans(0.1%, states=9224, limit=1800s)... done (34.8338s, 5876503n)
Puzzle #20 | A*: 26.2134s/5601901n | Rev-A*: 25.0144s/5174073n | BAE*: 7.76358s/1501003n | NBS: 42.0705s/6386504n | MM: 33.0078s/6437736n | IDA*: 35.4428s/119812991n | Parallel IDA*: 18.9342s/125358157n | Rev-IDA*: 35.8371s/122053847n | BiHS-Bloom(50%,optk,dynamic): 33.5259s/511989699n | IDTHSwTrans(50%): 31.5386s/2231065n | BiHS-Bloom(10%,optk,dynamic): 33.1736s/511989699n | IDTHSwTrans(10%): 33.2225s/2231065n | BiHS-Bloom(1%,optk,dynamic): 41.5755s/515509424n | IDTHSwTrans(1%): 37.0262s/3171572n | BiHS-Bloom(0.1%,optk,dynamic): 45.219s/596672131n | IDTHSwTrans(0.1%): 34.8338s/5876503n | Length: 54
Results written to results/stp_pancake/parts/benchmark_stp_20.csv
