------------------------------------
Sat 27 Jun 2026 20:31:20 IDT
SLURM_JOBID:		18468668
SLURM_JOB_NODELIST:	ise-cpu-intl-24
SLURM_SCRATCH_DIR:	
Allocated Resouces:	cpu - 2 / mem - 65536 MB / gpu - 
SLURM_GPU_INDEX:	
Running as omerpr from felner account with normal QOS
------------------------------------
------------------------------------
Sat 27 Jun 2026 20:31:20 IDT
SLURM_JOBID:		18468668
SLURM_JOB_NODELIST:	ise-cpu-intl-24
SLURM_SCRATCH_DIR:	
Allocated Resouces:	cpu - 2 / mem - 65536 MB / gpu - 
SLURM_GPU_INDEX:	
Running as omerpr from felner account with normal QOS
------------------------------------
Domain: Sliding Tile Puzzle
Starting Korf's Puzzle #30

[30] Running A*... done (0.826612s, 192385n)
[30] Running Rev-A*... done (0.167752s, 47284n)
[30] Skipping BAE*, NBS, IDA*, Rev-IDA*, and Parallel IDA*; use --full to run them
[30] Running MM... done (0.810864s, 205335n)
[30] BiHS-Bloom timeout limit: 120s
[30] IDTHSwTrans state bound baseline: 88725
[30] Running BiHS-Bloom(50%, optk, dynamic, size=244KiB, k=5, fp_est=0.0395593, limit=120s)...
Bloom filter size: 244 KiB, k_hashes: 5, min_items: 44418
 done (0.236088s, 2276804n)
[30] Running IDTHSwTrans(50%, states=44362, limit=1800s)... done (0.923219s, 453221n)
[30] Running BiHS-Bloom(10%, optk, dynamic, size=49KiB, k=1, fp_est=0.522698, limit=120s)...
Bloom filter size: 49 KiB, k_hashes: 1, min_items: 8920
 done (0.232927s, 2276804n)
[30] Running IDTHSwTrans(10%, states=8872, limit=1800s)... done (1.12263s, 449492n)
[30] Running BiHS-Bloom(1%, optk, dynamic, size=5KiB, k=1, fp_est=0.999289, limit=120s)...
Bloom filter size: 5 KiB, k_hashes: 1, min_items: 910
 done (0.236311s, 2276804n)
[30] Running IDTHSwTrans(1%, states=887, limit=1800s)... done (1.1902s, 507308n)
[30] Running BiHS-Bloom(0.1%, optk, dynamic, size=1KiB, k=1, fp_est=1, limit=120s)...
Bloom filter size: 1 KiB, k_hashes: 1, min_items: 182
 done (0.235084s, 2276804n)
[30] Running IDTHSwTrans(0.1%, states=88, limit=1800s)... done (1.27521s, 663092n)
Puzzle #30 | A*: 0.826612s/192385n | Rev-A*: 0.167752s/47284n | BAE*: -3s/0n | NBS: -3s/0n | MM: 0.810864s/205335n | IDA*: -3s/0n | Parallel IDA*: -3s/0n | Rev-IDA*: -3s/0n | BiHS-Bloom(50%,optk,dynamic): 0.236088s/2276804n | IDTHSwTrans(50%): 0.923219s/453221n | BiHS-Bloom(10%,optk,dynamic): 0.232927s/2276804n | IDTHSwTrans(10%): 1.12263s/449492n | BiHS-Bloom(1%,optk,dynamic): 0.236311s/2276804n | IDTHSwTrans(1%): 1.1902s/507308n | BiHS-Bloom(0.1%,optk,dynamic): 0.235084s/2276804n | IDTHSwTrans(0.1%): 1.27521s/663092n | Length: 50
Results written to results/stp_pancake/parts/benchmark_stp_30.csv
