------------------------------------
Mon 29 Jun 2026 03:04:06 IDT
SLURM_JOBID:		18548717
SLURM_JOB_NODELIST:	ise-cpu-intl-05
SLURM_SCRATCH_DIR:	/scratch/omerpr/18548717
Allocated Resouces:	cpu - 2 / mem - 102400 MB / gpu - 
SLURM_GPU_INDEX:	
Running as omerpr from felner account with normal QOS
------------------------------------
------------------------------------
Mon 29 Jun 2026 03:04:06 IDT
SLURM_JOBID:		18548717
SLURM_JOB_NODELIST:	ise-cpu-intl-05
SLURM_SCRATCH_DIR:	/scratch/omerpr/18548717
Allocated Resouces:	cpu - 2 / mem - 102400 MB / gpu - 
SLURM_GPU_INDEX:	
Running as omerpr from felner account with normal QOS
------------------------------------
Domain: Pancake Puzzle
[68] Running Pancake A*... done (0.10395s, 3016n)
[68] Running Pancake Rev-A*... done (0.0961471s, 3415n)
[68] Running Pancake BAE*... done (0.333875s, 15715n)
[68] Running Pancake NBS... done (0.259703s, 5980n)
[68] Running Pancake MM... done (0.22288s, 9398n)
[68] Running Pancake IDA*... done (0.0702482s, 34597n)
[68] Running Pancake Rev-IDA*... done (0.0693438s, 34810n)
[68] Running Pancake Parallel IDA*...1994544 pieces of work generated
Starting iteration with bound 9.000000; 117326 expanded, 2229194 generated
Starting iteration with bound 10.000000; 117326 expanded, 2229194 generated
Starting iteration with bound 11.000000; 117326 expanded, 2229194 generated
Starting iteration with bound 12.000000; 117332 expanded, 2229308 generated
Starting iteration with bound 13.000000; 118307 expanded, 2247833 generated
 done (4.839s, 144473n)
[68] Pancake BiHS-Bloom timeout limit: 120s
[68] Pancake IDTHSwTrans state bound baseline: 51901
[68] Running Pancake BiHS-Bloom(50%, k1, dynamic, size=196KiB, k=1, fp_est=0.0643653, limit=120s)...Bloom filter size: 196 KiB, k_hashes: 1, min_items: 25897
 done (0.387533s, 2561421n)
[68] Running Pancake IDTHSwTrans(50%, states=25950, limit=1800s)... done (0.11897s, 6832n)
[68] Running Pancake BiHS-Bloom(50%, optk, dynamic, size=196KiB, k=10, fp_est=0.00073334, limit=120s)...Bloom filter size: 196 KiB, k_hashes: 10, min_items: 25897
 done (0.394049s, 2561421n)
[68] Running Pancake IDTHSwTrans(50%, states=25950, limit=1800s)... done (0.120129s, 6832n)
[68] Running Pancake BiHS-Bloom(50%, rootk, dynamic, size=196KiB, k=3, fp_est=0.00592325, limit=120s)...Bloom filter size: 196 KiB, k_hashes: 3, min_items: 25897
 done (0.40159s, 2561421n)
[68] Running Pancake IDTHSwTrans(50%, states=25950, limit=1800s)... done (0.129745s, 6832n)
[68] Running Pancake BiHS-Bloom(10%, k1, dynamic, size=39KiB, k=1, fp_est=0.284202, limit=120s)...Bloom filter size: 39 KiB, k_hashes: 1, min_items: 5153
 done (0.401465s, 2561421n)
[68] Running Pancake IDTHSwTrans(10%, states=5190, limit=1800s)... done (0.168911s, 8400n)
[68] Running Pancake BiHS-Bloom(10%, optk, dynamic, size=39KiB, k=2, fp_est=0.237786, limit=120s)...Bloom filter size: 39 KiB, k_hashes: 2, min_items: 5153
 done (0.39927s, 2561421n)
[68] Running Pancake IDTHSwTrans(10%, states=5190, limit=1800s)... done (0.174508s, 8400n)
[68] Running Pancake BiHS-Bloom(10%, rootk, dynamic, size=39KiB, k=1, fp_est=0.284202, limit=120s)...Bloom filter size: 39 KiB, k_hashes: 1, min_items: 5153
 done (0.392088s, 2561421n)
[68] Running Pancake IDTHSwTrans(10%, states=5190, limit=1800s)... done (0.160892s, 8400n)
[68] Running Pancake BiHS-Bloom(1%, k1, dynamic, size=4KiB, k=1, fp_est=0.961611, limit=120s)...Bloom filter size: 4 KiB, k_hashes: 1, min_items: 528
 done (0.515329s, 3852780n)
[68] Running Pancake IDTHSwTrans(1%, states=519, limit=1800s)... done (0.159266s, 9902n)
[68] Running Pancake BiHS-Bloom(1%, optk, dynamic, size=4KiB, k=1, fp_est=0.961611, limit=120s)...Bloom filter size: 4 KiB, k_hashes: 1, min_items: 528
 done (0.492915s, 3852780n)
[68] Running Pancake IDTHSwTrans(1%, states=519, limit=1800s)... done (0.158691s, 9902n)
[68] Running Pancake BiHS-Bloom(1%, rootk, dynamic, size=4KiB, k=1, fp_est=0.961611, limit=120s)...Bloom filter size: 4 KiB, k_hashes: 1, min_items: 528
 done (0.504255s, 3852780n)
[68] Running Pancake IDTHSwTrans(1%, states=519, limit=1800s)... done (0.160354s, 9902n)
[68] Running Pancake BiHS-Bloom(0.1%, k1, dynamic, size=1KiB, k=1, fp_est=0.999998, limit=120s)...Bloom filter size: 1 KiB, k_hashes: 1, min_items: 132
[TYPE] Splitting depth 13 into 2 hash types (Ff=4332, Fb=2958, min_items=132)
 done (0.505235s, 3852780n)
[68] Running Pancake IDTHSwTrans(0.1%, states=51, limit=1800s)... done (0.188723s, 16910n)
[68] Running Pancake BiHS-Bloom(0.1%, optk, dynamic, size=1KiB, k=1, fp_est=0.999998, limit=120s)...Bloom filter size: 1 KiB, k_hashes: 1, min_items: 132
[TYPE] Splitting depth 13 into 2 hash types (Ff=4332, Fb=2908, min_items=132)
 done (0.505582s, 3852780n)
[68] Running Pancake IDTHSwTrans(0.1%, states=51, limit=1800s)... done (0.188161s, 16910n)
[68] Running Pancake BiHS-Bloom(0.1%, rootk, dynamic, size=1KiB, k=1, fp_est=0.999998, limit=120s)...Bloom filter size: 1 KiB, k_hashes: 1, min_items: 132
[TYPE] Splitting depth 13 into 2 hash types (Ff=4332, Fb=2983, min_items=132)
 done (0.505798s, 3852780n)
[68] Running Pancake IDTHSwTrans(0.1%, states=51, limit=1800s)... done (0.187832s, 16910n)
Pancake #68 | A*: 0.10395s/3016n | Rev-A*: 0.0961471s/3415n | BAE*: 0.333875s/15715n | NBS: 0.259703s/5980n | MM: 0.22288s/9398n | IDA*: 0.0702482s/34597n | Parallel IDA*: 4.839s/144473n | Rev-IDA*: 0.0693438s/34810n | BiHS-Bloom(50%,k1,dynamic): 0.387533s/2561421n | IDTHSwTrans(50%): 0.11897s/6832n | BiHS-Bloom(50%,optk,dynamic): 0.394049s/2561421n | IDTHSwTrans(50%): 0.120129s/6832n | BiHS-Bloom(50%,rootk,dynamic): 0.40159s/2561421n | IDTHSwTrans(50%): 0.129745s/6832n | BiHS-Bloom(10%,k1,dynamic): 0.401465s/2561421n | IDTHSwTrans(10%): 0.168911s/8400n | BiHS-Bloom(10%,optk,dynamic): 0.39927s/2561421n | IDTHSwTrans(10%): 0.174508s/8400n | BiHS-Bloom(10%,rootk,dynamic): 0.392088s/2561421n | IDTHSwTrans(10%): 0.160892s/8400n | BiHS-Bloom(1%,k1,dynamic): 0.515329s/3852780n | IDTHSwTrans(1%): 0.159266s/9902n | BiHS-Bloom(1%,optk,dynamic): 0.492915s/3852780n | IDTHSwTrans(1%): 0.158691s/9902n | BiHS-Bloom(1%,rootk,dynamic): 0.504255s/3852780n | IDTHSwTrans(1%): 0.160354s/9902n | BiHS-Bloom(0.1%,k1,dynamic): 0.505235s/3852780n | IDTHSwTrans(0.1%): 0.188723s/16910n | BiHS-Bloom(0.1%,optk,dynamic): 0.505582s/3852780n | IDTHSwTrans(0.1%): 0.188161s/16910n | BiHS-Bloom(0.1%,rootk,dynamic): 0.505798s/3852780n | IDTHSwTrans(0.1%): 0.187832s/16910n | Length: 13
Results written to results/stp_pancake/parts/benchmark_pancake_68.csv
