------------------------------------
Sun 28 Jun 2026 01:45:52 IDT
SLURM_JOBID:		18484319
SLURM_JOB_NODELIST:	ise-cpu-intl-09
SLURM_SCRATCH_DIR:	
Allocated Resouces:	cpu - 2 / mem - 65536 MB / gpu - 
SLURM_GPU_INDEX:	
Running as omerpr from felner account with normal QOS
------------------------------------
------------------------------------
Sun 28 Jun 2026 01:45:52 IDT
SLURM_JOBID:		18484319
SLURM_JOB_NODELIST:	ise-cpu-intl-09
SLURM_SCRATCH_DIR:	
Allocated Resouces:	cpu - 2 / mem - 65536 MB / gpu - 
SLURM_GPU_INDEX:	
Running as omerpr from felner account with normal QOS
------------------------------------
Domain: Sliding Tile Puzzle
Starting Korf's Puzzle #67

[67] Running A*... done (23.5053s, 5471048n)
[67] Running Rev-A*... done (9.68419s, 2110759n)
[67] Running BAE*... done (6.43919s, 1450662n)
[67] Running NBS... done (19.5957s, 3628218n)
[67] Running MM... done (20.8721s, 4860851n)
[67] Running IDA*... done (14.753s, 45399399n)
[67] Running Rev-IDA*... done (5.68402s, 17069830n)
[67] Running Parallel IDA*...80 pieces of work generated
Starting iteration with bound 31.000000; 73 expanded, 224 generated
Starting iteration with bound 33.000000; 76 expanded, 231 generated
Starting iteration with bound 35.000000; 109 expanded, 324 generated
Starting iteration with bound 37.000000; 336 expanded, 987 generated
Starting iteration with bound 39.000000; 1655 expanded, 4886 generated
Starting iteration with bound 41.000000; 8295 expanded, 24504 generated
Starting iteration with bound 43.000000; 41184 expanded, 122101 generated
Starting iteration with bound 45.000000; 207139 expanded, 617198 generated
Starting iteration with bound 47.000000; 1052475 expanded, 3146619 generated
Starting iteration with bound 49.000000; 5373896 expanded, 16111198 generated
Starting iteration with bound 51.000000; 27385953 expanded, 82317722 generated
 done (19.2823s, 111681892n)
[67] BiHS-Bloom timeout limit: 470.106s
[67] IDTHSwTrans state bound baseline: 3898865
[67] Running BiHS-Bloom(50%, optk, dynamic, size=10709KiB, k=9, fp_est=0.00157971, limit=470.106s)...
Bloom filter size: 10709 KiB, k_hashes: 9, min_items: 1949513
 done (15.5054s, 212420286n)
[67] Running IDTHSwTrans(50%, states=1949432, limit=1800s)... done (8.34363s, 770405n)
[67] Running BiHS-Bloom(10%, optk, dynamic, size=2142KiB, k=2, fp_est=0.275655, limit=470.106s)...
Bloom filter size: 2142 KiB, k_hashes: 2, min_items: 389939
 done (16.4473s, 212420286n)
[67] Running IDTHSwTrans(10%, states=389886, limit=1800s)... done (8.24808s, 770405n)
[67] Running BiHS-Bloom(1%, optk, dynamic, size=214KiB, k=1, fp_est=0.975911, limit=470.106s)...
Bloom filter size: 214 KiB, k_hashes: 1, min_items: 38957
 done (16.2144s, 212420286n)
[67] Running IDTHSwTrans(1%, states=38988, limit=1800s)... done (8.49413s, 982447n)
[67] Running BiHS-Bloom(0.1%, optk, dynamic, size=21KiB, k=1, fp_est=1, limit=470.106s)...
Bloom filter size: 21 KiB, k_hashes: 1, min_items: 3822
[TYPE] Splitting depth 51 into 2 hash types (Ff=73545, Fb=164934, min_items=3822)
 done (12.3487s, 212838272n)
[67] Running IDTHSwTrans(0.1%, states=3898, limit=1800s)... done (8.64142s, 1616891n)
Puzzle #67 | A*: 23.5053s/5471048n | Rev-A*: 9.68419s/2110759n | BAE*: 6.43919s/1450662n | NBS: 19.5957s/3628218n | MM: 20.8721s/4860851n | IDA*: 14.753s/45399399n | Parallel IDA*: 19.2823s/111681892n | Rev-IDA*: 5.68402s/17069830n | BiHS-Bloom(50%,optk,dynamic): 15.5054s/212420286n | IDTHSwTrans(50%): 8.34363s/770405n | BiHS-Bloom(10%,optk,dynamic): 16.4473s/212420286n | IDTHSwTrans(10%): 8.24808s/770405n | BiHS-Bloom(1%,optk,dynamic): 16.2144s/212420286n | IDTHSwTrans(1%): 8.49413s/982447n | BiHS-Bloom(0.1%,optk,dynamic): 12.3487s/212838272n | IDTHSwTrans(0.1%): 8.64142s/1616891n | Length: 51
Results written to results/stp_pancake/parts/benchmark_stp_67.csv
