------------------------------------
Sun 28 Jun 2026 01:54:55 IDT
SLURM_JOBID:		18484624
SLURM_JOB_NODELIST:	ise-cpu-intl-15
SLURM_SCRATCH_DIR:	
Allocated Resouces:	cpu - 2 / mem - 65536 MB / gpu - 
SLURM_GPU_INDEX:	
Running as omerpr from felner account with normal QOS
------------------------------------
------------------------------------
Sun 28 Jun 2026 01:54:55 IDT
SLURM_JOBID:		18484624
SLURM_JOB_NODELIST:	ise-cpu-intl-15
SLURM_SCRATCH_DIR:	
Allocated Resouces:	cpu - 2 / mem - 65536 MB / gpu - 
SLURM_GPU_INDEX:	
Running as omerpr from felner account with normal QOS
------------------------------------
Domain: Sliding Tile Puzzle
Starting Korf's Puzzle #73

[73] Running A*... done (4.16175s, 1348055n)
[73] Running Rev-A*... done (0.146978s, 71121n)
[73] Running BAE*... done (0.466433s, 169128n)
[73] Running NBS... done (1.6438s, 399457n)
[73] Running MM... done (2.38024s, 810284n)
[73] Running IDA*... done (1.28146s, 4205874n)
[73] Running Rev-IDA*... done (0.356183s, 1173941n)
[73] Running Parallel IDA*...66 pieces of work generated
Starting iteration with bound 46.000000; 56 expanded, 176 generated
Starting iteration with bound 48.000000; 65 expanded, 198 generated
Starting iteration with bound 50.000000; 328 expanded, 935 generated
Starting iteration with bound 52.000000; 5127 expanded, 14874 generated
Starting iteration with bound 54.000000; 56833 expanded, 166498 generated
Starting iteration with bound 56.000000; 542231 expanded, 1600347 generated
 done (0.715921s, 4397269n)
[73] BiHS-Bloom timeout limit: 120s
[73] IDTHSwTrans state bound baseline: 133624
[73] Running BiHS-Bloom(50%, optk, dynamic, size=367KiB, k=1, fp_est=0.373517, limit=120s)...
Bloom filter size: 367 KiB, k_hashes: 1, min_items: 66810
 done (0.343906s, 4836242n)
[73] Running IDTHSwTrans(50%, states=66812, limit=1800s)... done (1.18194s, 1198223n)
[73] Running BiHS-Bloom(10%, optk, dynamic, size=73KiB, k=1, fp_est=0.904724, limit=120s)...
Bloom filter size: 73 KiB, k_hashes: 1, min_items: 13289
 done (0.342792s, 4836242n)
[73] Running IDTHSwTrans(10%, states=13362, limit=1800s)... done (1.13724s, 1179920n)
[73] Running BiHS-Bloom(1%, optk, dynamic, size=7KiB, k=1, fp_est=1, limit=120s)...
Bloom filter size: 7 KiB, k_hashes: 1, min_items: 1274
 done (0.34342s, 4836242n)
[73] Running IDTHSwTrans(1%, states=1336, limit=1800s)... done (1.11783s, 1227448n)
[73] Running BiHS-Bloom(0.1%, optk, dynamic, size=1KiB, k=1, fp_est=1, limit=120s)...
Bloom filter size: 1 KiB, k_hashes: 1, min_items: 182
 done (0.345545s, 4836242n)
[73] Running IDTHSwTrans(0.1%, states=133, limit=1800s)... done (1.18797s, 1403557n)
Puzzle #73 | A*: 4.16175s/1348055n | Rev-A*: 0.146978s/71121n | BAE*: 0.466433s/169128n | NBS: 1.6438s/399457n | MM: 2.38024s/810284n | IDA*: 1.28146s/4205874n | Parallel IDA*: 0.715921s/4397269n | Rev-IDA*: 0.356183s/1173941n | BiHS-Bloom(50%,optk,dynamic): 0.343906s/4836242n | IDTHSwTrans(50%): 1.18194s/1198223n | BiHS-Bloom(10%,optk,dynamic): 0.342792s/4836242n | IDTHSwTrans(10%): 1.13724s/1179920n | BiHS-Bloom(1%,optk,dynamic): 0.34342s/4836242n | IDTHSwTrans(1%): 1.11783s/1227448n | BiHS-Bloom(0.1%,optk,dynamic): 0.345545s/4836242n | IDTHSwTrans(0.1%): 1.18797s/1403557n | Length: 56
Results written to results/stp_pancake/parts/benchmark_stp_73.csv
