------------------------------------
Mon 29 Jun 2026 03:29:03 IDT
SLURM_JOBID:		18549117
SLURM_JOB_NODELIST:	cs-cpu-09
SLURM_SCRATCH_DIR:	/scratch/omerpr/18549117
Allocated Resouces:	cpu - 2 / mem - 102400 MB / gpu - 
SLURM_GPU_INDEX:	
Running as omerpr from felner account with normal QOS
------------------------------------
------------------------------------
Mon 29 Jun 2026 03:29:03 IDT
SLURM_JOBID:		18549117
SLURM_JOB_NODELIST:	cs-cpu-09
SLURM_SCRATCH_DIR:	/scratch/omerpr/18549117
Allocated Resouces:	cpu - 2 / mem - 102400 MB / gpu - 
SLURM_GPU_INDEX:	
Running as omerpr from felner account with normal QOS
------------------------------------
Domain: Pancake Puzzle
[95] Running Pancake A*... done (0.833052s, 29285n)
[95] Running Pancake Rev-A*... done (0.766966s, 29660n)
[95] Running Pancake BAE*... done (0.647638s, 44031n)
[95] Running Pancake NBS... done (2.40319s, 55410n)
[95] Running Pancake MM... done (1.24722s, 55195n)
[95] Running Pancake IDA*... done (0.31703s, 171053n)
[95] Running Pancake Rev-IDA*... done (0.335782s, 184988n)
[95] Running Pancake Parallel IDA*...1994544 pieces of work generated
Starting iteration with bound 10.000000; 117326 expanded, 2229194 generated
Starting iteration with bound 11.000000; 117326 expanded, 2229194 generated
Starting iteration with bound 12.000000; 117326 expanded, 2229194 generated
Starting iteration with bound 13.000000; 117327 expanded, 2229213 generated
Starting iteration with bound 14.000000; 117675 expanded, 2235825 generated
Starting iteration with bound 15.000000; 137666 expanded, 2615654 generated
 done (5.53363s, 367136n)
[95] Pancake BiHS-Bloom timeout limit: 120s
[95] Pancake IDTHSwTrans state bound baseline: 483685
[95] Running Pancake BiHS-Bloom(50%, k1, dynamic, size=1830KiB, k=1, fp_est=0.0304392, limit=120s)...Bloom filter size: 1830 KiB, k_hashes: 1, min_items: 241796
 done (3.68669s, 30335499n)
[95] Running Pancake IDTHSwTrans(50%, states=241842, limit=1800s)... done (0.760108s, 74452n)
[95] Running Pancake BiHS-Bloom(50%, optk, dynamic, size=1830KiB, k=22, fp_est=1.78119e-07, limit=120s)...Bloom filter size: 1830 KiB, k_hashes: 22, min_items: 241796
 done (3.71049s, 30335499n)
[95] Running Pancake IDTHSwTrans(50%, states=241842, limit=1800s)... done (0.751869s, 74452n)
[95] Running Pancake BiHS-Bloom(50%, rootk, dynamic, size=1830KiB, k=5, fp_est=6.02343e-05, limit=120s)...Bloom filter size: 1830 KiB, k_hashes: 5, min_items: 241796
 done (3.69017s, 30335499n)
[95] Running Pancake IDTHSwTrans(50%, states=241842, limit=1800s)... done (0.752873s, 74452n)
[95] Running Pancake BiHS-Bloom(10%, k1, dynamic, size=366KiB, k=1, fp_est=0.143209, limit=120s)...Bloom filter size: 366 KiB, k_hashes: 1, min_items: 48359
 done (3.84341s, 30335499n)
[95] Running Pancake IDTHSwTrans(10%, states=48368, limit=1800s)... done (0.402608s, 41242n)
[95] Running Pancake BiHS-Bloom(10%, optk, dynamic, size=366KiB, k=4, fp_est=0.0452081, limit=120s)...Bloom filter size: 366 KiB, k_hashes: 4, min_items: 48359
 done (3.67891s, 30335499n)
[95] Running Pancake IDTHSwTrans(10%, states=48368, limit=1800s)... done (0.4015s, 41242n)
[95] Running Pancake BiHS-Bloom(10%, rootk, dynamic, size=366KiB, k=2, fp_est=0.0707072, limit=120s)...Bloom filter size: 366 KiB, k_hashes: 2, min_items: 48359
 done (3.67189s, 30335499n)
[95] Running Pancake IDTHSwTrans(10%, states=48368, limit=1800s)... done (0.400698s, 41242n)
[95] Running Pancake BiHS-Bloom(1%, k1, dynamic, size=37KiB, k=1, fp_est=0.783226, limit=120s)...Bloom filter size: 37 KiB, k_hashes: 1, min_items: 4888
 done (4.76448s, 42621042n)
[95] Running Pancake IDTHSwTrans(1%, states=4836, limit=1800s)... done (0.564393s, 43446n)
[95] Running Pancake BiHS-Bloom(1%, optk, dynamic, size=37KiB, k=1, fp_est=0.783226, limit=120s)...Bloom filter size: 37 KiB, k_hashes: 1, min_items: 4888
 done (4.76426s, 42621042n)
[95] Running Pancake IDTHSwTrans(1%, states=4836, limit=1800s)... done (0.563356s, 43446n)
[95] Running Pancake BiHS-Bloom(1%, rootk, dynamic, size=37KiB, k=1, fp_est=0.783226, limit=120s)...Bloom filter size: 37 KiB, k_hashes: 1, min_items: 4888
 done (4.76438s, 42621042n)
[95] Running Pancake IDTHSwTrans(1%, states=4836, limit=1800s)... done (0.562654s, 43446n)
[95] Running Pancake BiHS-Bloom(0.1%, k1, dynamic, size=4KiB, k=1, fp_est=0.999999, limit=120s)...Bloom filter size: 4 KiB, k_hashes: 1, min_items: 528
[TYPE] Splitting depth 15 into 5 hash types (Ff=97095, Fb=42301, min_items=528)
 done (4.76308s, 42621042n)
[95] Running Pancake IDTHSwTrans(0.1%, states=483, limit=1800s)... done (0.670826s, 57704n)
[95] Running Pancake BiHS-Bloom(0.1%, optk, dynamic, size=4KiB, k=1, fp_est=0.999999, limit=120s)...Bloom filter size: 4 KiB, k_hashes: 1, min_items: 528
[TYPE] Splitting depth 15 into 5 hash types (Ff=97095, Fb=42247, min_items=528)
 done (4.75536s, 42621042n)
[95] Running Pancake IDTHSwTrans(0.1%, states=483, limit=1800s)... done (0.669539s, 57704n)
[95] Running Pancake BiHS-Bloom(0.1%, rootk, dynamic, size=4KiB, k=1, fp_est=0.999999, limit=120s)...Bloom filter size: 4 KiB, k_hashes: 1, min_items: 528
[TYPE] Splitting depth 15 into 5 hash types (Ff=97095, Fb=42354, min_items=528)
 done (4.76226s, 42621042n)
[95] Running Pancake IDTHSwTrans(0.1%, states=483, limit=1800s)... done (0.669453s, 57704n)
Pancake #95 | A*: 0.833052s/29285n | Rev-A*: 0.766966s/29660n | BAE*: 0.647638s/44031n | NBS: 2.40319s/55410n | MM: 1.24722s/55195n | IDA*: 0.31703s/171053n | Parallel IDA*: 5.53363s/367136n | Rev-IDA*: 0.335782s/184988n | BiHS-Bloom(50%,k1,dynamic): 3.68669s/30335499n | IDTHSwTrans(50%): 0.760108s/74452n | BiHS-Bloom(50%,optk,dynamic): 3.71049s/30335499n | IDTHSwTrans(50%): 0.751869s/74452n | BiHS-Bloom(50%,rootk,dynamic): 3.69017s/30335499n | IDTHSwTrans(50%): 0.752873s/74452n | BiHS-Bloom(10%,k1,dynamic): 3.84341s/30335499n | IDTHSwTrans(10%): 0.402608s/41242n | BiHS-Bloom(10%,optk,dynamic): 3.67891s/30335499n | IDTHSwTrans(10%): 0.4015s/41242n | BiHS-Bloom(10%,rootk,dynamic): 3.67189s/30335499n | IDTHSwTrans(10%): 0.400698s/41242n | BiHS-Bloom(1%,k1,dynamic): 4.76448s/42621042n | IDTHSwTrans(1%): 0.564393s/43446n | BiHS-Bloom(1%,optk,dynamic): 4.76426s/42621042n | IDTHSwTrans(1%): 0.563356s/43446n | BiHS-Bloom(1%,rootk,dynamic): 4.76438s/42621042n | IDTHSwTrans(1%): 0.562654s/43446n | BiHS-Bloom(0.1%,k1,dynamic): 4.76308s/42621042n | IDTHSwTrans(0.1%): 0.670826s/57704n | BiHS-Bloom(0.1%,optk,dynamic): 4.75536s/42621042n | IDTHSwTrans(0.1%): 0.669539s/57704n | BiHS-Bloom(0.1%,rootk,dynamic): 4.76226s/42621042n | IDTHSwTrans(0.1%): 0.669453s/57704n | Length: 15
Results written to results/stp_pancake/parts/benchmark_pancake_95.csv
