------------------------------------
Mon 29 Jun 2026 01:28:00 IDT
SLURM_JOBID:		18546932
SLURM_JOB_NODELIST:	cs-cpu-11
SLURM_SCRATCH_DIR:	/scratch/omerpr/18546932
Allocated Resouces:	cpu - 2 / mem - 102400 MB / gpu - 
SLURM_GPU_INDEX:	
Running as omerpr from felner account with normal QOS
------------------------------------
------------------------------------
Mon 29 Jun 2026 01:28:00 IDT
SLURM_JOBID:		18546932
SLURM_JOB_NODELIST:	cs-cpu-11
SLURM_SCRATCH_DIR:	/scratch/omerpr/18546932
Allocated Resouces:	cpu - 2 / mem - 102400 MB / gpu - 
SLURM_GPU_INDEX:	
Running as omerpr from felner account with normal QOS
------------------------------------
Domain: Pancake Puzzle
[0] Running Pancake A*... done (3.21814s, 100448n)
[0] Running Pancake Rev-A*... done (2.09566s, 74480n)
[0] Running Pancake BAE*... done (1.48816s, 101988n)
[0] Running Pancake NBS... done (5.83495s, 145866n)
[0] Running Pancake MM... done (3.42843s, 159430n)
[0] Running Pancake IDA*... done (0.422803s, 224291n)
[0] Running Pancake Rev-IDA*... done (0.48206s, 252131n)
[0] Running Pancake Parallel IDA*...1994544 pieces of work generated
Starting iteration with bound 11.000000; 117326 expanded, 2229194 generated
Starting iteration with bound 12.000000; 117326 expanded, 2229194 generated
Starting iteration with bound 13.000000; 117327 expanded, 2229213 generated
Starting iteration with bound 14.000000; 117461 expanded, 2231759 generated
Starting iteration with bound 15.000000; 122444 expanded, 2326436 generated
Starting iteration with bound 16.000000; 247222 expanded, 4697218 generated
 done (5.85905s, 580487n)
[0] Pancake BiHS-Bloom timeout limit: 120s
[0] Pancake IDTHSwTrans state bound baseline: 1215270
[0] Running Pancake BiHS-Bloom(50%, k1, dynamic, size=4599KiB, k=1, fp_est=0.038135, limit=120s)...Bloom filter size: 4599 KiB, k_hashes: 1, min_items: 607661
 done (9.33541s, 65300754n)
[0] Running Pancake IDTHSwTrans(50%, states=607635, limit=1800s)... done (1.05719s, 103751n)
[0] Running Pancake BiHS-Bloom(50%, optk, dynamic, size=4599KiB, k=18, fp_est=4.3012e-06, limit=120s)...Bloom filter size: 4599 KiB, k_hashes: 18, min_items: 607661
 done (9.42996s, 65300754n)
[0] Running Pancake IDTHSwTrans(50%, states=607635, limit=1800s)... done (1.0082s, 103751n)
[0] Running Pancake BiHS-Bloom(50%, rootk, dynamic, size=4599KiB, k=4, fp_est=0.000430387, limit=120s)...Bloom filter size: 4599 KiB, k_hashes: 4, min_items: 607661
 done (9.32607s, 65300754n)
[0] Running Pancake IDTHSwTrans(50%, states=607635, limit=1800s)... done (1.05989s, 103751n)
[0] Running Pancake BiHS-Bloom(10%, k1, dynamic, size=920KiB, k=1, fp_est=0.176641, limit=120s)...Bloom filter size: 920 KiB, k_hashes: 1, min_items: 121558
 done (9.62781s, 65300754n)
[0] Running Pancake IDTHSwTrans(10%, states=121527, limit=1800s)... done (0.822474s, 70696n)
[0] Running Pancake BiHS-Bloom(10%, optk, dynamic, size=920KiB, k=4, fp_est=0.0852987, limit=120s)...Bloom filter size: 920 KiB, k_hashes: 4, min_items: 121558
 done (9.33488s, 65300754n)
[0] Running Pancake IDTHSwTrans(10%, states=121527, limit=1800s)... done (0.823352s, 70696n)
[0] Running Pancake BiHS-Bloom(10%, rootk, dynamic, size=920KiB, k=2, fp_est=0.103736, limit=120s)...Bloom filter size: 920 KiB, k_hashes: 2, min_items: 121558
 done (9.32555s, 65300754n)
[0] Running Pancake IDTHSwTrans(10%, states=121527, limit=1800s)... done (0.783888s, 70696n)
[0] Running Pancake BiHS-Bloom(1%, k1, dynamic, size=92KiB, k=1, fp_est=0.856817, limit=120s)...Bloom filter size: 92 KiB, k_hashes: 1, min_items: 12155
 done (9.61704s, 65300754n)
[0] Running Pancake IDTHSwTrans(1%, states=12152, limit=1800s)... done (0.509822s, 42514n)
[0] Running Pancake BiHS-Bloom(1%, optk, dynamic, size=92KiB, k=1, fp_est=0.856817, limit=120s)...Bloom filter size: 92 KiB, k_hashes: 1, min_items: 12155
 done (9.61896s, 65300754n)
[0] Running Pancake IDTHSwTrans(1%, states=12152, limit=1800s)... done (0.501958s, 42514n)
[0] Running Pancake BiHS-Bloom(1%, rootk, dynamic, size=92KiB, k=1, fp_est=0.856817, limit=120s)...Bloom filter size: 92 KiB, k_hashes: 1, min_items: 12155
 done (9.61524s, 65300754n)
[0] Running Pancake IDTHSwTrans(1%, states=12152, limit=1800s)... done (0.507834s, 42514n)
[0] Running Pancake BiHS-Bloom(0.1%, k1, dynamic, size=9KiB, k=1, fp_est=1, limit=120s)...Bloom filter size: 9 KiB, k_hashes: 1, min_items: 1189
[TYPE] Splitting depth 16 into 4 hash types (Ff=238965, Fb=42801, min_items=1189)
 done (7.51251s, 67535385n)
[0] Running Pancake IDTHSwTrans(0.1%, states=1215, limit=1800s)... done (0.604552s, 54947n)
[0] Running Pancake BiHS-Bloom(0.1%, optk, dynamic, size=9KiB, k=1, fp_est=1, limit=120s)...Bloom filter size: 9 KiB, k_hashes: 1, min_items: 1189
[TYPE] Splitting depth 16 into 4 hash types (Ff=238965, Fb=41880, min_items=1189)
 done (7.47912s, 67535385n)
[0] Running Pancake IDTHSwTrans(0.1%, states=1215, limit=1800s)... done (0.605396s, 54947n)
[0] Running Pancake BiHS-Bloom(0.1%, rootk, dynamic, size=9KiB, k=1, fp_est=1, limit=120s)...Bloom filter size: 9 KiB, k_hashes: 1, min_items: 1189
[TYPE] Splitting depth 16 into 4 hash types (Ff=238965, Fb=41879, min_items=1189)
 done (7.51609s, 67535385n)
[0] Running Pancake IDTHSwTrans(0.1%, states=1215, limit=1800s)... done (0.603196s, 54947n)
Pancake #0 | A*: 3.21814s/100448n | Rev-A*: 2.09566s/74480n | BAE*: 1.48816s/101988n | NBS: 5.83495s/145866n | MM: 3.42843s/159430n | IDA*: 0.422803s/224291n | Parallel IDA*: 5.85905s/580487n | Rev-IDA*: 0.48206s/252131n | BiHS-Bloom(50%,k1,dynamic): 9.33541s/65300754n | IDTHSwTrans(50%): 1.05719s/103751n | BiHS-Bloom(50%,optk,dynamic): 9.42996s/65300754n | IDTHSwTrans(50%): 1.0082s/103751n | BiHS-Bloom(50%,rootk,dynamic): 9.32607s/65300754n | IDTHSwTrans(50%): 1.05989s/103751n | BiHS-Bloom(10%,k1,dynamic): 9.62781s/65300754n | IDTHSwTrans(10%): 0.822474s/70696n | BiHS-Bloom(10%,optk,dynamic): 9.33488s/65300754n | IDTHSwTrans(10%): 0.823352s/70696n | BiHS-Bloom(10%,rootk,dynamic): 9.32555s/65300754n | IDTHSwTrans(10%): 0.783888s/70696n | BiHS-Bloom(1%,k1,dynamic): 9.61704s/65300754n | IDTHSwTrans(1%): 0.509822s/42514n | BiHS-Bloom(1%,optk,dynamic): 9.61896s/65300754n | IDTHSwTrans(1%): 0.501958s/42514n | BiHS-Bloom(1%,rootk,dynamic): 9.61524s/65300754n | IDTHSwTrans(1%): 0.507834s/42514n | BiHS-Bloom(0.1%,k1,dynamic): 7.51251s/67535385n | IDTHSwTrans(0.1%): 0.604552s/54947n | BiHS-Bloom(0.1%,optk,dynamic): 7.47912s/67535385n | IDTHSwTrans(0.1%): 0.605396s/54947n | BiHS-Bloom(0.1%,rootk,dynamic): 7.51609s/67535385n | IDTHSwTrans(0.1%): 0.603196s/54947n | Length: 16
Results written to results/stp_pancake/parts/benchmark_pancake_0.csv
