------------------------------------
Sat 27 Jun 2026 21:25:06 IDT
SLURM_JOBID:		18471168
SLURM_JOB_NODELIST:	ise-cpu-intl-27
SLURM_SCRATCH_DIR:	
Allocated Resouces:	cpu - 2 / mem - 65536 MB / gpu - 
SLURM_GPU_INDEX:	
Running as omerpr from felner account with normal QOS
------------------------------------
------------------------------------
Sat 27 Jun 2026 21:25:06 IDT
SLURM_JOBID:		18471168
SLURM_JOB_NODELIST:	ise-cpu-intl-27
SLURM_SCRATCH_DIR:	
Allocated Resouces:	cpu - 2 / mem - 65536 MB / gpu - 
SLURM_GPU_INDEX:	
Running as omerpr from felner account with normal QOS
------------------------------------
Domain: Pancake Puzzle
[4] Running Pancake A*... done (2.29036s, 50350n)
[4] Running Pancake Rev-A*... done (3.16725s, 81119n)
[4] Skipping BAE*, NBS, IDA*, Rev-IDA*, and Parallel IDA*; use --full to run them
[4] Running Pancake MM... done (3.34154s, 126097n)
[4] Pancake BiHS-Bloom timeout limit: 120s
[4] Pancake IDTHSwTrans state bound baseline: 823317
[4] Running Pancake BiHS-Bloom(50%, optk, dynamic, size=3116KiB, k=22, fp_est=2.28475e-07, limit=120s)...Bloom filter size: 3116 KiB, k_hashes: 22, min_items: 411714
 done (6.58037s, 50933223n)
[4] Running Pancake IDTHSwTrans(50%, states=411658, limit=1800s)... done (0.71384s, 90217n)
[4] Running Pancake BiHS-Bloom(10%, optk, dynamic, size=623KiB, k=4, fp_est=0.0474207, limit=120s)...Bloom filter size: 623 KiB, k_hashes: 4, min_items: 82316
 done (6.60747s, 50933223n)
[4] Running Pancake IDTHSwTrans(10%, states=82331, limit=1800s)... done (1.29157s, 56851n)
[4] Running Pancake BiHS-Bloom(1%, optk, dynamic, size=62KiB, k=1, fp_est=0.793829, limit=120s)...Bloom filter size: 62 KiB, k_hashes: 1, min_items: 8192
 done (6.61964s, 50933223n)
[4] Running Pancake IDTHSwTrans(1%, states=8233, limit=1800s)... done (0.832555s, 41458n)
[4] Running Pancake BiHS-Bloom(0.1%, optk, dynamic, size=6KiB, k=1, fp_est=1, limit=120s)...Bloom filter size: 6 KiB, k_hashes: 1, min_items: 792
[TYPE] Splitting depth 16 into 2 hash types (Ff=24667, Fb=42193, min_items=792)
 done (12.2706s, 87756690n)
[4] Running Pancake IDTHSwTrans(0.1%, states=823, limit=1800s)... done (0.962074s, 54453n)
Pancake #4 | A*: 2.29036s/50350n | Rev-A*: 3.16725s/81119n | BAE*: -3s/0n | NBS: -3s/0n | MM: 3.34154s/126097n | IDA*: -3s/0n | Parallel IDA*: -3s/0n | Rev-IDA*: -3s/0n | BiHS-Bloom(50%,optk,dynamic): 6.58037s/50933223n | IDTHSwTrans(50%): 0.71384s/90217n | BiHS-Bloom(10%,optk,dynamic): 6.60747s/50933223n | IDTHSwTrans(10%): 1.29157s/56851n | BiHS-Bloom(1%,optk,dynamic): 6.61964s/50933223n | IDTHSwTrans(1%): 0.832555s/41458n | BiHS-Bloom(0.1%,optk,dynamic): 12.2706s/87756690n | IDTHSwTrans(0.1%): 0.962074s/54453n | Length: 16
Results written to results/stp_pancake/parts/benchmark_pancake_4.csv
