------------------------------------
Sat 27 Jun 2026 20:48:01 IDT
SLURM_JOBID:		18469268
SLURM_JOB_NODELIST:	cs-cpu-06
SLURM_SCRATCH_DIR:	
Allocated Resouces:	cpu - 2 / mem - 65536 MB / gpu - 
SLURM_GPU_INDEX:	
Running as omerpr from felner account with normal QOS
------------------------------------
------------------------------------
Sat 27 Jun 2026 20:48:01 IDT
SLURM_JOBID:		18469268
SLURM_JOB_NODELIST:	cs-cpu-06
SLURM_SCRATCH_DIR:	
Allocated Resouces:	cpu - 2 / mem - 65536 MB / gpu - 
SLURM_GPU_INDEX:	
Running as omerpr from felner account with normal QOS
------------------------------------
Domain: Sliding Tile Puzzle
Starting Korf's Puzzle #57

[57] Running A*... done (2.13504s, 511613n)
[57] Running Rev-A*... done (0.688716s, 238099n)
[57] Skipping BAE*, NBS, IDA*, Rev-IDA*, and Parallel IDA*; use --full to run them
[57] Running MM... done (1.48827s, 477806n)
[57] BiHS-Bloom timeout limit: 120s
[57] IDTHSwTrans state bound baseline: 441990
[57] Running BiHS-Bloom(50%, optk, dynamic, size=1214KiB, k=12, fp_est=0.00026936, limit=120s)...
Bloom filter size: 1214 KiB, k_hashes: 12, min_items: 221001
 done (0.733269s, 11253828n)
[57] Running IDTHSwTrans(50%, states=220995, limit=1800s)... done (0.527677s, 512954n)
[57] Running BiHS-Bloom(10%, optk, dynamic, size=243KiB, k=2, fp_est=0.195674, limit=120s)...
Bloom filter size: 243 KiB, k_hashes: 2, min_items: 44236
 done (0.734238s, 11253828n)
[57] Running IDTHSwTrans(10%, states=44199, limit=1800s)... done (1.12728s, 499790n)
[57] Running BiHS-Bloom(1%, optk, dynamic, size=24KiB, k=1, fp_est=0.948006, limit=120s)...
Bloom filter size: 24 KiB, k_hashes: 1, min_items: 4369
 done (0.734673s, 11253828n)
[57] Running IDTHSwTrans(1%, states=4419, limit=1800s)... done (1.14672s, 514250n)
[57] Running BiHS-Bloom(0.1%, optk, dynamic, size=2KiB, k=1, fp_est=1, limit=120s)...
Bloom filter size: 2 KiB, k_hashes: 1, min_items: 364
 done (0.737587s, 11253828n)
[57] Running IDTHSwTrans(0.1%, states=441, limit=1800s)... done (1.24508s, 686207n)
Puzzle #57 | A*: 2.13504s/511613n | Rev-A*: 0.688716s/238099n | BAE*: -3s/0n | NBS: -3s/0n | MM: 1.48827s/477806n | IDA*: -3s/0n | Parallel IDA*: -3s/0n | Rev-IDA*: -3s/0n | BiHS-Bloom(50%,optk,dynamic): 0.733269s/11253828n | IDTHSwTrans(50%): 0.527677s/512954n | BiHS-Bloom(10%,optk,dynamic): 0.734238s/11253828n | IDTHSwTrans(10%): 1.12728s/499790n | BiHS-Bloom(1%,optk,dynamic): 0.734673s/11253828n | IDTHSwTrans(1%): 1.14672s/514250n | BiHS-Bloom(0.1%,optk,dynamic): 0.737587s/11253828n | IDTHSwTrans(0.1%): 1.24508s/686207n | Length: 51
Results written to results/stp_pancake/parts/benchmark_stp_57.csv
