------------------------------------
Sat 27 Jun 2026 20:25:10 IDT
SLURM_JOBID:		18468451
SLURM_JOB_NODELIST:	ise-cpu128-08
SLURM_SCRATCH_DIR:	/scratch/omerpr/18468451
Allocated Resouces:	cpu - 2 / mem - 65536 MB / gpu - 
SLURM_GPU_INDEX:	
Running as omerpr from felner account with normal QOS
------------------------------------
------------------------------------
Sat 27 Jun 2026 20:25:10 IDT
SLURM_JOBID:		18468451
SLURM_JOB_NODELIST:	ise-cpu128-08
SLURM_SCRATCH_DIR:	/scratch/omerpr/18468451
Allocated Resouces:	cpu - 2 / mem - 65536 MB / gpu - 
SLURM_GPU_INDEX:	
Running as omerpr from felner account with normal QOS
------------------------------------
Domain: Sliding Tile Puzzle
Starting Korf's Puzzle #18

[18] Running A*... done (0.626365s, 154119n)
[18] Running Rev-A*... done (0.11143s, 31897n)
[18] Skipping BAE*, NBS, IDA*, Rev-IDA*, and Parallel IDA*; use --full to run them
[18] Running MM... done (1.3518s, 335039n)
[18] BiHS-Bloom timeout limit: 120s
[18] IDTHSwTrans state bound baseline: 62867
[18] Running BiHS-Bloom(50%, optk, dynamic, size=173KiB, k=2, fp_est=0.32351, limit=120s)...
Bloom filter size: 173 KiB, k_hashes: 2, min_items: 31493
 done (0.0458493s, 791538n)
[18] Running IDTHSwTrans(50%, states=31433, limit=1800s)... done (0.197429s, 166779n)
[18] Running BiHS-Bloom(10%, optk, dynamic, size=35KiB, k=1, fp_est=0.874921, limit=120s)...
Bloom filter size: 35 KiB, k_hashes: 1, min_items: 6371
 done (0.0456326s, 791538n)
[18] Running IDTHSwTrans(10%, states=6286, limit=1800s)... done (0.217558s, 163941n)
[18] Running BiHS-Bloom(1%, optk, dynamic, size=3KiB, k=1, fp_est=1, limit=120s)...
Bloom filter size: 3 KiB, k_hashes: 1, min_items: 546
 done (0.0457465s, 791538n)
[18] Running IDTHSwTrans(1%, states=628, limit=1800s)... done (0.206234s, 181553n)
[18] Running BiHS-Bloom(0.1%, optk, dynamic, size=1KiB, k=1, fp_est=1, limit=120s)...
Bloom filter size: 1 KiB, k_hashes: 1, min_items: 182
 done (0.0455595s, 791538n)
[18] Running IDTHSwTrans(0.1%, states=62, limit=1800s)... done (0.225212s, 241199n)
Puzzle #18 | A*: 0.626365s/154119n | Rev-A*: 0.11143s/31897n | BAE*: -3s/0n | NBS: -3s/0n | MM: 1.3518s/335039n | IDA*: -3s/0n | Parallel IDA*: -3s/0n | Rev-IDA*: -3s/0n | BiHS-Bloom(50%,optk,dynamic): 0.0458493s/791538n | IDTHSwTrans(50%): 0.197429s/166779n | BiHS-Bloom(10%,optk,dynamic): 0.0456326s/791538n | IDTHSwTrans(10%): 0.217558s/163941n | BiHS-Bloom(1%,optk,dynamic): 0.0457465s/791538n | IDTHSwTrans(1%): 0.206234s/181553n | BiHS-Bloom(0.1%,optk,dynamic): 0.0455595s/791538n | IDTHSwTrans(0.1%): 0.225212s/241199n | Length: 46
Results written to results/stp_pancake/parts/benchmark_stp_18.csv
