------------------------------------
Sun 28 Jun 2026 01:19:08 IDT
SLURM_JOBID:		18483253
SLURM_JOB_NODELIST:	ise-cpu-intl-24
SLURM_SCRATCH_DIR:	
Allocated Resouces:	cpu - 2 / mem - 65536 MB / gpu - 
SLURM_GPU_INDEX:	
Running as omerpr from felner account with normal QOS
------------------------------------
------------------------------------
Sun 28 Jun 2026 01:19:08 IDT
SLURM_JOBID:		18483253
SLURM_JOB_NODELIST:	ise-cpu-intl-24
SLURM_SCRATCH_DIR:	
Allocated Resouces:	cpu - 2 / mem - 65536 MB / gpu - 
SLURM_GPU_INDEX:	
Running as omerpr from felner account with normal QOS
------------------------------------
Domain: Sliding Tile Puzzle
Starting Korf's Puzzle #39

[39] Running A*... done (32.3231s, 6540772n)
[39] Running Rev-A*... done (23.2407s, 4429387n)
[39] Running BAE*... done (9.6866s, 1747715n)
[39] Running NBS... done (40.8436s, 5877442n)
[39] Running MM... done (31.8523s, 6232634n)
[39] Running IDA*... done (29.8526s, 67191286n)
[39] Running Rev-IDA*... done (9.15861s, 20243533n)
[39] Running Parallel IDA*...66 pieces of work generated
Starting iteration with bound 36.000000; 56 expanded, 176 generated
Starting iteration with bound 38.000000; 56 expanded, 176 generated
Starting iteration with bound 40.000000; 77 expanded, 233 generated
Starting iteration with bound 42.000000; 436 expanded, 1272 generated
Starting iteration with bound 44.000000; 3364 expanded, 9896 generated
Starting iteration with bound 46.000000; 22743 expanded, 67216 generated
Starting iteration with bound 48.000000; 145404 expanded, 431364 generated
Starting iteration with bound 50.000000; 892535 expanded, 2655568 generated
Starting iteration with bound 52.000000; 5324530 expanded, 15889028 generated
Starting iteration with bound 54.000000; 31021761 expanded, 92781430 generated
 done (15.8048s, 67563364n)
[39] BiHS-Bloom timeout limit: 816.872s
[39] IDTHSwTrans state bound baseline: 8096448
[39] Running BiHS-Bloom(50%, optk, dynamic, size=22238KiB, k=17, fp_est=5.51631e-06, limit=816.872s)...
Bloom filter size: 22238 KiB, k_hashes: 17, min_items: 4048304
 done (45.4962s, 448548276n)
[39] Running IDTHSwTrans(50%, states=4048224, limit=1800s)... done (9.07384s, 2067750n)
[39] Running BiHS-Bloom(10%, optk, dynamic, size=4448KiB, k=3, fp_est=0.090189, limit=816.872s)...
Bloom filter size: 4448 KiB, k_hashes: 3, min_items: 809733
 done (45.3001s, 448548276n)
[39] Running IDTHSwTrans(10%, states=809644, limit=1800s)... done (9.08485s, 2067750n)
[39] Running BiHS-Bloom(1%, optk, dynamic, size=445KiB, k=1, fp_est=0.862281, limit=816.872s)...
Bloom filter size: 445 KiB, k_hashes: 1, min_items: 81009
 done (49.0114s, 448548276n)
[39] Running IDTHSwTrans(1%, states=80964, limit=1800s)... done (15.3333s, 2088278n)
[39] Running BiHS-Bloom(0.1%, optk, dynamic, size=44KiB, k=1, fp_est=1, limit=816.872s)...
Bloom filter size: 44 KiB, k_hashes: 1, min_items: 8009
 done (32.1213s, 448651439n)
[39] Running IDTHSwTrans(0.1%, states=8096, limit=1800s)... done (15.599s, 2795174n)
Puzzle #39 | A*: 32.3231s/6540772n | Rev-A*: 23.2407s/4429387n | BAE*: 9.6866s/1747715n | NBS: 40.8436s/5877442n | MM: 31.8523s/6232634n | IDA*: 29.8526s/67191286n | Parallel IDA*: 15.8048s/67563364n | Rev-IDA*: 9.15861s/20243533n | BiHS-Bloom(50%,optk,dynamic): 45.4962s/448548276n | IDTHSwTrans(50%): 9.07384s/2067750n | BiHS-Bloom(10%,optk,dynamic): 45.3001s/448548276n | IDTHSwTrans(10%): 9.08485s/2067750n | BiHS-Bloom(1%,optk,dynamic): 49.0114s/448548276n | IDTHSwTrans(1%): 15.3333s/2088278n | BiHS-Bloom(0.1%,optk,dynamic): 32.1213s/448651439n | IDTHSwTrans(0.1%): 15.599s/2795174n | Length: 54
Results written to results/stp_pancake/parts/benchmark_stp_39.csv
