------------------------------------
Sat 27 Jun 2026 20:23:23 IDT
SLURM_JOBID:		18468382
SLURM_JOB_NODELIST:	ise-cpu128-08
SLURM_SCRATCH_DIR:	/scratch/omerpr/18468382
Allocated Resouces:	cpu - 2 / mem - 65536 MB / gpu - 
SLURM_GPU_INDEX:	
Running as omerpr from felner account with normal QOS
------------------------------------
------------------------------------
Sat 27 Jun 2026 20:23:23 IDT
SLURM_JOBID:		18468382
SLURM_JOB_NODELIST:	ise-cpu128-08
SLURM_SCRATCH_DIR:	/scratch/omerpr/18468382
Allocated Resouces:	cpu - 2 / mem - 65536 MB / gpu - 
SLURM_GPU_INDEX:	
Running as omerpr from felner account with normal QOS
------------------------------------
Domain: Sliding Tile Puzzle
Starting Korf's Puzzle #8

[8] Running A*... done (1.49863s, 330770n)
[8] Running Rev-A*... done (0.847652s, 262425n)
[8] Skipping BAE*, NBS, IDA*, Rev-IDA*, and Parallel IDA*; use --full to run them
[8] Running MM... done (1.05821s, 340901n)
[8] BiHS-Bloom timeout limit: 120s
[8] IDTHSwTrans state bound baseline: 479834
[8] Running BiHS-Bloom(50%, optk, dynamic, size=1318KiB, k=24, fp_est=8.10338e-08, limit=120s)...
Bloom filter size: 1318 KiB, k_hashes: 24, min_items: 239934
 done (0.673977s, 12168076n)
[8] Running IDTHSwTrans(50%, states=239917, limit=1800s)... done (0.289801s, 170855n)
[8] Running BiHS-Bloom(10%, optk, dynamic, size=264KiB, k=5, fp_est=0.038099, limit=120s)...
Bloom filter size: 264 KiB, k_hashes: 5, min_items: 48059
 done (0.598879s, 12168076n)
[8] Running IDTHSwTrans(10%, states=47983, limit=1800s)... done (0.286574s, 163448n)
[8] Running BiHS-Bloom(1%, optk, dynamic, size=26KiB, k=1, fp_est=0.77495, limit=120s)...
Bloom filter size: 26 KiB, k_hashes: 1, min_items: 4733
[TYPE] Splitting depth 46 into 2 hash types (Ff=258364, Fb=100245, min_items=4733)
 done (0.971048s, 18393137n)
[8] Running IDTHSwTrans(1%, states=4798, limit=1800s)... done (0.299163s, 120907n)
[8] Running BiHS-Bloom(0.1%, optk, dynamic, size=3KiB, k=1, fp_est=0.999998, limit=120s)...
Bloom filter size: 3 KiB, k_hashes: 1, min_items: 546
[TYPE] Splitting depth 44 into 3 hash types (Ff=38415, Fb=28363, min_items=546)
[TYPE] Splitting depth 46 into 8 hash types (Ff=258364, Fb=245916, min_items=546)
 done (2.31546s, 35951171n)
[8] Running IDTHSwTrans(0.1%, states=479, limit=1800s)... done (0.341906s, 181152n)
Puzzle #8 | A*: 1.49863s/330770n | Rev-A*: 0.847652s/262425n | BAE*: -3s/0n | NBS: -3s/0n | MM: 1.05821s/340901n | IDA*: -3s/0n | Parallel IDA*: -3s/0n | Rev-IDA*: -3s/0n | BiHS-Bloom(50%,optk,dynamic): 0.673977s/12168076n | IDTHSwTrans(50%): 0.289801s/170855n | BiHS-Bloom(10%,optk,dynamic): 0.598879s/12168076n | IDTHSwTrans(10%): 0.286574s/163448n | BiHS-Bloom(1%,optk,dynamic): 0.971048s/18393137n | IDTHSwTrans(1%): 0.299163s/120907n | BiHS-Bloom(0.1%,optk,dynamic): 2.31546s/35951171n | IDTHSwTrans(0.1%): 0.341906s/181152n | Length: 46
Results written to results/stp_pancake/parts/benchmark_stp_8.csv
