------------------------------------
Sun 28 Jun 2026 02:09:58 IDT
SLURM_JOBID:		18485095
SLURM_JOB_NODELIST:	ise-cpu-intl-12
SLURM_SCRATCH_DIR:	
Allocated Resouces:	cpu - 2 / mem - 65536 MB / gpu - 
SLURM_GPU_INDEX:	
Running as omerpr from felner account with normal QOS
------------------------------------
------------------------------------
Sun 28 Jun 2026 02:09:58 IDT
SLURM_JOBID:		18485095
SLURM_JOB_NODELIST:	ise-cpu-intl-12
SLURM_SCRATCH_DIR:	
Allocated Resouces:	cpu - 2 / mem - 65536 MB / gpu - 
SLURM_GPU_INDEX:	
Running as omerpr from felner account with normal QOS
------------------------------------
Domain: Sliding Tile Puzzle
Starting Korf's Puzzle #90

[90] Running A*... done (70.4675s, 18148060n)
[90] Running Rev-A*... done (12.3569s, 2027850n)
[90] Running BAE*... done (6.90655s, 1677382n)
[90] Running NBS... done (18.0059s, 3815054n)
[90] Running MM... done (38.3194s, 10306036n)
[90] Running IDA*... done (87.0407s, 278328926n)
[90] Running Rev-IDA*... done (6.13541s, 17734359n)
[90] Running Parallel IDA*...66 pieces of work generated
Starting iteration with bound 41.000000; 56 expanded, 176 generated
Starting iteration with bound 43.000000; 56 expanded, 176 generated
Starting iteration with bound 45.000000; 427 expanded, 1238 generated
Starting iteration with bound 47.000000; 4846 expanded, 13977 generated
Starting iteration with bound 49.000000; 43506 expanded, 126149 generated
Starting iteration with bound 51.000000; 336309 expanded, 981196 generated
Starting iteration with bound 53.000000; 2399269 expanded, 7035107 generated
Starting iteration with bound 55.000000; 16127708 expanded, 47496964 generated
Starting iteration with bound 57.000000; 103157724 expanded, 304932707 generated
 done (54.4296s, 325066140n)
[90] BiHS-Bloom timeout limit: 1740.81s
[90] IDTHSwTrans state bound baseline: 3806581
[90] Running BiHS-Bloom(50%, optk, dynamic, size=10455KiB, k=4, fp_est=0.0793391, limit=1740.81s)...
Bloom filter size: 10455 KiB, k_hashes: 4, min_items: 1903274
 done (13.1009s, 177565245n)
[90] Running IDTHSwTrans(50%, states=1903290, limit=1800s)... done (24.3922s, 5831291n)
[90] Running BiHS-Bloom(10%, optk, dynamic, size=2091KiB, k=1, fp_est=0.611598, limit=1740.81s)...
Bloom filter size: 2091 KiB, k_hashes: 1, min_items: 380654
 done (13.0734s, 177565245n)
[90] Running IDTHSwTrans(10%, states=380658, limit=1800s)... done (21.4068s, 5051674n)
[90] Running BiHS-Bloom(1%, optk, dynamic, size=209KiB, k=1, fp_est=0.999922, limit=1740.81s)...
Bloom filter size: 209 KiB, k_hashes: 1, min_items: 38047
 done (12.7219s, 177565245n)
[90] Running IDTHSwTrans(1%, states=38065, limit=1800s)... done (20.7304s, 5496415n)
[90] Running BiHS-Bloom(0.1%, optk, dynamic, size=21KiB, k=1, fp_est=1, limit=1740.81s)...
Bloom filter size: 21 KiB, k_hashes: 1, min_items: 3822
 done (12.3394s, 177565245n)
[90] Running IDTHSwTrans(0.1%, states=3806, limit=1800s)... done (20.8445s, 6883042n)
Puzzle #90 | A*: 70.4675s/18148060n | Rev-A*: 12.3569s/2027850n | BAE*: 6.90655s/1677382n | NBS: 18.0059s/3815054n | MM: 38.3194s/10306036n | IDA*: 87.0407s/278328926n | Parallel IDA*: 54.4296s/325066140n | Rev-IDA*: 6.13541s/17734359n | BiHS-Bloom(50%,optk,dynamic): 13.1009s/177565245n | IDTHSwTrans(50%): 24.3922s/5831291n | BiHS-Bloom(10%,optk,dynamic): 13.0734s/177565245n | IDTHSwTrans(10%): 21.4068s/5051674n | BiHS-Bloom(1%,optk,dynamic): 12.7219s/177565245n | IDTHSwTrans(1%): 20.7304s/5496415n | BiHS-Bloom(0.1%,optk,dynamic): 12.3394s/177565245n | IDTHSwTrans(0.1%): 20.8445s/6883042n | Length: 57
Results written to results/stp_pancake/parts/benchmark_stp_90.csv
