------------------------------------
Sun 28 Jun 2026 02:38:00 IDT
SLURM_JOBID:		18486021
SLURM_JOB_NODELIST:	ise-cpu-intl-13
SLURM_SCRATCH_DIR:	
Allocated Resouces:	cpu - 2 / mem - 65536 MB / gpu - 
SLURM_GPU_INDEX:	
Running as omerpr from felner account with normal QOS
------------------------------------
------------------------------------
Sun 28 Jun 2026 02:38:00 IDT
SLURM_JOBID:		18486021
SLURM_JOB_NODELIST:	ise-cpu-intl-13
SLURM_SCRATCH_DIR:	
Allocated Resouces:	cpu - 2 / mem - 65536 MB / gpu - 
SLURM_GPU_INDEX:	
Running as omerpr from felner account with normal QOS
------------------------------------
Domain: Pancake Puzzle
[46] Running Pancake A*... done (9.96657s, 312614n)
[46] Running Pancake Rev-A*... done (13.5041s, 409631n)
[46] Running Pancake BAE*... done (8.60658s, 406937n)
[46] Running Pancake NBS... done (25.591s, 614498n)
[46] Running Pancake MM... done (13.965s, 679432n)
[46] Running Pancake IDA*... done (2.10592s, 755460n)
[46] Running Pancake Rev-IDA*... done (2.08262s, 991051n)
[46] Running Pancake Parallel IDA*...1994544 pieces of work generated
Starting iteration with bound 10.000000; 117326 expanded, 2229194 generated
Starting iteration with bound 11.000000; 117326 expanded, 2229194 generated
Starting iteration with bound 12.000000; 117326 expanded, 2229194 generated
Starting iteration with bound 13.000000; 117332 expanded, 2229308 generated
Starting iteration with bound 14.000000; 117959 expanded, 2241221 generated
Starting iteration with bound 15.000000; 141426 expanded, 2687094 generated
Starting iteration with bound 16.000000; 647528 expanded, 12303032 generated
 done (8.49931s, 1556254n)
[46] Pancake BiHS-Bloom timeout limit: 511.819s
[46] Pancake IDTHSwTrans state bound baseline: 4921518
[46] Running Pancake BiHS-Bloom(50%, optk, dynamic, size=18624KiB, k=23, fp_est=1.64759e-07, limit=511.819s)...Bloom filter size: 18624 KiB, k_hashes: 23, min_items: 2460771
 done (48.1271s, 397570137n)
[46] Running Pancake IDTHSwTrans(50%, states=2460759, limit=1800s)... done (3.448s, 180310n)
[46] Running Pancake BiHS-Bloom(10%, optk, dynamic, size=3725KiB, k=5, fp_est=0.0444365, limit=511.819s)...Bloom filter size: 3725 KiB, k_hashes: 5, min_items: 492180
 done (47.6798s, 397570137n)
[46] Running Pancake IDTHSwTrans(10%, states=492151, limit=1800s)... done (3.21961s, 163340n)
[46] Running Pancake BiHS-Bloom(1%, optk, dynamic, size=372KiB, k=1, fp_est=0.785587, limit=511.819s)...Bloom filter size: 372 KiB, k_hashes: 1, min_items: 49152
 done (82.8383s, 759273447n)
[46] Running Pancake IDTHSwTrans(1%, states=49215, limit=1800s)... done (3.45355s, 112695n)
[46] Running Pancake BiHS-Bloom(0.1%, optk, dynamic, size=37KiB, k=1, fp_est=1, limit=511.819s)...Bloom filter size: 37 KiB, k_hashes: 1, min_items: 4888
[TYPE] Splitting depth 16 into 8 hash types (Ff=1802502, Fb=2052075, min_items=4888)
 done (66.3882s, 582065247n)
[46] Running Pancake IDTHSwTrans(0.1%, states=4921, limit=1800s)... done (3.15421s, 129679n)
Pancake #46 | A*: 9.96657s/312614n | Rev-A*: 13.5041s/409631n | BAE*: 8.60658s/406937n | NBS: 25.591s/614498n | MM: 13.965s/679432n | IDA*: 2.10592s/755460n | Parallel IDA*: 8.49931s/1556254n | Rev-IDA*: 2.08262s/991051n | BiHS-Bloom(50%,optk,dynamic): 48.1271s/397570137n | IDTHSwTrans(50%): 3.448s/180310n | BiHS-Bloom(10%,optk,dynamic): 47.6798s/397570137n | IDTHSwTrans(10%): 3.21961s/163340n | BiHS-Bloom(1%,optk,dynamic): 82.8383s/759273447n | IDTHSwTrans(1%): 3.45355s/112695n | BiHS-Bloom(0.1%,optk,dynamic): 66.3882s/582065247n | IDTHSwTrans(0.1%): 3.15421s/129679n | Length: 16
Results written to results/stp_pancake/parts/benchmark_pancake_46.csv
