------------------------------------
Mon 29 Jun 2026 02:28:05 IDT
SLURM_JOBID:		18548394
SLURM_JOB_NODELIST:	cs-cpu-10
SLURM_SCRATCH_DIR:	/scratch/omerpr/18548394
Allocated Resouces:	cpu - 2 / mem - 102400 MB / gpu - 
SLURM_GPU_INDEX:	
Running as omerpr from felner account with normal QOS
------------------------------------
------------------------------------
Mon 29 Jun 2026 02:28:05 IDT
SLURM_JOBID:		18548394
SLURM_JOB_NODELIST:	cs-cpu-10
SLURM_SCRATCH_DIR:	/scratch/omerpr/18548394
Allocated Resouces:	cpu - 2 / mem - 102400 MB / gpu - 
SLURM_GPU_INDEX:	
Running as omerpr from felner account with normal QOS
------------------------------------
Domain: Pancake Puzzle
[52] Running Pancake A*... done (0.217879s, 7596n)
[52] Running Pancake Rev-A*... done (0.403191s, 15178n)
[52] Running Pancake BAE*... done (0.170356s, 11599n)
[52] Running Pancake NBS... done (0.642397s, 15124n)
[52] Running Pancake MM... done (0.321745s, 21837n)
[52] Running Pancake IDA*... done (0.0534147s, 26292n)
[52] Running Pancake Rev-IDA*... done (0.0668843s, 33037n)
[52] Running Pancake Parallel IDA*...1994544 pieces of work generated
Starting iteration with bound 12.000000; 117326 expanded, 2229194 generated
Starting iteration with bound 13.000000; 117326 expanded, 2229194 generated
Starting iteration with bound 14.000000; 117326 expanded, 2229194 generated
Starting iteration with bound 15.000000; 117365 expanded, 2229935 generated
Starting iteration with bound 16.000000; 121624 expanded, 2310856 generated
 done (4.87966s, 176444n)
[52] Pancake BiHS-Bloom timeout limit: 120s
[52] Pancake IDTHSwTrans state bound baseline: 128987
[52] Running Pancake BiHS-Bloom(50%, k1, dynamic, size=488KiB, k=1, fp_est=0.0312409, limit=120s)...Bloom filter size: 488 KiB, k_hashes: 1, min_items: 64478
 done (1.22158s, 10375620n)
[52] Running Pancake IDTHSwTrans(50%, states=64493, limit=1800s)... done (0.211533s, 79532n)
[52] Running Pancake BiHS-Bloom(50%, optk, dynamic, size=488KiB, k=22, fp_est=2.66675e-07, limit=120s)...Bloom filter size: 488 KiB, k_hashes: 22, min_items: 64478
 done (1.22166s, 10375620n)
[52] Running Pancake IDTHSwTrans(50%, states=64493, limit=1800s)... done (0.207496s, 79532n)
[52] Running Pancake BiHS-Bloom(50%, rootk, dynamic, size=488KiB, k=5, fp_est=6.80474e-05, limit=120s)...Bloom filter size: 488 KiB, k_hashes: 5, min_items: 64478
 done (1.22784s, 10375620n)
[52] Running Pancake IDTHSwTrans(50%, states=64493, limit=1800s)... done (0.207834s, 79532n)
[52] Running Pancake BiHS-Bloom(10%, k1, dynamic, size=98KiB, k=1, fp_est=0.146192, limit=120s)...Bloom filter size: 98 KiB, k_hashes: 1, min_items: 12948
 done (1.2194s, 10375620n)
[52] Running Pancake IDTHSwTrans(10%, states=12898, limit=1800s)... done (0.0757175s, 27763n)
[52] Running Pancake BiHS-Bloom(10%, optk, dynamic, size=98KiB, k=4, fp_est=0.048208, limit=120s)...Bloom filter size: 98 KiB, k_hashes: 4, min_items: 12948
 done (1.21905s, 10375620n)
[52] Running Pancake IDTHSwTrans(10%, states=12898, limit=1800s)... done (0.0754851s, 27763n)
[52] Running Pancake BiHS-Bloom(10%, rootk, dynamic, size=98KiB, k=2, fp_est=0.0734472, limit=120s)...Bloom filter size: 98 KiB, k_hashes: 2, min_items: 12948
 done (1.21847s, 10375620n)
[52] Running Pancake IDTHSwTrans(10%, states=12898, limit=1800s)... done (0.075704s, 27763n)
[52] Running Pancake BiHS-Bloom(1%, k1, dynamic, size=10KiB, k=1, fp_est=0.787514, limit=120s)...Bloom filter size: 10 KiB, k_hashes: 1, min_items: 1321
 done (1.26554s, 10375620n)
[52] Running Pancake IDTHSwTrans(1%, states=1289, limit=1800s)... done (0.0805339s, 17348n)
[52] Running Pancake BiHS-Bloom(1%, optk, dynamic, size=10KiB, k=1, fp_est=0.787514, limit=120s)...Bloom filter size: 10 KiB, k_hashes: 1, min_items: 1321
 done (1.26672s, 10375620n)
[52] Running Pancake IDTHSwTrans(1%, states=1289, limit=1800s)... done (0.0805895s, 17348n)
[52] Running Pancake BiHS-Bloom(1%, rootk, dynamic, size=10KiB, k=1, fp_est=0.787514, limit=120s)...Bloom filter size: 10 KiB, k_hashes: 1, min_items: 1321
 done (1.21886s, 10375620n)
[52] Running Pancake IDTHSwTrans(1%, states=1289, limit=1800s)... done (0.0808114s, 17348n)
[52] Running Pancake BiHS-Bloom(0.1%, k1, dynamic, size=1KiB, k=1, fp_est=1, limit=120s)...Bloom filter size: 1 KiB, k_hashes: 1, min_items: 132
[TYPE] Splitting depth 16 into 2 hash types (Ff=2667, Fb=7733, min_items=132)
 done (2.00616s, 16657155n)
[52] Running Pancake IDTHSwTrans(0.1%, states=128, limit=1800s)... done (0.0893281s, 17531n)
[52] Running Pancake BiHS-Bloom(0.1%, optk, dynamic, size=1KiB, k=1, fp_est=1, limit=120s)...Bloom filter size: 1 KiB, k_hashes: 1, min_items: 132
[TYPE] Splitting depth 16 into 2 hash types (Ff=2667, Fb=7888, min_items=132)
 done (2.00693s, 16657155n)
[52] Running Pancake IDTHSwTrans(0.1%, states=128, limit=1800s)... done (0.0887531s, 17531n)
[52] Running Pancake BiHS-Bloom(0.1%, rootk, dynamic, size=1KiB, k=1, fp_est=1, limit=120s)...Bloom filter size: 1 KiB, k_hashes: 1, min_items: 132
[TYPE] Splitting depth 16 into 2 hash types (Ff=2667, Fb=7902, min_items=132)
 done (2.00208s, 16657155n)
[52] Running Pancake IDTHSwTrans(0.1%, states=128, limit=1800s)... done (0.0890141s, 17531n)
Pancake #52 | A*: 0.217879s/7596n | Rev-A*: 0.403191s/15178n | BAE*: 0.170356s/11599n | NBS: 0.642397s/15124n | MM: 0.321745s/21837n | IDA*: 0.0534147s/26292n | Parallel IDA*: 4.87966s/176444n | Rev-IDA*: 0.0668843s/33037n | BiHS-Bloom(50%,k1,dynamic): 1.22158s/10375620n | IDTHSwTrans(50%): 0.211533s/79532n | BiHS-Bloom(50%,optk,dynamic): 1.22166s/10375620n | IDTHSwTrans(50%): 0.207496s/79532n | BiHS-Bloom(50%,rootk,dynamic): 1.22784s/10375620n | IDTHSwTrans(50%): 0.207834s/79532n | BiHS-Bloom(10%,k1,dynamic): 1.2194s/10375620n | IDTHSwTrans(10%): 0.0757175s/27763n | BiHS-Bloom(10%,optk,dynamic): 1.21905s/10375620n | IDTHSwTrans(10%): 0.0754851s/27763n | BiHS-Bloom(10%,rootk,dynamic): 1.21847s/10375620n | IDTHSwTrans(10%): 0.075704s/27763n | BiHS-Bloom(1%,k1,dynamic): 1.26554s/10375620n | IDTHSwTrans(1%): 0.0805339s/17348n | BiHS-Bloom(1%,optk,dynamic): 1.26672s/10375620n | IDTHSwTrans(1%): 0.0805895s/17348n | BiHS-Bloom(1%,rootk,dynamic): 1.21886s/10375620n | IDTHSwTrans(1%): 0.0808114s/17348n | BiHS-Bloom(0.1%,k1,dynamic): 2.00616s/16657155n | IDTHSwTrans(0.1%): 0.0893281s/17531n | BiHS-Bloom(0.1%,optk,dynamic): 2.00693s/16657155n | IDTHSwTrans(0.1%): 0.0887531s/17531n | BiHS-Bloom(0.1%,rootk,dynamic): 2.00208s/16657155n | IDTHSwTrans(0.1%): 0.0890141s/17531n | Length: 16
Results written to results/stp_pancake/parts/benchmark_pancake_52.csv
