------------------------------------
Sat 27 Jun 2026 21:52:12 IDT
SLURM_JOBID:		18472498
SLURM_JOB_NODELIST:	ise-cpu-intl-24
SLURM_SCRATCH_DIR:	
Allocated Resouces:	cpu - 2 / mem - 65536 MB / gpu - 
SLURM_GPU_INDEX:	
Running as omerpr from felner account with normal QOS
------------------------------------
------------------------------------
Sat 27 Jun 2026 21:52:13 IDT
SLURM_JOBID:		18472498
SLURM_JOB_NODELIST:	ise-cpu-intl-24
SLURM_SCRATCH_DIR:	
Allocated Resouces:	cpu - 2 / mem - 65536 MB / gpu - 
SLURM_GPU_INDEX:	
Running as omerpr from felner account with normal QOS
------------------------------------
Domain: Pancake Puzzle
[66] Running Pancake A*... done (3.38878s, 69618n)
[66] Running Pancake Rev-A*... done (3.26466s, 72529n)
[66] Skipping BAE*, NBS, IDA*, Rev-IDA*, and Parallel IDA*; use --full to run them
[66] Running Pancake MM... done (3.86237s, 133341n)
[66] Pancake BiHS-Bloom timeout limit: 120s
[66] Pancake IDTHSwTrans state bound baseline: 1132983
[66] Running Pancake BiHS-Bloom(50%, optk, dynamic, size=4287KiB, k=23, fp_est=1.53179e-07, limit=120s)...Bloom filter size: 4287 KiB, k_hashes: 23, min_items: 566437
 done (15.9947s, 82043343n)
[66] Running Pancake IDTHSwTrans(50%, states=566491, limit=1800s)... done (1.47976s, 94596n)
[66] Running Pancake BiHS-Bloom(10%, optk, dynamic, size=857KiB, k=5, fp_est=0.0438373, limit=120s)...Bloom filter size: 857 KiB, k_hashes: 5, min_items: 113234
 done (15.6899s, 82043343n)
[66] Running Pancake IDTHSwTrans(10%, states=113298, limit=1800s)... done (1.2543s, 66493n)
[66] Running Pancake BiHS-Bloom(1%, optk, dynamic, size=86KiB, k=1, fp_est=0.782634, limit=120s)...Bloom filter size: 86 KiB, k_hashes: 1, min_items: 11363
 done (21.8527s, 120788994n)
[66] Running Pancake IDTHSwTrans(1%, states=11329, limit=1800s)... done (1.21343s, 50668n)
[66] Running Pancake BiHS-Bloom(0.1%, optk, dynamic, size=9KiB, k=1, fp_est=1, limit=120s)...Bloom filter size: 9 KiB, k_hashes: 1, min_items: 1189
[TYPE] Splitting depth 16 into 8 hash types (Ff=275308, Fb=220659, min_items=1189)
 done (21.954s, 120788994n)
[66] Running Pancake IDTHSwTrans(0.1%, states=1132, limit=1800s)... done (1.29286s, 61129n)
Pancake #66 | A*: 3.38878s/69618n | Rev-A*: 3.26466s/72529n | BAE*: -3s/0n | NBS: -3s/0n | MM: 3.86237s/133341n | IDA*: -3s/0n | Parallel IDA*: -3s/0n | Rev-IDA*: -3s/0n | BiHS-Bloom(50%,optk,dynamic): 15.9947s/82043343n | IDTHSwTrans(50%): 1.47976s/94596n | BiHS-Bloom(10%,optk,dynamic): 15.6899s/82043343n | IDTHSwTrans(10%): 1.2543s/66493n | BiHS-Bloom(1%,optk,dynamic): 21.8527s/120788994n | IDTHSwTrans(1%): 1.21343s/50668n | BiHS-Bloom(0.1%,optk,dynamic): 21.954s/120788994n | IDTHSwTrans(0.1%): 1.29286s/61129n | Length: 16
Results written to results/stp_pancake/parts/benchmark_pancake_66.csv
