------------------------------------
Sat 27 Jun 2026 21:56:55 IDT
SLURM_JOBID:		18472733
SLURM_JOB_NODELIST:	ise-cpu-intl-08
SLURM_SCRATCH_DIR:	
Allocated Resouces:	cpu - 2 / mem - 65536 MB / gpu - 
SLURM_GPU_INDEX:	
Running as omerpr from felner account with normal QOS
------------------------------------
------------------------------------
Sat 27 Jun 2026 21:56:55 IDT
SLURM_JOBID:		18472733
SLURM_JOB_NODELIST:	ise-cpu-intl-08
SLURM_SCRATCH_DIR:	
Allocated Resouces:	cpu - 2 / mem - 65536 MB / gpu - 
SLURM_GPU_INDEX:	
Running as omerpr from felner account with normal QOS
------------------------------------
Domain: Pancake Puzzle
[84] Running Pancake A*... done (1.68483s, 47194n)
[84] Running Pancake Rev-A*... done (1.13489s, 35705n)
[84] Skipping BAE*, NBS, IDA*, Rev-IDA*, and Parallel IDA*; use --full to run them
[84] Running Pancake MM... done (2.07591s, 77386n)
[84] Pancake BiHS-Bloom timeout limit: 120s
[84] Pancake IDTHSwTrans state bound baseline: 587330
[84] Running Pancake BiHS-Bloom(50%, optk, dynamic, size=2223KiB, k=17, fp_est=6.79387e-06, limit=120s)...Bloom filter size: 2223 KiB, k_hashes: 17, min_items: 293722
 done (4.57648s, 27453270n)
[84] Running Pancake IDTHSwTrans(50%, states=293665, limit=1800s)... done (1.19556s, 79306n)
[84] Running Pancake BiHS-Bloom(10%, optk, dynamic, size=445KiB, k=3, fp_est=0.0935566, limit=120s)...Bloom filter size: 445 KiB, k_hashes: 3, min_items: 58797
 done (4.54343s, 27453270n)
[84] Running Pancake IDTHSwTrans(10%, states=58733, limit=1800s)... done (0.8442s, 49529n)
[84] Running Pancake BiHS-Bloom(1%, optk, dynamic, size=44KiB, k=1, fp_est=0.869951, limit=120s)...Bloom filter size: 44 KiB, k_hashes: 1, min_items: 5813
 done (4.70993s, 27453270n)
[84] Running Pancake IDTHSwTrans(1%, states=5873, limit=1800s)... done (0.457007s, 31174n)
[84] Running Pancake BiHS-Bloom(0.1%, optk, dynamic, size=4KiB, k=1, fp_est=1, limit=120s)...Bloom filter size: 4 KiB, k_hashes: 1, min_items: 528
[TYPE] Splitting depth 15 into 3 hash types (Ff=158950, Fb=6478, min_items=528)
 done (3.95714s, 29352417n)
[84] Running Pancake IDTHSwTrans(0.1%, states=587, limit=1800s)... done (0.401912s, 33727n)
Pancake #84 | A*: 1.68483s/47194n | Rev-A*: 1.13489s/35705n | BAE*: -3s/0n | NBS: -3s/0n | MM: 2.07591s/77386n | IDA*: -3s/0n | Parallel IDA*: -3s/0n | Rev-IDA*: -3s/0n | BiHS-Bloom(50%,optk,dynamic): 4.57648s/27453270n | IDTHSwTrans(50%): 1.19556s/79306n | BiHS-Bloom(10%,optk,dynamic): 4.54343s/27453270n | IDTHSwTrans(10%): 0.8442s/49529n | BiHS-Bloom(1%,optk,dynamic): 4.70993s/27453270n | IDTHSwTrans(1%): 0.457007s/31174n | BiHS-Bloom(0.1%,optk,dynamic): 3.95714s/29352417n | IDTHSwTrans(0.1%): 0.401912s/33727n | Length: 15
Results written to results/stp_pancake/parts/benchmark_pancake_84.csv
