------------------------------------
Sat 27 Jun 2026 21:22:03 IDT
SLURM_JOBID:		18471005
SLURM_JOB_NODELIST:	ise-cpu-intl-23
SLURM_SCRATCH_DIR:	/scratch/omerpr/18471005
Allocated Resouces:	cpu - 2 / mem - 65536 MB / gpu - 
SLURM_GPU_INDEX:	
Running as omerpr from felner account with normal QOS
------------------------------------
------------------------------------
Sat 27 Jun 2026 21:22:03 IDT
SLURM_JOBID:		18471005
SLURM_JOB_NODELIST:	ise-cpu-intl-23
SLURM_SCRATCH_DIR:	/scratch/omerpr/18471005
Allocated Resouces:	cpu - 2 / mem - 65536 MB / gpu - 
SLURM_GPU_INDEX:	
Running as omerpr from felner account with normal QOS
------------------------------------
Domain: Sliding Tile Puzzle
Starting Korf's Puzzle #97

[97] Running A*... done (36.2156s, 9508383n)
[97] Running Rev-A*... done (44.7042s, 11078793n)
[97] Skipping BAE*, NBS, IDA*, Rev-IDA*, and Parallel IDA*; use --full to run them
[97] Running MM... done (48.0397s, 10440668n)
[97] BiHS-Bloom timeout limit: 960.794s
[97] IDTHSwTrans state bound baseline: 17170473
[97] Running BiHS-Bloom(50%, optk, dynamic, size=47160KiB, k=30, fp_est=9.47632e-10, limit=960.794s)...
Bloom filter size: 47160 KiB, k_hashes: 30, min_items: 8585216
 done (55.8135s, 568920807n)
[97] Running IDTHSwTrans(50%, states=8585236, limit=1800s)... done (24.6616s, 2490995n)
[97] Running BiHS-Bloom(10%, optk, dynamic, size=9432KiB, k=6, fp_est=0.0156793, limit=960.794s)...
Bloom filter size: 9432 KiB, k_hashes: 6, min_items: 1717043
 done (46.8599s, 568920807n)
[97] Running IDTHSwTrans(10%, states=1717047, limit=1800s)... done (24.619s, 2490995n)
[97] Running BiHS-Bloom(1%, optk, dynamic, size=943KiB, k=1, fp_est=0.685401, limit=960.794s)...
Bloom filter size: 943 KiB, k_hashes: 1, min_items: 171667
[TYPE] Splitting depth 54 into 3 hash types (Ff=14730554, Fb=7510326, min_items=171667)
 done (55.6185s, 795813263n)
[97] Running IDTHSwTrans(1%, states=171704, limit=1800s)... done (21.5264s, 1970279n)
[97] Running BiHS-Bloom(0.1%, optk, dynamic, size=94KiB, k=1, fp_est=0.999991, limit=960.794s)...
Bloom filter size: 94 KiB, k_hashes: 1, min_items: 17112
[TYPE] Splitting depth 50 into 2 hash types (Ff=798826, Fb=288630, min_items=17112)
[TYPE] Splitting depth 52 into 8 hash types (Ff=3536173, Fb=3601886, min_items=17112)
[TYPE] Splitting depth 54 into 8 hash types (Ff=14730554, Fb=19384093, min_items=17112)
 done (112.062s, 1178295612n)
[97] Running IDTHSwTrans(0.1%, states=17170, limit=1800s)... done (20.0768s, 3535040n)
Puzzle #97 | A*: 36.2156s/9508383n | Rev-A*: 44.7042s/11078793n | BAE*: -3s/0n | NBS: -3s/0n | MM: 48.0397s/10440668n | IDA*: -3s/0n | Parallel IDA*: -3s/0n | Rev-IDA*: -3s/0n | BiHS-Bloom(50%,optk,dynamic): 55.8135s/568920807n | IDTHSwTrans(50%): 24.6616s/2490995n | BiHS-Bloom(10%,optk,dynamic): 46.8599s/568920807n | IDTHSwTrans(10%): 24.619s/2490995n | BiHS-Bloom(1%,optk,dynamic): 55.6185s/795813263n | IDTHSwTrans(1%): 21.5264s/1970279n | BiHS-Bloom(0.1%,optk,dynamic): 112.062s/1178295612n | IDTHSwTrans(0.1%): 20.0768s/3535040n | Length: 54
Results written to results/stp_pancake/parts/benchmark_stp_97.csv
