------------------------------------
Sat 27 Jun 2026 21:30:11 IDT
SLURM_JOBID:		18471426
SLURM_JOB_NODELIST:	ise-cpu-intl-27
SLURM_SCRATCH_DIR:	
Allocated Resouces:	cpu - 2 / mem - 65536 MB / gpu - 
SLURM_GPU_INDEX:	
Running as omerpr from felner account with normal QOS
------------------------------------
------------------------------------
Sat 27 Jun 2026 21:30:11 IDT
SLURM_JOBID:		18471426
SLURM_JOB_NODELIST:	ise-cpu-intl-27
SLURM_SCRATCH_DIR:	
Allocated Resouces:	cpu - 2 / mem - 65536 MB / gpu - 
SLURM_GPU_INDEX:	
Running as omerpr from felner account with normal QOS
------------------------------------
Domain: Pancake Puzzle
[10] Running Pancake A*... done (2.1906s, 48547n)
[10] Running Pancake Rev-A*... done (2.17147s, 48547n)
[10] Skipping BAE*, NBS, IDA*, Rev-IDA*, and Parallel IDA*; use --full to run them
[10] Running Pancake MM... done (3.03014s, 94278n)
[10] Pancake BiHS-Bloom timeout limit: 120s
[10] Pancake IDTHSwTrans state bound baseline: 795880
[10] Running Pancake BiHS-Bloom(50%, optk, dynamic, size=3012KiB, k=22, fp_est=2.17291e-07, limit=120s)...Bloom filter size: 3012 KiB, k_hashes: 22, min_items: 397972
 done (9.42762s, 59393079n)
[10] Running Pancake IDTHSwTrans(50%, states=397940, limit=1800s)... done (2.53863s, 102115n)
[10] Running Pancake BiHS-Bloom(10%, optk, dynamic, size=602KiB, k=4, fp_est=0.0470211, limit=120s)...Bloom filter size: 602 KiB, k_hashes: 4, min_items: 79541
 done (9.29418s, 59393079n)
[10] Running Pancake IDTHSwTrans(10%, states=79588, limit=1800s)... done (2.6231s, 72740n)
[10] Running Pancake BiHS-Bloom(1%, optk, dynamic, size=60KiB, k=1, fp_est=0.792381, limit=120s)...Bloom filter size: 60 KiB, k_hashes: 1, min_items: 7927
 done (12.6649s, 86949822n)
[10] Running Pancake IDTHSwTrans(1%, states=7958, limit=1800s)... done (2.48905s, 82387n)
[10] Running Pancake BiHS-Bloom(0.1%, optk, dynamic, size=6KiB, k=1, fp_est=1, limit=120s)...Bloom filter size: 6 KiB, k_hashes: 1, min_items: 792
[TYPE] Splitting depth 16 into 6 hash types (Ff=124080, Fb=84232, min_items=792)
 done (12.6716s, 86949822n)
[10] Running Pancake IDTHSwTrans(0.1%, states=795, limit=1800s)... done (2.38874s, 111849n)
Pancake #10 | A*: 2.1906s/48547n | Rev-A*: 2.17147s/48547n | BAE*: -3s/0n | NBS: -3s/0n | MM: 3.03014s/94278n | IDA*: -3s/0n | Parallel IDA*: -3s/0n | Rev-IDA*: -3s/0n | BiHS-Bloom(50%,optk,dynamic): 9.42762s/59393079n | IDTHSwTrans(50%): 2.53863s/102115n | BiHS-Bloom(10%,optk,dynamic): 9.29418s/59393079n | IDTHSwTrans(10%): 2.6231s/72740n | BiHS-Bloom(1%,optk,dynamic): 12.6649s/86949822n | IDTHSwTrans(1%): 2.48905s/82387n | BiHS-Bloom(0.1%,optk,dynamic): 12.6716s/86949822n | IDTHSwTrans(0.1%): 2.38874s/111849n | Length: 16
Results written to results/stp_pancake/parts/benchmark_pancake_10.csv
