------------------------------------
Sat 27 Jun 2026 21:37:20 IDT
SLURM_JOBID:		18471775
SLURM_JOB_NODELIST:	ise-cpu-intl-24
SLURM_SCRATCH_DIR:	
Allocated Resouces:	cpu - 2 / mem - 65536 MB / gpu - 
SLURM_GPU_INDEX:	
Running as omerpr from felner account with normal QOS
------------------------------------
------------------------------------
Sat 27 Jun 2026 21:37:20 IDT
SLURM_JOBID:		18471775
SLURM_JOB_NODELIST:	ise-cpu-intl-24
SLURM_SCRATCH_DIR:	
Allocated Resouces:	cpu - 2 / mem - 65536 MB / gpu - 
SLURM_GPU_INDEX:	
Running as omerpr from felner account with normal QOS
------------------------------------
Domain: Pancake Puzzle
[41] Running Pancake A*... done (21.302s, 429775n)
[41] Running Pancake Rev-A*... done (26.1308s, 527554n)
[41] Skipping BAE*, NBS, IDA*, Rev-IDA*, and Parallel IDA*; use --full to run them
[41] Running Pancake MM... done (27.0868s, 827743n)
[41] Pancake BiHS-Bloom timeout limit: 541.737s
[41] Pancake IDTHSwTrans state bound baseline: 6671281
[41] Running Pancake BiHS-Bloom(50%, optk, dynamic, size=25245KiB, k=25, fp_est=3.66266e-08, limit=541.737s)...Bloom filter size: 25245 KiB, k_hashes: 25, min_items: 3335597
 done (103.68s, 483984468n)
[41] Running Pancake IDTHSwTrans(50%, states=3335640, limit=1800s)... done (6.63183s, 192316n)
[41] Running Pancake BiHS-Bloom(10%, optk, dynamic, size=5049KiB, k=5, fp_est=0.0325656, limit=541.737s)...Bloom filter size: 5049 KiB, k_hashes: 5, min_items: 667119
 done (101.561s, 483984468n)
[41] Running Pancake IDTHSwTrans(10%, states=667128, limit=1800s)... done (6.63164s, 192316n)
[41] Running Pancake BiHS-Bloom(1%, optk, dynamic, size=505KiB, k=1, fp_est=0.754055, limit=541.737s)...Bloom filter size: 505 KiB, k_hashes: 1, min_items: 66725
 done (166.916s, 922089678n)
[41] Running Pancake IDTHSwTrans(1%, states=66712, limit=1800s)... done (5.85187s, 121312n)
[41] Running Pancake BiHS-Bloom(0.1%, optk, dynamic, size=50KiB, k=1, fp_est=0.999999, limit=541.737s)...Bloom filter size: 50 KiB, k_hashes: 1, min_items: 6606
[TYPE] Splitting depth 16 into 8 hash types (Ff=2822766, Fb=2499124, min_items=6606)
 done (96.0956s, 585077982n)
[41] Running Pancake IDTHSwTrans(0.1%, states=6671, limit=1800s)... done (6.18085s, 153316n)
Pancake #41 | A*: 21.302s/429775n | Rev-A*: 26.1308s/527554n | BAE*: -3s/0n | NBS: -3s/0n | MM: 27.0868s/827743n | IDA*: -3s/0n | Parallel IDA*: -3s/0n | Rev-IDA*: -3s/0n | BiHS-Bloom(50%,optk,dynamic): 103.68s/483984468n | IDTHSwTrans(50%): 6.63183s/192316n | BiHS-Bloom(10%,optk,dynamic): 101.561s/483984468n | IDTHSwTrans(10%): 6.63164s/192316n | BiHS-Bloom(1%,optk,dynamic): 166.916s/922089678n | IDTHSwTrans(1%): 5.85187s/121312n | BiHS-Bloom(0.1%,optk,dynamic): 96.0956s/585077982n | IDTHSwTrans(0.1%): 6.18085s/153316n | Length: 16
Results written to results/stp_pancake/parts/benchmark_pancake_41.csv
