------------------------------------
Sat 27 Jun 2026 21:48:36 IDT
SLURM_JOBID:		18472325
SLURM_JOB_NODELIST:	cs-cpu-07
SLURM_SCRATCH_DIR:	
Allocated Resouces:	cpu - 2 / mem - 65536 MB / gpu - 
SLURM_GPU_INDEX:	
Running as omerpr from felner account with normal QOS
------------------------------------
------------------------------------
Sat 27 Jun 2026 21:48:37 IDT
SLURM_JOBID:		18472325
SLURM_JOB_NODELIST:	cs-cpu-07
SLURM_SCRATCH_DIR:	
Allocated Resouces:	cpu - 2 / mem - 65536 MB / gpu - 
SLURM_GPU_INDEX:	
Running as omerpr from felner account with normal QOS
------------------------------------
Domain: Pancake Puzzle
[60] Running Pancake A*... done (23.4108s, 584495n)
[60] Running Pancake Rev-A*... done (33.6144s, 841320n)
[60] Skipping BAE*, NBS, IDA*, Rev-IDA*, and Parallel IDA*; use --full to run them
[60] Running Pancake MM... done (43.2551s, 1224890n)
[60] Pancake BiHS-Bloom timeout limit: 865.103s
[60] Pancake IDTHSwTrans state bound baseline: 9107336
[60] Running Pancake BiHS-Bloom(50%, optk, dynamic, size=34464KiB, k=24, fp_est=5.97361e-08, limit=865.103s)...Bloom filter size: 34464 KiB, k_hashes: 24, min_items: 4553694
 done (119.877s, 854959281n)
[60] Running Pancake IDTHSwTrans(50%, states=4553668, limit=1800s)... done (6.86338s, 221360n)
[60] Running Pancake BiHS-Bloom(10%, optk, dynamic, size=6893KiB, k=5, fp_est=0.0359714, limit=865.103s)...Bloom filter size: 6893 KiB, k_hashes: 5, min_items: 910765
 done (117.319s, 854959281n)
[60] Running Pancake IDTHSwTrans(10%, states=910733, limit=1800s)... done (7.39786s, 221360n)
[60] Running Pancake BiHS-Bloom(1%, optk, dynamic, size=689KiB, k=1, fp_est=0.764215, limit=865.103s)...Bloom filter size: 689 KiB, k_hashes: 1, min_items: 91036
 done (205.222s, 1642523331n)
[60] Running Pancake IDTHSwTrans(1%, states=91073, limit=1800s)... done (10.262s, 209283n)
[60] Running Pancake BiHS-Bloom(0.1%, optk, dynamic, size=69KiB, k=1, fp_est=0.999999, limit=865.103s)...Bloom filter size: 69 KiB, k_hashes: 1, min_items: 9116
[TYPE] Splitting depth 17 into 8 hash types (Ff=3106656, Fb=4212565, min_items=9116)
 done (181.071s, 1339954095n)
[60] Running Pancake IDTHSwTrans(0.1%, states=9107, limit=1800s)... done (8.61698s, 257619n)
Pancake #60 | A*: 23.4108s/584495n | Rev-A*: 33.6144s/841320n | BAE*: -3s/0n | NBS: -3s/0n | MM: 43.2551s/1224890n | IDA*: -3s/0n | Parallel IDA*: -3s/0n | Rev-IDA*: -3s/0n | BiHS-Bloom(50%,optk,dynamic): 119.877s/854959281n | IDTHSwTrans(50%): 6.86338s/221360n | BiHS-Bloom(10%,optk,dynamic): 117.319s/854959281n | IDTHSwTrans(10%): 7.39786s/221360n | BiHS-Bloom(1%,optk,dynamic): 205.222s/1642523331n | IDTHSwTrans(1%): 10.262s/209283n | BiHS-Bloom(0.1%,optk,dynamic): 181.071s/1339954095n | IDTHSwTrans(0.1%): 8.61698s/257619n | Length: 17
Results written to results/stp_pancake/parts/benchmark_pancake_60.csv
