------------------------------------
Sat 27 Jun 2026 21:42:55 IDT
SLURM_JOBID:		18472030
SLURM_JOB_NODELIST:	ise-cpu-intl-24
SLURM_SCRATCH_DIR:	
Allocated Resouces:	cpu - 2 / mem - 65536 MB / gpu - 
SLURM_GPU_INDEX:	
Running as omerpr from felner account with normal QOS
------------------------------------
------------------------------------
Sat 27 Jun 2026 21:42:56 IDT
SLURM_JOBID:		18472030
SLURM_JOB_NODELIST:	ise-cpu-intl-24
SLURM_SCRATCH_DIR:	
Allocated Resouces:	cpu - 2 / mem - 65536 MB / gpu - 
SLURM_GPU_INDEX:	
Running as omerpr from felner account with normal QOS
------------------------------------
Domain: Pancake Puzzle
[52] Running Pancake A*... done (0.357352s, 7596n)
[52] Running Pancake Rev-A*... done (0.644884s, 15178n)
[52] Skipping BAE*, NBS, IDA*, Rev-IDA*, and Parallel IDA*; use --full to run them
[52] Running Pancake MM... done (0.50322s, 21837n)
[52] Pancake BiHS-Bloom timeout limit: 120s
[52] Pancake IDTHSwTrans state bound baseline: 128987
[52] Running Pancake BiHS-Bloom(50%, optk, dynamic, size=488KiB, k=22, fp_est=2.66675e-07, limit=120s)...Bloom filter size: 488 KiB, k_hashes: 22, min_items: 64478
 done (1.84845s, 10375620n)
[52] Running Pancake IDTHSwTrans(50%, states=64493, limit=1800s)... done (0.342932s, 79532n)
[52] Running Pancake BiHS-Bloom(10%, optk, dynamic, size=98KiB, k=4, fp_est=0.048208, limit=120s)...Bloom filter size: 98 KiB, k_hashes: 4, min_items: 12948
 done (1.86086s, 10375620n)
[52] Running Pancake IDTHSwTrans(10%, states=12898, limit=1800s)... done (0.123786s, 27763n)
[52] Running Pancake BiHS-Bloom(1%, optk, dynamic, size=10KiB, k=1, fp_est=0.787514, limit=120s)...Bloom filter size: 10 KiB, k_hashes: 1, min_items: 1321
 done (1.83617s, 10375620n)
[52] Running Pancake IDTHSwTrans(1%, states=1289, limit=1800s)... done (0.139451s, 17348n)
[52] Running Pancake BiHS-Bloom(0.1%, optk, dynamic, size=1KiB, k=1, fp_est=1, limit=120s)...Bloom filter size: 1 KiB, k_hashes: 1, min_items: 132
[TYPE] Splitting depth 16 into 2 hash types (Ff=2667, Fb=8068, min_items=132)
 done (3.02125s, 16657155n)
[52] Running Pancake IDTHSwTrans(0.1%, states=128, limit=1800s)... done (0.149846s, 17531n)
Pancake #52 | A*: 0.357352s/7596n | Rev-A*: 0.644884s/15178n | BAE*: -3s/0n | NBS: -3s/0n | MM: 0.50322s/21837n | IDA*: -3s/0n | Parallel IDA*: -3s/0n | Rev-IDA*: -3s/0n | BiHS-Bloom(50%,optk,dynamic): 1.84845s/10375620n | IDTHSwTrans(50%): 0.342932s/79532n | BiHS-Bloom(10%,optk,dynamic): 1.86086s/10375620n | IDTHSwTrans(10%): 0.123786s/27763n | BiHS-Bloom(1%,optk,dynamic): 1.83617s/10375620n | IDTHSwTrans(1%): 0.139451s/17348n | BiHS-Bloom(0.1%,optk,dynamic): 3.02125s/16657155n | IDTHSwTrans(0.1%): 0.149846s/17531n | Length: 16
Results written to results/stp_pancake/parts/benchmark_pancake_52.csv
