------------------------------------
Sun 28 Jun 2026 02:58:40 IDT
SLURM_JOBID:		18486699
SLURM_JOB_NODELIST:	ise-cpu-intl-25
SLURM_SCRATCH_DIR:	
Allocated Resouces:	cpu - 2 / mem - 65536 MB / gpu - 
SLURM_GPU_INDEX:	
Running as omerpr from felner account with normal QOS
------------------------------------
------------------------------------
Sun 28 Jun 2026 02:58:40 IDT
SLURM_JOBID:		18486699
SLURM_JOB_NODELIST:	ise-cpu-intl-25
SLURM_SCRATCH_DIR:	
Allocated Resouces:	cpu - 2 / mem - 65536 MB / gpu - 
SLURM_GPU_INDEX:	
Running as omerpr from felner account with normal QOS
------------------------------------
Domain: Pancake Puzzle
[84] Running Pancake A*... done (1.71437s, 47194n)
[84] Running Pancake Rev-A*... done (1.15822s, 35705n)
[84] Running Pancake BAE*... done (1.11615s, 51174n)
[84] Running Pancake NBS... done (19.0924s, 360353n)
[84] Running Pancake MM... done (2.06703s, 77386n)
[84] Running Pancake IDA*... done (0.25214s, 103190n)
[84] Running Pancake Rev-IDA*... done (0.465354s, 192876n)
[84] Running Pancake Parallel IDA*...1994544 pieces of work generated
Starting iteration with bound 10.000000; 117326 expanded, 2229194 generated
Starting iteration with bound 11.000000; 117326 expanded, 2229194 generated
Starting iteration with bound 12.000000; 117326 expanded, 2229194 generated
Starting iteration with bound 13.000000; 117352 expanded, 2229688 generated
Starting iteration with bound 14.000000; 118872 expanded, 2258568 generated
Starting iteration with bound 15.000000; 163244 expanded, 3101636 generated
 done (7.66192s, 369022n)
[84] Pancake BiHS-Bloom timeout limit: 381.848s
[84] Pancake IDTHSwTrans state bound baseline: 587330
[84] Running Pancake BiHS-Bloom(50%, optk, dynamic, size=2223KiB, k=17, fp_est=6.79387e-06, limit=381.848s)...Bloom filter size: 2223 KiB, k_hashes: 17, min_items: 293722
 done (4.52555s, 27453270n)
[84] Running Pancake IDTHSwTrans(50%, states=293665, limit=1800s)... done (1.20001s, 79306n)
[84] Running Pancake BiHS-Bloom(10%, optk, dynamic, size=445KiB, k=3, fp_est=0.0935566, limit=381.848s)...Bloom filter size: 445 KiB, k_hashes: 3, min_items: 58797
 done (4.48679s, 27453270n)
[84] Running Pancake IDTHSwTrans(10%, states=58733, limit=1800s)... done (0.852619s, 49529n)
[84] Running Pancake BiHS-Bloom(1%, optk, dynamic, size=44KiB, k=1, fp_est=0.869951, limit=381.848s)...Bloom filter size: 44 KiB, k_hashes: 1, min_items: 5813
 done (4.64976s, 27453270n)
[84] Running Pancake IDTHSwTrans(1%, states=5873, limit=1800s)... done (0.456675s, 31174n)
[84] Running Pancake BiHS-Bloom(0.1%, optk, dynamic, size=4KiB, k=1, fp_est=1, limit=381.848s)...Bloom filter size: 4 KiB, k_hashes: 1, min_items: 528
[TYPE] Splitting depth 15 into 3 hash types (Ff=158950, Fb=6349, min_items=528)
 done (3.94153s, 29352417n)
[84] Running Pancake IDTHSwTrans(0.1%, states=587, limit=1800s)... done (0.401455s, 33727n)
Pancake #84 | A*: 1.71437s/47194n | Rev-A*: 1.15822s/35705n | BAE*: 1.11615s/51174n | NBS: 19.0924s/360353n | MM: 2.06703s/77386n | IDA*: 0.25214s/103190n | Parallel IDA*: 7.66192s/369022n | Rev-IDA*: 0.465354s/192876n | BiHS-Bloom(50%,optk,dynamic): 4.52555s/27453270n | IDTHSwTrans(50%): 1.20001s/79306n | BiHS-Bloom(10%,optk,dynamic): 4.48679s/27453270n | IDTHSwTrans(10%): 0.852619s/49529n | BiHS-Bloom(1%,optk,dynamic): 4.64976s/27453270n | IDTHSwTrans(1%): 0.456675s/31174n | BiHS-Bloom(0.1%,optk,dynamic): 3.94153s/29352417n | IDTHSwTrans(0.1%): 0.401455s/33727n | Length: 15
Results written to results/stp_pancake/parts/benchmark_pancake_84.csv
