------------------------------------
Mon 29 Jun 2026 02:09:44 IDT
SLURM_JOBID:		18548243
SLURM_JOB_NODELIST:	cs-cpu-10
SLURM_SCRATCH_DIR:	/scratch/omerpr/18548243
Allocated Resouces:	cpu - 2 / mem - 102400 MB / gpu - 
SLURM_GPU_INDEX:	
Running as omerpr from felner account with normal QOS
------------------------------------
------------------------------------
Mon 29 Jun 2026 02:09:44 IDT
SLURM_JOBID:		18548243
SLURM_JOB_NODELIST:	cs-cpu-10
SLURM_SCRATCH_DIR:	/scratch/omerpr/18548243
Allocated Resouces:	cpu - 2 / mem - 102400 MB / gpu - 
SLURM_GPU_INDEX:	
Running as omerpr from felner account with normal QOS
------------------------------------
Domain: Pancake Puzzle
[42] Running Pancake A*... done (13.1319s, 395218n)
[42] Running Pancake Rev-A*... done (13.4537s, 395218n)
[42] Running Pancake BAE*... done (10.4335s, 499347n)
[42] Running Pancake NBS... done (31.4016s, 708816n)
[42] Running Pancake MM... done (15.5797s, 708816n)
[42] Running Pancake IDA*... done (2.30142s, 1090513n)
[42] Running Pancake Rev-IDA*... done (2.28868s, 1090513n)
[42] Running Pancake Parallel IDA*...1994544 pieces of work generated
Starting iteration with bound 10.000000; 117326 expanded, 2229194 generated
Starting iteration with bound 11.000000; 117326 expanded, 2229194 generated
Starting iteration with bound 12.000000; 117326 expanded, 2229194 generated
Starting iteration with bound 13.000000; 117334 expanded, 2229346 generated
Starting iteration with bound 14.000000; 118680 expanded, 2254920 generated
Starting iteration with bound 15.000000; 159535 expanded, 3031165 generated
Starting iteration with bound 16.000000; 941181 expanded, 17882439 generated
 done (8.42928s, 1884525n)
[42] Pancake BiHS-Bloom timeout limit: 628.031s
[42] Pancake IDTHSwTrans state bound baseline: 6139771
[42] Running Pancake BiHS-Bloom(50%, k1, dynamic, size=23234KiB, k=1, fp_est=0.0285907, limit=628.031s)...Bloom filter size: 23234 KiB, k_hashes: 1, min_items: 3069885
 done (63.4653s, 426183945n)
[42] Running Pancake IDTHSwTrans(50%, states=3069885, limit=1800s)... done (3.45517s, 191540n)
[42] Running Pancake BiHS-Bloom(50%, optk, dynamic, size=23234KiB, k=24, fp_est=6.40875e-08, limit=628.031s)...Bloom filter size: 23234 KiB, k_hashes: 24, min_items: 3069885
 done (61.9657s, 426183945n)
[42] Running Pancake IDTHSwTrans(50%, states=3069885, limit=1800s)... done (3.44673s, 191540n)
[42] Running Pancake BiHS-Bloom(50%, rootk, dynamic, size=23234KiB, k=5, fp_est=4.48565e-05, limit=628.031s)...Bloom filter size: 23234 KiB, k_hashes: 5, min_items: 3069885
 done (60.5209s, 426183945n)
[42] Running Pancake IDTHSwTrans(50%, states=3069885, limit=1800s)... done (3.45059s, 191540n)
[42] Running Pancake BiHS-Bloom(10%, k1, dynamic, size=4647KiB, k=1, fp_est=0.135004, limit=628.031s)...Bloom filter size: 4647 KiB, k_hashes: 1, min_items: 614003
 done (63.3618s, 426183945n)
[42] Running Pancake IDTHSwTrans(10%, states=613977, limit=1800s)... done (3.45625s, 191540n)
[42] Running Pancake BiHS-Bloom(10%, optk, dynamic, size=4647KiB, k=5, fp_est=0.0364919, limit=628.031s)...Bloom filter size: 4647 KiB, k_hashes: 5, min_items: 614003
 done (60.4621s, 426183945n)
[42] Running Pancake IDTHSwTrans(10%, states=613977, limit=1800s)... done (3.4527s, 191540n)
[42] Running Pancake BiHS-Bloom(10%, rootk, dynamic, size=4647KiB, k=2, fp_est=0.0633944, limit=628.031s)...Bloom filter size: 4647 KiB, k_hashes: 2, min_items: 614003
 done (60.2669s, 426183945n)
[42] Running Pancake IDTHSwTrans(10%, states=613977, limit=1800s)... done (3.45416s, 191540n)
[42] Running Pancake BiHS-Bloom(1%, k1, dynamic, size=465KiB, k=1, fp_est=0.765282, limit=628.031s)...Bloom filter size: 465 KiB, k_hashes: 1, min_items: 61440
 done (99.2979s, 811783227n)
[42] Running Pancake IDTHSwTrans(1%, states=61397, limit=1800s)... done (2.67846s, 115445n)
[42] Running Pancake BiHS-Bloom(1%, optk, dynamic, size=465KiB, k=1, fp_est=0.765282, limit=628.031s)...Bloom filter size: 465 KiB, k_hashes: 1, min_items: 61440
 done (99.2022s, 811783227n)
[42] Running Pancake IDTHSwTrans(1%, states=61397, limit=1800s)... done (2.67669s, 115445n)
[42] Running Pancake BiHS-Bloom(1%, rootk, dynamic, size=465KiB, k=1, fp_est=0.765282, limit=628.031s)...Bloom filter size: 465 KiB, k_hashes: 1, min_items: 61440
 done (99.1804s, 811783227n)
[42] Running Pancake IDTHSwTrans(1%, states=61397, limit=1800s)... done (2.67477s, 115445n)
[42] Running Pancake BiHS-Bloom(0.1%, k1, dynamic, size=46KiB, k=1, fp_est=1, limit=628.031s)...Bloom filter size: 46 KiB, k_hashes: 1, min_items: 6077
[TYPE] Splitting depth 16 into 8 hash types (Ff=2811507, Fb=2120485, min_items=6077)
 done (59.2982s, 529890051n)
[42] Running Pancake IDTHSwTrans(0.1%, states=6139, limit=1800s)... done (3.25247s, 162201n)
[42] Running Pancake BiHS-Bloom(0.1%, optk, dynamic, size=46KiB, k=1, fp_est=1, limit=628.031s)...Bloom filter size: 46 KiB, k_hashes: 1, min_items: 6077
[TYPE] Splitting depth 16 into 8 hash types (Ff=2811507, Fb=2116798, min_items=6077)
 done (59.3329s, 529890051n)
[42] Running Pancake IDTHSwTrans(0.1%, states=6139, limit=1800s)... done (3.25724s, 162201n)
[42] Running Pancake BiHS-Bloom(0.1%, rootk, dynamic, size=46KiB, k=1, fp_est=1, limit=628.031s)...Bloom filter size: 46 KiB, k_hashes: 1, min_items: 6077
[TYPE] Splitting depth 16 into 8 hash types (Ff=2811507, Fb=2119046, min_items=6077)
 done (59.3033s, 529890051n)
[42] Running Pancake IDTHSwTrans(0.1%, states=6139, limit=1800s)... done (3.24908s, 162201n)
Pancake #42 | A*: 13.1319s/395218n | Rev-A*: 13.4537s/395218n | BAE*: 10.4335s/499347n | NBS: 31.4016s/708816n | MM: 15.5797s/708816n | IDA*: 2.30142s/1090513n | Parallel IDA*: 8.42928s/1884525n | Rev-IDA*: 2.28868s/1090513n | BiHS-Bloom(50%,k1,dynamic): 63.4653s/426183945n | IDTHSwTrans(50%): 3.45517s/191540n | BiHS-Bloom(50%,optk,dynamic): 61.9657s/426183945n | IDTHSwTrans(50%): 3.44673s/191540n | BiHS-Bloom(50%,rootk,dynamic): 60.5209s/426183945n | IDTHSwTrans(50%): 3.45059s/191540n | BiHS-Bloom(10%,k1,dynamic): 63.3618s/426183945n | IDTHSwTrans(10%): 3.45625s/191540n | BiHS-Bloom(10%,optk,dynamic): 60.4621s/426183945n | IDTHSwTrans(10%): 3.4527s/191540n | BiHS-Bloom(10%,rootk,dynamic): 60.2669s/426183945n | IDTHSwTrans(10%): 3.45416s/191540n | BiHS-Bloom(1%,k1,dynamic): 99.2979s/811783227n | IDTHSwTrans(1%): 2.67846s/115445n | BiHS-Bloom(1%,optk,dynamic): 99.2022s/811783227n | IDTHSwTrans(1%): 2.67669s/115445n | BiHS-Bloom(1%,rootk,dynamic): 99.1804s/811783227n | IDTHSwTrans(1%): 2.67477s/115445n | BiHS-Bloom(0.1%,k1,dynamic): 59.2982s/529890051n | IDTHSwTrans(0.1%): 3.25247s/162201n | BiHS-Bloom(0.1%,optk,dynamic): 59.3329s/529890051n | IDTHSwTrans(0.1%): 3.25724s/162201n | BiHS-Bloom(0.1%,rootk,dynamic): 59.3033s/529890051n | IDTHSwTrans(0.1%): 3.24908s/162201n | Length: 16
Results written to results/stp_pancake/parts/benchmark_pancake_42.csv
