------------------------------------
Sat 27 Jun 2026 21:31:12 IDT
SLURM_JOBID:		18471477
SLURM_JOB_NODELIST:	cs-cpu-06
SLURM_SCRATCH_DIR:	
Allocated Resouces:	cpu - 2 / mem - 65536 MB / gpu - 
SLURM_GPU_INDEX:	
Running as omerpr from felner account with normal QOS
------------------------------------
------------------------------------
Sat 27 Jun 2026 21:31:12 IDT
SLURM_JOBID:		18471477
SLURM_JOB_NODELIST:	cs-cpu-06
SLURM_SCRATCH_DIR:	
Allocated Resouces:	cpu - 2 / mem - 65536 MB / gpu - 
SLURM_GPU_INDEX:	
Running as omerpr from felner account with normal QOS
------------------------------------
Domain: Pancake Puzzle
[16] Running Pancake A*... done (0.303086s, 4222n)
[16] Running Pancake Rev-A*... done (0.18912s, 3384n)
[16] Skipping BAE*, NBS, IDA*, Rev-IDA*, and Parallel IDA*; use --full to run them
[16] Running Pancake MM... done (0.199925s, 7378n)
[16] Pancake BiHS-Bloom timeout limit: 120s
[16] Pancake IDTHSwTrans state bound baseline: 58470
[16] Running Pancake BiHS-Bloom(50%, optk, dynamic, size=221KiB, k=18, fp_est=5.22899e-06, limit=120s)...Bloom filter size: 221 KiB, k_hashes: 18, min_items: 29200
 done (0.582925s, 3309105n)
[16] Running Pancake IDTHSwTrans(50%, states=29235, limit=1800s)... done (0.0951411s, 21455n)
[16] Running Pancake BiHS-Bloom(10%, optk, dynamic, size=44KiB, k=3, fp_est=0.0902376, limit=120s)...Bloom filter size: 44 KiB, k_hashes: 3, min_items: 5813
 done (0.486446s, 3309105n)
[16] Running Pancake IDTHSwTrans(10%, states=5847, limit=1800s)... done (0.0402473s, 10866n)
[16] Running Pancake BiHS-Bloom(1%, optk, dynamic, size=4KiB, k=1, fp_est=0.88722, limit=120s)...Bloom filter size: 4 KiB, k_hashes: 1, min_items: 528
 done (0.595844s, 4668360n)
[16] Running Pancake IDTHSwTrans(1%, states=584, limit=1800s)... done (0.0427702s, 7761n)
[16] Running Pancake BiHS-Bloom(0.1%, optk, dynamic, size=1KiB, k=1, fp_est=0.999838, limit=120s)...Bloom filter size: 1 KiB, k_hashes: 1, min_items: 132
[TYPE] Splitting depth 14 into 2 hash types (Ff=14288, Fb=1913, min_items=132)
 done (0.580758s, 4668360n)
[16] Running Pancake IDTHSwTrans(0.1%, states=58, limit=1800s)... done (0.0411487s, 8152n)
Pancake #16 | A*: 0.303086s/4222n | Rev-A*: 0.18912s/3384n | BAE*: -3s/0n | NBS: -3s/0n | MM: 0.199925s/7378n | IDA*: -3s/0n | Parallel IDA*: -3s/0n | Rev-IDA*: -3s/0n | BiHS-Bloom(50%,optk,dynamic): 0.582925s/3309105n | IDTHSwTrans(50%): 0.0951411s/21455n | BiHS-Bloom(10%,optk,dynamic): 0.486446s/3309105n | IDTHSwTrans(10%): 0.0402473s/10866n | BiHS-Bloom(1%,optk,dynamic): 0.595844s/4668360n | IDTHSwTrans(1%): 0.0427702s/7761n | BiHS-Bloom(0.1%,optk,dynamic): 0.580758s/4668360n | IDTHSwTrans(0.1%): 0.0411487s/8152n | Length: 14
Results written to results/stp_pancake/parts/benchmark_pancake_16.csv
