------------------------------------
Mon 29 Jun 2026 00:18:23 IDT
SLURM_JOBID:		18545523
SLURM_JOB_NODELIST:	ise-cpu256-01
SLURM_SCRATCH_DIR:	/scratch/omerpr/18545523
Allocated Resouces:	cpu - 2 / mem - 102400 MB / gpu - 
SLURM_GPU_INDEX:	
Running as omerpr from felner account with normal QOS
------------------------------------
------------------------------------
Mon 29 Jun 2026 00:18:24 IDT
SLURM_JOBID:		18545523
SLURM_JOB_NODELIST:	ise-cpu256-01
SLURM_SCRATCH_DIR:	/scratch/omerpr/18545523
Allocated Resouces:	cpu - 2 / mem - 102400 MB / gpu - 
SLURM_GPU_INDEX:	
Running as omerpr from felner account with normal QOS
------------------------------------
Domain: Sliding Tile Puzzle
Starting Korf's Puzzle #64

[64] Running A*... done (2.18302s, 920340n)
[64] Running Rev-A*... done (0.921707s, 442925n)
[64] Running BAE*... done (0.962783s, 410064n)
[64] Running NBS... done (2.01937s, 627132n)
[64] Running MM... done (1.84282s, 795641n)
[64] Running IDA*... done (0.907001s, 4189042n)
[64] Running Rev-IDA*... done (0.249995s, 1175718n)
[64] Running Parallel IDA*...54 pieces of work generated
Starting iteration with bound 31.000000; 41 expanded, 134 generated
Starting iteration with bound 33.000000; 41 expanded, 134 generated
Starting iteration with bound 35.000000; 79 expanded, 244 generated
Starting iteration with bound 37.000000; 477 expanded, 1419 generated
Starting iteration with bound 39.000000; 3680 expanded, 10998 generated
Starting iteration with bound 41.000000; 23501 expanded, 70684 generated
Starting iteration with bound 43.000000; 135656 expanded, 408868 generated
Starting iteration with bound 45.000000; 733670 expanded, 2214837 generated
Starting iteration with bound 47.000000; 3825512 expanded, 11566693 generated
 done (1.06535s, 7934911n)
[64] BiHS-Bloom timeout limit: 120s
[64] IDTHSwTrans state bound baseline: 819641
[64] Running BiHS-Bloom(50%, k1, dynamic, size=2251KiB, k=1, fp_est=0.0548568, limit=120s)...
Bloom filter size: 2251 KiB, k_hashes: 1, min_items: 409782
 done (1.3366s, 22038902n)
[64] Running IDTHSwTrans(50%, states=409820, limit=1800s)... done (0.859975s, 250199n)
[64] Running BiHS-Bloom(50%, optk, dynamic, size=2251KiB, k=12, fp_est=0.000200561, limit=120s)...
Bloom filter size: 2251 KiB, k_hashes: 12, min_items: 409782
 done (1.33395s, 22038902n)
[64] Running IDTHSwTrans(50%, states=409820, limit=1800s)... done (0.857446s, 250199n)
[64] Running BiHS-Bloom(50%, rootk, dynamic, size=2251KiB, k=3, fp_est=0.00377511, limit=120s)...
Bloom filter size: 2251 KiB, k_hashes: 3, min_items: 409782
 done (1.32808s, 22038902n)
[64] Running IDTHSwTrans(50%, states=409820, limit=1800s)... done (0.856418s, 250199n)
[64] Running BiHS-Bloom(10%, k1, dynamic, size=450KiB, k=1, fp_est=0.245892, limit=120s)...
Bloom filter size: 450 KiB, k_hashes: 1, min_items: 81920
 done (1.32973s, 22038902n)
[64] Running IDTHSwTrans(10%, states=81964, limit=1800s)... done (0.85263s, 250199n)
[64] Running BiHS-Bloom(10%, optk, dynamic, size=450KiB, k=2, fp_est=0.186038, limit=120s)...
Bloom filter size: 450 KiB, k_hashes: 2, min_items: 81920
 done (1.35573s, 22038902n)
[64] Running IDTHSwTrans(10%, states=81964, limit=1800s)... done (0.858345s, 250199n)
[64] Running BiHS-Bloom(10%, rootk, dynamic, size=450KiB, k=1, fp_est=0.245892, limit=120s)...
Bloom filter size: 450 KiB, k_hashes: 1, min_items: 81920
 done (1.33943s, 22038902n)
[64] Running IDTHSwTrans(10%, states=81964, limit=1800s)... done (0.854741s, 250199n)
[64] Running BiHS-Bloom(1%, k1, dynamic, size=45KiB, k=1, fp_est=0.940525, limit=120s)...
Bloom filter size: 45 KiB, k_hashes: 1, min_items: 8192
 done (1.41659s, 22038902n)
[64] Running IDTHSwTrans(1%, states=8196, limit=1800s)... done (0.726653s, 236286n)
[64] Running BiHS-Bloom(1%, optk, dynamic, size=45KiB, k=1, fp_est=0.940525, limit=120s)...
Bloom filter size: 45 KiB, k_hashes: 1, min_items: 8192
 done (1.42806s, 22038902n)
[64] Running IDTHSwTrans(1%, states=8196, limit=1800s)... done (0.723736s, 236286n)
[64] Running BiHS-Bloom(1%, rootk, dynamic, size=45KiB, k=1, fp_est=0.940525, limit=120s)...
Bloom filter size: 45 KiB, k_hashes: 1, min_items: 8192
 done (1.48584s, 22038902n)
[64] Running IDTHSwTrans(1%, states=8196, limit=1800s)... done (0.72698s, 236286n)
[64] Running BiHS-Bloom(0.1%, k1, dynamic, size=5KiB, k=1, fp_est=1, limit=120s)...
Bloom filter size: 5 KiB, k_hashes: 1, min_items: 910
 done (1.40909s, 22038902n)
[64] Running IDTHSwTrans(0.1%, states=819, limit=1800s)... done (0.752717s, 343515n)
[64] Running BiHS-Bloom(0.1%, optk, dynamic, size=5KiB, k=1, fp_est=1, limit=120s)...
Bloom filter size: 5 KiB, k_hashes: 1, min_items: 910
 done (0.989944s, 22047155n)
[64] Running IDTHSwTrans(0.1%, states=819, limit=1800s)... done (0.749364s, 343515n)
[64] Running BiHS-Bloom(0.1%, rootk, dynamic, size=5KiB, k=1, fp_est=1, limit=120s)...
Bloom filter size: 5 KiB, k_hashes: 1, min_items: 910
 done (1.42057s, 22038902n)
[64] Running IDTHSwTrans(0.1%, states=819, limit=1800s)... done (0.756781s, 343515n)
Puzzle #64 | A*: 2.18302s/920340n | Rev-A*: 0.921707s/442925n | BAE*: 0.962783s/410064n | NBS: 2.01937s/627132n | MM: 1.84282s/795641n | IDA*: 0.907001s/4189042n | Parallel IDA*: 1.06535s/7934911n | Rev-IDA*: 0.249995s/1175718n | BiHS-Bloom(50%,k1,dynamic): 1.3366s/22038902n | IDTHSwTrans(50%): 0.859975s/250199n | BiHS-Bloom(50%,optk,dynamic): 1.33395s/22038902n | IDTHSwTrans(50%): 0.857446s/250199n | BiHS-Bloom(50%,rootk,dynamic): 1.32808s/22038902n | IDTHSwTrans(50%): 0.856418s/250199n | BiHS-Bloom(10%,k1,dynamic): 1.32973s/22038902n | IDTHSwTrans(10%): 0.85263s/250199n | BiHS-Bloom(10%,optk,dynamic): 1.35573s/22038902n | IDTHSwTrans(10%): 0.858345s/250199n | BiHS-Bloom(10%,rootk,dynamic): 1.33943s/22038902n | IDTHSwTrans(10%): 0.854741s/250199n | BiHS-Bloom(1%,k1,dynamic): 1.41659s/22038902n | IDTHSwTrans(1%): 0.726653s/236286n | BiHS-Bloom(1%,optk,dynamic): 1.42806s/22038902n | IDTHSwTrans(1%): 0.723736s/236286n | BiHS-Bloom(1%,rootk,dynamic): 1.48584s/22038902n | IDTHSwTrans(1%): 0.72698s/236286n | BiHS-Bloom(0.1%,k1,dynamic): 1.40909s/22038902n | IDTHSwTrans(0.1%): 0.752717s/343515n | BiHS-Bloom(0.1%,optk,dynamic): 0.989944s/22047155n | IDTHSwTrans(0.1%): 0.749364s/343515n | BiHS-Bloom(0.1%,rootk,dynamic): 1.42057s/22038902n | IDTHSwTrans(0.1%): 0.756781s/343515n | Length: 47
Results written to results/stp_pancake/parts/benchmark_stp_64.csv
