------------------------------------
Sat 27 Jun 2026 21:55:32 IDT
SLURM_JOBID:		18472664
SLURM_JOB_NODELIST:	ise-cpu-intl-24
SLURM_SCRATCH_DIR:	
Allocated Resouces:	cpu - 2 / mem - 65536 MB / gpu - 
SLURM_GPU_INDEX:	
Running as omerpr from felner account with normal QOS
------------------------------------
------------------------------------
Sat 27 Jun 2026 21:55:32 IDT
SLURM_JOBID:		18472664
SLURM_JOB_NODELIST:	ise-cpu-intl-24
SLURM_SCRATCH_DIR:	
Allocated Resouces:	cpu - 2 / mem - 65536 MB / gpu - 
SLURM_GPU_INDEX:	
Running as omerpr from felner account with normal QOS
------------------------------------
Domain: Pancake Puzzle
[78] Running Pancake A*... done (2.62353s, 55335n)
[78] Running Pancake Rev-A*... done (2.49658s, 56891n)
[78] Skipping BAE*, NBS, IDA*, Rev-IDA*, and Parallel IDA*; use --full to run them
[78] Running Pancake MM... done (3.04161s, 108235n)
[78] Pancake BiHS-Bloom timeout limit: 120s
[78] Pancake IDTHSwTrans state bound baseline: 904198
[78] Running Pancake BiHS-Bloom(50%, optk, dynamic, size=3422KiB, k=22, fp_est=1.75047e-07, limit=120s)...Bloom filter size: 3422 KiB, k_hashes: 22, min_items: 452145
 done (13.562s, 70277931n)
[78] Running Pancake IDTHSwTrans(50%, states=452099, limit=1800s)... done (0.759034s, 90583n)
[78] Running Pancake BiHS-Bloom(10%, optk, dynamic, size=684KiB, k=4, fp_est=0.0451366, limit=120s)...Bloom filter size: 684 KiB, k_hashes: 4, min_items: 90376
 done (13.3816s, 70277931n)
[78] Running Pancake IDTHSwTrans(10%, states=90419, limit=1800s)... done (0.509591s, 54898n)
[78] Running Pancake BiHS-Bloom(1%, optk, dynamic, size=68KiB, k=1, fp_est=0.788567, limit=120s)...Bloom filter size: 68 KiB, k_hashes: 1, min_items: 8984
 done (18.0947s, 101953938n)
[78] Running Pancake IDTHSwTrans(1%, states=9041, limit=1800s)... done (0.551978s, 34184n)
[78] Running Pancake BiHS-Bloom(0.1%, optk, dynamic, size=7KiB, k=1, fp_est=1, limit=120s)...Bloom filter size: 7 KiB, k_hashes: 1, min_items: 924
[TYPE] Splitting depth 16 into 7 hash types (Ff=187720, Fb=136450, min_items=924)
 done (18.9449s, 101953938n)
[78] Running Pancake IDTHSwTrans(0.1%, states=904, limit=1800s)... done (0.636583s, 39746n)
Pancake #78 | A*: 2.62353s/55335n | Rev-A*: 2.49658s/56891n | BAE*: -3s/0n | NBS: -3s/0n | MM: 3.04161s/108235n | IDA*: -3s/0n | Parallel IDA*: -3s/0n | Rev-IDA*: -3s/0n | BiHS-Bloom(50%,optk,dynamic): 13.562s/70277931n | IDTHSwTrans(50%): 0.759034s/90583n | BiHS-Bloom(10%,optk,dynamic): 13.3816s/70277931n | IDTHSwTrans(10%): 0.509591s/54898n | BiHS-Bloom(1%,optk,dynamic): 18.0947s/101953938n | IDTHSwTrans(1%): 0.551978s/34184n | BiHS-Bloom(0.1%,optk,dynamic): 18.9449s/101953938n | IDTHSwTrans(0.1%): 0.636583s/39746n | Length: 16
Results written to results/stp_pancake/parts/benchmark_pancake_78.csv
