------------------------------------
Sat 27 Jun 2026 21:20:47 IDT
SLURM_JOBID:		18470925
SLURM_JOB_NODELIST:	ise-cpu-intl-23
SLURM_SCRATCH_DIR:	/scratch/omerpr/18470925
Allocated Resouces:	cpu - 2 / mem - 65536 MB / gpu - 
SLURM_GPU_INDEX:	
Running as omerpr from felner account with normal QOS
------------------------------------
------------------------------------
Sat 27 Jun 2026 21:20:47 IDT
SLURM_JOBID:		18470925
SLURM_JOB_NODELIST:	ise-cpu-intl-23
SLURM_SCRATCH_DIR:	/scratch/omerpr/18470925
Allocated Resouces:	cpu - 2 / mem - 65536 MB / gpu - 
SLURM_GPU_INDEX:	
Running as omerpr from felner account with normal QOS
------------------------------------
Domain: Sliding Tile Puzzle
Starting Korf's Puzzle #93

[93] Running A*... done (0.786128s, 273189n)
[93] Running Rev-A*... done (0.261361s, 104000n)
[93] Skipping BAE*, NBS, IDA*, Rev-IDA*, and Parallel IDA*; use --full to run them
[93] Running MM... done (0.693867s, 234029n)
[93] BiHS-Bloom timeout limit: 120s
[93] IDTHSwTrans state bound baseline: 195606
[93] Running BiHS-Bloom(50%, optk, dynamic, size=537KiB, k=10, fp_est=0.00132588, limit=120s)...
Bloom filter size: 537 KiB, k_hashes: 10, min_items: 97757
 done (0.325284s, 3997329n)
[93] Running IDTHSwTrans(50%, states=97803, limit=1800s)... done (0.253032s, 201973n)
[93] Running BiHS-Bloom(10%, optk, dynamic, size=107KiB, k=2, fp_est=0.26712, limit=120s)...
Bloom filter size: 107 KiB, k_hashes: 2, min_items: 19478
 done (0.324498s, 3997329n)
[93] Running IDTHSwTrans(10%, states=19560, limit=1800s)... done (0.29192s, 207526n)
[93] Running BiHS-Bloom(1%, optk, dynamic, size=11KiB, k=1, fp_est=0.970923, limit=120s)...
Bloom filter size: 11 KiB, k_hashes: 1, min_items: 2002
 done (0.503673s, 7527807n)
[93] Running IDTHSwTrans(1%, states=1956, limit=1800s)... done (0.271056s, 200692n)
[93] Running BiHS-Bloom(0.1%, optk, dynamic, size=1KiB, k=1, fp_est=1, limit=120s)...
Bloom filter size: 1 KiB, k_hashes: 1, min_items: 182
[TYPE] Splitting depth 53 into 8 hash types (Ff=29290, Fb=85450, min_items=182)
 done (0.894248s, 10154005n)
[93] Running IDTHSwTrans(0.1%, states=195, limit=1800s)... done (0.297248s, 244376n)
Puzzle #93 | A*: 0.786128s/273189n | Rev-A*: 0.261361s/104000n | BAE*: -3s/0n | NBS: -3s/0n | MM: 0.693867s/234029n | IDA*: -3s/0n | Parallel IDA*: -3s/0n | Rev-IDA*: -3s/0n | BiHS-Bloom(50%,optk,dynamic): 0.325284s/3997329n | IDTHSwTrans(50%): 0.253032s/201973n | BiHS-Bloom(10%,optk,dynamic): 0.324498s/3997329n | IDTHSwTrans(10%): 0.29192s/207526n | BiHS-Bloom(1%,optk,dynamic): 0.503673s/7527807n | IDTHSwTrans(1%): 0.271056s/200692n | BiHS-Bloom(0.1%,optk,dynamic): 0.894248s/10154005n | IDTHSwTrans(0.1%): 0.297248s/244376n | Length: 53
Results written to results/stp_pancake/parts/benchmark_stp_93.csv
