------------------------------------
Sat 27 Jun 2026 21:56:49 IDT
SLURM_JOBID:		18472731
SLURM_JOB_NODELIST:	ise-cpu-intl-11
SLURM_SCRATCH_DIR:	
Allocated Resouces:	cpu - 2 / mem - 65536 MB / gpu - 
SLURM_GPU_INDEX:	
Running as omerpr from felner account with normal QOS
------------------------------------
------------------------------------
Sat 27 Jun 2026 21:56:49 IDT
SLURM_JOBID:		18472731
SLURM_JOB_NODELIST:	ise-cpu-intl-11
SLURM_SCRATCH_DIR:	
Allocated Resouces:	cpu - 2 / mem - 65536 MB / gpu - 
SLURM_GPU_INDEX:	
Running as omerpr from felner account with normal QOS
------------------------------------
Domain: Pancake Puzzle
[82] Running Pancake A*... done (9.73647s, 279819n)
[82] Running Pancake Rev-A*... done (9.87997s, 279819n)
[82] Skipping BAE*, NBS, IDA*, Rev-IDA*, and Parallel IDA*; use --full to run them
[82] Running Pancake MM... done (11.5086s, 530674n)
[82] Pancake BiHS-Bloom timeout limit: 230.172s
[82] Pancake IDTHSwTrans state bound baseline: 4405811
[82] Running Pancake BiHS-Bloom(50%, optk, dynamic, size=16672KiB, k=23, fp_est=1.52216e-07, limit=230.172s)...Bloom filter size: 16672 KiB, k_hashes: 23, min_items: 2202855
 done (41.6121s, 297873789n)
[82] Running Pancake IDTHSwTrans(50%, states=2202905, limit=1800s)... done (3.95933s, 177563n)
[82] Running Pancake BiHS-Bloom(10%, optk, dynamic, size=3334KiB, k=5, fp_est=0.0437289, limit=230.172s)...Bloom filter size: 3334 KiB, k_hashes: 5, min_items: 440518
 done (41.452s, 297873789n)
[82] Running Pancake IDTHSwTrans(10%, states=440581, limit=1800s)... done (3.7828s, 157744n)
[82] Running Pancake BiHS-Bloom(1%, optk, dynamic, size=333KiB, k=1, fp_est=0.783943, limit=230.172s)...Bloom filter size: 333 KiB, k_hashes: 1, min_items: 43998
 done (43.9142s, 377880768n)
[82] Running Pancake IDTHSwTrans(1%, states=44058, limit=1800s)... done (3.86207s, 106882n)
[82] Running Pancake BiHS-Bloom(0.1%, optk, dynamic, size=33KiB, k=1, fp_est=1, limit=230.172s)...Bloom filter size: 33 KiB, k_hashes: 1, min_items: 4360
[TYPE] Splitting depth 16 into 8 hash types (Ff=1793773, Fb=584309, min_items=4360)
 done (166.73s, 697908684n)
[82] Running Pancake IDTHSwTrans(0.1%, states=4405, limit=1800s)... done (3.81223s, 133281n)
Pancake #82 | A*: 9.73647s/279819n | Rev-A*: 9.87997s/279819n | BAE*: -3s/0n | NBS: -3s/0n | MM: 11.5086s/530674n | IDA*: -3s/0n | Parallel IDA*: -3s/0n | Rev-IDA*: -3s/0n | BiHS-Bloom(50%,optk,dynamic): 41.6121s/297873789n | IDTHSwTrans(50%): 3.95933s/177563n | BiHS-Bloom(10%,optk,dynamic): 41.452s/297873789n | IDTHSwTrans(10%): 3.7828s/157744n | BiHS-Bloom(1%,optk,dynamic): 43.9142s/377880768n | IDTHSwTrans(1%): 3.86207s/106882n | BiHS-Bloom(0.1%,optk,dynamic): 166.73s/697908684n | IDTHSwTrans(0.1%): 3.81223s/133281n | Length: 16
Results written to results/stp_pancake/parts/benchmark_pancake_82.csv
