------------------------------------
Sun 28 Jun 2026 02:41:04 IDT
SLURM_JOBID:		18486131
SLURM_JOB_NODELIST:	ise-cpu-intl-10
SLURM_SCRATCH_DIR:	
Allocated Resouces:	cpu - 2 / mem - 65536 MB / gpu - 
SLURM_GPU_INDEX:	
Running as omerpr from felner account with normal QOS
------------------------------------
------------------------------------
Sun 28 Jun 2026 02:41:04 IDT
SLURM_JOBID:		18486131
SLURM_JOB_NODELIST:	ise-cpu-intl-10
SLURM_SCRATCH_DIR:	
Allocated Resouces:	cpu - 2 / mem - 65536 MB / gpu - 
SLURM_GPU_INDEX:	
Running as omerpr from felner account with normal QOS
------------------------------------
Domain: Pancake Puzzle
[51] Running Pancake A*... done (1.54232s, 45397n)
[51] Running Pancake Rev-A*... done (1.42815s, 45425n)
[51] Running Pancake BAE*... done (0.935086s, 60279n)
[51] Running Pancake NBS... done (3.72043s, 79778n)
[51] Running Pancake MM... done (2.32235s, 92087n)
[51] Running Pancake IDA*... done (0.57273s, 251980n)
[51] Running Pancake Rev-IDA*... done (0.673566s, 296144n)
[51] Running Pancake Parallel IDA*...1994544 pieces of work generated
Starting iteration with bound 10.000000; 117326 expanded, 2229194 generated
Starting iteration with bound 11.000000; 117326 expanded, 2229194 generated
Starting iteration with bound 12.000000; 117326 expanded, 2229194 generated
Starting iteration with bound 13.000000; 117381 expanded, 2230239 generated
Starting iteration with bound 14.000000; 119502 expanded, 2270538 generated
Starting iteration with bound 15.000000; 172979 expanded, 3286601 generated
 done (7.31064s, 480455n)
[51] Pancake BiHS-Bloom timeout limit: 146.213s
[51] Pancake IDTHSwTrans state bound baseline: 742026
[51] Running Pancake BiHS-Bloom(50%, optk, dynamic, size=2808KiB, k=18, fp_est=3.28855e-06, limit=146.213s)...Bloom filter size: 2808 KiB, k_hashes: 18, min_items: 371018
 done (6.139s, 40718694n)
[51] Running Pancake IDTHSwTrans(50%, states=371013, limit=1800s)... done (1.17019s, 79012n)
[51] Running Pancake BiHS-Bloom(10%, optk, dynamic, size=562KiB, k=4, fp_est=0.0804548, limit=146.213s)...Bloom filter size: 562 KiB, k_hashes: 4, min_items: 74256
 done (6.12071s, 40718694n)
[51] Running Pancake IDTHSwTrans(10%, states=74202, limit=1800s)... done (0.634098s, 51643n)
[51] Running Pancake BiHS-Bloom(1%, optk, dynamic, size=56KiB, k=1, fp_est=0.851642, limit=146.213s)...Bloom filter size: 56 KiB, k_hashes: 1, min_items: 7399
 done (6.20363s, 48066297n)
[51] Running Pancake IDTHSwTrans(1%, states=7420, limit=1800s)... done (0.675093s, 41840n)
[51] Running Pancake BiHS-Bloom(0.1%, optk, dynamic, size=6KiB, k=1, fp_est=1, limit=146.213s)...Bloom filter size: 6 KiB, k_hashes: 1, min_items: 792
[TYPE] Splitting depth 15 into 7 hash types (Ff=240082, Fb=75938, min_items=792)
 done (6.50747s, 48066297n)
[51] Running Pancake IDTHSwTrans(0.1%, states=742, limit=1800s)... done (0.819522s, 57937n)
Pancake #51 | A*: 1.54232s/45397n | Rev-A*: 1.42815s/45425n | BAE*: 0.935086s/60279n | NBS: 3.72043s/79778n | MM: 2.32235s/92087n | IDA*: 0.57273s/251980n | Parallel IDA*: 7.31064s/480455n | Rev-IDA*: 0.673566s/296144n | BiHS-Bloom(50%,optk,dynamic): 6.139s/40718694n | IDTHSwTrans(50%): 1.17019s/79012n | BiHS-Bloom(10%,optk,dynamic): 6.12071s/40718694n | IDTHSwTrans(10%): 0.634098s/51643n | BiHS-Bloom(1%,optk,dynamic): 6.20363s/48066297n | IDTHSwTrans(1%): 0.675093s/41840n | BiHS-Bloom(0.1%,optk,dynamic): 6.50747s/48066297n | IDTHSwTrans(0.1%): 0.819522s/57937n | Length: 15
Results written to results/stp_pancake/parts/benchmark_pancake_51.csv
