nohup: ignoring input
Domain: Sliding Tile Puzzle
Starting Korf's Puzzle #0

[0] Running A*... done (35.1076s, 10000000n)
[0] Running Rev-A*... done (8.94193s, 1874136n)
[0] Running IDA*... done (74.9353s, 304003048n)
[0] Running Rev-IDA*... done (3.00446s, 11590707n)
[0] BiHS-Bloom timeout limit: 1498.71s
[0] Skipping BiHS-Bloom (no frontierSize from MM)
Puzzle #0 | A*: 35.1076s/10000000n | Rev-A*: 8.94193s/1874136n | BAE*: -1s/0n | MM: -1s/0n | IDA*: 74.9353s/304003048n | Rev-IDA*: 3.00446s/11590707n | BiHS-Bloom(50%): -1s/0n | BiHS-Bloom(10%): -1s/0n | BiHS-Bloom(1%): -1s/0n | Length: 57
Starting Korf's Puzzle #1

[1] Running A*... done (13.7258s, 4469035n)
[1] Running Rev-A*... done (11.4019s, 3733395n)
[1] Running BAE*... done (4.44166s, 1319548n)
[1] Running MM... done (8.208s, 2526800n)
[1] Running IDA*... done (2.70767s, 10765455n)
[1] Running Rev-IDA*... done (15.033s, 57675697n)
[1] BiHS-Bloom timeout limit: 300.661s
[1] Running BiHS-Bloom(50%, size=5137KiB, k=1, fp_est=0.851543, limit=300.661s)...
 done (66.6164s, 788024650n)
[1] Running BiHS-Bloom(10%, size=1027KiB, k=1, fp_est=0.999928, limit=300.661s)...
 TIMED OUT (3673921274n)
Puzzle #1 | A*: 13.7258s/4469035n | Rev-A*: 11.4019s/3733395n | BAE*: 4.44166s/1319548n | MM: 8.208s/2526800n | IDA*: 2.70767s/10765455n | Rev-IDA*: 15.033s/57675697n | BiHS-Bloom(50%): 66.6164s/788024650n | BiHS-Bloom(10%): -1s/3673921274n | BiHS-Bloom(1%): -1s/0n | Length: 55
Starting Korf's Puzzle #2

[2] Running A*... done (30.5722s, 10000000n)
[2] Running Rev-A*... done (33.4309s, 10000000n)
[2] A* hit node cap both directions — skipping instance
Puzzle #2 | A*: 30.5722s/10000000n | Rev-A*: 33.4309s/10000000n | BAE*: -1s/0n | MM: -1s/0n | IDA*: -1s/0n | Rev-IDA*: -1s/0n | BiHS-Bloom(50%): -1s/0n | BiHS-Bloom(10%): -1s/0n | BiHS-Bloom(1%): -1s/0n | Length: -1
Starting Korf's Puzzle #3

[3] Running A*... done (17.9644s, 5253694n)
[3] Running Rev-A*... done (6.94569s, 1982253n)
[3] Running BAE*... done (5.21731s, 1611600n)
[3] Running MM... done (12.1515s, 3804237n)
[3] Running IDA*... done (12.5165s, 49797447n)
[3] Running Rev-IDA*... done (2.07798s, 7949029n)
[3] BiHS-Bloom timeout limit: 359.289s
[3] Running BiHS-Bloom(50%, size=6400KiB, k=1, fp_est=0.987074, limit=359.289s)...
 done (95.809s, 1143293378n)
[3] Running BiHS-Bloom(10%, size=1280KiB, k=1, fp_est=1, limit=359.289s)...
 TIMED OUT (4520767633n)
Puzzle #3 | A*: 17.9644s/5253694n | Rev-A*: 6.94569s/1982253n | BAE*: 5.21731s/1611600n | MM: 12.1515s/3804237n | IDA*: 12.5165s/49797447n | Rev-IDA*: 2.07798s/7949029n | BiHS-Bloom(50%): 95.809s/1143293378n | BiHS-Bloom(10%): -1s/4520767633n | BiHS-Bloom(1%): -1s/0n | Length: 56
Starting Korf's Puzzle #4

[4] Running A*... done (5.46609s, 2026145n)
[4] Running Rev-A*... done (5.39426s, 2031500n)
[4] Running BAE*... done (2.4782s, 811824n)
[4] Running MM... done (8.23568s, 2633273n)
[4] Running IDA*... done (1.97924s, 8104910n)
[4] Running Rev-IDA*... done (7.50383s, 29541832n)
[4] BiHS-Bloom timeout limit: 164.714s
[4] Running BiHS-Bloom(50%, size=3651KiB, k=1, fp_est=0.973449, limit=164.714s)...
 done (68.5177s, 874002784n)
[4] Running BiHS-Bloom(10%, size=730KiB, k=1, fp_est=1, limit=164.714s)...
 TIMED OUT (2231883129n)
Puzzle #4 | A*: 5.46609s/2026145n | Rev-A*: 5.39426s/2031500n | BAE*: 2.4782s/811824n | MM: 8.23568s/2633273n | IDA*: 1.97924s/8104910n | Rev-IDA*: 7.50383s/29541832n | BiHS-Bloom(50%): 68.5177s/874002784n | BiHS-Bloom(10%): -1s/2231883129n | BiHS-Bloom(1%): -1s/0n | Length: 56
Starting Korf's Puzzle #5

[5] Running A*... done (2.62798s, 970209n)
[5] Running Rev-A*... done (2.90921s, 1074100n)
[5] Running BAE*... done (1.08276s, 387233n)
[5] Running MM... done (3.15024s, 1055016n)
[5] Running IDA*... done (1.00104s, 3899943n)
[5] Running Rev-IDA*... done (0.906026s, 3524872n)
[5] BiHS-Bloom timeout limit: 120s
[5] Running BiHS-Bloom(50%, size=1510KiB, k=1, fp_est=0.992799, limit=120s)...
 done (24.1171s, 302519342n)
[5] Running BiHS-Bloom(10%, size=302KiB, k=1, fp_est=1, limit=120s)...
 TIMED OUT (1607137453n)
Puzzle #5 | A*: 2.62798s/970209n | Rev-A*: 2.90921s/1074100n | BAE*: 1.08276s/387233n | MM: 3.15024s/1055016n | IDA*: 1.00104s/3899943n | Rev-IDA*: 0.906026s/3524872n | BiHS-Bloom(50%): 24.1171s/302519342n | BiHS-Bloom(10%): -1s/1607137453n | BiHS-Bloom(1%): -1s/0n | Length: 52
Starting Korf's Puzzle #6

[6] Running A*... done (22.0916s, 7150651n)
[6] Running Rev-A*... done (27.5094s, 8511886n)
[6] Running BAE*... done (6.55245s, 1406962n)
[6] Running MM... done (19.8979s, 5816055n)
[6] Running IDA*... done (19.5969s, 77566293n)
[6] Running Rev-IDA*... done (19.9258s, 76631287n)
[6] BiHS-Bloom timeout limit: 550.187s
[6] Running BiHS-Bloom(50%, size=7347KiB, k=1, fp_est=0.989453, limit=550.187s)...
 done (269.163s, 3205209342n)
[6] Running BiHS-Bloom(10%, size=1469KiB, k=1, fp_est=1, limit=550.187s)...
 TIMED OUT (6635234636n)
Puzzle #6 | A*: 22.0916s/7150651n | Rev-A*: 27.5094s/8511886n | BAE*: 6.55245s/1406962n | MM: 19.8979s/5816055n | IDA*: 19.5969s/77566293n | Rev-IDA*: 19.9258s/76631287n | BiHS-Bloom(50%): 269.163s/3205209342n | BiHS-Bloom(10%): -1s/6635234636n | BiHS-Bloom(1%): -1s/0n | Length: 52
Starting Korf's Puzzle #7

[7] Running A*... done (7.62209s, 2667826n)
[7] Running Rev-A*... done (2.58418s, 972737n)
[7] Running BAE*... done (3.2493s, 915333n)
[7] Running MM... done (7.18566s, 2259375n)
[7] Running IDA*... done (7.12287s, 27825822n)
[7] Running Rev-IDA*... done (3.5549s, 13816152n)
[7] BiHS-Bloom timeout limit: 152.442s
[7] Running BiHS-Bloom(50%, size=4619KiB, k=1, fp_est=0.971774, limit=152.442s)...
 done (44.0626s, 530741654n)
[7] Running BiHS-Bloom(10%, size=923KiB, k=1, fp_est=1, limit=152.442s)...
 TIMED OUT (2029762495n)
Puzzle #7 | A*: 7.62209s/2667826n | Rev-A*: 2.58418s/972737n | BAE*: 3.2493s/915333n | MM: 7.18566s/2259375n | IDA*: 7.12287s/27825822n | Rev-IDA*: 3.5549s/13816152n | BiHS-Bloom(50%): 44.0626s/530741654n | BiHS-Bloom(10%): -1s/2029762495n | BiHS-Bloom(1%): -1s/0n | Length: 50
Starting Korf's Puzzle #8

[8] Running A*... done (0.846474s, 330770n)
[8] Running Rev-A*... done (0.600823s, 262425n)
[8] Running BAE*... done (0.473779s, 178596n)
[8] Running MM... done (0.865663s, 340901n)
[8] Running IDA*... done (0.426999s, 1693833n)
[8] Running Rev-IDA*... done (0.351572s, 1428899n)
[8] BiHS-Bloom timeout limit: 120s
[8] Running BiHS-Bloom(50%, size=835KiB, k=1, fp_est=0.876287, limit=120s)...
 done (4.47395s, 53062950n)
[8] Running BiHS-Bloom(10%, size=167KiB, k=1, fp_est=0.999971, limit=120s)...
 TIMED OUT (1571239317n)
Puzzle #8 | A*: 0.846474s/330770n | Rev-A*: 0.600823s/262425n | BAE*: 0.473779s/178596n | MM: 0.865663s/340901n | IDA*: 0.426999s/1693833n | Rev-IDA*: 0.351572s/1428899n | BiHS-Bloom(50%): 4.47395s/53062950n | BiHS-Bloom(10%): -1s/1571239317n | BiHS-Bloom(1%): -1s/0n | Length: 46
Starting Korf's Puzzle #9

[9] Running A*... done (31.2155s, 10000000n)
[9] Running Rev-A*... done (22.0505s, 6950463n)
[9] Running IDA*... done (60.3813s, 236596537n)
[9] Running Rev-IDA*... done (17.3947s, 69627205n)
[9] BiHS-Bloom timeout limit: 1207.63s
[9] Skipping BiHS-Bloom (no frontierSize from MM)
Puzzle #9 | A*: 31.2155s/10000000n | Rev-A*: 22.0505s/6950463n | BAE*: -1s/0n | MM: -1s/0n | IDA*: 60.3813s/236596537n | Rev-IDA*: 17.3947s/69627205n | BiHS-Bloom(50%): -1s/0n | BiHS-Bloom(10%): -1s/0n | BiHS-Bloom(1%): -1s/0n | Length: 59
Starting Korf's Puzzle #10

[10] Running A*... done (10.2039s, 3520146n)
[10] Running Rev-A*... done (3.26061s, 1238012n)
[10] Running BAE*... done (4.07809s, 1233052n)
[10] Running MM... done (9.90936s, 3162192n)
[10] Running IDA*... done (4.32333s, 17489371n)
[10] Running Rev-IDA*... done (2.91123s, 11272675n)
[10] BiHS-Bloom timeout limit: 204.079s
[10] Running BiHS-Bloom(50%, size=5243KiB, k=1, fp_est=0.989317, limit=204.079s)...
 done (81.1598s, 980050654n)
[10] Running BiHS-Bloom(10%, size=1048KiB, k=1, fp_est=1, limit=204.079s)...
 TIMED OUT (2794442181n)
Puzzle #10 | A*: 10.2039s/3520146n | Rev-A*: 3.26061s/1238012n | BAE*: 4.07809s/1233052n | MM: 9.90936s/3162192n | IDA*: 4.32333s/17489371n | Rev-IDA*: 2.91123s/11272675n | BiHS-Bloom(50%): 81.1598s/980050654n | BiHS-Bloom(10%): -1s/2794442181n | BiHS-Bloom(1%): -1s/0n | Length: 57
Starting Korf's Puzzle #11

[11] Running A*... done (0.0597069s, 32376n)
[11] Running Rev-A*... done (0.06334s, 34350n)
[11] Running BAE*... done (0.0638869s, 29065n)
[11] Running MM... done (0.103651s, 52892n)
[11] Running IDA*... done (0.0189737s, 74424n)
[11] Running Rev-IDA*... done (0.0405257s, 152156n)
[11] BiHS-Bloom timeout limit: 120s
[11] Running BiHS-Bloom(50%, size=144KiB, k=1, fp_est=0.895691, limit=120s)...
 done (0.595486s, 7386962n)
[11] Running BiHS-Bloom(10%, size=28KiB, k=1, fp_est=0.999991, limit=120s)...
 TIMED OUT (1739703901n)
Puzzle #11 | A*: 0.0597069s/32376n | Rev-A*: 0.06334s/34350n | BAE*: 0.0638869s/29065n | MM: 0.103651s/52892n | IDA*: 0.0189737s/74424n | Rev-IDA*: 0.0405257s/152156n | BiHS-Bloom(50%): 0.595486s/7386962n | BiHS-Bloom(10%): -1s/1739703901n | BiHS-Bloom(1%): -1s/0n | Length: 45
Starting Korf's Puzzle #12

[12] Running A*... done (2.19045s, 817719n)
[12] Running Rev-A*... done (0.344181s, 169342n)
[12] Running BAE*... done (0.814338s, 303858n)
[12] Running MM... done (1.02094s, 384933n)
[12] Running IDA*... done (0.834705s, 3330458n)
[12] Running Rev-IDA*... done (0.600135s, 2352911n)
[12] BiHS-Bloom timeout limit: 120s
[12] Running BiHS-Bloom(50%, size=881KiB, k=1, fp_est=0.964535, limit=120s)...
 done (5.07868s, 58072914n)
[12] Running BiHS-Bloom(10%, size=176KiB, k=1, fp_est=1, limit=120s)...
 TIMED OUT (1526173489n)
Puzzle #12 | A*: 2.19045s/817719n | Rev-A*: 0.344181s/169342n | BAE*: 0.814338s/303858n | MM: 1.02094s/384933n | IDA*: 0.834705s/3330458n | Rev-IDA*: 0.600135s/2352911n | BiHS-Bloom(50%): 5.07868s/58072914n | BiHS-Bloom(10%): -1s/1526173489n | BiHS-Bloom(1%): -1s/0n | Length: 46
Starting Korf's Puzzle #13

[13] Running A*... done (30.1685s, 10000000n)
[13] Running Rev-A*... done (32.4814s, 10000000n)
[13] A* hit node cap both directions — skipping instance
Puzzle #13 | A*: 30.1685s/10000000n | Rev-A*: 32.4814s/10000000n | BAE*: -1s/0n | MM: -1s/0n | IDA*: -1s/0n | Rev-IDA*: -1s/0n | BiHS-Bloom(50%): -1s/0n | BiHS-Bloom(10%): -1s/0n | BiHS-Bloom(1%): -1s/0n | Length: -1
Starting Korf's Puzzle #14

[14] Running A*... done (32.0932s, 10000000n)
[14] Running Rev-A*... done (32.0327s, 10000000n)
[14] A* hit node cap both directions — skipping instance
Puzzle #14 | A*: 32.0932s/10000000n | Rev-A*: 32.0327s/10000000n | BAE*: -1s/0n | MM: -1s/0n | IDA*: -1s/0n | Rev-IDA*: -1s/0n | BiHS-Bloom(50%): -1s/0n | BiHS-Bloom(10%): -1s/0n | BiHS-Bloom(1%): -1s/0n | Length: -1
Starting Korf's Puzzle #15

[15] Running A*... done (4.40786s, 919939n)
[15] Running Rev-A*... done (1.74483s, 650552n)
[15] Running BAE*... done (1.18693s, 369492n)
[15] Running MM... done (1.8621s, 645358n)
[15] Running IDA*... done (0.980091s, 3832208n)
[15] Running Rev-IDA*... done (0.831054s, 3151474n)
[15] BiHS-Bloom timeout limit: 120s
[15] Running BiHS-Bloom(50%, size=1855KiB, k=1, fp_est=0.839796, limit=120s)...
 done (8.76664s, 97449430n)
[15] Running BiHS-Bloom(10%, size=371KiB, k=1, fp_est=0.999894, limit=120s)...
 TIMED OUT (1446145793n)
Puzzle #15 | A*: 4.40786s/919939n | Rev-A*: 1.74483s/650552n | BAE*: 1.18693s/369492n | MM: 1.8621s/645358n | IDA*: 0.980091s/3832208n | Rev-IDA*: 0.831054s/3151474n | BiHS-Bloom(50%): 8.76664s/97449430n | BiHS-Bloom(10%): -1s/1446145793n | BiHS-Bloom(1%): -1s/0n | Length: 42
Starting Korf's Puzzle #16

[16] Running A*... done (28.1451s, 10000000n)
[16] Running Rev-A*... done (30.4175s, 10000000n)
[16] A* hit node cap both directions — skipping instance
Puzzle #16 | A*: 28.1451s/10000000n | Rev-A*: 30.4175s/10000000n | BAE*: -1s/0n | MM: -1s/0n | IDA*: -1s/0n | Rev-IDA*: -1s/0n | BiHS-Bloom(50%): -1s/0n | BiHS-Bloom(10%): -1s/0n | BiHS-Bloom(1%): -1s/0n | Length: -1
Starting Korf's Puzzle #17

[17] Running A*... done (5.14636s, 1262646n)
[17] Running Rev-A*... done (1.24656s, 512118n)
[17] Running BAE*... done (1.71275s, 557081n)
[17] Running MM... done (3.43402s, 1178403n)
[17] Running IDA*... done (1.34983s, 5447597n)
[17] Running Rev-IDA*... done (0.791321s, 3027316n)
[17] BiHS-Bloom timeout limit: 120s
[17] Running BiHS-Bloom(50%, size=2436KiB, k=1, fp_est=0.968601, limit=120s)...
 done (19.0518s, 230912856n)
[17] Running BiHS-Bloom(10%, size=487KiB, k=1, fp_est=1, limit=120s)...
 TIMED OUT (1647628629n)
Puzzle #17 | A*: 5.14636s/1262646n | Rev-A*: 1.24656s/512118n | BAE*: 1.71275s/557081n | MM: 3.43402s/1178403n | IDA*: 1.34983s/5447597n | Rev-IDA*: 0.791321s/3027316n | BiHS-Bloom(50%): 19.0518s/230912856n | BiHS-Bloom(10%): -1s/1647628629n | BiHS-Bloom(1%): -1s/0n | Length: 55
Starting Korf's Puzzle #18

[18] Running A*... done (0.343485s, 154119n)
[18] Running Rev-A*... done (0.0543019s, 31897n)
[18] Running BAE*... done (0.0950536s, 45382n)
[18] Running MM... done (0.825883s, 335039n)
[18] Running IDA*... done (0.28056s, 1082031n)
[18] Running Rev-IDA*... done (0.0349594s, 132937n)
[18] BiHS-Bloom timeout limit: 120s
[18] Running BiHS-Bloom(50%, size=172KiB, k=1, fp_est=1, limit=120s)...
 done (1.4419s, 17433776n)
[18] Running BiHS-Bloom(10%, size=34KiB, k=1, fp_est=1, limit=120s)...
 TIMED OUT (1675731755n)
Puzzle #18 | A*: 0.343485s/154119n | Rev-A*: 0.0543019s/31897n | BAE*: 0.0950536s/45382n | MM: 0.825883s/335039n | IDA*: 0.28056s/1082031n | Rev-IDA*: 0.0349594s/132937n | BiHS-Bloom(50%): 1.4419s/17433776n | BiHS-Bloom(10%): -1s/1675731755n | BiHS-Bloom(1%): -1s/0n | Length: 46
Starting Korf's Puzzle #19

[19] Running A*... done (5.70941s, 2053071n)
[19] Running Rev-A*... done (10.5294s, 3577230n)
[19] Running BAE*... done (3.73321s, 1135288n)
[19] Running MM... done (8.16399s, 2640926n)
[19] Running IDA*... done (3.77188s, 14866300n)
[19] Running Rev-IDA*... done (8.20466s, 30897908n)
[19] BiHS-Bloom timeout limit: 210.589s
[19] Running BiHS-Bloom(50%, size=4683KiB, k=1, fp_est=0.906754, limit=210.589s)...
 done (78.0489s, 937047162n)
[19] Running BiHS-Bloom(10%, size=936KiB, k=1, fp_est=0.999993, limit=210.589s)...
 TIMED OUT (2558036208n)
Puzzle #19 | A*: 5.70941s/2053071n | Rev-A*: 10.5294s/3577230n | BAE*: 3.73321s/1135288n | MM: 8.16399s/2640926n | IDA*: 3.77188s/14866300n | Rev-IDA*: 8.20466s/30897908n | BiHS-Bloom(50%): 78.0489s/937047162n | BiHS-Bloom(10%): -1s/2558036208n | BiHS-Bloom(1%): -1s/0n | Length: 52
Starting Korf's Puzzle #20

[20] Running A*... done (16.5248s, 5601901n)
[20] Running Rev-A*... done (16.2626s, 5174073n)
[20] Running BAE*... done (5.75178s, 1501003n)
[20] Running MM... done (21.7534s, 6437736n)
[20] Running IDA*... done (29.6092s, 119812991n)
[20] Running Rev-IDA*... done (30.7122s, 122053847n)
[20] BiHS-Bloom timeout limit: 614.245s
[20] Running BiHS-Bloom(50%, size=7812KiB, k=1, fp_est=0.988769, limit=614.245s)...
 done (289.799s, 3561401418n)
[20] Running BiHS-Bloom(10%, size=1562KiB, k=1, fp_est=1, limit=614.245s)...
 TIMED OUT (7625418092n)
Puzzle #20 | A*: 16.5248s/5601901n | Rev-A*: 16.2626s/5174073n | BAE*: 5.75178s/1501003n | MM: 21.7534s/6437736n | IDA*: 29.6092s/119812991n | Rev-IDA*: 30.7122s/122053847n | BiHS-Bloom(50%): 289.799s/3561401418n | BiHS-Bloom(10%): -1s/7625418092n | BiHS-Bloom(1%): -1s/0n | Length: 54
Starting Korf's Puzzle #21

[21] Running A*... done (30.3884s, 10000000n)
[21] Running Rev-A*... done (31.8159s, 10000000n)
[21] A* hit node cap both directions — skipping instance
Puzzle #21 | A*: 30.3884s/10000000n | Rev-A*: 31.8159s/10000000n | BAE*: -1s/0n | MM: -1s/0n | IDA*: -1s/0n | Rev-IDA*: -1s/0n | BiHS-Bloom(50%): -1s/0n | BiHS-Bloom(10%): -1s/0n | BiHS-Bloom(1%): -1s/0n | Length: -1
Starting Korf's Puzzle #22

[22] Running A*... done (5.88758s, 1401954n)
[22] Running Rev-A*... done (2.50642s, 881973n)
[22] Running BAE*... done (1.96054s, 592377n)
[22] Running MM... done (4.29966s, 1389634n)
[22] Running IDA*... done (1.74651s, 7047471n)
[22] Running Rev-IDA*... done (2.06586s, 7588483n)
[22] BiHS-Bloom timeout limit: 120s
[22] Running BiHS-Bloom(50%, size=2668KiB, k=1, fp_est=0.96594, limit=120s)...
 done (25.8771s, 306348564n)
[22] Running BiHS-Bloom(10%, size=533KiB, k=1, fp_est=1, limit=120s)...
 TIMED OUT (1540191033n)
Puzzle #22 | A*: 5.88758s/1401954n | Rev-A*: 2.50642s/881973n | BAE*: 1.96054s/592377n | MM: 4.29966s/1389634n | IDA*: 1.74651s/7047471n | Rev-IDA*: 2.06586s/7588483n | BiHS-Bloom(50%): 25.8771s/306348564n | BiHS-Bloom(10%): -1s/1540191033n | BiHS-Bloom(1%): -1s/0n | Length: 49
Starting Korf's Puzzle #23

[23] Running A*... done (13.988s, 4690597n)
[23] Running Rev-A*... done (20.6159s, 6796314n)
[23] Running BAE*... done (6.60515s, 1575582n)
[23] Running MM... done (21.116s, 6418275n)
[23] Running IDA*... done (5.66608s, 22659912n)
[23] Running Rev-IDA*... done (22.0987s, 90328608n)
[23] BiHS-Bloom timeout limit: 441.975s
[23] Running BiHS-Bloom(50%, size=6993KiB, k=1, fp_est=0.983252, limit=441.975s)...
 done (280.92s, 3455021202n)
[23] Running BiHS-Bloom(10%, size=1398KiB, k=1, fp_est=1, limit=441.975s)...
 TIMED OUT (5613267491n)
Puzzle #23 | A*: 13.988s/4690597n | Rev-A*: 20.6159s/6796314n | BAE*: 6.60515s/1575582n | MM: 21.116s/6418275n | IDA*: 5.66608s/22659912n | Rev-IDA*: 22.0987s/90328608n | BiHS-Bloom(50%): 280.92s/3455021202n | BiHS-Bloom(10%): -1s/5613267491n | BiHS-Bloom(1%): -1s/0n | Length: 54
Starting Korf's Puzzle #24

[24] Running A*... done (17.5153s, 6227145n)
[24] Running Rev-A*... done (10.8343s, 3417467n)
[24] Running BAE*... done (6.2049s, 1803567n)
[24] Running MM... done (18.2021s, 5451657n)
[24] Running IDA*... done (17.2953s, 68451145n)
[24] Running Rev-IDA*... done (4.33813s, 16762636n)
[24] BiHS-Bloom timeout limit: 364.042s
[24] Running BiHS-Bloom(50%, size=7623KiB, k=1, fp_est=0.989392, limit=364.042s)...
 done (174.747s, 2066965142n)
[24] Running BiHS-Bloom(10%, size=1524KiB, k=1, fp_est=1, limit=364.042s)...
 TIMED OUT (4419675438n)
Puzzle #24 | A*: 17.5153s/6227145n | Rev-A*: 10.8343s/3417467n | BAE*: 6.2049s/1803567n | MM: 18.2021s/5451657n | IDA*: 17.2953s/68451145n | Rev-IDA*: 4.33813s/16762636n | BiHS-Bloom(50%): 174.747s/2066965142n | BiHS-Bloom(10%): -1s/4419675438n | BiHS-Bloom(1%): -1s/0n | Length: 52
Starting Korf's Puzzle #25

[25] Running A*... done (30.2937s, 10000000n)
[25] Running Rev-A*... done (32.3493s, 10000000n)
[25] A* hit node cap both directions — skipping instance
Puzzle #25 | A*: 30.2937s/10000000n | Rev-A*: 32.3493s/10000000n | BAE*: -1s/0n | MM: -1s/0n | IDA*: -1s/0n | Rev-IDA*: -1s/0n | BiHS-Bloom(50%): -1s/0n | BiHS-Bloom(10%): -1s/0n | BiHS-Bloom(1%): -1s/0n | Length: -1
Starting Korf's Puzzle #26

[26] Running A*... done (32.9052s, 10000000n)
[26] Running Rev-A*... done (20.2496s, 6478155n)
[26] Running IDA*... done (23.0591s, 86984780n)
[26] Running Rev-IDA*... done (16.4557s, 64059009n)
[26] BiHS-Bloom timeout limit: 658.104s
[26] Skipping BiHS-Bloom (no frontierSize from MM)
Puzzle #26 | A*: 32.9052s/10000000n | Rev-A*: 20.2496s/6478155n | BAE*: -1s/0n | MM: -1s/0n | IDA*: 23.0591s/86984780n | Rev-IDA*: 16.4557s/64059009n | BiHS-Bloom(50%): -1s/0n | BiHS-Bloom(10%): -1s/0n | BiHS-Bloom(1%): -1s/0n | Length: 53
Starting Korf's Puzzle #27

[27] Running A*... done (2.30403s, 909444n)
[27] Running Rev-A*... done (1.17942s, 501653n)
[27] Running BAE*... done (1.02571s, 372891n)
[27] Running MM... done (2.77673s, 999245n)
[27] Running IDA*... done (1.06576s, 4377686n)
[27] Running Rev-IDA*... done (1.10506s, 4359495n)
[27] BiHS-Bloom timeout limit: 120s
[27] Running BiHS-Bloom(50%, size=1495KiB, k=1, fp_est=0.990896, limit=120s)...
 done (29.7901s, 384600228n)
[27] Running BiHS-Bloom(10%, size=299KiB, k=1, fp_est=1, limit=120s)...
 TIMED OUT (1616699523n)
Puzzle #27 | A*: 2.30403s/909444n | Rev-A*: 1.17942s/501653n | BAE*: 1.02571s/372891n | MM: 2.77673s/999245n | IDA*: 1.06576s/4377686n | Rev-IDA*: 1.10506s/4359495n | BiHS-Bloom(50%): 29.7901s/384600228n | BiHS-Bloom(10%): -1s/1616699523n | BiHS-Bloom(1%): -1s/0n | Length: 52
Starting Korf's Puzzle #28

[28] Running A*... done (10.9604s, 3934892n)
[28] Running Rev-A*... done (6.31749s, 2307359n)
[28] Running BAE*... done (3.91674s, 1229803n)
[28] Running MM... done (10.8401s, 3477011n)
[28] Running IDA*... done (17.1463s, 68822465n)
[28] Running Rev-IDA*... done (7.73715s, 29835673n)
[28] BiHS-Bloom timeout limit: 342.927s
[28] Running BiHS-Bloom(50%, size=5116KiB, k=1, fp_est=0.988311, limit=342.927s)...
 done (107.953s, 1283261724n)
[28] Running BiHS-Bloom(10%, size=1023KiB, k=1, fp_est=1, limit=342.927s)...
 TIMED OUT (4240484725n)
Puzzle #28 | A*: 10.9604s/3934892n | Rev-A*: 6.31749s/2307359n | BAE*: 3.91674s/1229803n | MM: 10.8401s/3477011n | IDA*: 17.1463s/68822465n | Rev-IDA*: 7.73715s/29835673n | BiHS-Bloom(50%): 107.953s/1283261724n | BiHS-Bloom(10%): -1s/4240484725n | BiHS-Bloom(1%): -1s/0n | Length: 54
Starting Korf's Puzzle #29

[29] Running A*... done (0.493349s, 219399n)
[29] Running Rev-A*... done (0.209097s, 104816n)
[29] Running BAE*... done (0.306394s, 139089n)
[29] Running MM... done (0.51912s, 233125n)
[29] Running IDA*... done (0.30165s, 1208603n)
[29] Running Rev-IDA*... done (0.337479s, 1276757n)
[29] BiHS-Bloom timeout limit: 120s
[29] Running BiHS-Bloom(50%, size=550KiB, k=1, fp_est=0.950737, limit=120s)...
 done (3.19465s, 39276762n)
[29] Running BiHS-Bloom(10%, size=110KiB, k=1, fp_est=1, limit=120s)...
 TIMED OUT (1671831405n)
Puzzle #29 | A*: 0.493349s/219399n | Rev-A*: 0.209097s/104816n | BAE*: 0.306394s/139089n | MM: 0.51912s/233125n | IDA*: 0.30165s/1208603n | Rev-IDA*: 0.337479s/1276757n | BiHS-Bloom(50%): 3.19465s/39276762n | BiHS-Bloom(10%): -1s/1671831405n | BiHS-Bloom(1%): -1s/0n | Length: 47
Starting Korf's Puzzle #30

[30] Running A*... done (0.426976s, 192385n)
[30] Running Rev-A*... done (0.082974s, 47284n)
[30] Running BAE*... done (0.167371s, 81614n)
[30] Running MM... done (0.44927s, 205335n)
[30] Running IDA*... done (0.430624s, 1762998n)
[30] Running Rev-IDA*... done (0.0380705s, 155608n)
[30] BiHS-Bloom timeout limit: 120s
[30] Running BiHS-Bloom(50%, size=243KiB, k=1, fp_est=0.998783, limit=120s)...
 done (3.09836s, 40171870n)
[30] Running BiHS-Bloom(10%, size=48KiB, k=1, fp_est=1, limit=120s)...
 TIMED OUT (1728760053n)
Puzzle #30 | A*: 0.426976s/192385n | Rev-A*: 0.082974s/47284n | BAE*: 0.167371s/81614n | MM: 0.44927s/205335n | IDA*: 0.430624s/1762998n | Rev-IDA*: 0.0380705s/155608n | BiHS-Bloom(50%): 3.09836s/40171870n | BiHS-Bloom(10%): -1s/1728760053n | BiHS-Bloom(1%): -1s/0n | Length: 50
Starting Korf's Puzzle #31

[31] Running A*... done (31.0263s, 10000000n)
[31] Running Rev-A*... done (33.7195s, 10000000n)
[31] A* hit node cap both directions — skipping instance
Puzzle #31 | A*: 31.0263s/10000000n | Rev-A*: 33.7195s/10000000n | BAE*: -1s/0n | MM: -1s/0n | IDA*: -1s/0n | Rev-IDA*: -1s/0n | BiHS-Bloom(50%): -1s/0n | BiHS-Bloom(10%): -1s/0n | BiHS-Bloom(1%): -1s/0n | Length: -1
Starting Korf's Puzzle #32

[32] Running A*... done (33.0809s, 10000000n)
[32] Running Rev-A*... done (32.6545s, 10000000n)
[32] A* hit node cap both directions — skipping instance
Puzzle #32 | A*: 33.0809s/10000000n | Rev-A*: 32.6545s/10000000n | BAE*: -1s/0n | MM: -1s/0n | IDA*: -1s/0n | Rev-IDA*: -1s/0n | BiHS-Bloom(50%): -1s/0n | BiHS-Bloom(10%): -1s/0n | BiHS-Bloom(1%): -1s/0n | Length: -1
Starting Korf's Puzzle #33

[33] Running A*... done (7.7438s, 2063072n)
[33] Running Rev-A*... done (9.02824s, 3047931n)
[33] Running BAE*... done (3.30839s, 954164n)
[33] Running MM... done (9.51081s, 2898197n)
[33] Running IDA*... done (5.9713s, 23936150n)
[33] Running Rev-IDA*... done (4.76942s, 18070598n)
[33] BiHS-Bloom timeout limit: 190.216s
[33] Running BiHS-Bloom(50%, size=4196KiB, k=1, fp_est=0.960122, limit=190.216s)...
 done (85.9096s, 1052094782n)
[33] Running BiHS-Bloom(10%, size=839KiB, k=1, fp_est=1, limit=190.216s)...
 TIMED OUT (2439569218n)
Puzzle #33 | A*: 7.7438s/2063072n | Rev-A*: 9.02824s/3047931n | BAE*: 3.30839s/954164n | MM: 9.51081s/2898197n | IDA*: 5.9713s/23936150n | Rev-IDA*: 4.76942s/18070598n | BiHS-Bloom(50%): 85.9096s/1052094782n | BiHS-Bloom(10%): -1s/2439569218n | BiHS-Bloom(1%): -1s/0n | Length: 52
Starting Korf's Puzzle #34

[34] Running A*... done (12.3867s, 4626675n)
[34] Running Rev-A*... done (17.6115s, 6448018n)
[34] Running BAE*... done (7.13331s, 1921544n)
[34] Running MM... done (19.6647s, 6256541n)
[34] Running IDA*... done (7.74183s, 31702742n)
[34] Running Rev-IDA*... done (14.8265s, 57650733n)
[34] BiHS-Bloom timeout limit: 393.293s
[34] Running BiHS-Bloom(50%, size=8110KiB, k=1, fp_est=0.965766, limit=393.293s)...
 done (284.219s, 3513747492n)
[34] Running BiHS-Bloom(10%, size=1622KiB, k=1, fp_est=1, limit=393.293s)...
 TIMED OUT (4856226223n)
Puzzle #34 | A*: 12.3867s/4626675n | Rev-A*: 17.6115s/6448018n | BAE*: 7.13331s/1921544n | MM: 19.6647s/6256541n | IDA*: 7.74183s/31702742n | Rev-IDA*: 14.8265s/57650733n | BiHS-Bloom(50%): 284.219s/3513747492n | BiHS-Bloom(10%): -1s/4856226223n | BiHS-Bloom(1%): -1s/0n | Length: 55
Starting Korf's Puzzle #35

[35] Running A*... done (6.5424s, 2309713n)
[35] Running Rev-A*... done (5.06026s, 1747601n)
[35] Running BAE*... done (2.92444s, 901571n)
[35] Running MM... done (7.91587s, 2464817n)
[35] Running IDA*... done (2.44329s, 9970167n)
[35] Running Rev-IDA*... done (5.53115s, 21921132n)
[35] BiHS-Bloom timeout limit: 158.317s
[35] Running BiHS-Bloom(50%, size=3681KiB, k=1, fp_est=0.982229, limit=158.317s)...
 done (80.8667s, 995418990n)
[35] Running BiHS-Bloom(10%, size=736KiB, k=1, fp_est=1, limit=158.317s)...
 TIMED OUT (1975439503n)
Puzzle #35 | A*: 6.5424s/2309713n | Rev-A*: 5.06026s/1747601n | BAE*: 2.92444s/901571n | MM: 7.91587s/2464817n | IDA*: 2.44329s/9970167n | Rev-IDA*: 5.53115s/21921132n | BiHS-Bloom(50%): 80.8667s/995418990n | BiHS-Bloom(10%): -1s/1975439503n | BiHS-Bloom(1%): -1s/0n | Length: 52
Starting Korf's Puzzle #36

[36] Running A*... done (30.3734s, 10000000n)
[36] Running Rev-A*... done (16.7367s, 5319727n)
[36] Running IDA*... done (44.706s, 178103450n)
[36] Running Rev-IDA*... done (12.325s, 47465941n)
[36] BiHS-Bloom timeout limit: 894.121s
[36] Skipping BiHS-Bloom (no frontierSize from MM)
Puzzle #36 | A*: 30.3734s/10000000n | Rev-A*: 16.7367s/5319727n | BAE*: -1s/0n | MM: -1s/0n | IDA*: 44.706s/178103450n | Rev-IDA*: 12.325s/47465941n | BiHS-Bloom(50%): -1s/0n | BiHS-Bloom(10%): -1s/0n | BiHS-Bloom(1%): -1s/0n | Length: 58
Starting Korf's Puzzle #37

[37] Running A*... done (2.19327s, 824930n)
[37] Running Rev-A*... done (0.329605s, 150011n)
[37] Running BAE*... done (0.509721s, 201076n)
[37] Running MM... done (2.04269s, 763603n)
[37] Running IDA*... done (1.15752s, 4681522n)
[37] Running Rev-IDA*... done (0.32609s, 1229150n)
[37] BiHS-Bloom timeout limit: 120s
[37] Running BiHS-Bloom(50%, size=779KiB, k=1, fp_est=0.999796, limit=120s)...
 done (17.929s, 231483838n)
[37] Running BiHS-Bloom(10%, size=155KiB, k=1, fp_est=1, limit=120s)...
 TIMED OUT (1660022492n)
Puzzle #37 | A*: 2.19327s/824930n | Rev-A*: 0.329605s/150011n | BAE*: 0.509721s/201076n | MM: 2.04269s/763603n | IDA*: 1.15752s/4681522n | Rev-IDA*: 0.32609s/1229150n | BiHS-Bloom(50%): 17.929s/231483838n | BiHS-Bloom(10%): -1s/1660022492n | BiHS-Bloom(1%): -1s/0n | Length: 53
Starting Korf's Puzzle #38

[38] Running A*... done (2.96202s, 1117803n)
[38] Running Rev-A*... done (3.70286s, 1330419n)
[38] Running BAE*... done (2.05781s, 610960n)
[38] Running MM... done (4.40131s, 1460636n)
[38] Running IDA*... done (1.48421s, 5837381n)
[38] Running Rev-IDA*... done (4.89109s, 18484365n)
[38] BiHS-Bloom timeout limit: 120s
[38] Running BiHS-Bloom(50%, size=3149KiB, k=1, fp_est=0.911429, limit=120s)...
 done (27.7248s, 319633976n)
[38] Running BiHS-Bloom(10%, size=629KiB, k=1, fp_est=0.999995, limit=120s)...
 TIMED OUT (1477384888n)
Puzzle #38 | A*: 2.96202s/1117803n | Rev-A*: 3.70286s/1330419n | BAE*: 2.05781s/610960n | MM: 4.40131s/1460636n | IDA*: 1.48421s/5837381n | Rev-IDA*: 4.89109s/18484365n | BiHS-Bloom(50%): 27.7248s/319633976n | BiHS-Bloom(10%): -1s/1477384888n | BiHS-Bloom(1%): -1s/0n | Length: 49
Starting Korf's Puzzle #39

[39] Running A*... done (19.2639s, 6540772n)
[39] Running Rev-A*... done (13.9616s, 4429387n)
[39] Running BAE*... done (6.44693s, 1747715n)
[39] Running MM... done (21.3647s, 6232634n)
[39] Running IDA*... done (17.1125s, 67191286n)
[39] Running Rev-IDA*... done (5.26718s, 20243533n)
[39] BiHS-Bloom timeout limit: 427.295s
[39] Running BiHS-Bloom(50%, size=7701KiB, k=1, fp_est=0.994231, limit=427.295s)...
 done (221.282s, 2674777894n)
[39] Running BiHS-Bloom(10%, size=1540KiB, k=1, fp_est=1, limit=427.295s)...